******************************************************************************
               TMS320C6x Linker PC v7.4.4                      
******************************************************************************
>> Linked Tue Nov 25 17:31:00 2014

OUTPUT FILE NAME:   <basico_main.out>
ENTRY POINT SYMBOL: "_c_int00"  address: 8000dc60


MEMORY CONFIGURATION

         name            origin    length      used     unused   attr    fill
----------------------  --------  ---------  --------  --------  ----  --------
  IRAM                  00800000   00200000  00000000  00200000  RW X
  DDR                   80000000   10000000  00019332  0ffe6cce  RWIX


SECTION ALLOCATION MAP

 output                                  attributes/
section   page    origin      length       input sections
--------  ----  ----------  ----------   ----------------
.pinit     0    80000000    00000000     UNINITIALIZED

.bss       0    80000000    00000000     UNINITIALIZED

.data      0    80000000    00000000     UNINITIALIZED

xdc.meta   0    80000000    000000df     COPY SECTION
                  80000000    000000df     hello_p64P.o64P (xdc.meta)

.text      0    80000000    000119e0     
                  80000000    000008c0     ti.targets.rts6000.a64P : System.o64P (.text:_xdc_runtime_System_doPrint__I)
                  800008c0    00000780     sysbios.a64P : BIOS.obj (.text:_ti_sysbios_family_c64p_Exception_handler__I)
                  80001040    00000660                  : BIOS.obj (.text:_ti_sysbios_heaps_HeapMem_alloc__E)
                  800016a0    00000600                  : BIOS.obj (.text:_ti_sysbios_knl_Semaphore_pend__E)
                  80001ca0    000005e0                  : BIOS.obj (.text:_ti_sysbios_heaps_HeapMem_free__E)
                  80002280    000005a0                  : BIOS.obj (.text:_ti_sysbios_timers_timer64_Timer_Module_startup__F)
                  80002820    00000580     rts64plus.lib : _printfi.obj (.text:__getarg_diouxp)
                  80002da0    00000540                   : divd.obj (.text:__divd)
                  800032e0    00000480     sysbios.a64P : BIOS.obj (.text:_ti_sysbios_knl_Task_Module_startup__F)
                  80003760    00000460     hello_p64P.o64P (.text:_xdc_runtime_System_printfExtend__I)
                  80003bc0    00000440     rts64plus.lib : _printfi.obj (.text:__printfi)
                  80004000    00000440                   : _printfi.obj (.text:__setfield)
                  80004440    000003a0                   : fputs.obj (.text:_fputs)
                  800047e0    00000340                   : _printfi.obj (.text:__pproc_fge)
                  80004b20    00000320     sysbios.a64P : BIOS.obj (.text:_ti_sysbios_knl_Swi_restoreHwi__E)
                  80004e40    00000300     rts64plus.lib : _printfi.obj (.text:_ecvt)
                  80005140    00000300                   : _printfi.obj (.text:_fcvt)
                  80005440    00000300     sysbios.a64P : BIOS.obj (.text:_ti_sysbios_family_c64p_Hwi_dispatchC__I)
                  80005740    000002e0                  : BIOS.obj (.text:_ti_sysbios_heaps_HeapMem_Instance_init__F)
                  80005a20    000002c0     rts64plus.lib : _printfi.obj (.text:__pproc_fwp)
                  80005ce0    000002a0                   : _printfi.obj (.text:__pconv_e)
                  80005f80    000002a0     sysbios.a64P : BIOS.obj (.text:_ti_sysbios_knl_Clock_workFunc__E)
                  80006220    00000280                  : BIOS.obj (.text:_ti_sysbios_family_c64p_Cache_Module_startup__F)
                  800064a0    00000280                  : BIOS.obj (.text:_ti_sysbios_timers_timer64_Timer_deviceConfig__I)
                  80006720    00000280     ti.targets.rts6000.a64P : Error.o64P (.text:_xdc_runtime_Error_raiseX__F)
                  800069a0    00000260     rts64plus.lib : imath64.obj (.text:__divull)
                  80006c00    00000260                   : mpyd.obj (.text:__mpyd)
                  80006e60    00000260     ti.targets.rts6000.a64P : Startup.o64P (.text:_xdc_runtime_Startup_startMods__I)
                  800070c0    00000240     rts64plus.lib : _printfi.obj (.text:__pproc_diouxp)
                  80007300    00000240     sysbios.a64P : BIOS.obj (.text:_ti_sysbios_family_c64p_Exception_internalHandler__I)
                  80007540    00000240                  : BIOS.obj (.text:_ti_sysbios_knl_Semaphore_post__E)
                  80007780    00000240     ti.targets.rts6000.a64P : LoggerBuf.o64P (.text:_xdc_runtime_LoggerBuf_write8__F)
                  800079c0    00000220     rts64plus.lib : _printfi.obj (.text:__pproc_str)
                  80007be0    00000220                   : fputc.obj (.text:_fputc)
                  80007e00    00000220     sysbios.a64P : BIOS.obj (.text:_ti_sysbios_knl_Swi_run__I)
                  80008020    00000220                  : BIOS.obj (.text:_ti_sysbios_knl_Task_exit__E)
                  80008240    00000220                  : BIOS.obj (.text:_ti_sysbios_knl_Task_schedule__I)
                  80008460    00000220                  : BIOS.obj (.text:_ti_sysbios_knl_Task_startCore__E)
                  80008680    00000220     ti.targets.rts6000.a64P : Core-mem.o64P (.text:_xdc_runtime_Core_createObject__I)
                  800088a0    00000200     rts64plus.lib : addd.obj (.text:__addd)
                  80008aa0    00000200                   : frcaddd.obj (.text:__frcaddd)
                  80008ca0    00000200                   : _printfi.obj (.text:__pconv_g)
                  80008ea0    00000200                   : setvbuf.obj (.text:_setvbuf)
                  800090a0    00000200     sysbios.a64P : c64p_Hwi_disp_always.obj (.text:_ti_sysbios_family_c64p_Hwi_dispatchAlways)
                  800092a0    000001e0                  : BIOS.obj (.text:_ti_sysbios_timers_timer64_Timer_getFreq__E)
                  80009480    000001c0     rts64plus.lib : _printfi.obj (.text:__mcpy)
                  80009640    000001c0     sysbios.a64P : BIOS.obj (.text:_ti_sysbios_timers_timer64_Timer_setPeriodMicroSecs__E)
                  80009800    000001c0     ti.targets.rts6000.a64P : Text.o64P (.text:_xdc_runtime_Text_putSite__F)
                  800099c0    000001a0     rts64plus.lib : imath40.obj (.text:__divul)
                  80009b60    000001a0     sysbios.a64P : BIOS.obj (.text:_ti_sysbios_gates_GateMutex_enter__E)
                  80009d00    000001a0                  : BIOS.obj (.text:_ti_sysbios_knl_Task_checkStacks__E)
                  80009ea0    000001a0                  : BIOS.obj (.text:_ti_sysbios_knl_Task_unblockI__E)
                  8000a040    000001a0                  : BIOS.obj (.text:_ti_sysbios_timers_timer64_Timer_start__E)
                  8000a1e0    000001a0     ti.targets.rts6000.a64P : LoggerBuf.o64P (.text:_xdc_runtime_LoggerBuf_write4__F)
                  8000a380    00000180     rts64plus.lib : trgdrv.obj (.text:_HOSTrename)
                  8000a500    00000180     sysbios.a64P : BIOS.obj (.text:_ti_sysbios_knl_Swi_schedule__I)
                  8000a680    00000180                  : c64p_Exception_asm.obj (.text)
                  8000a800    00000160                  : BIOS.obj (.text:_ti_sysbios_BIOS_rtsUnlock__I)
                  8000a960    00000140     rts64plus.lib : lowlev.obj (.text:_getdevice)
                  8000aaa0    00000140     sysbios.a64P : BIOS.obj (.text:_ti_sysbios_family_c64p_Hwi_Module_startup__F)
                  8000abe0    00000140                  : BIOS.obj (.text:_ti_sysbios_knl_Semaphore_Instance_init__F)
                  8000ad20    00000140                  : BIOS.obj (.text:_ti_sysbios_knl_Swi_post__E)
                  8000ae60    00000140                  : BIOS.obj (.text:_ti_sysbios_knl_Task_blockI__E)
                  8000afa0    00000140     ti.targets.rts6000.a64P : Text.o64P (.text:_xdc_runtime_Text_putLab__F)
                  8000b0e0    00000120     rts64plus.lib : fclose.obj (.text:__closefile)
                  8000b200    00000120                   : _printfi.obj (.text:__ltostr)
                  8000b320    00000120                   : _printfi.obj (.text:__pproc_fflags)
                  8000b440    00000120                   : fseek.obj (.text:_fseek)
                  8000b560    00000120     ti.targets.rts6000.a64P : LoggerBuf.o64P (.text:_xdc_runtime_LoggerBuf_setFilterLevel__F)
                  8000b680    00000120                             : Text.o64P (.text:_xdc_runtime_Text_putMod__F)
                  8000b7a0    00000100     Ejemplo_comienzo.obj (.text)
                  8000b8a0    00000100     rts64plus.lib : trgdrv.obj (.text:_HOSTlseek)
                  8000b9a0    00000100     boot.a64P : autoinit.o64P (.text:__auto_init)
                  8000baa0    00000100     rts64plus.lib : frcmpyd.obj (.text:__frcmpyd)
                  8000bba0    00000100                   : _io_perm.obj (.text:__wrt_ok)
                  8000bca0    00000100                   : sinit.obj (.text:_call_dtors)
                  8000bda0    00000100     sysbios.a64P : BIOS.obj (.text:_ti_sysbios_timers_timer64_Timer_initDevice__I)
                  8000bea0    00000100     ti.targets.rts6000.a64P : Core-mem.o64P (.text:_xdc_runtime_Core_deleteObject__I)
                  8000bfa0    00000100                             : LoggerBuf.o64P (.text:_xdc_runtime_LoggerBuf_getFilterLevel__F)
                  8000c0a0    00000100                             : Startup.o64P (.text:_xdc_runtime_Startup_exec__F)
                  8000c1a0    00000100                             : Text.o64P (.text:_xdc_runtime_Text_visitRope2__I)
                  8000c2a0    000000e0     rts64plus.lib : trgdrv.obj (.text:_HOSTopen)
                  8000c380    000000e0                   : cmpd.obj (.text:__cmpd)
                  8000c460    000000e0                   : atoi.obj (.text:_atoi)
                  8000c540    000000e0                   : lowlev.obj (.text:_close)
                  8000c620    000000e0                   : memset.obj (.text:_memset)
                  8000c700    000000e0                   : printf.obj (.text:_printf)
                  8000c7e0    000000e0     sysbios.a64P : BIOS.obj (.text:_ti_sysbios_timers_timer64_Timer_startup__E)
                  8000c8c0    000000e0     ti.targets.rts6000.a64P : Error.o64P (.text:_xdc_runtime_Error_print__F)
                  8000c9a0    000000e0     hello_p64P.o64P (.text:_xdc_runtime_LoggerBuf_Object__create__S)
                  8000ca80    000000e0     ti.targets.rts6000.a64P : Memory.o64P (.text:_xdc_runtime_Memory_alloc__F)
                  8000cb60    000000c0     rts64plus.lib : trgdrv.obj (.text:_HOSTread)
                  8000cc20    000000c0                   : trgdrv.obj (.text:_HOSTunlink)
                  8000cce0    000000c0                   : trgdrv.obj (.text:_HOSTwrite)
                  8000cda0    000000c0                   : _printfi.obj (.text:__div)
                  8000ce60    000000c0                   : divu.obj (.text:__divu)
                  8000cf20    000000c0                   : fflush.obj (.text:__doflush)
                  8000cfe0    000000c0                   : atexit.obj (.text:_atexit)
                  8000d0a0    000000c0                   : exit.obj (.text:_exit)
                  8000d160    000000c0                   : ltoa.obj (.text:_ltoa)
                  8000d220    000000c0     sysbios.a64P : BIOS.obj (.text:_ti_sysbios_BIOS_errorRaiseHook__I)
                  8000d2e0    000000c0                  : BIOS.obj (.text:_ti_sysbios_heaps_HeapMem_getStats__E)
                  8000d3a0    000000c0                  : BIOS.obj (.text:_ti_sysbios_knl_Clock_logTick__E)
                  8000d460    000000c0                  : BIOS.obj (.text:_ti_sysbios_knl_Task_allBlockedFunction__I)
                  8000d520    000000c0                  : BIOS.obj (.text:_ti_sysbios_timers_timer64_Timer_stop__E)
                  8000d5e0    000000c0     ti.targets.rts6000.a64P : LoggerBuf.o64P (.text:_xdc_runtime_LoggerBuf_Instance_init__F)
                  8000d6a0    000000c0                             : System.o64P (.text:_xdc_runtime_System_formatNum__I)
                  8000d760    000000a0     rts64plus.lib : trgdrv.obj (.text:_HOSTclose)
                  8000d800    000000a0                   : fopen.obj (.text:__cleanup)
                  8000d8a0    000000a0                   : imath40.obj (.text:__divli)
                  8000d940    000000a0                   : _printfi.obj (.text:__ecpy)
                  8000d9e0    000000a0                   : _printfi.obj (.text:__fcpy)
                  8000da80    000000a0                   : fixdli.obj (.text:__fixdli)
                  8000db20    000000a0                   : _printfi.obj (.text:__pconv_f)
                  8000dbc0    000000a0                   : remu.obj (.text:__remu)
                  8000dc60    000000a0     boot.a64P : boot.o64P (.text:_c_int00)
                  8000dd00    000000a0     rts64plus.lib : lowlev.obj (.text:_finddevice)
                  8000dda0    000000a0                   : lowlev.obj (.text:_lseek)
                  8000de40    000000a0     hello_p64P.o64P (.text:_malloc)
                  8000dee0    000000a0     rts64plus.lib : memcpy64.obj (.text:_memcpy)
                  8000df80    000000a0     sysbios.a64P : BIOS.obj (.text:_ti_sysbios_family_c64p_Exception_Module_startup__F)
                  8000e020    000000a0                  : BIOS.obj (.text:_ti_sysbios_family_c64p_Hwi_getStackInfo__E)
                  8000e0c0    000000a0                  : BIOS.obj (.text:_ti_sysbios_heaps_HeapMem_init__I)
                  8000e160    000000a0                  : BIOS.obj (.text:_ti_sysbios_knl_Idle_run__E)
                  8000e200    000000a0     hello_p64P.o64P (.text:_ti_sysbios_knl_Semaphore_Object__create__S)
                  8000e2a0    000000a0     rts64plus.lib : lowlev.obj (.text:_write)
                  8000e340    000000a0     ti.targets.rts6000.a64P : Assert.o64P (.text:_xdc_runtime_Assert_raise__I)
                  8000e3e0    000000a0                             : LoggerBuf.o64P (.text:_xdc_runtime_LoggerBuf_Module_startup__F)
                  8000e480    000000a0     hello_p64P.o64P (.text:_xdc_runtime_LoggerBuf_write8__E)
                  8000e520    000000a0     ti.targets.rts6000.a64P : SysMin.o64P (.text:_xdc_runtime_SysMin_abort__F)
                  8000e5c0    000000a0                             : SysMin.o64P (.text:_xdc_runtime_SysMin_flush__F)
                  8000e660    000000a0     hello_p64P.o64P (.text:_xdc_runtime_SysMin_output__I)
                  8000e700    000000a0     ti.targets.rts6000.a64P : SysMin.o64P (.text:_xdc_runtime_SysMin_putch__F)
                  8000e7a0    000000a0                             : Text.o64P (.text:_xdc_runtime_Text_xprintf__I)
                  8000e840    00000080     rts64plus.lib : fixdi.obj (.text:__fixdi)
                  8000e8c0    00000080                   : fltlid.obj (.text:__fltlid)
                  8000e940    00000080                   : llshift.obj (.text:__llshl)
                  8000e9c0    00000080                   : renormd.obj (.text:__renormd)
                  8000ea40    00000080                   : trgmsg.obj (.text:_readmsg)
                  8000eac0    00000080     hello_p64P.o64P (.text:_ti_sysbios_BIOS_exitFunc__I)
                  8000eb40    00000080     sysbios.a64P : BIOS.obj (.text:_ti_sysbios_family_c62_TaskSupport_start__E)
                  8000ebc0    00000080                  : c62_TaskSupport_asm.obj (.text:_ti_sysbios_family_c62_TaskSupport_swap__E)
                  8000ec40    00000080     hello_p64P.o64P (.text:_ti_sysbios_gates_GateHwi_Object__create__S)
                  8000ecc0    00000080     hello_p64P.o64P (.text:_ti_sysbios_gates_GateMutex_Object__create__S)
                  8000ed40    00000080     hello_p64P.o64P (.text:_ti_sysbios_heaps_HeapMem_Object__create__S)
                  8000edc0    00000080     hello_p64P.o64P (.text:_ti_sysbios_knl_Clock_doTick__I)
                  8000ee40    00000080     hello_p64P.o64P (.text:_ti_sysbios_knl_Queue_Object__create__S)
                  8000eec0    00000080     sysbios.a64P : BIOS.obj (.text:_ti_sysbios_knl_Semaphore_pendTimeout__I)
                  8000ef40    00000080     hello_p64P.o64P (.text:_ti_sysbios_knl_Swi_Object__get__S)
                  8000efc0    00000080     sysbios.a64P : BIOS.obj (.text:_ti_sysbios_knl_Swi_startup__E)
                  8000f040    00000080                  : BIOS.obj (.text:_ti_sysbios_knl_Task_restore__E)
                  8000f0c0    00000080                  : BIOS.obj (.text:_ti_sysbios_timers_timer64_Timer_getPeriod__E)
                  8000f140    00000080     rts64plus.lib : lowlev.obj (.text:_unlink)
                  8000f1c0    00000080     ti.targets.rts6000.a64P : Core-label.o64P (.text:_xdc_runtime_Core_assignLabel__I)
                  8000f240    00000080                             : Core-params.o64P (.text:_xdc_runtime_Core_assignParams__I)
                  8000f2c0    00000080                             : LoggerBuf.o64P (.text:_xdc_runtime_LoggerBuf_filterOutEvent__I)
                  8000f340    00000080                             : System.o64P (.text:_xdc_runtime_System_atexit__F)
                  8000f3c0    00000080                             : System.o64P (.text:_xdc_runtime_System_putchar__I)
                  8000f440    00000080                             : System.o64P (.text:_xdc_runtime_System_rtsExit__I)
                  8000f4c0    00000080                             : Text.o64P (.text:_xdc_runtime_Text_printVisFxn__I)
                  8000f540    00000080     sysbios.a64P : BIOS.obj (.text:ti_sysbios_hal_Hwi_checkStack:_ti_sysbios_hal_Hwi_checkStack)
                  8000f5c0    00000080                  : BIOS.obj (.text:ti_sysbios_hal_Hwi_initStack:_ti_sysbios_hal_Hwi_initStack)
                  8000f640    00000060     rts64plus.lib : imath64.obj (.text:__subcull)
                  8000f6a0    00000060     hello_p64P.o64P (.text:_free)
                  8000f700    00000060     rts64plus.lib : memccpy.obj (.text:_memccpy)
                  8000f760    00000060     sysbios.a64P : BIOS.obj (.text:_ti_sysbios_BIOS_registerRTSLock__I)
                  8000f7c0    00000060                  : BIOS.obj (.text:_ti_sysbios_family_c64p_Cache_setMar__E)
                  8000f820    00000060     hello_p64P.o64P (.text:_ti_sysbios_gates_GateHwi_Handle__label__S)
                  8000f880    00000060     hello_p64P.o64P (.text:_ti_sysbios_gates_GateHwi_Object__delete__S)
                  8000f8e0    00000060     hello_p64P.o64P (.text:_ti_sysbios_gates_GateMutex_Handle__label__S)
                  8000f940    00000060     sysbios.a64P : BIOS.obj (.text:_ti_sysbios_gates_GateMutex_Instance_init__F)
                  8000f9a0    00000060     hello_p64P.o64P (.text:_ti_sysbios_gates_GateMutex_Object__delete__S)
                  8000fa00    00000060     hello_p64P.o64P (.text:_ti_sysbios_heaps_HeapMem_Handle__label__S)
                  8000fa60    00000060     hello_p64P.o64P (.text:_ti_sysbios_heaps_HeapMem_Object__delete__S)
                  8000fac0    00000060     hello_p64P.o64P (.text:_ti_sysbios_heaps_HeapMem_Object__get__S)
                  8000fb20    00000060     sysbios.a64P : BIOS.obj (.text:_ti_sysbios_knl_Clock_Module_startup__F)
                  8000fb80    00000060     hello_p64P.o64P (.text:_ti_sysbios_knl_Queue_Object__get__S)
                  8000fbe0    00000060     sysbios.a64P : BIOS.obj (.text:_ti_sysbios_knl_Swi_Module_startup__F)
                  8000fc40    00000060     hello_p64P.o64P (.text:_ti_sysbios_knl_Task_Object__get__S)
                  8000fca0    00000060     sysbios.a64P : BIOS.obj (.text:_ti_sysbios_knl_Task_enter__I)
                  8000fd00    00000060     rts64plus.lib : trgmsg.obj (.text:_writemsg)
                  8000fd60    00000060     hello_p64P.o64P (.text:_xdc_runtime_LoggerBuf_Handle__label__S)
                  8000fdc0    00000060     hello_p64P.o64P (.text:_xdc_runtime_LoggerBuf_Object__delete__S)
                  8000fe20    00000060     hello_p64P.o64P (.text:_xdc_runtime_LoggerBuf_Object__get__S)
                  8000fe80    00000060     ti.targets.rts6000.a64P : Memory.o64P (.text:_xdc_runtime_Memory_calloc__F)
                  8000fee0    00000060                             : SysMin.o64P (.text:_xdc_runtime_SysMin_Module_startup__F)
                  8000ff40    00000060                             : SysMin.o64P (.text:_xdc_runtime_SysMin_exit__F)
                  8000ffa0    00000060                             : System.o64P (.text:_xdc_runtime_System_avprintf__F)
                  80010000    00000060                             : System.o64P (.text:_xdc_runtime_System_vprintf__F)
                  80010060    00000060                             : Text.o64P (.text:_xdc_runtime_Text_cordText__F)
                  800100c0    00000040     rts64plus.lib : sinit.obj (.text:___add_dtor)
                  80010100    00000040                   : isinf.obj (.text:___isinf)
                  80010140    00000040                   : _printfi.obj (.text:___isnan)
                  80010180    00000040                   : args_main.obj (.text:__args_main)
                  800101c0    00000040                   : frcmpyd_div.obj (.text:__frcmpyd_div)
                  80010200    00000040                   : llshift.obj (.text:__llshru)
                  80010240    00000040                   : negd.obj (.text:__negd)
                  80010280    00000040                   : imath40.obj (.text:__remli)
                  800102c0    00000040                   : subd.obj (.text:__subd)
                  80010300    00000040     sysbios.a64P : BIOS.obj (.text:_ti_sysbios_BIOS_rtsLock__I)
                  80010340    00000040     hello_p64P.o64P (.text:_ti_sysbios_BIOS_startFunc__I)
                  80010380    00000040     sysbios.a64P : c62_TaskSupport_asm.obj (.text:_ti_sysbios_family_c62_TaskSupport_buildTaskStack)
                  800103c0    00000040     hello_p64P.o64P (.text:_ti_sysbios_family_c64p_Hwi_Module__startupDone__F)
                  80010400    00000040     sysbios.a64P : BIOS.obj (.text:_ti_sysbios_family_c64p_Hwi_disableInterrupt__E)
                  80010440    00000040                  : BIOS.obj (.text:_ti_sysbios_family_c64p_Hwi_enableInterrupt__E)
                  80010480    00000040                  : BIOS.obj (.text:_ti_sysbios_family_c64p_tci6482_TimerSupport_enable__E)
                  800104c0    00000040                  : c64p_Hwi_asm_switch.obj (.text:_ti_sysbios_family_xxx_Hwi_switchToIsrStack)
                  80010500    00000040                  : BIOS.obj (.text:_ti_sysbios_gates_GateMutex_leave__E)
                  80010540    00000040     hello_p64P.o64P (.text:_ti_sysbios_hal_Timer_Module__startupDone__F)
                  80010580    00000040     hello_p64P.o64P (.text:_ti_sysbios_knl_Queue_Object__destruct__S)
                  800105c0    00000040     hello_p64P.o64P (.text:_ti_sysbios_knl_Semaphore_Object__destruct__S)
                  80010600    00000040     hello_p64P.o64P (.text:_ti_sysbios_knl_Task_SupportProxy_start__E)
                  80010640    00000040     hello_p64P.o64P (.text:_ti_sysbios_timers_timer64_Timer_Module__startupDone__F)
                  80010680    00000040     ti.targets.rts6000.a64P : Error.o64P (.text:_xdc_runtime_Error_check__F)
                  800106c0    00000040                             : Error.o64P (.text:_xdc_runtime_Error_init__F)
                  80010700    00000040     hello_p64P.o64P (.text:_xdc_runtime_IHeap_alloc)
                  80010740    00000040     hello_p64P.o64P (.text:_xdc_runtime_IHeap_free)
                  80010780    00000040     ti.targets.rts6000.a64P : LoggerBuf.o64P (.text:_xdc_runtime_LoggerBuf_Instance_finalize__F)
                  800107c0    00000040     hello_p64P.o64P (.text:_xdc_runtime_LoggerBuf_setFilterLevel__E)
                  80010800    00000040     hello_p64P.o64P (.text:_xdc_runtime_LoggerBuf_write0__E)
                  80010840    00000040     ti.targets.rts6000.a64P : LoggerBuf.o64P (.text:_xdc_runtime_LoggerBuf_write0__F)
                  80010880    00000040     hello_p64P.o64P (.text:_xdc_runtime_LoggerBuf_write1__E)
                  800108c0    00000040     hello_p64P.o64P (.text:_xdc_runtime_LoggerBuf_write2__E)
                  80010900    00000040     hello_p64P.o64P (.text:_xdc_runtime_LoggerBuf_write4__E)
                  80010940    00000040     hello_p64P.o64P (.text:_xdc_runtime_Memory_HeapProxy_alloc__E)
                  80010980    00000040     hello_p64P.o64P (.text:_xdc_runtime_Memory_alloc__E)
                  800109c0    00000040     ti.targets.rts6000.a64P : Memory.o64P (.text:_xdc_runtime_Memory_free__F)
                  80010a00    00000040                             : Registry.o64P (.text:_xdc_runtime_Registry_findById__F)
                  80010a40    00000040     hello_p64P.o64P (.text:_xdc_runtime_Startup_exec__I)
                  80010a80    00000040     ti.targets.rts6000.a64P : System.o64P (.text:_xdc_runtime_System_abort__F)
                  80010ac0    00000040     hello_p64P.o64P (.text:_xdc_runtime_System_aprintf__E)
                  80010b00    00000040     hello_p64P.o64P (.text:_xdc_runtime_System_printf__E)
                  80010b40    00000040     ti.targets.rts6000.a64P : Text.o64P (.text:_xdc_runtime_Text_ropeText__F)
                  80010b80    00000040     hello_p64P.o64P (.text:_xdc_runtime_Text_visitRope__I)
                  80010bc0    00000020     ti.targets.rts6000.a64P : xdc_noinit.o64P (.text:___xdc__init)
                  80010be0    00000020     rts64plus.lib : negll.obj (.text:__negll)
                  80010c00    00000020                   : _lock.obj (.text:__nop)
                  80010c20    00000020                   : printf.obj (.text:__outc)
                  80010c40    00000020                   : printf.obj (.text:__outs)
                  80010c60    00000020                   : _lock.obj (.text:__register_lock)
                  80010c80    00000020                   : _lock.obj (.text:__register_unlock)
                  80010ca0    00000020                   : exit.obj (.text:_abort)
                  80010cc0    00000020                   : remove.obj (.text:_remove)
                  80010ce0    00000020     hello_p64P.o64P (.text:_ti_sysbios_BIOS_RtsGateProxy_enter__E)
                  80010d00    00000020     hello_p64P.o64P (.text:_ti_sysbios_BIOS_RtsGateProxy_leave__E)
                  80010d20    00000020     sysbios.a64P : BIOS.obj (.text:_ti_sysbios_BIOS_nullFunc__I)
                  80010d40    00000020                  : BIOS.obj (.text:_ti_sysbios_BIOS_setThreadType__E)
                  80010d60    00000020     hello_p64P.o64P (.text:_ti_sysbios_family_c62_TaskSupport_Module__startupDone__S)
                  80010d80    00000020     sysbios.a64P : BIOS.obj (.text:_ti_sysbios_family_c62_TaskSupport_checkStack__E)
                  80010da0    00000020                  : c62_TaskSupport_asm.obj (.text:_ti_sysbios_family_c62_TaskSupport_glue)
                  80010dc0    00000020     hello_p64P.o64P (.text:_ti_sysbios_family_c64p_Cache_Module_startup__E)
                  80010de0    00000020     hello_p64P.o64P (.text:_ti_sysbios_family_c64p_Exception_Module_startup__E)
                  80010e00    00000020     hello_p64P.o64P (.text:_ti_sysbios_family_c64p_Hwi_Module__startupDone__S)
                  80010e20    00000020     hello_p64P.o64P (.text:_ti_sysbios_family_c64p_Hwi_Module_startup__E)
                  80010e40    00000020     sysbios.a64P : BIOS.obj (.text:_ti_sysbios_family_c64p_Hwi_clearInterrupt__E)
                  80010e60    00000020                  : BIOS.obj (.text:_ti_sysbios_family_c64p_Hwi_startup__E)
                  80010e80    00000020                  : BIOS.obj (.text:_ti_sysbios_family_c64p_Hwi_switchFromBootStack__E)
                  80010ea0    00000020     hello_p64P.o64P (.text:_ti_sysbios_family_c64p_TimestampProvider_Module_startup__E)
                  80010ec0    00000020     sysbios.a64P : BIOS.obj (.text:_ti_sysbios_family_c64p_TimestampProvider_Module_startup__F)
                  80010ee0    00000020                  : BIOS.obj (.text:_ti_sysbios_family_c64p_TimestampProvider_get64__E)
                  80010f00    00000020                  : c64p_Hwi_asm_switch.obj (.text:_ti_sysbios_family_xxx_Hwi_switchToTaskStack)
                  80010f20    00000020                  : BIOS.obj (.text:_ti_sysbios_gates_GateHwi_Instance_init__F)
                  80010f40    00000020                  : BIOS.obj (.text:_ti_sysbios_gates_GateHwi_enter__E)
                  80010f60    00000020                  : BIOS.obj (.text:_ti_sysbios_gates_GateHwi_leave__E)
                  80010f80    00000020     hello_p64P.o64P (.text:_ti_sysbios_gates_GateHwi_query__E)
                  80010fa0    00000020     sysbios.a64P : BIOS.obj (.text:_ti_sysbios_gates_GateHwi_query__F)
                  80010fc0    00000020                  : BIOS.obj (.text:_ti_sysbios_gates_GateMutex_Instance_finalize__F)
                  80010fe0    00000020     hello_p64P.o64P (.text:_ti_sysbios_gates_GateMutex_query__E)
                  80011000    00000020     sysbios.a64P : BIOS.obj (.text:_ti_sysbios_gates_GateMutex_query__F)
                  80011020    00000020     hello_p64P.o64P (.text:_ti_sysbios_hal_Hwi_HwiProxy_Module__startupDone__S)
                  80011040    00000020     hello_p64P.o64P (.text:_ti_sysbios_hal_Hwi_HwiProxy_clearInterrupt__E)
                  80011060    00000020     hello_p64P.o64P (.text:_ti_sysbios_hal_Hwi_HwiProxy_disableInterrupt__E)
                  80011080    00000020     hello_p64P.o64P (.text:_ti_sysbios_hal_Hwi_HwiProxy_enableInterrupt__E)
                  800110a0    00000020     hello_p64P.o64P (.text:_ti_sysbios_hal_Hwi_HwiProxy_getStackInfo__E)
                  800110c0    00000020     hello_p64P.o64P (.text:_ti_sysbios_hal_Hwi_HwiProxy_startup__E)
                  800110e0    00000020     hello_p64P.o64P (.text:_ti_sysbios_hal_Hwi_HwiProxy_switchFromBootStack__E)
                  80011100    00000020     hello_p64P.o64P (.text:_ti_sysbios_hal_Hwi_Module_startup__E)
                  80011120    00000020     sysbios.a64P : BIOS.obj (.text:_ti_sysbios_hal_Hwi_Module_startup__F)
                  80011140    00000020                  : BIOS.obj (.text:_ti_sysbios_hal_Hwi_startup__E)
                  80011160    00000020     hello_p64P.o64P (.text:_ti_sysbios_hal_Timer_Module__startupDone__S)
                  80011180    00000020     hello_p64P.o64P (.text:_ti_sysbios_hal_Timer_Module_startup__E)
                  800111a0    00000020     sysbios.a64P : BIOS.obj (.text:_ti_sysbios_hal_Timer_Module_startup__F)
                  800111c0    00000020     hello_p64P.o64P (.text:_ti_sysbios_hal_Timer_TimerProxy_Module__startupDone__S)
                  800111e0    00000020     hello_p64P.o64P (.text:_ti_sysbios_hal_Timer_TimerProxy_getPeriod__E)
                  80011200    00000020     hello_p64P.o64P (.text:_ti_sysbios_hal_Timer_TimerProxy_startup__E)
                  80011220    00000020     sysbios.a64P : BIOS.obj (.text:_ti_sysbios_hal_Timer_startup__E)
                  80011240    00000020     hello_p64P.o64P (.text:_ti_sysbios_heaps_HeapMem_Module_GateProxy_enter__E)
                  80011260    00000020     hello_p64P.o64P (.text:_ti_sysbios_heaps_HeapMem_Module_GateProxy_leave__E)
                  80011280    00000020     hello_p64P.o64P (.text:_ti_sysbios_heaps_HeapMem_Module_GateProxy_query__E)
                  800112a0    00000020     sysbios.a64P : BIOS.obj (.text:_ti_sysbios_heaps_HeapMem_isBlocking__E)
                  800112c0    00000020     hello_p64P.o64P (.text:_ti_sysbios_knl_Clock_Module_State_clockQ)
                  800112e0    00000020     hello_p64P.o64P (.text:_ti_sysbios_knl_Clock_Module_startup__E)
                  80011300    00000020     sysbios.a64P : BIOS.obj (.text:_ti_sysbios_knl_Idle_loop__E)
                  80011320    00000020                  : BIOS.obj (.text:_ti_sysbios_knl_Queue_Instance_init__F)
                  80011340    00000020                  : BIOS.obj (.text:_ti_sysbios_knl_Queue_empty__E)
                  80011360    00000020                  : BIOS.obj (.text:_ti_sysbios_knl_Semaphore_Instance_finalize__F)
                  80011380    00000020     hello_p64P.o64P (.text:_ti_sysbios_knl_Swi_Module_startup__E)
                  800113a0    00000020     sysbios.a64P : BIOS.obj (.text:_ti_sysbios_knl_Swi_disable__E)
                  800113c0    00000020     hello_p64P.o64P (.text:_ti_sysbios_knl_Task_Module_startup__E)
                  800113e0    00000020     hello_p64P.o64P (.text:_ti_sysbios_knl_Task_SupportProxy_Module__startupDone__S)
                  80011400    00000020     hello_p64P.o64P (.text:_ti_sysbios_knl_Task_SupportProxy_checkStack__E)
                  80011420    00000020     hello_p64P.o64P (.text:_ti_sysbios_knl_Task_SupportProxy_swap__E)
                  80011440    00000020     sysbios.a64P : BIOS.obj (.text:_ti_sysbios_knl_Task_disable__E)
                  80011460    00000020                  : BIOS.obj (.text:_ti_sysbios_knl_Task_startup__E)
                  80011480    00000020     hello_p64P.o64P (.text:_ti_sysbios_timers_timer64_Timer_Module__startupDone__S)
                  800114a0    00000020     hello_p64P.o64P (.text:_ti_sysbios_timers_timer64_Timer_Module_startup__E)
                  800114c0    00000020     hello_p64P.o64P (.text:_ti_sysbios_timers_timer64_Timer_TimerSupportProxy_enable__E)
                  800114e0    00000020     hello_p64P.o64P (.text:_xdc_iargToPtr)
                  80011500    00000020     hello_p64P.o64P (.text:_xdc_runtime_Error_check__E)
                  80011520    00000020     hello_p64P.o64P (.text:_xdc_runtime_Error_init__E)
                  80011540    00000020     hello_p64P.o64P (.text:_xdc_runtime_Error_print__E)
                  80011560    00000020     ti.targets.rts6000.a64P : Gate.o64P (.text:_xdc_runtime_Gate_enterSystem__F)
                  80011580    00000020                             : Gate.o64P (.text:_xdc_runtime_Gate_leaveSystem__F)
                  800115a0    00000020     hello_p64P.o64P (.text:_xdc_runtime_LoggerBuf_Module_GateProxy_enter__E)
                  800115c0    00000020     hello_p64P.o64P (.text:_xdc_runtime_LoggerBuf_Module_GateProxy_leave__E)
                  800115e0    00000020     hello_p64P.o64P (.text:_xdc_runtime_LoggerBuf_Module_startup__E)
                  80011600    00000020     hello_p64P.o64P (.text:_xdc_runtime_LoggerBuf_TimestampProxy_get64__E)
                  80011620    00000020     hello_p64P.o64P (.text:_xdc_runtime_LoggerBuf_disable__E)
                  80011640    00000020     ti.targets.rts6000.a64P : LoggerBuf.o64P (.text:_xdc_runtime_LoggerBuf_disable__F)
                  80011660    00000020     hello_p64P.o64P (.text:_xdc_runtime_LoggerBuf_enable__E)
                  80011680    00000020     ti.targets.rts6000.a64P : LoggerBuf.o64P (.text:_xdc_runtime_LoggerBuf_enable__F)
                  800116a0    00000020     hello_p64P.o64P (.text:_xdc_runtime_LoggerBuf_getFilterLevel__E)
                  800116c0    00000020     ti.targets.rts6000.a64P : LoggerBuf.o64P (.text:_xdc_runtime_LoggerBuf_write1__F)
                  800116e0    00000020                             : LoggerBuf.o64P (.text:_xdc_runtime_LoggerBuf_write2__F)
                  80011700    00000020     hello_p64P.o64P (.text:_xdc_runtime_Memory_HeapProxy_free__E)
                  80011720    00000020     hello_p64P.o64P (.text:_xdc_runtime_Memory_free__E)
                  80011740    00000020     hello_p64P.o64P (.text:_xdc_runtime_Startup_reset__I)
                  80011760    00000020     hello_p64P.o64P (.text:_xdc_runtime_SysMin_Module_startup__E)
                  80011780    00000020     hello_p64P.o64P (.text:_xdc_runtime_SysMin_abort__E)
                  800117a0    00000020     hello_p64P.o64P (.text:_xdc_runtime_SysMin_exit__E)
                  800117c0    00000020     hello_p64P.o64P (.text:_xdc_runtime_SysMin_putch__E)
                  800117e0    00000020     hello_p64P.o64P (.text:_xdc_runtime_SysMin_ready__E)
                  80011800    00000020     ti.targets.rts6000.a64P : SysMin.o64P (.text:_xdc_runtime_SysMin_ready__F)
                  80011820    00000020     hello_p64P.o64P (.text:_xdc_runtime_System_Module_GateProxy_enter__E)
                  80011840    00000020     hello_p64P.o64P (.text:_xdc_runtime_System_Module_GateProxy_leave__E)
                  80011860    00000020     hello_p64P.o64P (.text:_xdc_runtime_System_Module_startup__E)
                  80011880    00000020     ti.targets.rts6000.a64P : System.o64P (.text:_xdc_runtime_System_Module_startup__F)
                  800118a0    00000020     hello_p64P.o64P (.text:_xdc_runtime_System_SupportProxy_abort__E)
                  800118c0    00000020     hello_p64P.o64P (.text:_xdc_runtime_System_SupportProxy_exit__E)
                  800118e0    00000020     hello_p64P.o64P (.text:_xdc_runtime_System_SupportProxy_putch__E)
                  80011900    00000020     hello_p64P.o64P (.text:_xdc_runtime_System_SupportProxy_ready__E)
                  80011920    00000020     hello_p64P.o64P (.text:_xdc_runtime_System_atexit__E)
                  80011940    00000020     ti.targets.rts6000.a64P : System.o64P (.text:_xdc_runtime_System_exit__F)
                  80011960    00000020                             : System.o64P (.text:_xdc_runtime_System_lastFxn__I)
                  80011980    00000020                             : System.o64P (.text:_xdc_runtime_System_vsnprintf__F)
                  800119a0    00000020     hello_p64P.o64P (.text:_xdc_runtime_Text_putLab__E)
                  800119c0    00000020     hello_p64P.o64P (.text:_xdc_runtime_Text_putSite__E)

.far       0    800119e0    00003af4     UNINITIALIZED
                  800119e0    00002d08     hello_p64P.o64P (.far)
                  800146e8    00000800     hello_p64P.o64P (.far:taskStackSection)
                  80014ee8    00000324     rts64plus.lib : defs.obj (.far)
                  8001520c    00000004                   : fopen.obj (.far)
                  80015210    00000188                   : atexit.obj (.far)
                  80015398    0000011c                   : lowlev.obj (.far)
                  800154b4    0000000c                   : exit.obj (.far)
                  800154c0    00000008                   : _lock.obj (.far)
                  800154c8    00000008                   : trgdrv.obj (.far)
                  800154d0    00000004                   : sinit.obj (.far)

.const     0    800154d8    0000234a     
                  800154d8    00001596     hello_p64P.o64P (.const:xdc_runtime_Text_charTab__A)
                  80016a6e    00000002     rts64plus.lib : fputs.obj (.const:.string)
                  80016a70    000004e4     sysbios.a64P : BIOS.obj (.const:.string)
                  80016f54    00000004     ti.targets.rts6000.a64P : Assert.o64P (.const:.string)
                  80016f58    00000101     rts64plus.lib : ctype.obj (.const:.string:__ctypes_)
                  80017059    00000001     --HOLE-- [fill = 0]
                  8001705a    00000002     hello_p64P.o64P (.const:ti_sysbios_BIOS_Module__id__C)
                  8001705c    00000004     ti.targets.rts6000.a64P : Diags.o64P (.const:.string)
                  80017060    000000c4     hello_p64P.o64P (.const:xdc_runtime_Text_nodeTab__A)
                  80017124    00000058     ti.targets.rts6000.a64P : Error.o64P (.const:.string)
                  8001717c    00000048     hello_p64P.o64P (.const:.string)
                  800171c4    00000048     ti.targets.rts6000.a64P : Log.o64P (.const:.string)
                  8001720c    00000040                             : Text.o64P (.const:.string)
                  8001724c    0000003c     hello_p64P.o64P (.const:xdc_runtime_LoggerBuf_Module__FXNS__C)
                  80017288    00000034     hello_p64P.o64P (.const:xdc_runtime_Startup_sfxnTab__A)
                  800172bc    0000002c     ti.targets.rts6000.a64P : Startup.o64P (.const:.string)
                  800172e8    00000028     hello_p64P.o64P (.const:ti_sysbios_heaps_HeapMem_Module__FXNS__C)
                  80017310    00000028     hello_p64P.o64P (.const:xdc_runtime_LoggerBuf_Object__PARAMS__C)
                  80017338    00000024     hello_p64P.o64P (.const:ti_sysbios_gates_GateHwi_Module__FXNS__C)
                  8001735c    00000024     hello_p64P.o64P (.const:ti_sysbios_gates_GateMutex_Module__FXNS__C)
                  80017380    00000024     hello_p64P.o64P (.const:ti_sysbios_heaps_HeapMem_Object__PARAMS__C)
                  800173a4    00000024     hello_p64P.o64P (.const:ti_sysbios_knl_Semaphore_Object__PARAMS__C)
                  800173c8    00000023     rts64plus.lib : _printfi.obj (.const:.string)
                  800173eb    00000001     --HOLE-- [fill = 0]
                  800173ec    00000020     hello_p64P.o64P (.const:ti_sysbios_gates_GateHwi_Object__DESC__C)
                  8001740c    00000020     hello_p64P.o64P (.const:ti_sysbios_gates_GateMutex_Object__DESC__C)
                  8001742c    00000020     hello_p64P.o64P (.const:ti_sysbios_heaps_HeapMem_Object__DESC__C)
                  8001744c    00000020     hello_p64P.o64P (.const:ti_sysbios_knl_Queue_Object__DESC__C)
                  8001746c    00000020     hello_p64P.o64P (.const:ti_sysbios_knl_Semaphore_Object__DESC__C)
                  8001748c    00000020     hello_p64P.o64P (.const:xdc_runtime_LoggerBuf_Object__DESC__C)
                  800174ac    00000004     hello_p64P.o64P (.const:ti_sysbios_BIOS_Module__diagsEnabled__C)
                  800174b0    0000001a     hello_p64P.o64P (.const:xdc_runtime_Startup_sfxnRts__A)
                  800174ca    00000002     hello_p64P.o64P (.const:ti_sysbios_family_c64p_Exception_Module__id__C)
                  800174cc    00000018     hello_p64P.o64P (.const:ti_sysbios_gates_GateHwi_Object__PARAMS__C)
                  800174e4    00000018     hello_p64P.o64P (.const:ti_sysbios_gates_GateMutex_Object__PARAMS__C)
                  800174fc    00000018     hello_p64P.o64P (.const:ti_sysbios_knl_Queue_Object__PARAMS__C)
                  80017514    00000004     hello_p64P.o64P (.const:ti_sysbios_BIOS_Module__diagsIncluded__C)
                  80017518    00000018     hello_p64P.o64P (.const:ti_sysbios_knl_Task_hooks__A)
                  80017530    00000011     ti.targets.rts6000.a64P : System.o64P (.const:_digtohex)
                  80017541    00000001     --HOLE-- [fill = 0]
                  80017542    00000002     hello_p64P.o64P (.const:ti_sysbios_family_c64p_Exception_useInternalBuffer__C)
                  80017544    00000010     Ejemplo_comienzo.obj (.const:.string)
                  80017554    0000000c     hello_p64P.o64P (.const:ti_sysbios_family_c64p_Cache_initSize__C)
                  80017560    00000008     rts64plus.lib : divd.obj (.const:.string:_initial_approx$1)
                  80017568    00000008     ti.targets.rts6000.a64P : System.o64P (.const:.string)
                  80017570    00000008     hello_p64P.o64P (.const:ti_sysbios_knl_Idle_coreList__C)
                  80017578    00000008     hello_p64P.o64P (.const:ti_sysbios_knl_Idle_funcList__C)
                  80017580    00000008     hello_p64P.o64P (.const:ti_sysbios_knl_Task_hooks__C)
                  80017588    00000008     hello_p64P.o64P (.const:xdc_runtime_Startup_firstFxns__A)
                  80017590    00000008     hello_p64P.o64P (.const:xdc_runtime_Startup_firstFxns__C)
                  80017598    00000008     hello_p64P.o64P (.const:xdc_runtime_Startup_lastFxns__C)
                  800175a0    00000004     hello_p64P.o64P (.const:ti_sysbios_BIOS_Module__diagsMask__C)
                  800175a4    00000004     hello_p64P.o64P (.const:ti_sysbios_BIOS_installedErrorHook__C)
                  800175a8    00000004     hello_p64P.o64P (.const:ti_sysbios_family_c64p_Cache_MAR0_31__C)
                  800175ac    00000004     hello_p64P.o64P (.const:ti_sysbios_family_c64p_Cache_MAR128_159__C)
                  800175b0    00000004     hello_p64P.o64P (.const:ti_sysbios_family_c64p_Cache_MAR160_191__C)
                  800175b4    00000004     hello_p64P.o64P (.const:ti_sysbios_family_c64p_Cache_MAR192_223__C)
                  800175b8    00000004     hello_p64P.o64P (.const:ti_sysbios_family_c64p_Cache_MAR224_255__C)
                  800175bc    00000004     hello_p64P.o64P (.const:ti_sysbios_family_c64p_Cache_MAR32_63__C)
                  800175c0    00000004     hello_p64P.o64P (.const:ti_sysbios_family_c64p_Cache_MAR64_95__C)
                  800175c4    00000004     hello_p64P.o64P (.const:ti_sysbios_family_c64p_Cache_MAR96_127__C)
                  800175c8    00000004     hello_p64P.o64P (.const:ti_sysbios_family_c64p_Exception_E_exceptionMin__C)
                  800175cc    00000004     hello_p64P.o64P (.const:ti_sysbios_family_c64p_Exception_exceptionHook__C)
                  800175d0    00000004     hello_p64P.o64P (.const:ti_sysbios_family_c64p_Exception_externalHook__C)
                  800175d4    00000004     hello_p64P.o64P (.const:ti_sysbios_family_c64p_Exception_internalHook__C)
                  800175d8    00000004     hello_p64P.o64P (.const:ti_sysbios_family_c64p_Exception_nmiHook__C)
                  800175dc    00000004     hello_p64P.o64P (.const:ti_sysbios_family_c64p_Hwi_LD_end__C)
                  800175e0    00000004     hello_p64P.o64P (.const:ti_sysbios_family_c64p_Hwi_LM_begin__C)
                  800175e4    00000004     hello_p64P.o64P (.const:ti_sysbios_family_c64p_Hwi_Module__diagsEnabled__C)
                  800175e8    00000004     hello_p64P.o64P (.const:ti_sysbios_family_c64p_Hwi_Module__diagsIncluded__C)
                  800175ec    00000004     hello_p64P.o64P (.const:ti_sysbios_family_c64p_Hwi_Module__diagsMask__C)
                  800175f0    00000004     hello_p64P.o64P (.const:ti_sysbios_family_c64p_Hwi_Module__loggerFxn1__C)
                  800175f4    00000004     hello_p64P.o64P (.const:ti_sysbios_family_c64p_Hwi_Module__loggerFxn8__C)
                  800175f8    00000004     hello_p64P.o64P (.const:ti_sysbios_family_c64p_Hwi_Module__loggerObj__C)
                  800175fc    00000004     hello_p64P.o64P (.const:ti_sysbios_gates_GateMutex_A_badContext__C)
                  80017600    00000004     hello_p64P.o64P (.const:ti_sysbios_gates_GateMutex_Instance_State_sem__O)
                  80017604    00000004     hello_p64P.o64P (.const:ti_sysbios_gates_GateMutex_Module__diagsEnabled__C)
                  80017608    00000004     hello_p64P.o64P (.const:ti_sysbios_gates_GateMutex_Module__diagsIncluded__C)
                  8001760c    00000004     hello_p64P.o64P (.const:ti_sysbios_gates_GateMutex_Module__diagsMask__C)
                  80017610    00000004     hello_p64P.o64P (.const:ti_sysbios_hal_Hwi_E_stackOverflow__C)
                  80017614    00000004     hello_p64P.o64P (.const:ti_sysbios_heaps_HeapMem_A_align__C)
                  80017618    00000004     hello_p64P.o64P (.const:ti_sysbios_heaps_HeapMem_A_heapSize__C)
                  8001761c    00000004     hello_p64P.o64P (.const:ti_sysbios_heaps_HeapMem_A_invalidFree__C)
                  80017620    00000004     hello_p64P.o64P (.const:ti_sysbios_heaps_HeapMem_A_zeroBlock__C)
                  80017624    00000004     hello_p64P.o64P (.const:ti_sysbios_heaps_HeapMem_E_memory__C)
                  80017628    00000004     hello_p64P.o64P (.const:ti_sysbios_heaps_HeapMem_Module__diagsEnabled__C)
                  8001762c    00000004     hello_p64P.o64P (.const:ti_sysbios_heaps_HeapMem_Module__diagsIncluded__C)
                  80017630    00000004     hello_p64P.o64P (.const:ti_sysbios_heaps_HeapMem_Module__diagsMask__C)
                  80017634    00000004     hello_p64P.o64P (.const:ti_sysbios_heaps_HeapMem_Module__gateObj__C)
                  80017638    00000004     hello_p64P.o64P (.const:ti_sysbios_heaps_HeapMem_Object__count__C)
                  8001763c    00000004     hello_p64P.o64P (.const:ti_sysbios_heaps_HeapMem_Object__table__C)
                  80017640    00000004     hello_p64P.o64P (.const:ti_sysbios_heaps_HeapMem_reqAlign__C)
                  80017644    00000004     hello_p64P.o64P (.const:ti_sysbios_knl_Clock_LM_begin__C)
                  80017648    00000004     hello_p64P.o64P (.const:ti_sysbios_knl_Clock_LM_tick__C)
                  8001764c    00000004     hello_p64P.o64P (.const:ti_sysbios_knl_Clock_LW_delayed__C)
                  80017650    00000004     hello_p64P.o64P (.const:ti_sysbios_knl_Clock_Module_State_clockQ__O)
                  80017654    00000004     hello_p64P.o64P (.const:ti_sysbios_knl_Clock_Module__diagsEnabled__C)
                  80017658    00000004     hello_p64P.o64P (.const:ti_sysbios_knl_Clock_Module__diagsIncluded__C)
                  8001765c    00000004     hello_p64P.o64P (.const:ti_sysbios_knl_Clock_Module__diagsMask__C)
                  80017660    00000004     hello_p64P.o64P (.const:ti_sysbios_knl_Clock_Module__loggerFxn1__C)
                  80017664    00000004     hello_p64P.o64P (.const:ti_sysbios_knl_Clock_Module__loggerFxn2__C)
                  80017668    00000004     hello_p64P.o64P (.const:ti_sysbios_knl_Clock_Module__loggerObj__C)
                  8001766c    00000004     hello_p64P.o64P (.const:ti_sysbios_knl_Queue_Object__count__C)
                  80017670    00000004     hello_p64P.o64P (.const:ti_sysbios_knl_Idle_coreList__A)
                  80017674    00000004     hello_p64P.o64P (.const:ti_sysbios_knl_Queue_Object__table__C)
                  80017678    00000004     hello_p64P.o64P (.const:ti_sysbios_knl_Idle_funcList__A)
                  8001767c    00000004     hello_p64P.o64P (.const:ti_sysbios_knl_Semaphore_A_badContext__C)
                  80017680    00000004     hello_p64P.o64P (.const:ti_sysbios_knl_Semaphore_A_noEvents__C)
                  80017684    00000004     hello_p64P.o64P (.const:ti_sysbios_knl_Semaphore_A_overflow__C)
                  80017688    00000004     hello_p64P.o64P (.const:ti_sysbios_knl_Semaphore_A_pendTaskDisabled__C)
                  8001768c    00000004     hello_p64P.o64P (.const:ti_sysbios_knl_Semaphore_Instance_State_pendQ__O)
                  80017690    00000004     hello_p64P.o64P (.const:ti_sysbios_knl_Semaphore_LM_pend__C)
                  80017694    00000004     hello_p64P.o64P (.const:ti_sysbios_knl_Semaphore_LM_post__C)
                  80017698    00000004     hello_p64P.o64P (.const:ti_sysbios_knl_Semaphore_Module__diagsEnabled__C)
                  8001769c    00000004     hello_p64P.o64P (.const:ti_sysbios_knl_Semaphore_Module__diagsIncluded__C)
                  800176a0    00000004     hello_p64P.o64P (.const:ti_sysbios_knl_Semaphore_Module__diagsMask__C)
                  800176a4    00000004     hello_p64P.o64P (.const:ti_sysbios_knl_Semaphore_Module__loggerFxn2__C)
                  800176a8    00000004     hello_p64P.o64P (.const:ti_sysbios_knl_Semaphore_Module__loggerFxn4__C)
                  800176ac    00000004     hello_p64P.o64P (.const:ti_sysbios_knl_Semaphore_Module__loggerObj__C)
                  800176b0    00000004     hello_p64P.o64P (.const:ti_sysbios_knl_Swi_LD_end__C)
                  800176b4    00000004     hello_p64P.o64P (.const:ti_sysbios_knl_Swi_LM_begin__C)
                  800176b8    00000004     hello_p64P.o64P (.const:ti_sysbios_knl_Swi_LM_post__C)
                  800176bc    00000004     hello_p64P.o64P (.const:ti_sysbios_knl_Swi_Module__diagsEnabled__C)
                  800176c0    00000004     hello_p64P.o64P (.const:ti_sysbios_knl_Swi_Module__diagsIncluded__C)
                  800176c4    00000004     hello_p64P.o64P (.const:ti_sysbios_knl_Swi_Module__diagsMask__C)
                  800176c8    00000004     hello_p64P.o64P (.const:ti_sysbios_knl_Swi_Module__loggerFxn1__C)
                  800176cc    00000004     hello_p64P.o64P (.const:ti_sysbios_knl_Swi_Module__loggerFxn4__C)
                  800176d0    00000004     hello_p64P.o64P (.const:ti_sysbios_knl_Swi_Module__loggerObj__C)
                  800176d4    00000004     hello_p64P.o64P (.const:ti_sysbios_knl_Swi_Object__count__C)
                  800176d8    00000004     hello_p64P.o64P (.const:ti_sysbios_knl_Swi_Object__table__C)
                  800176dc    00000004     hello_p64P.o64P (.const:ti_sysbios_knl_Task_E_spOutOfBounds__C)
                  800176e0    00000004     hello_p64P.o64P (.const:ti_sysbios_knl_Task_E_stackOverflow__C)
                  800176e4    00000004     hello_p64P.o64P (.const:ti_sysbios_knl_Task_LD_block__C)
                  800176e8    00000004     hello_p64P.o64P (.const:ti_sysbios_knl_Task_LD_exit__C)
                  800176ec    00000004     hello_p64P.o64P (.const:ti_sysbios_knl_Task_LD_ready__C)
                  800176f0    00000004     hello_p64P.o64P (.const:ti_sysbios_knl_Task_LM_switch__C)
                  800176f4    00000004     hello_p64P.o64P (.const:ti_sysbios_knl_Task_Module_State_inactiveQ__O)
                  800176f8    00000004     hello_p64P.o64P (.const:ti_sysbios_knl_Task_Module__diagsEnabled__C)
                  800176fc    00000004     hello_p64P.o64P (.const:ti_sysbios_knl_Task_Module__diagsIncluded__C)
                  80017700    00000004     hello_p64P.o64P (.const:ti_sysbios_knl_Task_Module__diagsMask__C)
                  80017704    00000004     hello_p64P.o64P (.const:ti_sysbios_knl_Task_Module__loggerFxn2__C)
                  80017708    00000004     hello_p64P.o64P (.const:ti_sysbios_knl_Task_Module__loggerFxn4__C)
                  8001770c    00000004     hello_p64P.o64P (.const:ti_sysbios_knl_Task_Module__loggerObj__C)
                  80017710    00000004     hello_p64P.o64P (.const:ti_sysbios_knl_Task_Object__count__C)
                  80017714    00000004     hello_p64P.o64P (.const:ti_sysbios_knl_Task_Object__table__C)
                  80017718    00000004     hello_p64P.o64P (.const:ti_sysbios_knl_Task_allBlockedFunc__C)
                  8001771c    00000004     hello_p64P.o64P (.const:ti_sysbios_knl_Task_numConstructedTasks__C)
                  80017720    00000004     hello_p64P.o64P (.const:ti_sysbios_timers_timer64_Timer_A_notAvailable__C)
                  80017724    00000004     hello_p64P.o64P (.const:ti_sysbios_timers_timer64_Timer_E_cannotSupport__C)
                  80017728    00000004     hello_p64P.o64P (.const:ti_sysbios_timers_timer64_Timer_Module__diagsEnabled__C)
                  8001772c    00000004     hello_p64P.o64P (.const:ti_sysbios_timers_timer64_Timer_Module__diagsIncluded__C)
                  80017730    00000004     hello_p64P.o64P (.const:ti_sysbios_timers_timer64_Timer_Module__diagsMask__C)
                  80017734    00000004     hello_p64P.o64P (.const:ti_sysbios_timers_timer64_Timer_anyMask__C)
                  80017738    00000004     hello_p64P.o64P (.const:ti_sysbios_timers_timer64_Timer_freqDivisor__C)
                  8001773c    00000004     hello_p64P.o64P (.const:ti_sysbios_timers_timer64_Timer_numLocalTimers__C)
                  80017740    00000004     hello_p64P.o64P (.const:ti_sysbios_timers_timer64_Timer_numTimerDevices__C)
                  80017744    00000004     hello_p64P.o64P (.const:xdc_runtime_Assert_E_assertFailed__C)
                  80017748    00000004     hello_p64P.o64P (.const:xdc_runtime_Core_A_initializedParams__C)
                  8001774c    00000004     hello_p64P.o64P (.const:xdc_runtime_Core_Module__diagsEnabled__C)
                  80017750    00000004     hello_p64P.o64P (.const:xdc_runtime_Core_Module__diagsIncluded__C)
                  80017754    00000004     hello_p64P.o64P (.const:xdc_runtime_Core_Module__diagsMask__C)
                  80017758    00000004     hello_p64P.o64P (.const:xdc_runtime_Error_E_memory__C)
                  8001775c    00000004     hello_p64P.o64P (.const:xdc_runtime_Error_Module__diagsEnabled__C)
                  80017760    00000004     hello_p64P.o64P (.const:xdc_runtime_Error_Module__diagsIncluded__C)
                  80017764    00000004     hello_p64P.o64P (.const:xdc_runtime_Error_Module__diagsMask__C)
                  80017768    00000004     hello_p64P.o64P (.const:xdc_runtime_Error_Module__loggerFxn8__C)
                  8001776c    00000004     hello_p64P.o64P (.const:xdc_runtime_Error_Module__loggerObj__C)
                  80017770    00000004     hello_p64P.o64P (.const:xdc_runtime_Error_policy__C)
                  80017774    00000004     hello_p64P.o64P (.const:xdc_runtime_Error_raiseHook__C)
                  80017778    00000004     hello_p64P.o64P (.const:xdc_runtime_IFilterLogger_Interface__BASE__C)
                  8001777c    00000004     hello_p64P.o64P (.const:xdc_runtime_IGateProvider_Interface__BASE__C)
                  80017780    00000004     hello_p64P.o64P (.const:xdc_runtime_IHeap_Interface__BASE__C)
                  80017784    00000004     hello_p64P.o64P (.const:xdc_runtime_ILogger_Interface__BASE__C)
                  80017788    00000004     hello_p64P.o64P (.const:xdc_runtime_IModule_Interface__BASE__C)
                  8001778c    00000004     hello_p64P.o64P (.const:xdc_runtime_Log_L_error__C)
                  80017790    00000004     hello_p64P.o64P (.const:xdc_runtime_LoggerBuf_E_badLevel__C)
                  80017794    00000004     hello_p64P.o64P (.const:xdc_runtime_LoggerBuf_Module__gateObj__C)
                  80017798    00000004     hello_p64P.o64P (.const:xdc_runtime_LoggerBuf_Object__count__C)
                  8001779c    00000004     hello_p64P.o64P (.const:xdc_runtime_LoggerBuf_Object__table__C)
                  800177a0    00000004     hello_p64P.o64P (.const:xdc_runtime_LoggerBuf_statusLogger__C)
                  800177a4    00000004     hello_p64P.o64P (.const:xdc_runtime_Memory_defaultHeapInstance__C)
                  800177a8    00000004     hello_p64P.o64P (.const:xdc_runtime_Startup_execImpl__C)
                  800177ac    00000004     hello_p64P.o64P (.const:xdc_runtime_Startup_maxPasses__C)
                  800177b0    00000004     hello_p64P.o64P (.const:xdc_runtime_Startup_lastFxns__A)
                  800177b4    00000004     hello_p64P.o64P (.const:xdc_runtime_Startup_sfxnRts__C)
                  800177b8    00000004     hello_p64P.o64P (.const:xdc_runtime_Startup_sfxnTab__C)
                  800177bc    00000004     hello_p64P.o64P (.const:xdc_runtime_Startup_startModsFxn__C)
                  800177c0    00000004     hello_p64P.o64P (.const:xdc_runtime_SysMin_bufSize__C)
                  800177c4    00000004     hello_p64P.o64P (.const:xdc_runtime_SysMin_outputFunc__C)
                  800177c8    00000004     hello_p64P.o64P (.const:xdc_runtime_System_Module__gateObj__C)
                  800177cc    00000004     hello_p64P.o64P (.const:xdc_runtime_System_extendFxn__C)
                  800177d0    00000004     hello_p64P.o64P (.const:xdc_runtime_System_maxAtexitHandlers__C)
                  800177d4    00000004     hello_p64P.o64P (.const:xdc_runtime_Text_charTab__C)
                  800177d8    00000004     hello_p64P.o64P (.const:xdc_runtime_Text_nameEmpty__C)
                  800177dc    00000004     hello_p64P.o64P (.const:xdc_runtime_Text_nameStatic__C)
                  800177e0    00000004     hello_p64P.o64P (.const:xdc_runtime_Text_nameUnknown__C)
                  800177e4    00000004     hello_p64P.o64P (.const:xdc_runtime_Text_nodeTab__C)
                  800177e8    00000004     hello_p64P.o64P (.const:xdc_runtime_Text_visitRopeFxn__C)
                  800177ec    00000002     hello_p64P.o64P (.const:ti_sysbios_family_c64p_Hwi_Module__id__C)
                  800177ee    00000002     hello_p64P.o64P (.const:ti_sysbios_family_c64p_Hwi_Module__loggerDefined__C)
                  800177f0    00000002     hello_p64P.o64P (.const:ti_sysbios_gates_GateMutex_Module__id__C)
                  800177f2    00000002     hello_p64P.o64P (.const:ti_sysbios_hal_Hwi_Module__id__C)
                  800177f4    00000002     hello_p64P.o64P (.const:ti_sysbios_heaps_HeapMem_Module__id__C)
                  800177f6    00000002     hello_p64P.o64P (.const:ti_sysbios_knl_Clock_Module__id__C)
                  800177f8    00000002     hello_p64P.o64P (.const:ti_sysbios_knl_Clock_Module__loggerDefined__C)
                  800177fa    00000002     hello_p64P.o64P (.const:ti_sysbios_knl_Semaphore_Module__id__C)
                  800177fc    00000002     hello_p64P.o64P (.const:ti_sysbios_knl_Semaphore_Module__loggerDefined__C)
                  800177fe    00000002     hello_p64P.o64P (.const:ti_sysbios_knl_Swi_Module__id__C)
                  80017800    00000002     hello_p64P.o64P (.const:ti_sysbios_knl_Swi_Module__loggerDefined__C)
                  80017802    00000002     hello_p64P.o64P (.const:ti_sysbios_knl_Task_Module__id__C)
                  80017804    00000002     hello_p64P.o64P (.const:ti_sysbios_knl_Task_Module__loggerDefined__C)
                  80017806    00000002     hello_p64P.o64P (.const:ti_sysbios_knl_Task_initStackFlag__C)
                  80017808    00000002     hello_p64P.o64P (.const:ti_sysbios_timers_timer64_Timer_Module__id__C)
                  8001780a    00000002     hello_p64P.o64P (.const:ti_sysbios_timers_timer64_Timer_startupNeeded__C)
                  8001780c    00000002     hello_p64P.o64P (.const:xdc_runtime_Core_Module__id__C)
                  8001780e    00000002     hello_p64P.o64P (.const:xdc_runtime_Error_Module__loggerDefined__C)
                  80017810    00000002     hello_p64P.o64P (.const:xdc_runtime_Error_maxDepth__C)
                  80017812    00000002     hello_p64P.o64P (.const:xdc_runtime_LoggerBuf_Module__id__C)
                  80017814    00000002     hello_p64P.o64P (.const:xdc_runtime_LoggerBuf_filterByLevel__C)
                  80017816    00000002     hello_p64P.o64P (.const:xdc_runtime_Memory_Module__id__C)
                  80017818    00000002     hello_p64P.o64P (.const:xdc_runtime_SysMin_flushAtExit__C)
                  8001781a    00000002     hello_p64P.o64P (.const:xdc_runtime_Text_charCnt__C)
                  8001781c    00000002     hello_p64P.o64P (.const:xdc_runtime_Text_isLoaded__C)
                  8001781e    00000002     hello_p64P.o64P (.const:xdc_runtime_Text_registryModsLastId__C)
                  80017820    00000002     hello_p64P.o64P (.const:xdc_runtime_Text_unnamedModsLastId__C)

.stack     0    80017828    00001000     UNINITIALIZED
                  80017828    00000008     boot.a64P : boot.o64P (.stack)
                  80017830    00000ff8     --HOLE--

.cinit     0    80018828    000007f4     
                  80018828    0000069c     hello_p64P.o64P (.cinit)
                  80018ec4    00000004     --HOLE-- [fill = 0]
                  80018ec8    0000005c     rts64plus.lib : defs.obj (.cinit)
                  80018f24    00000004     --HOLE-- [fill = 0]
                  80018f28    0000005c                   : lowlev.obj (.cinit)
                  80018f84    00000004     --HOLE-- [fill = 0]
                  80018f88    0000002c                   : exit.obj (.cinit)
                  80018fb4    00000004     --HOLE-- [fill = 0]
                  80018fb8    0000001c                   : _lock.obj (.cinit)
                  80018fd4    00000004     --HOLE-- [fill = 0]
                  80018fd8    0000001c                   : atexit.obj (.cinit)
                  80018ff4    00000004     --HOLE-- [fill = 0]
                  80018ff8    0000000c                   : fopen.obj (.cinit)
                  80019004    00000004     --HOLE-- [fill = 0]
                  80019008    0000000c                   : sinit.obj (.cinit)
                  80019014    00000004     --HOLE-- [fill = 0]
                  80019018    00000004     (.pad.cinit) [fill = 0]

.cio       0    80019020    00000120     UNINITIALIZED
                  80019020    00000120     rts64plus.lib : trgmsg.obj (.cio)

.vecs      0    80019400    00000200     
                  80019400    00000200     hello_p64P.o64P (.vecs)


GLOBAL SYMBOLS: SORTED ALPHABETICALLY BY Name 

address    name
--------   ----
80000000   $bss
80000000   .bss
ffffffff   .data
ffffffff   .text
80010ca0   C$$EXIT
8000fd58   C$$IO$$
8000d760   _HOSTclose
8000b8a0   _HOSTlseek
8000c2a0   _HOSTopen
8000cb60   _HOSTread
8000a380   _HOSTrename
8000cc20   _HOSTunlink
8000cce0   _HOSTwrite
80014480   _TSK_idle
80019020   __CIOBUF_
80018828   __STACK_END
00001000   __STACK_SIZE
00000001   __TI_args_main
80000000   ___ASM__
80000058   ___ISA__
80000070   ___PLAT__
80000098   ___TARG__
800154bc   ___TI_enable_exit_profile_output
ffffffff   ___TI_pprof_out_hndl
ffffffff   ___TI_prof_data_size
ffffffff   ___TI_prof_data_start
800000b8   ___TRDR__
800100c0   ___add_dtor
80015210   ___atexit_func_id__
ffffffff   ___binit__
80000000   ___bss__
ffffffff   ___c_args__
80018828   ___cinit__
ffffffff   ___data__
ffffffff   ___edata__
80000000   ___end__
ffffffff   ___etext__
80010100   ___isinf
ffffffff   ___pinit__
ffffffff   ___text__
80010bc0   ___xdc__init
800146e4   ___xdc__init__addr
800088a0   __addd
80010180   __args_main
8000b9a0   __auto_init
8000ce60   __c6xabi_divu
8000dbc0   __c6xabi_remu
8000d800   __cleanup
800154b4   __cleanup_ptr
8000b0e0   __closefile
8000c380   __cmpd
80016f58   __ctypes_
80002da0   __divd
8000d8a0   __divli
8000ce60   __divu
800099c0   __divul
800069a0   __divull
8000cf20   __doflush
800154b8   __dtors_ptr
8000e840   __fixdi
8000da80   __fixdli
8000e8c0   __fltlid
80008aa0   __frcaddd
8000baa0   __frcmpyd
800101c0   __frcmpyd_div
80015208   __ft_end
80014ee8   __ftable
8000e940   __llshl
80010200   __llshru
800154c0   __lock
80006c00   __mpyd
80010240   __negd
80010be0   __negll
80010c00   __nop
80003bc0   __printfi
80010c60   __register_lock
80010c80   __register_unlock
80010280   __remli
8000dbc0   __remu
8000e9c0   __renormd
80017828   __stack
8000f640   __subcull
800102c0   __subd
800150c8   __tmpnams
800154c4   __unlock
8000bba0   __wrt_ok
80010ca0   _abort
00000000   _argsize
8000cfe0   _atexit
8000c460   _atoi
8000dc60   _c_int00
8000bca0   _call_dtors
8000c540   _close
800154d0   _dtors
8000d0a0   _exit
80007be0   _fputc
80004440   _fputs
8000f6a0   _free
8000b440   _fseek
8000dda0   _lseek
8000d160   _ltoa
8000b7a0   _main
8000de40   _malloc
8000f700   _memccpy
8000dee0   _memcpy
8000c620   _memset
8000c700   _printf
80007be0   _putc
8000ea40   _readmsg
80010cc0   _remove
80008ea0   _setvbuf
800174ac   _ti_sysbios_BIOS_Module__diagsEnabled__C
80017514   _ti_sysbios_BIOS_Module__diagsIncluded__C
800175a0   _ti_sysbios_BIOS_Module__diagsMask__C
8001705a   _ti_sysbios_BIOS_Module__id__C
800141e8   _ti_sysbios_BIOS_Module__state__V
80010ce0   _ti_sysbios_BIOS_RtsGateProxy_enter__E
80010d00   _ti_sysbios_BIOS_RtsGateProxy_leave__E
8000d220   _ti_sysbios_BIOS_errorRaiseHook__I
8000eac0   _ti_sysbios_BIOS_exitFunc__I
800175a4   _ti_sysbios_BIOS_installedErrorHook__C
80010d20   _ti_sysbios_BIOS_nullFunc__I
8000f760   _ti_sysbios_BIOS_registerRTSLock__I
80010300   _ti_sysbios_BIOS_rtsLock__I
8000a800   _ti_sysbios_BIOS_rtsUnlock__I
80010d40   _ti_sysbios_BIOS_setThreadType__E
80010340   _ti_sysbios_BIOS_startFunc__I
80010d60   _ti_sysbios_family_c62_TaskSupport_Module__startupDone__S
80010380   _ti_sysbios_family_c62_TaskSupport_buildTaskStack
80010d80   _ti_sysbios_family_c62_TaskSupport_checkStack__E
80010da0   _ti_sysbios_family_c62_TaskSupport_glue
8000eb40   _ti_sysbios_family_c62_TaskSupport_start__E
8000ebc0   _ti_sysbios_family_c62_TaskSupport_swap__E
800175a8   _ti_sysbios_family_c64p_Cache_MAR0_31__C
800175ac   _ti_sysbios_family_c64p_Cache_MAR128_159__C
800175b0   _ti_sysbios_family_c64p_Cache_MAR160_191__C
800175b4   _ti_sysbios_family_c64p_Cache_MAR192_223__C
800175b8   _ti_sysbios_family_c64p_Cache_MAR224_255__C
800175bc   _ti_sysbios_family_c64p_Cache_MAR32_63__C
800175c0   _ti_sysbios_family_c64p_Cache_MAR64_95__C
800175c4   _ti_sysbios_family_c64p_Cache_MAR96_127__C
80014208   _ti_sysbios_family_c64p_Cache_Module__state__V
80010dc0   _ti_sysbios_family_c64p_Cache_Module_startup__E
80006220   _ti_sysbios_family_c64p_Cache_Module_startup__F
80017554   _ti_sysbios_family_c64p_Cache_initSize__C
8000f7c0   _ti_sysbios_family_c64p_Cache_setMar__E
800175c8   _ti_sysbios_family_c64p_Exception_E_exceptionMin__C
800174ca   _ti_sysbios_family_c64p_Exception_Module__id__C
8001420c   _ti_sysbios_family_c64p_Exception_Module__state__V
80010de0   _ti_sysbios_family_c64p_Exception_Module_startup__E
8000df80   _ti_sysbios_family_c64p_Exception_Module_startup__F
8000a680   _ti_sysbios_family_c64p_Exception_dispatch__E
800175cc   _ti_sysbios_family_c64p_Exception_exceptionHook__C
800175d0   _ti_sysbios_family_c64p_Exception_externalHook__C
800008c0   _ti_sysbios_family_c64p_Exception_handler__I
80007300   _ti_sysbios_family_c64p_Exception_internalHandler__I
800175d4   _ti_sysbios_family_c64p_Exception_internalHook__C
800175d8   _ti_sysbios_family_c64p_Exception_nmiHook__C
80017542   _ti_sysbios_family_c64p_Exception_useInternalBuffer__C
80019400   _ti_sysbios_family_c64p_Hwi0
800175dc   _ti_sysbios_family_c64p_Hwi_LD_end__C
800175e0   _ti_sysbios_family_c64p_Hwi_LM_begin__C
800175e4   _ti_sysbios_family_c64p_Hwi_Module__diagsEnabled__C
800175e8   _ti_sysbios_family_c64p_Hwi_Module__diagsIncluded__C
800175ec   _ti_sysbios_family_c64p_Hwi_Module__diagsMask__C
800177ec   _ti_sysbios_family_c64p_Hwi_Module__id__C
800177ee   _ti_sysbios_family_c64p_Hwi_Module__loggerDefined__C
800175f0   _ti_sysbios_family_c64p_Hwi_Module__loggerFxn1__C
800175f4   _ti_sysbios_family_c64p_Hwi_Module__loggerFxn8__C
800175f8   _ti_sysbios_family_c64p_Hwi_Module__loggerObj__C
8001423c   _ti_sysbios_family_c64p_Hwi_Module__root__V
800103c0   _ti_sysbios_family_c64p_Hwi_Module__startupDone__F
80010e00   _ti_sysbios_family_c64p_Hwi_Module__startupDone__S
80014260   _ti_sysbios_family_c64p_Hwi_Module__state__V
80010e20   _ti_sysbios_family_c64p_Hwi_Module_startup__E
8000aaa0   _ti_sysbios_family_c64p_Hwi_Module_startup__F
80014248   _ti_sysbios_family_c64p_Hwi_Object__table__V
80010e40   _ti_sysbios_family_c64p_Hwi_clearInterrupt__E
80010400   _ti_sysbios_family_c64p_Hwi_disableInterrupt__E
800090a0   _ti_sysbios_family_c64p_Hwi_dispatchAlways
80005440   _ti_sysbios_family_c64p_Hwi_dispatchC__I
80010440   _ti_sysbios_family_c64p_Hwi_enableInterrupt__E
8000e020   _ti_sysbios_family_c64p_Hwi_getStackInfo__E
80019400   _ti_sysbios_family_c64p_Hwi_int0
80019420   _ti_sysbios_family_c64p_Hwi_int1
80019540   _ti_sysbios_family_c64p_Hwi_int10
80019560   _ti_sysbios_family_c64p_Hwi_int11
80019580   _ti_sysbios_family_c64p_Hwi_int12
800195a0   _ti_sysbios_family_c64p_Hwi_int13
800195c0   _ti_sysbios_family_c64p_Hwi_int14
800195e0   _ti_sysbios_family_c64p_Hwi_int15
80019440   _ti_sysbios_family_c64p_Hwi_int2
80019460   _ti_sysbios_family_c64p_Hwi_int3
80019480   _ti_sysbios_family_c64p_Hwi_int4
800194a0   _ti_sysbios_family_c64p_Hwi_int5
800194c0   _ti_sysbios_family_c64p_Hwi_int6
800194e0   _ti_sysbios_family_c64p_Hwi_int7
80019500   _ti_sysbios_family_c64p_Hwi_int8
80019520   _ti_sysbios_family_c64p_Hwi_int9
80010e60   _ti_sysbios_family_c64p_Hwi_startup__E
80010e80   _ti_sysbios_family_c64p_Hwi_switchFromBootStack__E
80010ea0   _ti_sysbios_family_c64p_TimestampProvider_Module_startup__E
80010ec0   _ti_sysbios_family_c64p_TimestampProvider_Module_startup__F
80010ee0   _ti_sysbios_family_c64p_TimestampProvider_get64__E
80010480   _ti_sysbios_family_c64p_tci6482_TimerSupport_enable__E
800104c0   _ti_sysbios_family_xxx_Hwi_switchToIsrStack
80010f00   _ti_sysbios_family_xxx_Hwi_switchToTaskStack
8000f820   _ti_sysbios_gates_GateHwi_Handle__label__S
80010f20   _ti_sysbios_gates_GateHwi_Instance_init__F
80017338   _ti_sysbios_gates_GateHwi_Module__FXNS__C
800142c8   _ti_sysbios_gates_GateHwi_Module__root__V
800173ec   _ti_sysbios_gates_GateHwi_Object__DESC__C
800174cc   _ti_sysbios_gates_GateHwi_Object__PARAMS__C
8000ec40   _ti_sysbios_gates_GateHwi_Object__create__S
8000f880   _ti_sysbios_gates_GateHwi_Object__delete__S
800142d0   _ti_sysbios_gates_GateHwi_Object__table__V
80010f40   _ti_sysbios_gates_GateHwi_enter__E
80010f60   _ti_sysbios_gates_GateHwi_leave__E
80010f80   _ti_sysbios_gates_GateHwi_query__E
80010fa0   _ti_sysbios_gates_GateHwi_query__F
800175fc   _ti_sysbios_gates_GateMutex_A_badContext__C
8000f8e0   _ti_sysbios_gates_GateMutex_Handle__label__S
80017600   _ti_sysbios_gates_GateMutex_Instance_State_sem__O
80010fc0   _ti_sysbios_gates_GateMutex_Instance_finalize__F
8000f940   _ti_sysbios_gates_GateMutex_Instance_init__F
8001735c   _ti_sysbios_gates_GateMutex_Module__FXNS__C
80017604   _ti_sysbios_gates_GateMutex_Module__diagsEnabled__C
80017608   _ti_sysbios_gates_GateMutex_Module__diagsIncluded__C
8001760c   _ti_sysbios_gates_GateMutex_Module__diagsMask__C
800177f0   _ti_sysbios_gates_GateMutex_Module__id__C
800142d4   _ti_sysbios_gates_GateMutex_Module__root__V
8001740c   _ti_sysbios_gates_GateMutex_Object__DESC__C
800174e4   _ti_sysbios_gates_GateMutex_Object__PARAMS__C
8000ecc0   _ti_sysbios_gates_GateMutex_Object__create__S
8000f9a0   _ti_sysbios_gates_GateMutex_Object__delete__S
800142e0   _ti_sysbios_gates_GateMutex_Object__table__V
80009b60   _ti_sysbios_gates_GateMutex_enter__E
80010500   _ti_sysbios_gates_GateMutex_leave__E
80010fe0   _ti_sysbios_gates_GateMutex_query__E
80011000   _ti_sysbios_gates_GateMutex_query__F
80017610   _ti_sysbios_hal_Hwi_E_stackOverflow__C
80011020   _ti_sysbios_hal_Hwi_HwiProxy_Module__startupDone__S
80011040   _ti_sysbios_hal_Hwi_HwiProxy_clearInterrupt__E
80011060   _ti_sysbios_hal_Hwi_HwiProxy_disableInterrupt__E
80011080   _ti_sysbios_hal_Hwi_HwiProxy_enableInterrupt__E
800110a0   _ti_sysbios_hal_Hwi_HwiProxy_getStackInfo__E
800110c0   _ti_sysbios_hal_Hwi_HwiProxy_startup__E
800110e0   _ti_sysbios_hal_Hwi_HwiProxy_switchFromBootStack__E
800177f2   _ti_sysbios_hal_Hwi_Module__id__C
80014320   _ti_sysbios_hal_Hwi_Module__root__V
80011100   _ti_sysbios_hal_Hwi_Module_startup__E
80011120   _ti_sysbios_hal_Hwi_Module_startup__F
80014328   _ti_sysbios_hal_Hwi_Object__table__V
8000f540   _ti_sysbios_hal_Hwi_checkStack
8000f5c0   _ti_sysbios_hal_Hwi_initStack
80011140   _ti_sysbios_hal_Hwi_startup__E
80014330   _ti_sysbios_hal_Timer_Module__root__V
80010540   _ti_sysbios_hal_Timer_Module__startupDone__F
80011160   _ti_sysbios_hal_Timer_Module__startupDone__S
80011180   _ti_sysbios_hal_Timer_Module_startup__E
800111a0   _ti_sysbios_hal_Timer_Module_startup__F
80014338   _ti_sysbios_hal_Timer_Object__table__V
800111c0   _ti_sysbios_hal_Timer_TimerProxy_Module__startupDone__S
800111e0   _ti_sysbios_hal_Timer_TimerProxy_getPeriod__E
80011200   _ti_sysbios_hal_Timer_TimerProxy_startup__E
80011220   _ti_sysbios_hal_Timer_startup__E
80017614   _ti_sysbios_heaps_HeapMem_A_align__C
80017618   _ti_sysbios_heaps_HeapMem_A_heapSize__C
8001761c   _ti_sysbios_heaps_HeapMem_A_invalidFree__C
80017620   _ti_sysbios_heaps_HeapMem_A_zeroBlock__C
80017624   _ti_sysbios_heaps_HeapMem_E_memory__C
8000fa00   _ti_sysbios_heaps_HeapMem_Handle__label__S
800119e0   _ti_sysbios_heaps_HeapMem_Instance_State_0_buf__A
80005740   _ti_sysbios_heaps_HeapMem_Instance_init__F
80011240   _ti_sysbios_heaps_HeapMem_Module_GateProxy_enter__E
80011260   _ti_sysbios_heaps_HeapMem_Module_GateProxy_leave__E
80011280   _ti_sysbios_heaps_HeapMem_Module_GateProxy_query__E
800172e8   _ti_sysbios_heaps_HeapMem_Module__FXNS__C
80017628   _ti_sysbios_heaps_HeapMem_Module__diagsEnabled__C
8001762c   _ti_sysbios_heaps_HeapMem_Module__diagsIncluded__C
80017630   _ti_sysbios_heaps_HeapMem_Module__diagsMask__C
80017634   _ti_sysbios_heaps_HeapMem_Module__gateObj__C
800177f4   _ti_sysbios_heaps_HeapMem_Module__id__C
80014340   _ti_sysbios_heaps_HeapMem_Module__root__V
8001742c   _ti_sysbios_heaps_HeapMem_Object__DESC__C
80017380   _ti_sysbios_heaps_HeapMem_Object__PARAMS__C
80017638   _ti_sysbios_heaps_HeapMem_Object__count__C
8000ed40   _ti_sysbios_heaps_HeapMem_Object__create__S
8000fa60   _ti_sysbios_heaps_HeapMem_Object__delete__S
8000fac0   _ti_sysbios_heaps_HeapMem_Object__get__S
8001763c   _ti_sysbios_heaps_HeapMem_Object__table__C
80014348   _ti_sysbios_heaps_HeapMem_Object__table__V
80001040   _ti_sysbios_heaps_HeapMem_alloc__E
80001ca0   _ti_sysbios_heaps_HeapMem_free__E
8000d2e0   _ti_sysbios_heaps_HeapMem_getStats__E
8000e0c0   _ti_sysbios_heaps_HeapMem_init__I
800112a0   _ti_sysbios_heaps_HeapMem_isBlocking__E
80017640   _ti_sysbios_heaps_HeapMem_reqAlign__C
80017644   _ti_sysbios_knl_Clock_LM_begin__C
80017648   _ti_sysbios_knl_Clock_LM_tick__C
8001764c   _ti_sysbios_knl_Clock_LW_delayed__C
80017650   _ti_sysbios_knl_Clock_Module_State_clockQ__O
80017654   _ti_sysbios_knl_Clock_Module__diagsEnabled__C
80017658   _ti_sysbios_knl_Clock_Module__diagsIncluded__C
8001765c   _ti_sysbios_knl_Clock_Module__diagsMask__C
800177f6   _ti_sysbios_knl_Clock_Module__id__C
800177f8   _ti_sysbios_knl_Clock_Module__loggerDefined__C
80017660   _ti_sysbios_knl_Clock_Module__loggerFxn1__C
80017664   _ti_sysbios_knl_Clock_Module__loggerFxn2__C
80017668   _ti_sysbios_knl_Clock_Module__loggerObj__C
80014360   _ti_sysbios_knl_Clock_Module__root__V
80014368   _ti_sysbios_knl_Clock_Module__state__V
800112e0   _ti_sysbios_knl_Clock_Module_startup__E
8000fb20   _ti_sysbios_knl_Clock_Module_startup__F
8000edc0   _ti_sysbios_knl_Clock_doTick__I
8000d3a0   _ti_sysbios_knl_Clock_logTick__E
80005f80   _ti_sysbios_knl_Clock_workFunc__E
80017670   _ti_sysbios_knl_Idle_coreList__A
80017570   _ti_sysbios_knl_Idle_coreList__C
80017678   _ti_sysbios_knl_Idle_funcList__A
80017578   _ti_sysbios_knl_Idle_funcList__C
80011300   _ti_sysbios_knl_Idle_loop__E
8000e160   _ti_sysbios_knl_Idle_run__E
80011320   _ti_sysbios_knl_Queue_Instance_init__F
80014390   _ti_sysbios_knl_Queue_Module__root__V
8001744c   _ti_sysbios_knl_Queue_Object__DESC__C
800174fc   _ti_sysbios_knl_Queue_Object__PARAMS__C
8001766c   _ti_sysbios_knl_Queue_Object__count__C
8000ee40   _ti_sysbios_knl_Queue_Object__create__S
80010580   _ti_sysbios_knl_Queue_Object__destruct__S
8000fb80   _ti_sysbios_knl_Queue_Object__get__S
80017674   _ti_sysbios_knl_Queue_Object__table__C
80011340   _ti_sysbios_knl_Queue_empty__E
8001767c   _ti_sysbios_knl_Semaphore_A_badContext__C
80017680   _ti_sysbios_knl_Semaphore_A_noEvents__C
80017684   _ti_sysbios_knl_Semaphore_A_overflow__C
80017688   _ti_sysbios_knl_Semaphore_A_pendTaskDisabled__C
8001768c   _ti_sysbios_knl_Semaphore_Instance_State_pendQ__O
80011360   _ti_sysbios_knl_Semaphore_Instance_finalize__F
8000abe0   _ti_sysbios_knl_Semaphore_Instance_init__F
80017690   _ti_sysbios_knl_Semaphore_LM_pend__C
80017694   _ti_sysbios_knl_Semaphore_LM_post__C
80017698   _ti_sysbios_knl_Semaphore_Module__diagsEnabled__C
8001769c   _ti_sysbios_knl_Semaphore_Module__diagsIncluded__C
800176a0   _ti_sysbios_knl_Semaphore_Module__diagsMask__C
800177fa   _ti_sysbios_knl_Semaphore_Module__id__C
800177fc   _ti_sysbios_knl_Semaphore_Module__loggerDefined__C
800176a4   _ti_sysbios_knl_Semaphore_Module__loggerFxn2__C
800176a8   _ti_sysbios_knl_Semaphore_Module__loggerFxn4__C
800176ac   _ti_sysbios_knl_Semaphore_Module__loggerObj__C
80014398   _ti_sysbios_knl_Semaphore_Module__root__V
8001746c   _ti_sysbios_knl_Semaphore_Object__DESC__C
800173a4   _ti_sysbios_knl_Semaphore_Object__PARAMS__C
8000e200   _ti_sysbios_knl_Semaphore_Object__create__S
[...]
80010de0   _ti_sysbios_family_c64p_Exception_Module_startup__E
80010e00   _ti_sysbios_family_c64p_Hwi_Module__startupDone__S
80010e20   _ti_sysbios_family_c64p_Hwi_Module_startup__E
80010e40   _ti_sysbios_family_c64p_Hwi_clearInterrupt__E
80010e60   _ti_sysbios_family_c64p_Hwi_startup__E
80010e80   _ti_sysbios_family_c64p_Hwi_switchFromBootStack__E
80010ea0   _ti_sysbios_family_c64p_TimestampProvider_Module_startup__E
80010ec0   _ti_sysbios_family_c64p_TimestampProvider_Module_startup__F
80010ee0   _ti_sysbios_family_c64p_TimestampProvider_get64__E
80010f00   _ti_sysbios_family_xxx_Hwi_switchToTaskStack
80010f20   _ti_sysbios_gates_GateHwi_Instance_init__F
80010f40   _ti_sysbios_gates_GateHwi_enter__E
80010f60   _ti_sysbios_gates_GateHwi_leave__E
80010f80   _ti_sysbios_gates_GateHwi_query__E
80010fa0   _ti_sysbios_gates_GateHwi_query__F
80010fc0   _ti_sysbios_gates_GateMutex_Instance_finalize__F
80010fe0   _ti_sysbios_gates_GateMutex_query__E
80011000   _ti_sysbios_gates_GateMutex_query__F
80011020   _ti_sysbios_hal_Hwi_HwiProxy_Module__startupDone__S
80011040   _ti_sysbios_hal_Hwi_HwiProxy_clearInterrupt__E
80011060   _ti_sysbios_hal_Hwi_HwiProxy_disableInterrupt__E
80011080   _ti_sysbios_hal_Hwi_HwiProxy_enableInterrupt__E
800110a0   _ti_sysbios_hal_Hwi_HwiProxy_getStackInfo__E
800110c0   _ti_sysbios_hal_Hwi_HwiProxy_startup__E
800110e0   _ti_sysbios_hal_Hwi_HwiProxy_switchFromBootStack__E
80011100   _ti_sysbios_hal_Hwi_Module_startup__E
80011120   _ti_sysbios_hal_Hwi_Module_startup__F
80011140   _ti_sysbios_hal_Hwi_startup__E
80011160   _ti_sysbios_hal_Timer_Module__startupDone__S
80011180   _ti_sysbios_hal_Timer_Module_startup__E
800111a0   _ti_sysbios_hal_Timer_Module_startup__F
800111c0   _ti_sysbios_hal_Timer_TimerProxy_Module__startupDone__S
800111e0   _ti_sysbios_hal_Timer_TimerProxy_getPeriod__E
80011200   _ti_sysbios_hal_Timer_TimerProxy_startup__E
80011220   _ti_sysbios_hal_Timer_startup__E
80011240   _ti_sysbios_heaps_HeapMem_Module_GateProxy_enter__E
80011260   _ti_sysbios_heaps_HeapMem_Module_GateProxy_leave__E
80011280   _ti_sysbios_heaps_HeapMem_Module_GateProxy_query__E
800112a0   _ti_sysbios_heaps_HeapMem_isBlocking__E
800112e0   _ti_sysbios_knl_Clock_Module_startup__E
80011300   _ti_sysbios_knl_Idle_loop__E
80011320   _ti_sysbios_knl_Queue_Instance_init__F
80011340   _ti_sysbios_knl_Queue_empty__E
80011360   _ti_sysbios_knl_Semaphore_Instance_finalize__F
80011380   _ti_sysbios_knl_Swi_Module_startup__E
800113a0   _ti_sysbios_knl_Swi_disable__E
800113c0   _ti_sysbios_knl_Task_Module_startup__E
800113e0   _ti_sysbios_knl_Task_SupportProxy_Module__startupDone__S
80011400   _ti_sysbios_knl_Task_SupportProxy_checkStack__E
80011420   _ti_sysbios_knl_Task_SupportProxy_swap__E
80011440   _ti_sysbios_knl_Task_disable__E
80011460   _ti_sysbios_knl_Task_startup__E
80011480   _ti_sysbios_timers_timer64_Timer_Module__startupDone__S
800114a0   _ti_sysbios_timers_timer64_Timer_Module_startup__E
800114c0   _ti_sysbios_timers_timer64_Timer_TimerSupportProxy_enable__E
80011500   _xdc_runtime_Error_check__E
80011520   _xdc_runtime_Error_init__E
80011540   _xdc_runtime_Error_print__E
80011560   _xdc_runtime_Gate_enterSystem__F
80011580   _xdc_runtime_Gate_leaveSystem__F
800115a0   _xdc_runtime_LoggerBuf_Module_GateProxy_enter__E
800115c0   _xdc_runtime_LoggerBuf_Module_GateProxy_leave__E
800115e0   _xdc_runtime_LoggerBuf_Module_startup__E
80011600   _xdc_runtime_LoggerBuf_TimestampProxy_get64__E
80011620   _xdc_runtime_LoggerBuf_disable__E
80011640   _xdc_runtime_LoggerBuf_disable__F
80011660   _xdc_runtime_LoggerBuf_enable__E
80011680   _xdc_runtime_LoggerBuf_enable__F
800116a0   _xdc_runtime_LoggerBuf_getFilterLevel__E
800116c0   _xdc_runtime_LoggerBuf_write1__F
800116e0   _xdc_runtime_LoggerBuf_write2__F
80011700   _xdc_runtime_Memory_HeapProxy_free__E
80011720   _xdc_runtime_Memory_free__E
80011740   _xdc_runtime_Startup_reset__I
80011760   _xdc_runtime_SysMin_Module_startup__E
80011780   _xdc_runtime_SysMin_abort__E
800117a0   _xdc_runtime_SysMin_exit__E
800117c0   _xdc_runtime_SysMin_putch__E
800117e0   _xdc_runtime_SysMin_ready__E
80011800   _xdc_runtime_SysMin_ready__F
80011820   _xdc_runtime_System_Module_GateProxy_enter__E
80011840   _xdc_runtime_System_Module_GateProxy_leave__E
80011860   _xdc_runtime_System_Module_startup__E
80011880   _xdc_runtime_System_Module_startup__F
800118a0   _xdc_runtime_System_SupportProxy_abort__E
800118c0   _xdc_runtime_System_SupportProxy_exit__E
800118e0   _xdc_runtime_System_SupportProxy_putch__E
80011900   _xdc_runtime_System_SupportProxy_ready__E
80011920   _xdc_runtime_System_atexit__E
80011940   _xdc_runtime_System_exit__F
80011960   _xdc_runtime_System_lastFxn__I
80011980   _xdc_runtime_System_snprintf_va__F
80011980   _xdc_runtime_System_vsnprintf__F
800119a0   _xdc_runtime_Text_putLab__E
800119c0   _xdc_runtime_Text_putSite__E
800119e0   _ti_sysbios_heaps_HeapMem_Instance_State_0_buf__A
800139e0   _ti_sysbios_knl_Task_Instance_State_0_hookEnv__A
800139e8   _xdc_runtime_LoggerBuf_Instance_State_0_entryArr__A
80013de8   _xdc_runtime_SysMin_Module_State_0_outbuf__A
800141e8   _ti_sysbios_BIOS_Module__state__V
80014208   _ti_sysbios_family_c64p_Cache_Module__state__V
8001420c   _ti_sysbios_family_c64p_Exception_Module__state__V
8001423c   _ti_sysbios_family_c64p_Hwi_Module__root__V
80014248   _ti_sysbios_family_c64p_Hwi_Object__table__V
80014260   _ti_sysbios_family_c64p_Hwi_Module__state__V
800142c8   _ti_sysbios_gates_GateHwi_Module__root__V
800142d0   _ti_sysbios_gates_GateHwi_Object__table__V
800142d4   _ti_sysbios_gates_GateMutex_Module__root__V
800142e0   _ti_sysbios_gates_GateMutex_Object__table__V
80014320   _ti_sysbios_hal_Hwi_Module__root__V
80014328   _ti_sysbios_hal_Hwi_Object__table__V
80014330   _ti_sysbios_hal_Timer_Module__root__V
80014338   _ti_sysbios_hal_Timer_Object__table__V
80014340   _ti_sysbios_heaps_HeapMem_Module__root__V
80014348   _ti_sysbios_heaps_HeapMem_Object__table__V
80014360   _ti_sysbios_knl_Clock_Module__root__V
80014368   _ti_sysbios_knl_Clock_Module__state__V
80014390   _ti_sysbios_knl_Queue_Module__root__V
80014398   _ti_sysbios_knl_Semaphore_Module__root__V
800143a0   _ti_sysbios_knl_Swi_Module__root__V
800143a8   _ti_sysbios_knl_Swi_Object__table__V
800143d8   _ti_sysbios_knl_Swi_Module_State_0_readyQ__A
80014458   _ti_sysbios_knl_Swi_Module__state__V
80014474   _ti_sysbios_knl_Task_Module__root__V
80014480   _TSK_idle
80014480   _ti_sysbios_knl_Task_Object__table__V
800144d0   _ti_sysbios_knl_Task_Module_State_0_readyQ__A
80014550   _ti_sysbios_knl_Task_Module_State_0_idleTask__A
80014554   _ti_sysbios_knl_Task_Module__state__V
80014598   _ti_sysbios_timers_timer64_Timer_Module__root__V
800145a0   _ti_sysbios_timers_timer64_Timer_Object__table__V
800145f0   _ti_sysbios_timers_timer64_Timer_Module_State_0_intFreqs__A
80014600   _ti_sysbios_timers_timer64_Timer_Module_State_0_gctrl__A
80014610   _ti_sysbios_timers_timer64_Timer_Module_State_0_device__A
80014640   _ti_sysbios_timers_timer64_Timer_Module_State_0_handles__A
80014650   _ti_sysbios_timers_timer64_Timer_Module__state__V
80014664   _xdc_runtime_Error_Module__state__V
80014668   _xdc_runtime_LoggerBuf_Module__root__V
80014670   _xdc_runtime_LoggerBuf_Object__table__V
80014694   _xdc_runtime_LoggerBuf_Module__state__V
8001469c   _xdc_runtime_Memory_Module__state__V
800146a0   _xdc_runtime_Registry_Module__state__V
800146a8   _xdc_runtime_Startup_Module__state__V
800146b0   _xdc_runtime_SysMin_Module__state__V
800146c0   _xdc_runtime_System_Module_State_0_atexitHandlers__A
800146d0   _xdc_runtime_System_Module__state__V
800146dc   _xdc_runtime_Text_Module__state__V
800146e4   ___xdc__init__addr
800146e8   _ti_sysbios_knl_Task_Instance_State_0_stack__A
80014ee8   __ftable
800150c8   __tmpnams
80015208   __ft_end
80015210   ___atexit_func_id__
800154b4   __cleanup_ptr
800154b8   __dtors_ptr
800154bc   ___TI_enable_exit_profile_output
800154c0   __lock
800154c4   __unlock
800154d0   _dtors
800154d8   _xdc_runtime_Text_charTab__A
80016f58   __ctypes_
8001705a   _ti_sysbios_BIOS_Module__id__C
80017060   _xdc_runtime_Text_nodeTab__A
8001724c   _xdc_runtime_LoggerBuf_Module__FXNS__C
80017288   _xdc_runtime_Startup_sfxnTab__A
800172e8   _ti_sysbios_heaps_HeapMem_Module__FXNS__C
80017310   _xdc_runtime_LoggerBuf_Object__PARAMS__C
80017338   _ti_sysbios_gates_GateHwi_Module__FXNS__C
8001735c   _ti_sysbios_gates_GateMutex_Module__FXNS__C
80017380   _ti_sysbios_heaps_HeapMem_Object__PARAMS__C
800173a4   _ti_sysbios_knl_Semaphore_Object__PARAMS__C
800173ec   _ti_sysbios_gates_GateHwi_Object__DESC__C
8001740c   _ti_sysbios_gates_GateMutex_Object__DESC__C
8001742c   _ti_sysbios_heaps_HeapMem_Object__DESC__C
8001744c   _ti_sysbios_knl_Queue_Object__DESC__C
8001746c   _ti_sysbios_knl_Semaphore_Object__DESC__C
8001748c   _xdc_runtime_LoggerBuf_Object__DESC__C
800174ac   _ti_sysbios_BIOS_Module__diagsEnabled__C
800174b0   _xdc_runtime_Startup_sfxnRts__A
800174ca   _ti_sysbios_family_c64p_Exception_Module__id__C
800174cc   _ti_sysbios_gates_GateHwi_Object__PARAMS__C
800174e4   _ti_sysbios_gates_GateMutex_Object__PARAMS__C
800174fc   _ti_sysbios_knl_Queue_Object__PARAMS__C
80017514   _ti_sysbios_BIOS_Module__diagsIncluded__C
80017518   _ti_sysbios_knl_Task_hooks__A
80017542   _ti_sysbios_family_c64p_Exception_useInternalBuffer__C
80017554   _ti_sysbios_family_c64p_Cache_initSize__C
80017570   _ti_sysbios_knl_Idle_coreList__C
80017578   _ti_sysbios_knl_Idle_funcList__C
80017580   _ti_sysbios_knl_Task_hooks__C
80017588   _xdc_runtime_Startup_firstFxns__A
80017590   _xdc_runtime_Startup_firstFxns__C
80017598   _xdc_runtime_Startup_lastFxns__C
800175a0   _ti_sysbios_BIOS_Module__diagsMask__C
800175a4   _ti_sysbios_BIOS_installedErrorHook__C
800175a8   _ti_sysbios_family_c64p_Cache_MAR0_31__C
800175ac   _ti_sysbios_family_c64p_Cache_MAR128_159__C
800175b0   _ti_sysbios_family_c64p_Cache_MAR160_191__C
800175b4   _ti_sysbios_family_c64p_Cache_MAR192_223__C
800175b8   _ti_sysbios_family_c64p_Cache_MAR224_255__C
800175bc   _ti_sysbios_family_c64p_Cache_MAR32_63__C
800175c0   _ti_sysbios_family_c64p_Cache_MAR64_95__C
800175c4   _ti_sysbios_family_c64p_Cache_MAR96_127__C
800175c8   _ti_sysbios_family_c64p_Exception_E_exceptionMin__C
800175cc   _ti_sysbios_family_c64p_Exception_exceptionHook__C
800175d0   _ti_sysbios_family_c64p_Exception_externalHook__C
800175d4   _ti_sysbios_family_c64p_Exception_internalHook__C
800175d8   _ti_sysbios_family_c64p_Exception_nmiHook__C
800175dc   _ti_sysbios_family_c64p_Hwi_LD_end__C
800175e0   _ti_sysbios_family_c64p_Hwi_LM_begin__C
800175e4   _ti_sysbios_family_c64p_Hwi_Module__diagsEnabled__C
800175e8   _ti_sysbios_family_c64p_Hwi_Module__diagsIncluded__C
800175ec   _ti_sysbios_family_c64p_Hwi_Module__diagsMask__C
800175f0   _ti_sysbios_family_c64p_Hwi_Module__loggerFxn1__C
800175f4   _ti_sysbios_family_c64p_Hwi_Module__loggerFxn8__C
800175f8   _ti_sysbios_family_c64p_Hwi_Module__loggerObj__C
800175fc   _ti_sysbios_gates_GateMutex_A_badContext__C
80017600   _ti_sysbios_gates_GateMutex_Instance_State_sem__O
80017604   _ti_sysbios_gates_GateMutex_Module__diagsEnabled__C
80017608   _ti_sysbios_gates_GateMutex_Module__diagsIncluded__C
8001760c   _ti_sysbios_gates_GateMutex_Module__diagsMask__C
80017610   _ti_sysbios_hal_Hwi_E_stackOverflow__C
80017614   _ti_sysbios_heaps_HeapMem_A_align__C
80017618   _ti_sysbios_heaps_HeapMem_A_heapSize__C
8001761c   _ti_sysbios_heaps_HeapMem_A_invalidFree__C
80017620   _ti_sysbios_heaps_HeapMem_A_zeroBlock__C
80017624   _ti_sysbios_heaps_HeapMem_E_memory__C
80017628   _ti_sysbios_heaps_HeapMem_Module__diagsEnabled__C
8001762c   _ti_sysbios_heaps_HeapMem_Module__diagsIncluded__C
80017630   _ti_sysbios_heaps_HeapMem_Module__diagsMask__C
80017634   _ti_sysbios_heaps_HeapMem_Module__gateObj__C
80017638   _ti_sysbios_heaps_HeapMem_Object__count__C
8001763c   _ti_sysbios_heaps_HeapMem_Object__table__C
80017640   _ti_sysbios_heaps_HeapMem_reqAlign__C
80017644   _ti_sysbios_knl_Clock_LM_begin__C
80017648   _ti_sysbios_knl_Clock_LM_tick__C
8001764c   _ti_sysbios_knl_Clock_LW_delayed__C
80017650   _ti_sysbios_knl_Clock_Module_State_clockQ__O
80017654   _ti_sysbios_knl_Clock_Module__diagsEnabled__C
80017658   _ti_sysbios_knl_Clock_Module__diagsIncluded__C
8001765c   _ti_sysbios_knl_Clock_Module__diagsMask__C
80017660   _ti_sysbios_knl_Clock_Module__loggerFxn1__C
80017664   _ti_sysbios_knl_Clock_Module__loggerFxn2__C
80017668   _ti_sysbios_knl_Clock_Module__loggerObj__C
8001766c   _ti_sysbios_knl_Queue_Object__count__C
80017670   _ti_sysbios_knl_Idle_coreList__A
80017674   _ti_sysbios_knl_Queue_Object__table__C
80017678   _ti_sysbios_knl_Idle_funcList__A
8001767c   _ti_sysbios_knl_Semaphore_A_badContext__C
80017680   _ti_sysbios_knl_Semaphore_A_noEvents__C
80017684   _ti_sysbios_knl_Semaphore_A_overflow__C
80017688   _ti_sysbios_knl_Semaphore_A_pendTaskDisabled__C
8001768c   _ti_sysbios_knl_Semaphore_Instance_State_pendQ__O
80017690   _ti_sysbios_knl_Semaphore_LM_pend__C
80017694   _ti_sysbios_knl_Semaphore_LM_post__C
80017698   _ti_sysbios_knl_Semaphore_Module__diagsEnabled__C
8001769c   _ti_sysbios_knl_Semaphore_Module__diagsIncluded__C
800176a0   _ti_sysbios_knl_Semaphore_Module__diagsMask__C
800176a4   _ti_sysbios_knl_Semaphore_Module__loggerFxn2__C
800176a8   _ti_sysbios_knl_Semaphore_Module__loggerFxn4__C
800176ac   _ti_sysbios_knl_Semaphore_Module__loggerObj__C
800176b0   _ti_sysbios_knl_Swi_LD_end__C
800176b4   _ti_sysbios_knl_Swi_LM_begin__C
800176b8   _ti_sysbios_knl_Swi_LM_post__C
800176bc   _ti_sysbios_knl_Swi_Module__diagsEnabled__C
800176c0   _ti_sysbios_knl_Swi_Module__diagsIncluded__C
800176c4   _ti_sysbios_knl_Swi_Module__diagsMask__C
800176c8   _ti_sysbios_knl_Swi_Module__loggerFxn1__C
800176cc   _ti_sysbios_knl_Swi_Module__loggerFxn4__C
800176d0   _ti_sysbios_knl_Swi_Module__loggerObj__C
800176d4   _ti_sysbios_knl_Swi_Object__count__C
800176d8   _ti_sysbios_knl_Swi_Object__table__C
800176dc   _ti_sysbios_knl_Task_E_spOutOfBounds__C
800176e0   _ti_sysbios_knl_Task_E_stackOverflow__C
800176e4   _ti_sysbios_knl_Task_LD_block__C
800176e8   _ti_sysbios_knl_Task_LD_exit__C
800176ec   _ti_sysbios_knl_Task_LD_ready__C
800176f0   _ti_sysbios_knl_Task_LM_switch__C
800176f4   _ti_sysbios_knl_Task_Module_State_inactiveQ__O
800176f8   _ti_sysbios_knl_Task_Module__diagsEnabled__C
800176fc   _ti_sysbios_knl_Task_Module__diagsIncluded__C
80017700   _ti_sysbios_knl_Task_Module__diagsMask__C
80017704   _ti_sysbios_knl_Task_Module__loggerFxn2__C
80017708   _ti_sysbios_knl_Task_Module__loggerFxn4__C
8001770c   _ti_sysbios_knl_Task_Module__loggerObj__C
80017710   _ti_sysbios_knl_Task_Object__count__C
80017714   _ti_sysbios_knl_Task_Object__table__C
80017718   _ti_sysbios_knl_Task_allBlockedFunc__C
8001771c   _ti_sysbios_knl_Task_numConstructedTasks__C
80017720   _ti_sysbios_timers_timer64_Timer_A_notAvailable__C
80017724   _ti_sysbios_timers_timer64_Timer_E_cannotSupport__C
80017728   _ti_sysbios_timers_timer64_Timer_Module__diagsEnabled__C
8001772c   _ti_sysbios_timers_timer64_Timer_Module__diagsIncluded__C
80017730   _ti_sysbios_timers_timer64_Timer_Module__diagsMask__C
80017734   _ti_sysbios_timers_timer64_Timer_anyMask__C
80017738   _ti_sysbios_timers_timer64_Timer_freqDivisor__C
8001773c   _ti_sysbios_timers_timer64_Timer_numLocalTimers__C
80017740   _ti_sysbios_timers_timer64_Timer_numTimerDevices__C
80017744   _xdc_runtime_Assert_E_assertFailed__C
80017748   _xdc_runtime_Core_A_initializedParams__C
8001774c   _xdc_runtime_Core_Module__diagsEnabled__C
80017750   _xdc_runtime_Core_Module__diagsIncluded__C
80017754   _xdc_runtime_Core_Module__diagsMask__C
80017758   _xdc_runtime_Error_E_memory__C
8001775c   _xdc_runtime_Error_Module__diagsEnabled__C
80017760   _xdc_runtime_Error_Module__diagsIncluded__C
80017764   _xdc_runtime_Error_Module__diagsMask__C
80017768   _xdc_runtime_Error_Module__loggerFxn8__C
8001776c   _xdc_runtime_Error_Module__loggerObj__C
80017770   _xdc_runtime_Error_policy__C
80017774   _xdc_runtime_Error_raiseHook__C
80017778   _xdc_runtime_IFilterLogger_Interface__BASE__C
8001777c   _xdc_runtime_IGateProvider_Interface__BASE__C
80017780   _xdc_runtime_IHeap_Interface__BASE__C
80017784   _xdc_runtime_ILogger_Interface__BASE__C
80017788   _xdc_runtime_IModule_Interface__BASE__C
8001778c   _xdc_runtime_Log_L_error__C
80017790   _xdc_runtime_LoggerBuf_E_badLevel__C
80017794   _xdc_runtime_LoggerBuf_Module__gateObj__C
80017798   _xdc_runtime_LoggerBuf_Object__count__C
8001779c   _xdc_runtime_LoggerBuf_Object__table__C
800177a0   _xdc_runtime_LoggerBuf_statusLogger__C
800177a4   _xdc_runtime_Memory_defaultHeapInstance__C
800177a8   _xdc_runtime_Startup_execImpl__C
800177ac   _xdc_runtime_Startup_maxPasses__C
800177b0   _xdc_runtime_Startup_lastFxns__A
800177b4   _xdc_runtime_Startup_sfxnRts__C
800177b8   _xdc_runtime_Startup_sfxnTab__C
800177bc   _xdc_runtime_Startup_startModsFxn__C
800177c0   _xdc_runtime_SysMin_bufSize__C
800177c4   _xdc_runtime_SysMin_outputFunc__C
800177c8   _xdc_runtime_System_Module__gateObj__C
800177cc   _xdc_runtime_System_extendFxn__C
800177d0   _xdc_runtime_System_maxAtexitHandlers__C
800177d4   _xdc_runtime_Text_charTab__C
800177d8   _xdc_runtime_Text_nameEmpty__C
800177dc   _xdc_runtime_Text_nameStatic__C
800177e0   _xdc_runtime_Text_nameUnknown__C
800177e4   _xdc_runtime_Text_nodeTab__C
800177e8   _xdc_runtime_Text_visitRopeFxn__C
800177ec   _ti_sysbios_family_c64p_Hwi_Module__id__C
800177ee   _ti_sysbios_family_c64p_Hwi_Module__loggerDefined__C
800177f0   _ti_sysbios_gates_GateMutex_Module__id__C
800177f2   _ti_sysbios_hal_Hwi_Module__id__C
800177f4   _ti_sysbios_heaps_HeapMem_Module__id__C
800177f6   _ti_sysbios_knl_Clock_Module__id__C
800177f8   _ti_sysbios_knl_Clock_Module__loggerDefined__C
800177fa   _ti_sysbios_knl_Semaphore_Module__id__C
800177fc   _ti_sysbios_knl_Semaphore_Module__loggerDefined__C
800177fe   _ti_sysbios_knl_Swi_Module__id__C
80017800   _ti_sysbios_knl_Swi_Module__loggerDefined__C
80017802   _ti_sysbios_knl_Task_Module__id__C
80017804   _ti_sysbios_knl_Task_Module__loggerDefined__C
80017806   _ti_sysbios_knl_Task_initStackFlag__C
80017808   _ti_sysbios_timers_timer64_Timer_Module__id__C
8001780a   _ti_sysbios_timers_timer64_Timer_startupNeeded__C
8001780c   _xdc_runtime_Core_Module__id__C
8001780e   _xdc_runtime_Error_Module__loggerDefined__C
80017810   _xdc_runtime_Error_maxDepth__C
80017812   _xdc_runtime_LoggerBuf_Module__id__C
80017814   _xdc_runtime_LoggerBuf_filterByLevel__C
80017816   _xdc_runtime_Memory_Module__id__C
80017818   _xdc_runtime_SysMin_flushAtExit__C
8001781a   _xdc_runtime_Text_charCnt__C
8001781c   _xdc_runtime_Text_isLoaded__C
8001781e   _xdc_runtime_Text_registryModsLastId__C
80017820   _xdc_runtime_Text_unnamedModsLastId__C
80017828   __stack
80018828   __STACK_END
80018828   ___cinit__
80018828   cinit
80019020   __CIOBUF_
80019400   _ti_sysbios_family_c64p_Hwi0
80019400   _ti_sysbios_family_c64p_Hwi_int0
80019420   _ti_sysbios_family_c64p_Hwi_int1
80019440   _ti_sysbios_family_c64p_Hwi_int2
80019460   _ti_sysbios_family_c64p_Hwi_int3
80019480   _ti_sysbios_family_c64p_Hwi_int4
800194a0   _ti_sysbios_family_c64p_Hwi_int5
800194c0   _ti_sysbios_family_c64p_Hwi_int6
800194e0   _ti_sysbios_family_c64p_Hwi_int7
80019500   _ti_sysbios_family_c64p_Hwi_int8
80019520   _ti_sysbios_family_c64p_Hwi_int9
80019540   _ti_sysbios_family_c64p_Hwi_int10
80019560   _ti_sysbios_family_c64p_Hwi_int11
80019580   _ti_sysbios_family_c64p_Hwi_int12
800195a0   _ti_sysbios_family_c64p_Hwi_int13
800195c0   _ti_sysbios_family_c64p_Hwi_int14
800195e0   _ti_sysbios_family_c64p_Hwi_int15
ffffffff   .data
ffffffff   .text
ffffffff   ___TI_pprof_out_hndl
ffffffff   ___TI_prof_data_size
ffffffff   ___TI_prof_data_start
ffffffff   ___binit__
ffffffff   ___c_args__
ffffffff   ___data__
ffffffff   ___edata__
ffffffff   ___etext__
ffffffff   ___pinit__
ffffffff   ___text__
ffffffff   binit
ffffffff   edata
ffffffff   etext
ffffffff   pinit

[654 symbols]
