******************************************************************************
               TMS320C6x Linker PC v7.4.4                      
******************************************************************************
>> Linked Fri Jan 29 10:06:31 2021

OUTPUT FILE NAME:   <basico_main.out>
ENTRY POINT SYMBOL: "_c_int00"  address: 80013980


MEMORY CONFIGURATION

         name            origin    length      used     unused   attr    fill
----------------------  --------  ---------  --------  --------  ----  --------
  IRAM                  00800000   00200000  00000154  001ffeac  RW X
  DDR                   80000000   10000000  0001f9fa  0ffe0606  RWIX


SECTION ALLOCATION MAP

 output                                  attributes/
section   page    origin      length       input sections
--------  ----  ----------  ----------   ----------------
.pinit     0    80000000    00000000     UNINITIALIZED

.ppdata    0    00800000    00000154     UNINITIALIZED
                  00800000    000000e4     Ejemplo_comienzo.obj (.ppdata)
                  008000e4    00000070     utils.obj (.ppdata)

.data      0    80000000    00000000     UNINITIALIZED

xdc.meta   0    80000000    000000f7     COPY SECTION
                  80000000    000000f7     hello_p64P.o64P (xdc.meta)

.text      0    80000000    00017ca0     
                  80000000    00000dc0     Ejemplo_comienzo.obj (.text)
                  80000dc0    00000920     rts64plus.lib : _scanfi.obj (.text:__scanfi)
                  800016e0    000008c0     ti.targets.rts6000.a64P : System.o64P (.text:_xdc_runtime_System_doPrint__I)
                  80001fa0    00000780     sysbios.a64P : BIOS.obj (.text:_ti_sysbios_family_c64p_Exception_handler__I)
                  80002720    00000660                  : BIOS.obj (.text:_ti_sysbios_heaps_HeapMem_alloc__E)
                  80002d80    00000620     rts64plus.lib : _scanfi.obj (.text:__sset_arg)
                  800033a0    00000600     sysbios.a64P : BIOS.obj (.text:_ti_sysbios_knl_Semaphore_pend__E)
                  800039a0    000005e0                  : BIOS.obj (.text:_ti_sysbios_heaps_HeapMem_free__E)
                  80003f80    000005a0                  : BIOS.obj (.text:_ti_sysbios_timers_timer64_Timer_Module_startup__F)
                  80004520    00000580     rts64plus.lib : _printfi.obj (.text:__getarg_diouxp)
                  80004aa0    00000540                   : divd.obj (.text:__divd)
                  80004fe0    00000520                   : strtod.obj (.text:_strtod)
                  80005500    00000520                   : strtold.obj (.text:_strtold)
                  80005a20    000004c0                   : _scanfi.obj (.text:__sproc_int)
                  80005ee0    00000480     sysbios.a64P : BIOS.obj (.text:_ti_sysbios_knl_Task_Module_startup__F)
                  80006360    00000460     rts64plus.lib : strtol.obj (.text:_strtol)
                  800067c0    00000460                   : strtoll.obj (.text:_strtoll)
                  80006c20    00000460     hello_p64P.o64P (.text:_xdc_runtime_System_printfExtend__I)
                  80007080    00000440     rts64plus.lib : _printfi.obj (.text:__printfi)
                  800074c0    00000440                   : _printfi.obj (.text:__setfield)
                  80007900    00000400                   : strtoul.obj (.text:_strtoul)
                  80007d00    00000400                   : strtoull.obj (.text:_strtoull)
                  80008100    000003a0                   : fputs.obj (.text:_fputs)
                  800084a0    00000340                   : _printfi.obj (.text:__pproc_fge)
                  800087e0    00000320                   : _scanfi.obj (.text:__sget_conv)
                  80008b00    00000320     sysbios.a64P : BIOS.obj (.text:_ti_sysbios_knl_Swi_restoreHwi__E)
                  80008e20    00000300     rts64plus.lib : _printfi.obj (.text:_ecvt)
                  80009120    00000300                   : _printfi.obj (.text:_fcvt)
                  80009420    00000300     sysbios.a64P : BIOS.obj (.text:_ti_sysbios_family_c64p_Hwi_dispatchC__I)
                  80009720    000002e0     rts64plus.lib : addf.obj (.text:__addf)
                  80009a00    000002e0                   : _scanfi.obj (.text:__sproc_float)
                  80009ce0    000002e0     sysbios.a64P : BIOS.obj (.text:_ti_sysbios_heaps_HeapMem_Instance_init__F)
                  80009fc0    000002c0     rts64plus.lib : _printfi.obj (.text:__pproc_fwp)
                  8000a280    000002a0                   : _printfi.obj (.text:__pconv_e)
                  8000a520    000002a0     sysbios.a64P : BIOS.obj (.text:_ti_sysbios_knl_Clock_workFunc__E)
                  8000a7c0    00000280                  : BIOS.obj (.text:_ti_sysbios_family_c64p_Cache_Module_startup__F)
                  8000aa40    00000280                  : BIOS.obj (.text:_ti_sysbios_timers_timer64_Timer_deviceConfig__I)
                  8000acc0    00000280     ti.targets.rts6000.a64P : Error.o64P (.text:_xdc_runtime_Error_raiseX__F)
                  8000af40    00000260     rts64plus.lib : imath64.obj (.text:__divull)
                  8000b1a0    00000260                   : mpyd.obj (.text:__mpyd)
                  8000b400    00000260                   : outprof.obj (.text:__output_path_profile_info)
                  8000b660    00000260     ti.targets.rts6000.a64P : Startup.o64P (.text:_xdc_runtime_Startup_startMods__I)
                  8000b8c0    00000240     rts64plus.lib : _printfi.obj (.text:__pproc_diouxp)
                  8000bb00    00000240     sysbios.a64P : BIOS.obj (.text:_ti_sysbios_family_c64p_Exception_internalHandler__I)
                  8000bd40    00000240                  : BIOS.obj (.text:_ti_sysbios_knl_Semaphore_post__E)
                  8000bf80    00000240     ti.targets.rts6000.a64P : LoggerBuf.o64P (.text:_xdc_runtime_LoggerBuf_write8__F)
                  8000c1c0    00000220     rts64plus.lib : _printfi.obj (.text:__pproc_str)
                  8000c3e0    00000220                   : fputc.obj (.text:_fputc)
                  8000c600    00000220     sysbios.a64P : BIOS.obj (.text:_ti_sysbios_knl_Swi_run__I)
                  8000c820    00000220                  : BIOS.obj (.text:_ti_sysbios_knl_Task_exit__E)
                  8000ca40    00000220                  : BIOS.obj (.text:_ti_sysbios_knl_Task_schedule__I)
                  8000cc60    00000220                  : BIOS.obj (.text:_ti_sysbios_knl_Task_startCore__E)
                  8000ce80    00000220     ti.targets.rts6000.a64P : Core-mem.o64P (.text:_xdc_runtime_Core_createObject__I)
                  8000d0a0    00000200     rts64plus.lib : addd.obj (.text:__addd)
                  8000d2a0    00000200                   : frcaddd.obj (.text:__frcaddd)
                  8000d4a0    00000200                   : mpyf.obj (.text:__mpyf)
                  8000d6a0    00000200                   : _printfi.obj (.text:__pconv_g)
                  8000d8a0    00000200                   : setvbuf.obj (.text:_setvbuf)
                  8000daa0    00000200     sysbios.a64P : c64p_Hwi_disp_always.obj (.text:_ti_sysbios_family_c64p_Hwi_dispatchAlways)
                  8000dca0    000001e0     rts64plus.lib : lowlev.obj (.text:_add_device)
                  8000de80    000001e0     sysbios.a64P : BIOS.obj (.text:_ti_sysbios_timers_timer64_Timer_getFreq__E)
                  8000e060    000001c0     rts64plus.lib : _printfi.obj (.text:__mcpy)
                  8000e220    000001c0                   : fopen.obj (.text:__openfile)
                  8000e3e0    000001c0     sysbios.a64P : BIOS.obj (.text:_ti_sysbios_timers_timer64_Timer_setPeriodMicroSecs__E)
                  8000e5a0    000001c0     ti.targets.rts6000.a64P : Text.o64P (.text:_xdc_runtime_Text_putSite__F)
                  8000e760    000001a0     rts64plus.lib : imath40.obj (.text:__divul)
                  8000e900    000001a0                   : _scanfi.obj (.text:__sproc_str)
                  8000eaa0    000001a0     sysbios.a64P : BIOS.obj (.text:_ti_sysbios_gates_GateMutex_enter__E)
                  8000ec40    000001a0                  : BIOS.obj (.text:_ti_sysbios_knl_Task_checkStacks__E)
                  8000ede0    000001a0                  : BIOS.obj (.text:_ti_sysbios_knl_Task_unblockI__E)
                  8000ef80    000001a0                  : BIOS.obj (.text:_ti_sysbios_timers_timer64_Timer_start__E)
                  8000f120    000001a0     ti.targets.rts6000.a64P : LoggerBuf.o64P (.text:_xdc_runtime_LoggerBuf_write4__F)
                  8000f2c0    00000180     rts64plus.lib : trgdrv.obj (.text:_HOSTrename)
                  8000f440    00000180                   : fscanf.obj (.text:__chkmbc)
                  8000f5c0    00000180                   : lowlev.obj (.text:_open)
                  8000f740    00000180     sysbios.a64P : BIOS.obj (.text:_ti_sysbios_knl_Swi_schedule__I)
                  8000f8c0    00000180                  : c64p_Exception_asm.obj (.text)
                  8000fa40    00000160     rts64plus.lib : _scanfi.obj (.text:__sproc_lb)
                  8000fba0    00000160     sysbios.a64P : BIOS.obj (.text:_ti_sysbios_BIOS_rtsUnlock__I)
                  8000fd00    00000140     rts64plus.lib : fgetc.obj (.text:_fgetc)
                  8000fe40    00000140                   : lowlev.obj (.text:_getdevice)
                  8000ff80    00000140     sysbios.a64P : BIOS.obj (.text:_ti_sysbios_family_c64p_Hwi_Module_startup__F)
                  800100c0    00000140                  : BIOS.obj (.text:_ti_sysbios_knl_Semaphore_Instance_init__F)
                  80010200    00000140                  : BIOS.obj (.text:_ti_sysbios_knl_Swi_post__E)
                  80010340    00000140                  : BIOS.obj (.text:_ti_sysbios_knl_Task_blockI__E)
                  80010480    00000140     rts64plus.lib : ungetc.obj (.text:_ungetc)
                  800105c0    00000140     ti.targets.rts6000.a64P : Text.o64P (.text:_xdc_runtime_Text_putLab__F)
                  80010700    00000120     rts64plus.lib : _bufread.obj (.text:__buff_read)
                  80010820    00000120                   : fclose.obj (.text:__closefile)
                  80010940    00000120                   : _printfi.obj (.text:__ltostr)
                  80010a60    00000120                   : _printfi.obj (.text:__pproc_fflags)
                  80010b80    00000120                   : fopen.obj (.text:__search_fp)
                  80010ca0    00000120                   : _scanfi.obj (.text:__sget_scanset)
                  80010dc0    00000120                   : fseek.obj (.text:_fseek)
                  80010ee0    00000120     ti.targets.rts6000.a64P : LoggerBuf.o64P (.text:_xdc_runtime_LoggerBuf_setFilterLevel__F)
                  80011000    00000120                             : Text.o64P (.text:_xdc_runtime_Text_putMod__F)
                  80011120    00000100     rts64plus.lib : trgdrv.obj (.text:_HOSTlseek)
                  80011220    00000100     boot.a64P : autoinit.o64P (.text:__auto_init)
                  80011320    00000100     rts64plus.lib : frcmpyd.obj (.text:__frcmpyd)
                  80011420    00000100                   : _io_perm.obj (.text:__wrt_ok)
                  80011520    00000100                   : sinit.obj (.text:_call_dtors)
                  80011620    00000100     sysbios.a64P : BIOS.obj (.text:_ti_sysbios_timers_timer64_Timer_initDevice__I)
                  80011720    00000100     ti.targets.rts6000.a64P : Core-mem.o64P (.text:_xdc_runtime_Core_deleteObject__I)
                  80011820    00000100                             : LoggerBuf.o64P (.text:_xdc_runtime_LoggerBuf_getFilterLevel__F)
                  80011920    00000100                             : Startup.o64P (.text:_xdc_runtime_Startup_exec__F)
                  80011a20    00000100                             : Text.o64P (.text:_xdc_runtime_Text_visitRope2__I)
                  80011b20    000000e0     rts64plus.lib : trgdrv.obj (.text:_HOSTgetenv)
                  80011c00    000000e0                   : trgdrv.obj (.text:_HOSTopen)
                  80011ce0    000000e0                   : cmpd.obj (.text:__cmpd)
                  80011dc0    000000e0                   : atoi.obj (.text:_atoi)
                  80011ea0    000000e0                   : lowlev.obj (.text:_close)
                  80011f80    000000e0                   : outprof.obj (.text:_dump_pprof_header)
                  80012060    000000e0                   : fscanf.obj (.text:_fscanf)
                  80012140    000000e0                   : memset.obj (.text:_memset)
                  80012220    000000e0                   : printf.obj (.text:_printf)
                  80012300    000000e0     sysbios.a64P : BIOS.obj (.text:_ti_sysbios_timers_timer64_Timer_startup__E)
                  800123e0    000000e0     ti.targets.rts6000.a64P : Error.o64P (.text:_xdc_runtime_Error_print__F)
                  800124c0    000000e0     hello_p64P.o64P (.text:_xdc_runtime_LoggerBuf_Object__create__S)
                  800125a0    000000e0     ti.targets.rts6000.a64P : Memory.o64P (.text:_xdc_runtime_Memory_alloc__F)
                  80012680    000000c0     rts64plus.lib : trgdrv.obj (.text:_HOSTread)
                  80012740    000000c0                   : trgdrv.obj (.text:_HOSTunlink)
                  80012800    000000c0                   : trgdrv.obj (.text:_HOSTwrite)
                  800128c0    000000c0                   : _printfi.obj (.text:__div)
                  80012980    000000c0                   : divu.obj (.text:__divu)
                  80012a40    000000c0                   : fflush.obj (.text:__doflush)
                  80012b00    000000c0                   : _io_perm.obj (.text:__rd_ok)
                  80012bc0    000000c0                   : atexit.obj (.text:_atexit)
                  80012c80    000000c0                   : exit.obj (.text:_exit)
                  80012d40    000000c0                   : ltoa.obj (.text:_ltoa)
                  80012e00    000000c0     sysbios.a64P : BIOS.obj (.text:_ti_sysbios_BIOS_errorRaiseHook__I)
                  80012ec0    000000c0                  : BIOS.obj (.text:_ti_sysbios_heaps_HeapMem_getStats__E)
                  80012f80    000000c0                  : BIOS.obj (.text:_ti_sysbios_knl_Clock_logTick__E)
                  80013040    000000c0                  : BIOS.obj (.text:_ti_sysbios_knl_Task_allBlockedFunction__I)
                  80013100    000000c0                  : BIOS.obj (.text:_ti_sysbios_timers_timer64_Timer_stop__E)
                  800131c0    000000c0     ti.targets.rts6000.a64P : LoggerBuf.o64P (.text:_xdc_runtime_LoggerBuf_Instance_init__F)
                  80013280    000000c0                             : System.o64P (.text:_xdc_runtime_System_formatNum__I)
                  80013340    000000a0     rts64plus.lib : trgdrv.obj (.text:_HOSTclose)
                  800133e0    000000a0                   : fopen.obj (.text:__cleanup)
                  80013480    000000a0                   : cvtdf.obj (.text:__cvtdf)
                  80013520    000000a0                   : imath40.obj (.text:__divli)
                  800135c0    000000a0                   : _printfi.obj (.text:__ecpy)
                  80013660    000000a0                   : _printfi.obj (.text:__fcpy)
                  80013700    000000a0                   : fixdli.obj (.text:__fixdli)
                  800137a0    000000a0                   : fixfli.obj (.text:__fixfli)
                  80013840    000000a0                   : _printfi.obj (.text:__pconv_f)
                  800138e0    000000a0                   : remu.obj (.text:__remu)
                  80013980    000000a0     boot.a64P : boot.o64P (.text:_c_int00)
                  80013a20    000000a0     rts64plus.lib : lowlev.obj (.text:_finddevice)
                  80013ac0    000000a0                   : lowlev.obj (.text:_lseek)
                  80013b60    000000a0     hello_p64P.o64P (.text:_malloc)
                  80013c00    000000a0     rts64plus.lib : memcpy64.obj (.text:_memcpy)
                  80013ca0    000000a0                   : lowlev.obj (.text:_read)
                  80013d40    000000a0     sysbios.a64P : BIOS.obj (.text:_ti_sysbios_family_c64p_Exception_Module_startup__F)
                  80013de0    000000a0                  : BIOS.obj (.text:_ti_sysbios_family_c64p_Hwi_getStackInfo__E)
                  80013e80    000000a0                  : BIOS.obj (.text:_ti_sysbios_heaps_HeapMem_init__I)
                  80013f20    000000a0                  : BIOS.obj (.text:_ti_sysbios_knl_Idle_run__E)
                  80013fc0    000000a0     hello_p64P.o64P (.text:_ti_sysbios_knl_Semaphore_Object__create__S)
                  80014060    000000a0     rts64plus.lib : lowlev.obj (.text:_write)
                  80014100    000000a0     ti.targets.rts6000.a64P : Assert.o64P (.text:_xdc_runtime_Assert_raise__I)
                  800141a0    000000a0                             : LoggerBuf.o64P (.text:_xdc_runtime_LoggerBuf_Module_startup__F)
                  80014240    000000a0     hello_p64P.o64P (.text:_xdc_runtime_LoggerBuf_write8__E)
                  800142e0    000000a0     ti.targets.rts6000.a64P : SysMin.o64P (.text:_xdc_runtime_SysMin_abort__F)
                  80014380    000000a0                             : SysMin.o64P (.text:_xdc_runtime_SysMin_flush__F)
                  80014420    000000a0     hello_p64P.o64P (.text:_xdc_runtime_SysMin_output__I)
                  800144c0    000000a0     ti.targets.rts6000.a64P : SysMin.o64P (.text:_xdc_runtime_SysMin_putch__F)
                  80014560    000000a0                             : Text.o64P (.text:_xdc_runtime_Text_xprintf__I)
                  80014600    00000080     rts64plus.lib : fixdi.obj (.text:__fixdi)
                  80014680    00000080                   : fixfi.obj (.text:__fixfi)
                  80014700    00000080                   : fltlid.obj (.text:__fltlid)
                  80014780    00000080                   : fltlif.obj (.text:__fltlif)
                  80014800    00000080                   : llshift.obj (.text:__llshl)
                  80014880    00000080                   : renormd.obj (.text:__renormd)
                  80014900    00000080                   : trgmsg.obj (.text:_readmsg)
                  80014980    00000080     hello_p64P.o64P (.text:_ti_sysbios_BIOS_exitFunc__I)
                  80014a00    00000080     sysbios.a64P : BIOS.obj (.text:_ti_sysbios_family_c62_TaskSupport_start__E)
                  80014a80    00000080                  : c62_TaskSupport_asm.obj (.text:_ti_sysbios_family_c62_TaskSupport_swap__E)
                  80014b00    00000080     hello_p64P.o64P (.text:_ti_sysbios_gates_GateHwi_Object__create__S)
                  80014b80    00000080     hello_p64P.o64P (.text:_ti_sysbios_gates_GateMutex_Object__create__S)
                  80014c00    00000080     hello_p64P.o64P (.text:_ti_sysbios_heaps_HeapMem_Object__create__S)
                  80014c80    00000080     hello_p64P.o64P (.text:_ti_sysbios_knl_Clock_doTick__I)
                  80014d00    00000080     hello_p64P.o64P (.text:_ti_sysbios_knl_Queue_Object__create__S)
                  80014d80    00000080     sysbios.a64P : BIOS.obj (.text:_ti_sysbios_knl_Semaphore_pendTimeout__I)
                  80014e00    00000080     hello_p64P.o64P (.text:_ti_sysbios_knl_Swi_Object__get__S)
                  80014e80    00000080     sysbios.a64P : BIOS.obj (.text:_ti_sysbios_knl_Swi_startup__E)
                  80014f00    00000080                  : BIOS.obj (.text:_ti_sysbios_knl_Task_restore__E)
                  80014f80    00000080                  : BIOS.obj (.text:_ti_sysbios_timers_timer64_Timer_getPeriod__E)
                  80015000    00000080     rts64plus.lib : lowlev.obj (.text:_unlink)
                  80015080    00000080     ti.targets.rts6000.a64P : Core-label.o64P (.text:_xdc_runtime_Core_assignLabel__I)
                  80015100    00000080                             : Core-params.o64P (.text:_xdc_runtime_Core_assignParams__I)
                  80015180    00000080                             : LoggerBuf.o64P (.text:_xdc_runtime_LoggerBuf_filterOutEvent__I)
                  80015200    00000080                             : System.o64P (.text:_xdc_runtime_System_atexit__F)
                  80015280    00000080                             : System.o64P (.text:_xdc_runtime_System_putchar__I)
                  80015300    00000080                             : System.o64P (.text:_xdc_runtime_System_rtsExit__I)
                  80015380    00000080                             : Text.o64P (.text:_xdc_runtime_Text_printVisFxn__I)
                  80015400    00000080     sysbios.a64P : BIOS.obj (.text:ti_sysbios_hal_Hwi_checkStack:_ti_sysbios_hal_Hwi_checkStack)
                  80015480    00000080                  : BIOS.obj (.text:ti_sysbios_hal_Hwi_initStack:_ti_sysbios_hal_Hwi_initStack)
                  80015500    00000060     rts64plus.lib : pprof_cio.obj (.text:___TI_init_pphandler)
                  80015560    00000060                   : cvtfd.obj (.text:__cvtfd)
                  800155c0    00000060                   : frcmpyf.obj (.text:__frcmpyf)
                  80015620    00000060                   : imath64.obj (.text:__remull)
                  80015680    00000060                   : imath64.obj (.text:__subcull)
                  800156e0    00000060                   : fclose.obj (.text:_fclose)
                  80015740    00000060                   : feof.obj (.text:_feof)
                  800157a0    00000060                   : fopen.obj (.text:_fopen)
                  80015800    00000060     hello_p64P.o64P (.text:_free)
                  80015860    00000060     rts64plus.lib : memccpy.obj (.text:_memccpy)
                  800158c0    00000060                   : lowlev.obj (.text:_tabinit)
                  80015920    00000060     sysbios.a64P : BIOS.obj (.text:_ti_sysbios_BIOS_registerRTSLock__I)
                  80015980    00000060                  : BIOS.obj (.text:_ti_sysbios_family_c64p_Cache_setMar__E)
                  800159e0    00000060     hello_p64P.o64P (.text:_ti_sysbios_gates_GateHwi_Handle__label__S)
                  80015a40    00000060     hello_p64P.o64P (.text:_ti_sysbios_gates_GateHwi_Object__delete__S)
                  80015aa0    00000060     hello_p64P.o64P (.text:_ti_sysbios_gates_GateMutex_Handle__label__S)
                  80015b00    00000060     sysbios.a64P : BIOS.obj (.text:_ti_sysbios_gates_GateMutex_Instance_init__F)
                  80015b60    00000060     hello_p64P.o64P (.text:_ti_sysbios_gates_GateMutex_Object__delete__S)
                  80015bc0    00000060     hello_p64P.o64P (.text:_ti_sysbios_heaps_HeapMem_Handle__label__S)
                  80015c20    00000060     hello_p64P.o64P (.text:_ti_sysbios_heaps_HeapMem_Object__delete__S)
                  80015c80    00000060     hello_p64P.o64P (.text:_ti_sysbios_heaps_HeapMem_Object__get__S)
                  80015ce0    00000060     sysbios.a64P : BIOS.obj (.text:_ti_sysbios_knl_Clock_Module_startup__F)
                  80015d40    00000060     hello_p64P.o64P (.text:_ti_sysbios_knl_Queue_Object__get__S)
                  80015da0    00000060     sysbios.a64P : BIOS.obj (.text:_ti_sysbios_knl_Swi_Module_startup__F)
                  80015e00    00000060     hello_p64P.o64P (.text:_ti_sysbios_knl_Task_Object__get__S)
                  80015e60    00000060     sysbios.a64P : BIOS.obj (.text:_ti_sysbios_knl_Task_enter__I)
                  80015ec0    00000060     rts64plus.lib : trgmsg.obj (.text:_writemsg)
                  80015f20    00000060     hello_p64P.o64P (.text:_xdc_runtime_LoggerBuf_Handle__label__S)
                  80015f80    00000060     hello_p64P.o64P (.text:_xdc_runtime_LoggerBuf_Object__delete__S)
                  80015fe0    00000060     hello_p64P.o64P (.text:_xdc_runtime_LoggerBuf_Object__get__S)
                  80016040    00000060     ti.targets.rts6000.a64P : Memory.o64P (.text:_xdc_runtime_Memory_calloc__F)
                  800160a0    00000060                             : SysMin.o64P (.text:_xdc_runtime_SysMin_Module_startup__F)
                  80016100    00000060                             : SysMin.o64P (.text:_xdc_runtime_SysMin_exit__F)
                  80016160    00000060                             : System.o64P (.text:_xdc_runtime_System_avprintf__F)
                  800161c0    00000060                             : System.o64P (.text:_xdc_runtime_System_vprintf__F)
                  80016220    00000060                             : Text.o64P (.text:_xdc_runtime_Text_cordText__F)
                  80016280    00000040     rts64plus.lib : sinit.obj (.text:___add_dtor)
                  800162c0    00000040                   : isinf.obj (.text:___isinf)
                  80016300    00000040                   : _printfi.obj (.text:___isnan)
                  80016340    00000040                   : args_main.obj (.text:__args_main)
                  80016380    00000040                   : frcmpyd_div.obj (.text:__frcmpyd_div)
                  800163c0    00000040                   : llshift.obj (.text:__llshru)
                  80016400    00000040                   : negd.obj (.text:__negd)
                  80016440    00000040                   : imath40.obj (.text:__remli)
                  80016480    00000040                   : imath40.obj (.text:__remul)
                  800164c0    00000040                   : subd.obj (.text:__subd)
                  80016500    00000040                   : pprof_cio.obj (.text:_ppcio_open)
                  80016540    00000040     sysbios.a64P : BIOS.obj (.text:_ti_sysbios_BIOS_rtsLock__I)
                  80016580    00000040     hello_p64P.o64P (.text:_ti_sysbios_BIOS_startFunc__I)
                  800165c0    00000040     sysbios.a64P : c62_TaskSupport_asm.obj (.text:_ti_sysbios_family_c62_TaskSupport_buildTaskStack)
                  80016600    00000040     hello_p64P.o64P (.text:_ti_sysbios_family_c64p_Hwi_Module__startupDone__F)
                  80016640    00000040     sysbios.a64P : BIOS.obj (.text:_ti_sysbios_family_c64p_Hwi_disableInterrupt__E)
                  80016680    00000040                  : BIOS.obj (.text:_ti_sysbios_family_c64p_Hwi_enableInterrupt__E)
                  800166c0    00000040                  : BIOS.obj (.text:_ti_sysbios_family_c64p_tci6482_TimerSupport_enable__E)
                  80016700    00000040                  : c64p_Hwi_asm_switch.obj (.text:_ti_sysbios_family_xxx_Hwi_switchToIsrStack)
                  80016740    00000040                  : BIOS.obj (.text:_ti_sysbios_gates_GateMutex_leave__E)
                  80016780    00000040     hello_p64P.o64P (.text:_ti_sysbios_hal_Timer_Module__startupDone__F)
                  800167c0    00000040     hello_p64P.o64P (.text:_ti_sysbios_knl_Queue_Object__destruct__S)
                  80016800    00000040     hello_p64P.o64P (.text:_ti_sysbios_knl_Semaphore_Object__destruct__S)
                  80016840    00000040     hello_p64P.o64P (.text:_ti_sysbios_knl_Task_SupportProxy_start__E)
                  80016880    00000040     hello_p64P.o64P (.text:_ti_sysbios_timers_timer64_Timer_Module__startupDone__F)
                  800168c0    00000040     ti.targets.rts6000.a64P : Error.o64P (.text:_xdc_runtime_Error_check__F)
                  80016900    00000040                             : Error.o64P (.text:_xdc_runtime_Error_init__F)
                  80016940    00000040     hello_p64P.o64P (.text:_xdc_runtime_IHeap_alloc)
                  80016980    00000040     hello_p64P.o64P (.text:_xdc_runtime_IHeap_free)
                  800169c0    00000040     ti.targets.rts6000.a64P : LoggerBuf.o64P (.text:_xdc_runtime_LoggerBuf_Instance_finalize__F)
                  80016a00    00000040     hello_p64P.o64P (.text:_xdc_runtime_LoggerBuf_setFilterLevel__E)
                  80016a40    00000040     hello_p64P.o64P (.text:_xdc_runtime_LoggerBuf_write0__E)
                  80016a80    00000040     ti.targets.rts6000.a64P : LoggerBuf.o64P (.text:_xdc_runtime_LoggerBuf_write0__F)
                  80016ac0    00000040     hello_p64P.o64P (.text:_xdc_runtime_LoggerBuf_write1__E)
                  80016b00    00000040     hello_p64P.o64P (.text:_xdc_runtime_LoggerBuf_write2__E)
                  80016b40    00000040     hello_p64P.o64P (.text:_xdc_runtime_LoggerBuf_write4__E)
                  80016b80    00000040     hello_p64P.o64P (.text:_xdc_runtime_Memory_HeapProxy_alloc__E)
                  80016bc0    00000040     hello_p64P.o64P (.text:_xdc_runtime_Memory_alloc__E)
                  80016c00    00000040     ti.targets.rts6000.a64P : Memory.o64P (.text:_xdc_runtime_Memory_free__F)
                  80016c40    00000040                             : Registry.o64P (.text:_xdc_runtime_Registry_findById__F)
                  80016c80    00000040     hello_p64P.o64P (.text:_xdc_runtime_Startup_exec__I)
                  80016cc0    00000040     ti.targets.rts6000.a64P : System.o64P (.text:_xdc_runtime_System_abort__F)
                  80016d00    00000040     hello_p64P.o64P (.text:_xdc_runtime_System_aprintf__E)
                  80016d40    00000040     hello_p64P.o64P (.text:_xdc_runtime_System_printf__E)
                  80016d80    00000040     ti.targets.rts6000.a64P : Text.o64P (.text:_xdc_runtime_Text_ropeText__F)
                  80016dc0    00000040     hello_p64P.o64P (.text:_xdc_runtime_Text_visitRope__I)
                  80016e00    00000020     rts64plus.lib : pprof_cio.obj (.text:___TI_path_prof_out)
                  80016e20    00000020     ti.targets.rts6000.a64P : xdc_noinit.o64P (.text:___xdc__init)
                  80016e40    00000020     rts64plus.lib : fscanf.obj (.text:__inpchar)
                  80016e60    00000020                   : negll.obj (.text:__negll)
                  80016e80    00000020                   : _lock.obj (.text:__nop)
                  80016ea0    00000020                   : printf.obj (.text:__outc)
                  80016ec0    00000020                   : printf.obj (.text:__outs)
                  80016ee0    00000020                   : _lock.obj (.text:__register_lock)
                  80016f00    00000020                   : _lock.obj (.text:__register_unlock)
                  80016f20    00000020                   : fscanf.obj (.text:__uninpchar)
                  80016f40    00000020                   : exit.obj (.text:_abort)
                  80016f60    00000020                   : getenv.obj (.text:_getenv)
                  80016f80    00000020                   : remove.obj (.text:_remove)
                  80016fa0    00000020     hello_p64P.o64P (.text:_ti_sysbios_BIOS_RtsGateProxy_enter__E)
                  80016fc0    00000020     hello_p64P.o64P (.text:_ti_sysbios_BIOS_RtsGateProxy_leave__E)
                  80016fe0    00000020     sysbios.a64P : BIOS.obj (.text:_ti_sysbios_BIOS_nullFunc__I)
                  80017000    00000020                  : BIOS.obj (.text:_ti_sysbios_BIOS_setThreadType__E)
                  80017020    00000020     hello_p64P.o64P (.text:_ti_sysbios_family_c62_TaskSupport_Module__startupDone__S)
                  80017040    00000020     sysbios.a64P : BIOS.obj (.text:_ti_sysbios_family_c62_TaskSupport_checkStack__E)
                  80017060    00000020                  : c62_TaskSupport_asm.obj (.text:_ti_sysbios_family_c62_TaskSupport_glue)
                  80017080    00000020     hello_p64P.o64P (.text:_ti_sysbios_family_c64p_Cache_Module_startup__E)
                  800170a0    00000020     hello_p64P.o64P (.text:_ti_sysbios_family_c64p_Exception_Module_startup__E)
                  800170c0    00000020     hello_p64P.o64P (.text:_ti_sysbios_family_c64p_Hwi_Module__startupDone__S)
                  800170e0    00000020     hello_p64P.o64P (.text:_ti_sysbios_family_c64p_Hwi_Module_startup__E)
                  80017100    00000020     sysbios.a64P : BIOS.obj (.text:_ti_sysbios_family_c64p_Hwi_clearInterrupt__E)
                  80017120    00000020                  : BIOS.obj (.text:_ti_sysbios_family_c64p_Hwi_startup__E)
                  80017140    00000020                  : BIOS.obj (.text:_ti_sysbios_family_c64p_Hwi_switchFromBootStack__E)
                  80017160    00000020     hello_p64P.o64P (.text:_ti_sysbios_family_c64p_TimestampProvider_Module_startup__E)
                  80017180    00000020     sysbios.a64P : BIOS.obj (.text:_ti_sysbios_family_c64p_TimestampProvider_Module_startup__F)
                  800171a0    00000020                  : BIOS.obj (.text:_ti_sysbios_family_c64p_TimestampProvider_get64__E)
                  800171c0    00000020                  : c64p_Hwi_asm_switch.obj (.text:_ti_sysbios_family_xxx_Hwi_switchToTaskStack)
                  800171e0    00000020                  : BIOS.obj (.text:_ti_sysbios_gates_GateHwi_Instance_init__F)
                  80017200    00000020                  : BIOS.obj (.text:_ti_sysbios_gates_GateHwi_enter__E)
                  80017220    00000020                  : BIOS.obj (.text:_ti_sysbios_gates_GateHwi_leave__E)
                  80017240    00000020     hello_p64P.o64P (.text:_ti_sysbios_gates_GateHwi_query__E)
                  80017260    00000020     sysbios.a64P : BIOS.obj (.text:_ti_sysbios_gates_GateHwi_query__F)
                  80017280    00000020                  : BIOS.obj (.text:_ti_sysbios_gates_GateMutex_Instance_finalize__F)
                  800172a0    00000020     hello_p64P.o64P (.text:_ti_sysbios_gates_GateMutex_query__E)
                  800172c0    00000020     sysbios.a64P : BIOS.obj (.text:_ti_sysbios_gates_GateMutex_query__F)
                  800172e0    00000020     hello_p64P.o64P (.text:_ti_sysbios_hal_Hwi_HwiProxy_Module__startupDone__S)
                  80017300    00000020     hello_p64P.o64P (.text:_ti_sysbios_hal_Hwi_HwiProxy_clearInterrupt__E)
                  80017320    00000020     hello_p64P.o64P (.text:_ti_sysbios_hal_Hwi_HwiProxy_disableInterrupt__E)
                  80017340    00000020     hello_p64P.o64P (.text:_ti_sysbios_hal_Hwi_HwiProxy_enableInterrupt__E)
                  80017360    00000020     hello_p64P.o64P (.text:_ti_sysbios_hal_Hwi_HwiProxy_getStackInfo__E)
                  80017380    00000020     hello_p64P.o64P (.text:_ti_sysbios_hal_Hwi_HwiProxy_startup__E)
                  800173a0    00000020     hello_p64P.o64P (.text:_ti_sysbios_hal_Hwi_HwiProxy_switchFromBootStack__E)
                  800173c0    00000020     hello_p64P.o64P (.text:_ti_sysbios_hal_Hwi_Module_startup__E)
                  800173e0    00000020     sysbios.a64P : BIOS.obj (.text:_ti_sysbios_hal_Hwi_Module_startup__F)
                  80017400    00000020                  : BIOS.obj (.text:_ti_sysbios_hal_Hwi_startup__E)
                  80017420    00000020     hello_p64P.o64P (.text:_ti_sysbios_hal_Timer_Module__startupDone__S)
                  80017440    00000020     hello_p64P.o64P (.text:_ti_sysbios_hal_Timer_Module_startup__E)
                  80017460    00000020     sysbios.a64P : BIOS.obj (.text:_ti_sysbios_hal_Timer_Module_startup__F)
                  80017480    00000020     hello_p64P.o64P (.text:_ti_sysbios_hal_Timer_TimerProxy_Module__startupDone__S)
                  800174a0    00000020     hello_p64P.o64P (.text:_ti_sysbios_hal_Timer_TimerProxy_getPeriod__E)
                  800174c0    00000020     hello_p64P.o64P (.text:_ti_sysbios_hal_Timer_TimerProxy_startup__E)
                  800174e0    00000020     sysbios.a64P : BIOS.obj (.text:_ti_sysbios_hal_Timer_startup__E)
                  80017500    00000020     hello_p64P.o64P (.text:_ti_sysbios_heaps_HeapMem_Module_GateProxy_enter__E)
                  80017520    00000020     hello_p64P.o64P (.text:_ti_sysbios_heaps_HeapMem_Module_GateProxy_leave__E)
                  80017540    00000020     hello_p64P.o64P (.text:_ti_sysbios_heaps_HeapMem_Module_GateProxy_query__E)
                  80017560    00000020     sysbios.a64P : BIOS.obj (.text:_ti_sysbios_heaps_HeapMem_isBlocking__E)
                  80017580    00000020     hello_p64P.o64P (.text:_ti_sysbios_knl_Clock_Module_State_clockQ)
                  800175a0    00000020     hello_p64P.o64P (.text:_ti_sysbios_knl_Clock_Module_startup__E)
                  800175c0    00000020     sysbios.a64P : BIOS.obj (.text:_ti_sysbios_knl_Idle_loop__E)
                  800175e0    00000020                  : BIOS.obj (.text:_ti_sysbios_knl_Queue_Instance_init__F)
                  80017600    00000020                  : BIOS.obj (.text:_ti_sysbios_knl_Queue_empty__E)
                  80017620    00000020                  : BIOS.obj (.text:_ti_sysbios_knl_Semaphore_Instance_finalize__F)
                  80017640    00000020     hello_p64P.o64P (.text:_ti_sysbios_knl_Swi_Module_startup__E)
                  80017660    00000020     sysbios.a64P : BIOS.obj (.text:_ti_sysbios_knl_Swi_disable__E)
                  80017680    00000020     hello_p64P.o64P (.text:_ti_sysbios_knl_Task_Module_startup__E)
                  800176a0    00000020     hello_p64P.o64P (.text:_ti_sysbios_knl_Task_SupportProxy_Module__startupDone__S)
                  800176c0    00000020     hello_p64P.o64P (.text:_ti_sysbios_knl_Task_SupportProxy_checkStack__E)
                  800176e0    00000020     hello_p64P.o64P (.text:_ti_sysbios_knl_Task_SupportProxy_swap__E)
                  80017700    00000020     sysbios.a64P : BIOS.obj (.text:_ti_sysbios_knl_Task_disable__E)
                  80017720    00000020                  : BIOS.obj (.text:_ti_sysbios_knl_Task_startup__E)
                  80017740    00000020     hello_p64P.o64P (.text:_ti_sysbios_timers_timer64_Timer_Module__startupDone__S)
                  80017760    00000020     hello_p64P.o64P (.text:_ti_sysbios_timers_timer64_Timer_Module_startup__E)
                  80017780    00000020     hello_p64P.o64P (.text:_ti_sysbios_timers_timer64_Timer_TimerSupportProxy_enable__E)
                  800177a0    00000020     hello_p64P.o64P (.text:_xdc_iargToPtr)
                  800177c0    00000020     hello_p64P.o64P (.text:_xdc_runtime_Error_check__E)
                  800177e0    00000020     hello_p64P.o64P (.text:_xdc_runtime_Error_init__E)
                  80017800    00000020     hello_p64P.o64P (.text:_xdc_runtime_Error_print__E)
                  80017820    00000020     ti.targets.rts6000.a64P : Gate.o64P (.text:_xdc_runtime_Gate_enterSystem__F)
                  80017840    00000020                             : Gate.o64P (.text:_xdc_runtime_Gate_leaveSystem__F)
                  80017860    00000020     hello_p64P.o64P (.text:_xdc_runtime_LoggerBuf_Module_GateProxy_enter__E)
                  80017880    00000020     hello_p64P.o64P (.text:_xdc_runtime_LoggerBuf_Module_GateProxy_leave__E)
                  800178a0    00000020     hello_p64P.o64P (.text:_xdc_runtime_LoggerBuf_Module_startup__E)
                  800178c0    00000020     hello_p64P.o64P (.text:_xdc_runtime_LoggerBuf_TimestampProxy_get64__E)
                  800178e0    00000020     hello_p64P.o64P (.text:_xdc_runtime_LoggerBuf_disable__E)
                  80017900    00000020     ti.targets.rts6000.a64P : LoggerBuf.o64P (.text:_xdc_runtime_LoggerBuf_disable__F)
                  80017920    00000020     hello_p64P.o64P (.text:_xdc_runtime_LoggerBuf_enable__E)
                  80017940    00000020     ti.targets.rts6000.a64P : LoggerBuf.o64P (.text:_xdc_runtime_LoggerBuf_enable__F)
                  80017960    00000020     hello_p64P.o64P (.text:_xdc_runtime_LoggerBuf_getFilterLevel__E)
                  80017980    00000020     ti.targets.rts6000.a64P : LoggerBuf.o64P (.text:_xdc_runtime_LoggerBuf_write1__F)
                  800179a0    00000020                             : LoggerBuf.o64P (.text:_xdc_runtime_LoggerBuf_write2__F)
                  800179c0    00000020     hello_p64P.o64P (.text:_xdc_runtime_Memory_HeapProxy_free__E)
                  800179e0    00000020     hello_p64P.o64P (.text:_xdc_runtime_Memory_free__E)
                  80017a00    00000020     hello_p64P.o64P (.text:_xdc_runtime_Startup_reset__I)
                  80017a20    00000020     hello_p64P.o64P (.text:_xdc_runtime_SysMin_Module_startup__E)
                  80017a40    00000020     hello_p64P.o64P (.text:_xdc_runtime_SysMin_abort__E)
                  80017a60    00000020     hello_p64P.o64P (.text:_xdc_runtime_SysMin_exit__E)
                  80017a80    00000020     hello_p64P.o64P (.text:_xdc_runtime_SysMin_putch__E)
                  80017aa0    00000020     hello_p64P.o64P (.text:_xdc_runtime_SysMin_ready__E)
                  80017ac0    00000020     ti.targets.rts6000.a64P : SysMin.o64P (.text:_xdc_runtime_SysMin_ready__F)
                  80017ae0    00000020     hello_p64P.o64P (.text:_xdc_runtime_System_Module_GateProxy_enter__E)
                  80017b00    00000020     hello_p64P.o64P (.text:_xdc_runtime_System_Module_GateProxy_leave__E)
                  80017b20    00000020     hello_p64P.o64P (.text:_xdc_runtime_System_Module_startup__E)
                  80017b40    00000020     ti.targets.rts6000.a64P : System.o64P (.text:_xdc_runtime_System_Module_startup__F)
                  80017b60    00000020     hello_p64P.o64P (.text:_xdc_runtime_System_SupportProxy_abort__E)
                  80017b80    00000020     hello_p64P.o64P (.text:_xdc_runtime_System_SupportProxy_exit__E)
                  80017ba0    00000020     hello_p64P.o64P (.text:_xdc_runtime_System_SupportProxy_putch__E)
                  80017bc0    00000020     hello_p64P.o64P (.text:_xdc_runtime_System_SupportProxy_ready__E)
                  80017be0    00000020     hello_p64P.o64P (.text:_xdc_runtime_System_atexit__E)
                  80017c00    00000020     ti.targets.rts6000.a64P : System.o64P (.text:_xdc_runtime_System_exit__F)
                  80017c20    00000020                             : System.o64P (.text:_xdc_runtime_System_lastFxn__I)
                  80017c40    00000020                             : System.o64P (.text:_xdc_runtime_System_vsnprintf__F)
                  80017c60    00000020     hello_p64P.o64P (.text:_xdc_runtime_Text_putLab__E)
                  80017c80    00000020     hello_p64P.o64P (.text:_xdc_runtime_Text_putSite__E)

.far       0    80017ca0    00003bf4     UNINITIALIZED
                  80017ca0    00002d08     hello_p64P.o64P (.far)
                  8001a9a8    00000800     hello_p64P.o64P (.far:taskStackSection)
                  8001b1a8    00000324     rts64plus.lib : defs.obj (.far)
                  8001b4cc    00000004                   : errno.obj (.far)
                  8001b4d0    00000188                   : atexit.obj (.far)
                  8001b658    0000011c                   : lowlev.obj (.far)
                  8001b774    00000004                   : fopen.obj (.far)
                  8001b778    000000c8                   : getenv.obj (.far)
                  8001b840    00000034     Ejemplo_comienzo.obj (.far)
                  8001b874    0000000c     rts64plus.lib : exit.obj (.far)
                  8001b880    00000008                   : _lock.obj (.far)
                  8001b888    00000008                   : trgdrv.obj (.far)
                  8001b890    00000004                   : sinit.obj (.far)

.const     0    8001b898    000025a6     
                  8001b898    00001596     hello_p64P.o64P (.const:xdc_runtime_Text_charTab__A)
                  8001ce2e    00000002     rts64plus.lib : fputs.obj (.const:.string)
                  8001ce30    000004e4     sysbios.a64P : BIOS.obj (.const:.string)
                  8001d314    00000004     ti.targets.rts6000.a64P : Assert.o64P (.const:.string)
                  8001d318    00000101     rts64plus.lib : ctype.obj (.const:.string:__ctypes_)
                  8001d419    00000001     --HOLE-- [fill = 0]
                  8001d41a    00000002     hello_p64P.o64P (.const:ti_sysbios_BIOS_Module__id__C)
                  8001d41c    00000004     ti.targets.rts6000.a64P : Diags.o64P (.const:.string)
                  8001d420    000000c4     hello_p64P.o64P (.const:xdc_runtime_Text_nodeTab__A)
                  8001d4e4    000000bc     Ejemplo_comienzo.obj (.const:.string)
                  8001d5a0    00000058     ti.targets.rts6000.a64P : Error.o64P (.const:.string)
                  8001d5f8    00000050     rts64plus.lib : strtod.obj (.const:_digits)
                  8001d648    00000050                   : strtold.obj (.const:_digits)
                  8001d698    00000048     hello_p64P.o64P (.const:.string)
                  8001d6e0    00000048     ti.targets.rts6000.a64P : Log.o64P (.const:.string)
                  8001d728    00000048     rts64plus.lib : strtod.obj (.const:_powerof10)
                  8001d770    00000048                   : strtold.obj (.const:_powerof10)
                  8001d7b8    00000040     ti.targets.rts6000.a64P : Text.o64P (.const:.string)
                  8001d7f8    0000003c     hello_p64P.o64P (.const:xdc_runtime_LoggerBuf_Module__FXNS__C)
                  8001d834    00000038     utils.obj (.const:.string)
                  8001d86c    00000004     hello_p64P.o64P (.const:ti_sysbios_BIOS_Module__diagsEnabled__C)
                  8001d870    00000034     hello_p64P.o64P (.const:xdc_runtime_Startup_sfxnTab__A)
                  8001d8a4    0000002c     ti.targets.rts6000.a64P : Startup.o64P (.const:.string)
                  8001d8d0    00000028     hello_p64P.o64P (.const:ti_sysbios_heaps_HeapMem_Module__FXNS__C)
                  8001d8f8    00000028     hello_p64P.o64P (.const:xdc_runtime_LoggerBuf_Object__PARAMS__C)
                  8001d920    00000025     rts64plus.lib : outprof.obj (.const:.string)
                  8001d945    00000001     --HOLE-- [fill = 0]
                  8001d946    00000002     hello_p64P.o64P (.const:ti_sysbios_family_c64p_Exception_Module__id__C)
                  8001d948    00000024     hello_p64P.o64P (.const:ti_sysbios_gates_GateHwi_Module__FXNS__C)
                  8001d96c    00000024     hello_p64P.o64P (.const:ti_sysbios_gates_GateMutex_Module__FXNS__C)
                  8001d990    00000024     hello_p64P.o64P (.const:ti_sysbios_heaps_HeapMem_Object__PARAMS__C)
                  8001d9b4    00000024     hello_p64P.o64P (.const:ti_sysbios_knl_Semaphore_Object__PARAMS__C)
                  8001d9d8    00000023     rts64plus.lib : _printfi.obj (.const:.string)
                  8001d9fb    00000001     --HOLE-- [fill = 0]
                  8001d9fc    00000020     hello_p64P.o64P (.const:ti_sysbios_gates_GateHwi_Object__DESC__C)
                  8001da1c    00000020     hello_p64P.o64P (.const:ti_sysbios_gates_GateMutex_Object__DESC__C)
                  8001da3c    00000020     hello_p64P.o64P (.const:ti_sysbios_heaps_HeapMem_Object__DESC__C)
                  8001da5c    00000020     hello_p64P.o64P (.const:ti_sysbios_knl_Queue_Object__DESC__C)
                  8001da7c    00000020     hello_p64P.o64P (.const:ti_sysbios_knl_Semaphore_Object__DESC__C)
                  8001da9c    00000020     hello_p64P.o64P (.const:xdc_runtime_LoggerBuf_Object__DESC__C)
                  8001dabc    00000004     hello_p64P.o64P (.const:ti_sysbios_BIOS_Module__diagsIncluded__C)
                  8001dac0    0000001a     hello_p64P.o64P (.const:xdc_runtime_Startup_sfxnRts__A)
                  8001dada    00000002     hello_p64P.o64P (.const:ti_sysbios_family_c64p_Exception_useInternalBuffer__C)
                  8001dadc    00000018     hello_p64P.o64P (.const:ti_sysbios_gates_GateHwi_Object__PARAMS__C)
                  8001daf4    00000018     hello_p64P.o64P (.const:ti_sysbios_gates_GateMutex_Object__PARAMS__C)
                  8001db0c    00000018     hello_p64P.o64P (.const:ti_sysbios_knl_Queue_Object__PARAMS__C)
                  8001db24    00000004     hello_p64P.o64P (.const:ti_sysbios_BIOS_Module__diagsMask__C)
                  8001db28    00000018     hello_p64P.o64P (.const:ti_sysbios_knl_Task_hooks__A)
                  8001db40    00000013     rts64plus.lib : pprof_cio.obj (.const:.string)
                  8001db53    00000001     --HOLE-- [fill = 0]
                  8001db54    00000004     hello_p64P.o64P (.const:ti_sysbios_BIOS_installedErrorHook__C)
                  8001db58    00000011     ti.targets.rts6000.a64P : System.o64P (.const:_digtohex)
                  8001db69    00000001     --HOLE-- [fill = 0]
                  8001db6a    00000002     hello_p64P.o64P (.const:ti_sysbios_family_c64p_Hwi_Module__id__C)
                  8001db6c    0000000c     hello_p64P.o64P (.const:ti_sysbios_family_c64p_Cache_initSize__C)
                  8001db78    00000008     rts64plus.lib : divd.obj (.const:.string:_initial_approx$1)
                  8001db80    00000008     ti.targets.rts6000.a64P : System.o64P (.const:.string)
                  8001db88    00000008     hello_p64P.o64P (.const:ti_sysbios_knl_Idle_coreList__C)
                  8001db90    00000008     hello_p64P.o64P (.const:ti_sysbios_knl_Idle_funcList__C)
                  8001db98    00000008     hello_p64P.o64P (.const:ti_sysbios_knl_Task_hooks__C)
                  8001dba0    00000008     hello_p64P.o64P (.const:xdc_runtime_Startup_firstFxns__A)
                  8001dba8    00000008     hello_p64P.o64P (.const:xdc_runtime_Startup_firstFxns__C)
                  8001dbb0    00000008     hello_p64P.o64P (.const:xdc_runtime_Startup_lastFxns__C)
                  8001dbb8    00000007     rts64plus.lib : _scanfi.obj (.const:.string:_flit$1)
                  8001dbbf    00000001     --HOLE-- [fill = 0]
                  8001dbc0    00000006                   : _scanfi.obj (.const:.string:_barr$2)
                  8001dbc6    00000002     hello_p64P.o64P (.const:ti_sysbios_family_c64p_Hwi_Module__loggerDefined__C)
                  8001dbc8    00000004     hello_p64P.o64P (.const:ti_sysbios_family_c64p_Cache_MAR0_31__C)
                  8001dbcc    00000004     hello_p64P.o64P (.const:ti_sysbios_family_c64p_Cache_MAR128_159__C)
                  8001dbd0    00000004     hello_p64P.o64P (.const:ti_sysbios_family_c64p_Cache_MAR160_191__C)
                  8001dbd4    00000004     hello_p64P.o64P (.const:ti_sysbios_family_c64p_Cache_MAR192_223__C)
                  8001dbd8    00000004     hello_p64P.o64P (.const:ti_sysbios_family_c64p_Cache_MAR224_255__C)
                  8001dbdc    00000004     hello_p64P.o64P (.const:ti_sysbios_family_c64p_Cache_MAR32_63__C)
                  8001dbe0    00000004     hello_p64P.o64P (.const:ti_sysbios_family_c64p_Cache_MAR64_95__C)
                  8001dbe4    00000004     hello_p64P.o64P (.const:ti_sysbios_family_c64p_Cache_MAR96_127__C)
                  8001dbe8    00000004     hello_p64P.o64P (.const:ti_sysbios_family_c64p_Exception_E_exceptionMin__C)
                  8001dbec    00000004     hello_p64P.o64P (.const:ti_sysbios_family_c64p_Exception_exceptionHook__C)
                  8001dbf0    00000004     hello_p64P.o64P (.const:ti_sysbios_family_c64p_Exception_externalHook__C)
                  8001dbf4    00000004     hello_p64P.o64P (.const:ti_sysbios_family_c64p_Exception_internalHook__C)
                  8001dbf8    00000004     hello_p64P.o64P (.const:ti_sysbios_family_c64p_Exception_nmiHook__C)
                  8001dbfc    00000004     hello_p64P.o64P (.const:ti_sysbios_family_c64p_Hwi_LD_end__C)
                  8001dc00    00000004     hello_p64P.o64P (.const:ti_sysbios_family_c64p_Hwi_LM_begin__C)
                  8001dc04    00000004     hello_p64P.o64P (.const:ti_sysbios_family_c64p_Hwi_Module__diagsEnabled__C)
                  8001dc08    00000004     hello_p64P.o64P (.const:ti_sysbios_family_c64p_Hwi_Module__diagsIncluded__C)
                  8001dc0c    00000004     hello_p64P.o64P (.const:ti_sysbios_family_c64p_Hwi_Module__diagsMask__C)
                  8001dc10    00000004     hello_p64P.o64P (.const:ti_sysbios_family_c64p_Hwi_Module__loggerFxn1__C)
                  8001dc14    00000004     hello_p64P.o64P (.const:ti_sysbios_family_c64p_Hwi_Module__loggerFxn8__C)
                  8001dc18    00000004     hello_p64P.o64P (.const:ti_sysbios_family_c64p_Hwi_Module__loggerObj__C)
                  8001dc1c    00000004     hello_p64P.o64P (.const:ti_sysbios_gates_GateMutex_A_badContext__C)
                  8001dc20    00000004     hello_p64P.o64P (.const:ti_sysbios_gates_GateMutex_Instance_State_sem__O)
                  8001dc24    00000004     hello_p64P.o64P (.const:ti_sysbios_gates_GateMutex_Module__diagsEnabled__C)
                  8001dc28    00000004     hello_p64P.o64P (.const:ti_sysbios_gates_GateMutex_Module__diagsIncluded__C)
                  8001dc2c    00000004     hello_p64P.o64P (.const:ti_sysbios_gates_GateMutex_Module__diagsMask__C)
                  8001dc30    00000004     hello_p64P.o64P (.const:ti_sysbios_hal_Hwi_E_stackOverflow__C)
                  8001dc34    00000004     hello_p64P.o64P (.const:ti_sysbios_heaps_HeapMem_A_align__C)
                  8001dc38    00000004     hello_p64P.o64P (.const:ti_sysbios_heaps_HeapMem_A_heapSize__C)
                  8001dc3c    00000004     hello_p64P.o64P (.const:ti_sysbios_heaps_HeapMem_A_invalidFree__C)
                  8001dc40    00000004     hello_p64P.o64P (.const:ti_sysbios_heaps_HeapMem_A_zeroBlock__C)
                  8001dc44    00000004     hello_p64P.o64P (.const:ti_sysbios_heaps_HeapMem_E_memory__C)
                  8001dc48    00000004     hello_p64P.o64P (.const:ti_sysbios_heaps_HeapMem_Module__diagsEnabled__C)
                  8001dc4c    00000004     hello_p64P.o64P (.const:ti_sysbios_heaps_HeapMem_Module__diagsIncluded__C)
                  8001dc50    00000004     hello_p64P.o64P (.const:ti_sysbios_heaps_HeapMem_Module__diagsMask__C)
                  8001dc54    00000004     hello_p64P.o64P (.const:ti_sysbios_heaps_HeapMem_Module__gateObj__C)
                  8001dc58    00000004     hello_p64P.o64P (.const:ti_sysbios_heaps_HeapMem_Object__count__C)
                  8001dc5c    00000004     hello_p64P.o64P (.const:ti_sysbios_heaps_HeapMem_Object__table__C)
                  8001dc60    00000004     hello_p64P.o64P (.const:ti_sysbios_heaps_HeapMem_reqAlign__C)
                  8001dc64    00000004     hello_p64P.o64P (.const:ti_sysbios_knl_Clock_LM_begin__C)
                  8001dc68    00000004     hello_p64P.o64P (.const:ti_sysbios_knl_Clock_LM_tick__C)
                  8001dc6c    00000004     hello_p64P.o64P (.const:ti_sysbios_knl_Clock_LW_delayed__C)
                  8001dc70    00000004     hello_p64P.o64P (.const:ti_sysbios_knl_Clock_Module_State_clockQ__O)
                  8001dc74    00000004     hello_p64P.o64P (.const:ti_sysbios_knl_Clock_Module__diagsEnabled__C)
                  8001dc78    00000004     hello_p64P.o64P (.const:ti_sysbios_knl_Clock_Module__diagsIncluded__C)
                  8001dc7c    00000004     hello_p64P.o64P (.const:ti_sysbios_knl_Clock_Module__diagsMask__C)
                  8001dc80    00000004     hello_p64P.o64P (.const:ti_sysbios_knl_Clock_Module__loggerFxn1__C)
                  8001dc84    00000004     hello_p64P.o64P (.const:ti_sysbios_knl_Clock_Module__loggerFxn2__C)
                  8001dc88    00000004     hello_p64P.o64P (.const:ti_sysbios_knl_Clock_Module__loggerObj__C)
                  8001dc8c    00000004     hello_p64P.o64P (.const:ti_sysbios_knl_Queue_Object__count__C)
                  8001dc90    00000004     hello_p64P.o64P (.const:ti_sysbios_knl_Idle_coreList__A)
                  8001dc94    00000004     hello_p64P.o64P (.const:ti_sysbios_knl_Queue_Object__table__C)
                  8001dc98    00000004     hello_p64P.o64P (.const:ti_sysbios_knl_Idle_funcList__A)
                  8001dc9c    00000004     hello_p64P.o64P (.const:ti_sysbios_knl_Semaphore_A_badContext__C)
                  8001dca0    00000004     hello_p64P.o64P (.const:ti_sysbios_knl_Semaphore_A_noEvents__C)
                  8001dca4    00000004     hello_p64P.o64P (.const:ti_sysbios_knl_Semaphore_A_overflow__C)
                  8001dca8    00000004     hello_p64P.o64P (.const:ti_sysbios_knl_Semaphore_A_pendTaskDisabled__C)
                  8001dcac    00000004     hello_p64P.o64P (.const:ti_sysbios_knl_Semaphore_Instance_State_pendQ__O)
                  8001dcb0    00000004     hello_p64P.o64P (.const:ti_sysbios_knl_Semaphore_LM_pend__C)
                  8001dcb4    00000004     hello_p64P.o64P (.const:ti_sysbios_knl_Semaphore_LM_post__C)
                  8001dcb8    00000004     hello_p64P.o64P (.const:ti_sysbios_knl_Semaphore_Module__diagsEnabled__C)
                  8001dcbc    00000004     hello_p64P.o64P (.const:ti_sysbios_knl_Semaphore_Module__diagsIncluded__C)
                  8001dcc0    00000004     hello_p64P.o64P (.const:ti_sysbios_knl_Semaphore_Module__diagsMask__C)
                  8001dcc4    00000004     hello_p64P.o64P (.const:ti_sysbios_knl_Semaphore_Module__loggerFxn2__C)
                  8001dcc8    00000004     hello_p64P.o64P (.const:ti_sysbios_knl_Semaphore_Module__loggerFxn4__C)
                  8001dccc    00000004     hello_p64P.o64P (.const:ti_sysbios_knl_Semaphore_Module__loggerObj__C)
                  8001dcd0    00000004     hello_p64P.o64P (.const:ti_sysbios_knl_Swi_LD_end__C)
                  8001dcd4    00000004     hello_p64P.o64P (.const:ti_sysbios_knl_Swi_LM_begin__C)
                  8001dcd8    00000004     hello_p64P.o64P (.const:ti_sysbios_knl_Swi_LM_post__C)
                  8001dcdc    00000004     hello_p64P.o64P (.const:ti_sysbios_knl_Swi_Module__diagsEnabled__C)
                  8001dce0    00000004     hello_p64P.o64P (.const:ti_sysbios_knl_Swi_Module__diagsIncluded__C)
                  8001dce4    00000004     hello_p64P.o64P (.const:ti_sysbios_knl_Swi_Module__diagsMask__C)
                  8001dce8    00000004     hello_p64P.o64P (.const:ti_sysbios_knl_Swi_Module__loggerFxn1__C)
                  8001dcec    00000004     hello_p64P.o64P (.const:ti_sysbios_knl_Swi_Module__loggerFxn4__C)
                  8001dcf0    00000004     hello_p64P.o64P (.const:ti_sysbios_knl_Swi_Module__loggerObj__C)
                  8001dcf4    00000004     hello_p64P.o64P (.const:ti_sysbios_knl_Swi_Object__count__C)
                  8001dcf8    00000004     hello_p64P.o64P (.const:ti_sysbios_knl_Swi_Object__table__C)
                  8001dcfc    00000004     hello_p64P.o64P (.const:ti_sysbios_knl_Task_E_spOutOfBounds__C)
                  8001dd00    00000004     hello_p64P.o64P (.const:ti_sysbios_knl_Task_E_stackOverflow__C)
                  8001dd04    00000004     hello_p64P.o64P (.const:ti_sysbios_knl_Task_LD_block__C)
                  8001dd08    00000004     hello_p64P.o64P (.const:ti_sysbios_knl_Task_LD_exit__C)
                  8001dd0c    00000004     hello_p64P.o64P (.const:ti_sysbios_knl_Task_LD_ready__C)
                  8001dd10    00000004     hello_p64P.o64P (.const:ti_sysbios_knl_Task_LM_switch__C)
                  8001dd14    00000004     hello_p64P.o64P (.const:ti_sysbios_knl_Task_Module_State_inactiveQ__O)
                  8001dd18    00000004     hello_p64P.o64P (.const:ti_sysbios_knl_Task_Module__diagsEnabled__C)
                  8001dd1c    00000004     hello_p64P.o64P (.const:ti_sysbios_knl_Task_Module__diagsIncluded__C)
                  8001dd20    00000004     hello_p64P.o64P (.const:ti_sysbios_knl_Task_Module__diagsMask__C)
                  8001dd24    00000004     hello_p64P.o64P (.const:ti_sysbios_knl_Task_Module__loggerFxn2__C)
                  8001dd28    00000004     hello_p64P.o64P (.const:ti_sysbios_knl_Task_Module__loggerFxn4__C)
                  8001dd2c    00000004     hello_p64P.o64P (.const:ti_sysbios_knl_Task_Module__loggerObj__C)
                  8001dd30    00000004     hello_p64P.o64P (.const:ti_sysbios_knl_Task_Object__count__C)
                  8001dd34    00000004     hello_p64P.o64P (.const:ti_sysbios_knl_Task_Object__table__C)
                  8001dd38    00000004     hello_p64P.o64P (.const:ti_sysbios_knl_Task_allBlockedFunc__C)
                  8001dd3c    00000004     hello_p64P.o64P (.const:ti_sysbios_knl_Task_numConstructedTasks__C)
                  8001dd40    00000004     hello_p64P.o64P (.const:ti_sysbios_timers_timer64_Timer_A_notAvailable__C)
                  8001dd44    00000004     hello_p64P.o64P (.const:ti_sysbios_timers_timer64_Timer_E_cannotSupport__C)
                  8001dd48    00000004     hello_p64P.o64P (.const:ti_sysbios_timers_timer64_Timer_Module__diagsEnabled__C)
                  8001dd4c    00000004     hello_p64P.o64P (.const:ti_sysbios_timers_timer64_Timer_Module__diagsIncluded__C)
                  8001dd50    00000004     hello_p64P.o64P (.const:ti_sysbios_timers_timer64_Timer_Module__diagsMask__C)
                  8001dd54    00000004     hello_p64P.o64P (.const:ti_sysbios_timers_timer64_Timer_anyMask__C)
                  8001dd58    00000004     hello_p64P.o64P (.const:ti_sysbios_timers_timer64_Timer_freqDivisor__C)
                  8001dd5c    00000004     hello_p64P.o64P (.const:ti_sysbios_timers_timer64_Timer_numLocalTimers__C)
                  8001dd60    00000004     hello_p64P.o64P (.const:ti_sysbios_timers_timer64_Timer_numTimerDevices__C)
                  8001dd64    00000004     hello_p64P.o64P (.const:xdc_runtime_Assert_E_assertFailed__C)
                  8001dd68    00000004     hello_p64P.o64P (.const:xdc_runtime_Core_A_initializedParams__C)
                  8001dd6c    00000004     hello_p64P.o64P (.const:xdc_runtime_Core_Module__diagsEnabled__C)
                  8001dd70    00000004     hello_p64P.o64P (.const:xdc_runtime_Core_Module__diagsIncluded__C)
                  8001dd74    00000004     hello_p64P.o64P (.const:xdc_runtime_Core_Module__diagsMask__C)
                  8001dd78    00000004     hello_p64P.o64P (.const:xdc_runtime_Error_E_memory__C)
                  8001dd7c    00000004     hello_p64P.o64P (.const:xdc_runtime_Error_Module__diagsEnabled__C)
                  8001dd80    00000004     hello_p64P.o64P (.const:xdc_runtime_Error_Module__diagsIncluded__C)
                  8001dd84    00000004     hello_p64P.o64P (.const:xdc_runtime_Error_Module__diagsMask__C)
                  8001dd88    00000004     hello_p64P.o64P (.const:xdc_runtime_Error_Module__loggerFxn8__C)
                  8001dd8c    00000004     hello_p64P.o64P (.const:xdc_runtime_Error_Module__loggerObj__C)
                  8001dd90    00000004     hello_p64P.o64P (.const:xdc_runtime_Error_policy__C)
                  8001dd94    00000004     hello_p64P.o64P (.const:xdc_runtime_Error_raiseHook__C)
                  8001dd98    00000004     hello_p64P.o64P (.const:xdc_runtime_IFilterLogger_Interface__BASE__C)
                  8001dd9c    00000004     hello_p64P.o64P (.const:xdc_runtime_IGateProvider_Interface__BASE__C)
                  8001dda0    00000004     hello_p64P.o64P (.const:xdc_runtime_IHeap_Interface__BASE__C)
                  8001dda4    00000004     hello_p64P.o64P (.const:xdc_runtime_ILogger_Interface__BASE__C)
                  8001dda8    00000004     hello_p64P.o64P (.const:xdc_runtime_IModule_Interface__BASE__C)
                  8001ddac    00000004     hello_p64P.o64P (.const:xdc_runtime_Log_L_error__C)
                  8001ddb0    00000004     hello_p64P.o64P (.const:xdc_runtime_LoggerBuf_E_badLevel__C)
                  8001ddb4    00000004     hello_p64P.o64P (.const:xdc_runtime_LoggerBuf_Module__gateObj__C)
                  8001ddb8    00000004     hello_p64P.o64P (.const:xdc_runtime_LoggerBuf_Object__count__C)
                  8001ddbc    00000004     hello_p64P.o64P (.const:xdc_runtime_LoggerBuf_Object__table__C)
                  8001ddc0    00000004     hello_p64P.o64P (.const:xdc_runtime_LoggerBuf_statusLogger__C)
                  8001ddc4    00000004     hello_p64P.o64P (.const:xdc_runtime_Memory_defaultHeapInstance__C)
                  8001ddc8    00000004     hello_p64P.o64P (.const:xdc_runtime_Startup_execImpl__C)
                  8001ddcc    00000004     hello_p64P.o64P (.const:xdc_runtime_Startup_maxPasses__C)
                  8001ddd0    00000004     hello_p64P.o64P (.const:xdc_runtime_Startup_lastFxns__A)
                  8001ddd4    00000004     hello_p64P.o64P (.const:xdc_runtime_Startup_sfxnRts__C)
                  8001ddd8    00000004     hello_p64P.o64P (.const:xdc_runtime_Startup_sfxnTab__C)
                  8001dddc    00000004     hello_p64P.o64P (.const:xdc_runtime_Startup_startModsFxn__C)
                  8001dde0    00000004     hello_p64P.o64P (.const:xdc_runtime_SysMin_bufSize__C)
                  8001dde4    00000004     hello_p64P.o64P (.const:xdc_runtime_SysMin_outputFunc__C)
                  8001dde8    00000004     hello_p64P.o64P (.const:xdc_runtime_System_Module__gateObj__C)
                  8001ddec    00000004     hello_p64P.o64P (.const:xdc_runtime_System_extendFxn__C)
                  8001ddf0    00000004     hello_p64P.o64P (.const:xdc_runtime_System_maxAtexitHandlers__C)
                  8001ddf4    00000004     hello_p64P.o64P (.const:xdc_runtime_Text_charTab__C)
                  8001ddf8    00000004     hello_p64P.o64P (.const:xdc_runtime_Text_nameEmpty__C)
                  8001ddfc    00000004     hello_p64P.o64P (.const:xdc_runtime_Text_nameStatic__C)
                  8001de00    00000004     hello_p64P.o64P (.const:xdc_runtime_Text_nameUnknown__C)
                  8001de04    00000004     hello_p64P.o64P (.const:xdc_runtime_Text_nodeTab__C)
                  8001de08    00000004     hello_p64P.o64P (.const:xdc_runtime_Text_visitRopeFxn__C)
                  8001de0c    00000002     hello_p64P.o64P (.const:ti_sysbios_gates_GateMutex_Module__id__C)
                  8001de0e    00000002     hello_p64P.o64P (.const:ti_sysbios_hal_Hwi_Module__id__C)
                  8001de10    00000002     hello_p64P.o64P (.const:ti_sysbios_heaps_HeapMem_Module__id__C)
                  8001de12    00000002     hello_p64P.o64P (.const:ti_sysbios_knl_Clock_Module__id__C)
                  8001de14    00000002     hello_p64P.o64P (.const:ti_sysbios_knl_Clock_Module__loggerDefined__C)
                  8001de16    00000002     hello_p64P.o64P (.const:ti_sysbios_knl_Semaphore_Module__id__C)
                  8001de18    00000002     hello_p64P.o64P (.const:ti_sysbios_knl_Semaphore_Module__loggerDefined__C)
                  8001de1a    00000002     hello_p64P.o64P (.const:ti_sysbios_knl_Swi_Module__id__C)
                  8001de1c    00000002     hello_p64P.o64P (.const:ti_sysbios_knl_Swi_Module__loggerDefined__C)
                  8001de1e    00000002     hello_p64P.o64P (.const:ti_sysbios_knl_Task_Module__id__C)
                  8001de20    00000002     hello_p64P.o64P (.const:ti_sysbios_knl_Task_Module__loggerDefined__C)
                  8001de22    00000002     hello_p64P.o64P (.const:ti_sysbios_knl_Task_initStackFlag__C)
                  8001de24    00000002     hello_p64P.o64P (.const:ti_sysbios_timers_timer64_Timer_Module__id__C)
                  8001de26    00000002     hello_p64P.o64P (.const:ti_sysbios_timers_timer64_Timer_startupNeeded__C)
                  8001de28    00000002     hello_p64P.o64P (.const:xdc_runtime_Core_Module__id__C)
                  8001de2a    00000002     hello_p64P.o64P (.const:xdc_runtime_Error_Module__loggerDefined__C)
                  8001de2c    00000002     hello_p64P.o64P (.const:xdc_runtime_Error_maxDepth__C)
                  8001de2e    00000002     hello_p64P.o64P (.const:xdc_runtime_LoggerBuf_Module__id__C)
                  8001de30    00000002     hello_p64P.o64P (.const:xdc_runtime_LoggerBuf_filterByLevel__C)
                  8001de32    00000002     hello_p64P.o64P (.const:xdc_runtime_Memory_Module__id__C)
                  8001de34    00000002     hello_p64P.o64P (.const:xdc_runtime_SysMin_flushAtExit__C)
                  8001de36    00000002     hello_p64P.o64P (.const:xdc_runtime_Text_charCnt__C)
                  8001de38    00000002     hello_p64P.o64P (.const:xdc_runtime_Text_isLoaded__C)
                  8001de3a    00000002     hello_p64P.o64P (.const:xdc_runtime_Text_registryModsLastId__C)
                  8001de3c    00000002     hello_p64P.o64P (.const:xdc_runtime_Text_unnamedModsLastId__C)

.stack     0    8001de40    00001000     UNINITIALIZED
                  8001de40    00000008     boot.a64P : boot.o64P (.stack)
                  8001de48    00000ff8     --HOLE--

.cinit     0    8001ee40    0000084c     
                  8001ee40    0000069c     hello_p64P.o64P (.cinit)
                  8001f4dc    00000004     --HOLE-- [fill = 0]
                  8001f4e0    0000005c     rts64plus.lib : defs.obj (.cinit)
                  8001f53c    00000004     --HOLE-- [fill = 0]
                  8001f540    0000005c                   : lowlev.obj (.cinit)
                  8001f59c    00000004     --HOLE-- [fill = 0]
                  8001f5a0    00000044     Ejemplo_comienzo.obj (.cinit)
                  8001f5e4    00000004     --HOLE-- [fill = 0]
                  8001f5e8    0000002c     rts64plus.lib : exit.obj (.cinit)
                  8001f614    00000004     --HOLE-- [fill = 0]
                  8001f618    0000001c                   : _lock.obj (.cinit)
                  8001f634    00000004     --HOLE-- [fill = 0]
                  8001f638    0000001c                   : atexit.obj (.cinit)
                  8001f654    00000004     --HOLE-- [fill = 0]
                  8001f658    0000000c                   : errno.obj (.cinit)
                  8001f664    00000004     --HOLE-- [fill = 0]
                  8001f668    0000000c                   : fopen.obj (.cinit)
                  8001f674    00000004     --HOLE-- [fill = 0]
                  8001f678    0000000c                   : sinit.obj (.cinit)
                  8001f684    00000004     --HOLE-- [fill = 0]
                  8001f688    00000004     (.pad.cinit) [fill = 0]

.cio       0    8001f690    00000120     UNINITIALIZED
                  8001f690    00000120     rts64plus.lib : trgmsg.obj (.cio)

.bss       0    8001f7b0    0000002c     UNINITIALIZED
                  8001f7b0    0000002c     Ejemplo_comienzo.obj (.bss)

.vecs      0    8001f800    00000200     
                  8001f800    00000200     hello_p64P.o64P (.vecs)

.switch    0    8001fa00    00000028     
                  8001fa00    00000028     rts64plus.lib : _scanfi.obj (.switch:__sset_arg)


GLOBAL SYMBOLS: SORTED ALPHABETICALLY BY Name 

address    name
--------   ----
8001f7b0   $bss
8001f7b0   .bss
ffffffff   .data
ffffffff   .text
80016f40   C$$EXIT
80015f18   C$$IO$$
80013340   _HOSTclose
80011b20   _HOSTgetenv
80011120   _HOSTlseek
80011c00   _HOSTopen
80012680   _HOSTread
8000f2c0   _HOSTrename
80012740   _HOSTunlink
80012800   _HOSTwrite
8001a740   _TSK_idle
8001f690   __CIOBUF_
8001ee40   __STACK_END
00001000   __STACK_SIZE
00000001   __TI_args_main
80000000   ___ASM__
80000070   ___ISA__
80000088   ___PLAT__
800000b0   ___TARG__
8001b87c   ___TI_enable_exit_profile_output
80015500   ___TI_init_pphandler
80016e00   ___TI_path_prof_out
80016e00   ___TI_pprof_out_hndl
00000154   ___TI_prof_data_size
00800000   ___TI_prof_data_start
800000d0   ___TRDR__
80016280   ___add_dtor
8001b4d0   ___atexit_func_id__
ffffffff   ___binit__
8001f7b0   ___bss__
ffffffff   ___c_args__
8001ee40   ___cinit__
ffffffff   ___data__
ffffffff   ___edata__
8001f7dc   ___end__
ffffffff   ___etext__
800162c0   ___isinf
ffffffff   ___pinit__
ffffffff   ___text__
80016e20   ___xdc__init
8001a9a4   ___xdc__init__addr
8000d0a0   __addd
80009720   __addf
80016340   __args_main
80011220   __auto_init
80010700   __buff_read
80012980   __c6xabi_divu
800138e0   __c6xabi_remu
800133e0   __cleanup
8001b874   __cleanup_ptr
80010820   __closefile
80011ce0   __cmpd
8001d318   __ctypes_
80013480   __cvtdf
80015560   __cvtfd
80004aa0   __divd
80013520   __divli
80012980   __divu
8000e760   __divul
8000af40   __divull
80012a40   __doflush
8001b878   __dtors_ptr
80014600   __fixdi
80013700   __fixdli
80014680   __fixfi
800137a0   __fixfli
80014700   __fltlid
80014780   __fltlif
8000d2a0   __frcaddd
80011320   __frcmpyd
80016380   __frcmpyd_div
800155c0   __frcmpyf
8001b4c8   __ft_end
8001b1a8   __ftable
80014800   __llshl
800163c0   __llshru
8001b880   __lock
8000b1a0   __mpyd
8000d4a0   __mpyf
80016400   __negd
80016e60   __negll
80016e80   __nop
8000b400   __output_path_profile_info
80007080   __printfi
80012b00   __rd_ok
80016ee0   __register_lock
80016f00   __register_unlock
80016440   __remli
800138e0   __remu
80016480   __remul
80015620   __remull
80014880   __renormd
80000dc0   __scanfi
8001de40   __stack
80015680   __subcull
800164c0   __subd
8001b388   __tmpnams
8001b884   __unlock
80011420   __wrt_ok
80016f40   _abort
8000dca0   _add_device
00000000   _argsize
80012bc0   _atexit
80011dc0   _atoi
8001f7d0   _borradorCaracter
8001f7b8   _borradorFloat
80013980   _c_int00
80011520   _call_dtors
80011ea0   _close
8001b890   _dtors
8001b4cc   _errno
80012c80   _exit
800156e0   _fclose
80015740   _feof
8000fd00   _fgetc
8000066c   _filtro_fir
80000830   _filtro_fir_intrinsicos
80000a10   _filtro_fir_unroll
800157a0   _fopen
8000c3e0   _fputc
80008100   _fputs
80015800   _free
80012060   _fscanf
80010dc0   _fseek
8000fd00   _getc
80016f60   _getenv
8001f7c0   _indiceCoeficiente
8001f7bc   _indiceValor
80013ac0   _lseek
80012d40   _ltoa
80000d80   _main
80013b60   _malloc
80015860   _memccpy
80013c00   _memcpy
80012140   _memset
8001f7cc   _nc
8001f7c8   _nv
80000000   _obtenerValores
8000f5c0   _open
80012220   _printf
8000c3e0   _putc
80013ca0   _read
80014900   _readmsg
80016f80   _remove
8001f7b0   _salida
8000d8a0   _setvbuf
80004fe0   _strtod
80006360   _strtol
80005500   _strtold
800067c0   _strtoll
80007900   _strtoul
80007d00   _strtoull
8001d86c   _ti_sysbios_BIOS_Module__diagsEnabled__C
8001dabc   _ti_sysbios_BIOS_Module__diagsIncluded__C
8001db24   _ti_sysbios_BIOS_Module__diagsMask__C
8001d41a   _ti_sysbios_BIOS_Module__id__C
8001a4a8   _ti_sysbios_BIOS_Module__state__V
80016fa0   _ti_sysbios_BIOS_RtsGateProxy_enter__E
80016fc0   _ti_sysbios_BIOS_RtsGateProxy_leave__E
80012e00   _ti_sysbios_BIOS_errorRaiseHook__I
80014980   _ti_sysbios_BIOS_exitFunc__I
8001db54   _ti_sysbios_BIOS_installedErrorHook__C
80016fe0   _ti_sysbios_BIOS_nullFunc__I
80015920   _ti_sysbios_BIOS_registerRTSLock__I
80016540   _ti_sysbios_BIOS_rtsLock__I
8000fba0   _ti_sysbios_BIOS_rtsUnlock__I
80017000   _ti_sysbios_BIOS_setThreadType__E
80016580   _ti_sysbios_BIOS_startFunc__I
80017020   _ti_sysbios_family_c62_TaskSupport_Module__startupDone__S
800165c0   _ti_sysbios_family_c62_TaskSupport_buildTaskStack
80017040   _ti_sysbios_family_c62_TaskSupport_checkStack__E
80017060   _ti_sysbios_family_c62_TaskSupport_glue
80014a00   _ti_sysbios_family_c62_TaskSupport_start__E
80014a80   _ti_sysbios_family_c62_TaskSupport_swap__E
8001dbc8   _ti_sysbios_family_c64p_Cache_MAR0_31__C
8001dbcc   _ti_sysbios_family_c64p_Cache_MAR128_159__C
8001dbd0   _ti_sysbios_family_c64p_Cache_MAR160_191__C
8001dbd4   _ti_sysbios_family_c64p_Cache_MAR192_223__C
8001dbd8   _ti_sysbios_family_c64p_Cache_MAR224_255__C
8001dbdc   _ti_sysbios_family_c64p_Cache_MAR32_63__C
8001dbe0   _ti_sysbios_family_c64p_Cache_MAR64_95__C
8001dbe4   _ti_sysbios_family_c64p_Cache_MAR96_127__C
8001a4c8   _ti_sysbios_family_c64p_Cache_Module__state__V
80017080   _ti_sysbios_family_c64p_Cache_Module_startup__E
8000a7c0   _ti_sysbios_family_c64p_Cache_Module_startup__F
8001db6c   _ti_sysbios_family_c64p_Cache_initSize__C
80015980   _ti_sysbios_family_c64p_Cache_setMar__E
8001dbe8   _ti_sysbios_family_c64p_Exception_E_exceptionMin__C
8001d946   _ti_sysbios_family_c64p_Exception_Module__id__C
8001a4cc   _ti_sysbios_family_c64p_Exception_Module__state__V
800170a0   _ti_sysbios_family_c64p_Exception_Module_startup__E
80013d40   _ti_sysbios_family_c64p_Exception_Module_startup__F
8000f8c0   _ti_sysbios_family_c64p_Exception_dispatch__E
8001dbec   _ti_sysbios_family_c64p_Exception_exceptionHook__C
8001dbf0   _ti_sysbios_family_c64p_Exception_externalHook__C
80001fa0   _ti_sysbios_family_c64p_Exception_handler__I
8000bb00   _ti_sysbios_family_c64p_Exception_internalHandler__I
8001dbf4   _ti_sysbios_family_c64p_Exception_internalHook__C
8001dbf8   _ti_sysbios_family_c64p_Exception_nmiHook__C
8001dada   _ti_sysbios_family_c64p_Exception_useInternalBuffer__C
8001f800   _ti_sysbios_family_c64p_Hwi0
8001dbfc   _ti_sysbios_family_c64p_Hwi_LD_end__C
8001dc00   _ti_sysbios_family_c64p_Hwi_LM_begin__C
8001dc04   _ti_sysbios_family_c64p_Hwi_Module__diagsEnabled__C
8001dc08   _ti_sysbios_family_c64p_Hwi_Module__diagsIncluded__C
8001dc0c   _ti_sysbios_family_c64p_Hwi_Module__diagsMask__C
8001db6a   _ti_sysbios_family_c64p_Hwi_Module__id__C
8001dbc6   _ti_sysbios_family_c64p_Hwi_Module__loggerDefined__C
8001dc10   _ti_sysbios_family_c64p_Hwi_Module__loggerFxn1__C
8001dc14   _ti_sysbios_family_c64p_Hwi_Module__loggerFxn8__C
8001dc18   _ti_sysbios_family_c64p_Hwi_Module__loggerObj__C
8001a4fc   _ti_sysbios_family_c64p_Hwi_Module__root__V
80016600   _ti_sysbios_family_c64p_Hwi_Module__startupDone__F
800170c0   _ti_sysbios_family_c64p_Hwi_Module__startupDone__S
8001a520   _ti_sysbios_family_c64p_Hwi_Module__state__V
800170e0   _ti_sysbios_family_c64p_Hwi_Module_startup__E
8000ff80   _ti_sysbios_family_c64p_Hwi_Module_startup__F
8001a508   _ti_sysbios_family_c64p_Hwi_Object__table__V
80017100   _ti_sysbios_family_c64p_Hwi_clearInterrupt__E
80016640   _ti_sysbios_family_c64p_Hwi_disableInterrupt__E
8000daa0   _ti_sysbios_family_c64p_Hwi_dispatchAlways
80009420   _ti_sysbios_family_c64p_Hwi_dispatchC__I
80016680   _ti_sysbios_family_c64p_Hwi_enableInterrupt__E
80013de0   _ti_sysbios_family_c64p_Hwi_getStackInfo__E
8001f800   _ti_sysbios_family_c64p_Hwi_int0
8001f820   _ti_sysbios_family_c64p_Hwi_int1
8001f940   _ti_sysbios_family_c64p_Hwi_int10
8001f960   _ti_sysbios_family_c64p_Hwi_int11
8001f980   _ti_sysbios_family_c64p_Hwi_int12
8001f9a0   _ti_sysbios_family_c64p_Hwi_int13
8001f9c0   _ti_sysbios_family_c64p_Hwi_int14
8001f9e0   _ti_sysbios_family_c64p_Hwi_int15
8001f840   _ti_sysbios_family_c64p_Hwi_int2
8001f860   _ti_sysbios_family_c64p_Hwi_int3
8001f880   _ti_sysbios_family_c64p_Hwi_int4
8001f8a0   _ti_sysbios_family_c64p_Hwi_int5
8001f8c0   _ti_sysbios_family_c64p_Hwi_int6
8001f8e0   _ti_sysbios_family_c64p_Hwi_int7
8001f900   _ti_sysbios_family_c64p_Hwi_int8
8001f920   _ti_sysbios_family_c64p_Hwi_int9
80017120   _ti_sysbios_family_c64p_Hwi_startup__E
80017140   _ti_sysbios_family_c64p_Hwi_switchFromBootStack__E
80017160   _ti_sysbios_family_c64p_TimestampProvider_Module_startup__E
80017180   _ti_sysbios_family_c64p_TimestampProvider_Module_startup__F
800171a0   _ti_sysbios_family_c64p_TimestampProvider_get64__E
800166c0   _ti_sysbios_family_c64p_tci6482_TimerSupport_enable__E
80016700   _ti_sysbios_family_xxx_Hwi_switchToIsrStack
800171c0   _ti_sysbios_family_xxx_Hwi_switchToTaskStack
800159e0   _ti_sysbios_gates_GateHwi_Handle__label__S
800171e0   _ti_sysbios_gates_GateHwi_Instance_init__F
8001d948   _ti_sysbios_gates_GateHwi_Module__FXNS__C
8001a588   _ti_sysbios_gates_GateHwi_Module__root__V
8001d9fc   _ti_sysbios_gates_GateHwi_Object__DESC__C
8001dadc   _ti_sysbios_gates_GateHwi_Object__PARAMS__C
80014b00   _ti_sysbios_gates_GateHwi_Object__create__S
80015a40   _ti_sysbios_gates_GateHwi_Object__delete__S
8001a590   _ti_sysbios_gates_GateHwi_Object__table__V
80017200   _ti_sysbios_gates_GateHwi_enter__E
80017220   _ti_sysbios_gates_GateHwi_leave__E
80017240   _ti_sysbios_gates_GateHwi_query__E
80017260   _ti_sysbios_gates_GateHwi_query__F
[...]
80017140   _ti_sysbios_family_c64p_Hwi_switchFromBootStack__E
80017160   _ti_sysbios_family_c64p_TimestampProvider_Module_startup__E
80017180   _ti_sysbios_family_c64p_TimestampProvider_Module_startup__F
800171a0   _ti_sysbios_family_c64p_TimestampProvider_get64__E
800171c0   _ti_sysbios_family_xxx_Hwi_switchToTaskStack
800171e0   _ti_sysbios_gates_GateHwi_Instance_init__F
80017200   _ti_sysbios_gates_GateHwi_enter__E
80017220   _ti_sysbios_gates_GateHwi_leave__E
80017240   _ti_sysbios_gates_GateHwi_query__E
80017260   _ti_sysbios_gates_GateHwi_query__F
80017280   _ti_sysbios_gates_GateMutex_Instance_finalize__F
800172a0   _ti_sysbios_gates_GateMutex_query__E
800172c0   _ti_sysbios_gates_GateMutex_query__F
800172e0   _ti_sysbios_hal_Hwi_HwiProxy_Module__startupDone__S
80017300   _ti_sysbios_hal_Hwi_HwiProxy_clearInterrupt__E
80017320   _ti_sysbios_hal_Hwi_HwiProxy_disableInterrupt__E
80017340   _ti_sysbios_hal_Hwi_HwiProxy_enableInterrupt__E
80017360   _ti_sysbios_hal_Hwi_HwiProxy_getStackInfo__E
80017380   _ti_sysbios_hal_Hwi_HwiProxy_startup__E
800173a0   _ti_sysbios_hal_Hwi_HwiProxy_switchFromBootStack__E
800173c0   _ti_sysbios_hal_Hwi_Module_startup__E
800173e0   _ti_sysbios_hal_Hwi_Module_startup__F
80017400   _ti_sysbios_hal_Hwi_startup__E
80017420   _ti_sysbios_hal_Timer_Module__startupDone__S
80017440   _ti_sysbios_hal_Timer_Module_startup__E
80017460   _ti_sysbios_hal_Timer_Module_startup__F
80017480   _ti_sysbios_hal_Timer_TimerProxy_Module__startupDone__S
800174a0   _ti_sysbios_hal_Timer_TimerProxy_getPeriod__E
800174c0   _ti_sysbios_hal_Timer_TimerProxy_startup__E
800174e0   _ti_sysbios_hal_Timer_startup__E
80017500   _ti_sysbios_heaps_HeapMem_Module_GateProxy_enter__E
80017520   _ti_sysbios_heaps_HeapMem_Module_GateProxy_leave__E
80017540   _ti_sysbios_heaps_HeapMem_Module_GateProxy_query__E
80017560   _ti_sysbios_heaps_HeapMem_isBlocking__E
800175a0   _ti_sysbios_knl_Clock_Module_startup__E
800175c0   _ti_sysbios_knl_Idle_loop__E
800175e0   _ti_sysbios_knl_Queue_Instance_init__F
80017600   _ti_sysbios_knl_Queue_empty__E
80017620   _ti_sysbios_knl_Semaphore_Instance_finalize__F
80017640   _ti_sysbios_knl_Swi_Module_startup__E
80017660   _ti_sysbios_knl_Swi_disable__E
80017680   _ti_sysbios_knl_Task_Module_startup__E
800176a0   _ti_sysbios_knl_Task_SupportProxy_Module__startupDone__S
800176c0   _ti_sysbios_knl_Task_SupportProxy_checkStack__E
800176e0   _ti_sysbios_knl_Task_SupportProxy_swap__E
80017700   _ti_sysbios_knl_Task_disable__E
80017720   _ti_sysbios_knl_Task_startup__E
80017740   _ti_sysbios_timers_timer64_Timer_Module__startupDone__S
80017760   _ti_sysbios_timers_timer64_Timer_Module_startup__E
80017780   _ti_sysbios_timers_timer64_Timer_TimerSupportProxy_enable__E
800177c0   _xdc_runtime_Error_check__E
800177e0   _xdc_runtime_Error_init__E
80017800   _xdc_runtime_Error_print__E
80017820   _xdc_runtime_Gate_enterSystem__F
80017840   _xdc_runtime_Gate_leaveSystem__F
80017860   _xdc_runtime_LoggerBuf_Module_GateProxy_enter__E
80017880   _xdc_runtime_LoggerBuf_Module_GateProxy_leave__E
800178a0   _xdc_runtime_LoggerBuf_Module_startup__E
800178c0   _xdc_runtime_LoggerBuf_TimestampProxy_get64__E
800178e0   _xdc_runtime_LoggerBuf_disable__E
80017900   _xdc_runtime_LoggerBuf_disable__F
80017920   _xdc_runtime_LoggerBuf_enable__E
80017940   _xdc_runtime_LoggerBuf_enable__F
80017960   _xdc_runtime_LoggerBuf_getFilterLevel__E
80017980   _xdc_runtime_LoggerBuf_write1__F
800179a0   _xdc_runtime_LoggerBuf_write2__F
800179c0   _xdc_runtime_Memory_HeapProxy_free__E
800179e0   _xdc_runtime_Memory_free__E
80017a00   _xdc_runtime_Startup_reset__I
80017a20   _xdc_runtime_SysMin_Module_startup__E
80017a40   _xdc_runtime_SysMin_abort__E
80017a60   _xdc_runtime_SysMin_exit__E
80017a80   _xdc_runtime_SysMin_putch__E
80017aa0   _xdc_runtime_SysMin_ready__E
80017ac0   _xdc_runtime_SysMin_ready__F
80017ae0   _xdc_runtime_System_Module_GateProxy_enter__E
80017b00   _xdc_runtime_System_Module_GateProxy_leave__E
80017b20   _xdc_runtime_System_Module_startup__E
80017b40   _xdc_runtime_System_Module_startup__F
80017b60   _xdc_runtime_System_SupportProxy_abort__E
80017b80   _xdc_runtime_System_SupportProxy_exit__E
80017ba0   _xdc_runtime_System_SupportProxy_putch__E
80017bc0   _xdc_runtime_System_SupportProxy_ready__E
80017be0   _xdc_runtime_System_atexit__E
80017c00   _xdc_runtime_System_exit__F
80017c20   _xdc_runtime_System_lastFxn__I
80017c40   _xdc_runtime_System_snprintf_va__F
80017c40   _xdc_runtime_System_vsnprintf__F
80017c60   _xdc_runtime_Text_putLab__E
80017c80   _xdc_runtime_Text_putSite__E
80017ca0   _ti_sysbios_heaps_HeapMem_Instance_State_0_buf__A
80019ca0   _ti_sysbios_knl_Task_Instance_State_0_hookEnv__A
80019ca8   _xdc_runtime_LoggerBuf_Instance_State_0_entryArr__A
8001a0a8   _xdc_runtime_SysMin_Module_State_0_outbuf__A
8001a4a8   _ti_sysbios_BIOS_Module__state__V
8001a4c8   _ti_sysbios_family_c64p_Cache_Module__state__V
8001a4cc   _ti_sysbios_family_c64p_Exception_Module__state__V
8001a4fc   _ti_sysbios_family_c64p_Hwi_Module__root__V
8001a508   _ti_sysbios_family_c64p_Hwi_Object__table__V
8001a520   _ti_sysbios_family_c64p_Hwi_Module__state__V
8001a588   _ti_sysbios_gates_GateHwi_Module__root__V
8001a590   _ti_sysbios_gates_GateHwi_Object__table__V
8001a594   _ti_sysbios_gates_GateMutex_Module__root__V
8001a5a0   _ti_sysbios_gates_GateMutex_Object__table__V
8001a5e0   _ti_sysbios_hal_Hwi_Module__root__V
8001a5e8   _ti_sysbios_hal_Hwi_Object__table__V
8001a5f0   _ti_sysbios_hal_Timer_Module__root__V
8001a5f8   _ti_sysbios_hal_Timer_Object__table__V
8001a600   _ti_sysbios_heaps_HeapMem_Module__root__V
8001a608   _ti_sysbios_heaps_HeapMem_Object__table__V
8001a620   _ti_sysbios_knl_Clock_Module__root__V
8001a628   _ti_sysbios_knl_Clock_Module__state__V
8001a650   _ti_sysbios_knl_Queue_Module__root__V
8001a658   _ti_sysbios_knl_Semaphore_Module__root__V
8001a660   _ti_sysbios_knl_Swi_Module__root__V
8001a668   _ti_sysbios_knl_Swi_Object__table__V
8001a698   _ti_sysbios_knl_Swi_Module_State_0_readyQ__A
8001a718   _ti_sysbios_knl_Swi_Module__state__V
8001a734   _ti_sysbios_knl_Task_Module__root__V
8001a740   _TSK_idle
8001a740   _ti_sysbios_knl_Task_Object__table__V
8001a790   _ti_sysbios_knl_Task_Module_State_0_readyQ__A
8001a810   _ti_sysbios_knl_Task_Module_State_0_idleTask__A
8001a814   _ti_sysbios_knl_Task_Module__state__V
8001a858   _ti_sysbios_timers_timer64_Timer_Module__root__V
8001a860   _ti_sysbios_timers_timer64_Timer_Object__table__V
8001a8b0   _ti_sysbios_timers_timer64_Timer_Module_State_0_intFreqs__A
8001a8c0   _ti_sysbios_timers_timer64_Timer_Module_State_0_gctrl__A
8001a8d0   _ti_sysbios_timers_timer64_Timer_Module_State_0_device__A
8001a900   _ti_sysbios_timers_timer64_Timer_Module_State_0_handles__A
8001a910   _ti_sysbios_timers_timer64_Timer_Module__state__V
8001a924   _xdc_runtime_Error_Module__state__V
8001a928   _xdc_runtime_LoggerBuf_Module__root__V
8001a930   _xdc_runtime_LoggerBuf_Object__table__V
8001a954   _xdc_runtime_LoggerBuf_Module__state__V
8001a95c   _xdc_runtime_Memory_Module__state__V
8001a960   _xdc_runtime_Registry_Module__state__V
8001a968   _xdc_runtime_Startup_Module__state__V
8001a970   _xdc_runtime_SysMin_Module__state__V
8001a980   _xdc_runtime_System_Module_State_0_atexitHandlers__A
8001a990   _xdc_runtime_System_Module__state__V
8001a99c   _xdc_runtime_Text_Module__state__V
8001a9a4   ___xdc__init__addr
8001a9a8   _ti_sysbios_knl_Task_Instance_State_0_stack__A
8001b1a8   __ftable
8001b388   __tmpnams
8001b4c8   __ft_end
8001b4cc   _errno
8001b4d0   ___atexit_func_id__
8001b840   _v_datos_default
8001b868   _v_coef_default
8001b874   __cleanup_ptr
8001b878   __dtors_ptr
8001b87c   ___TI_enable_exit_profile_output
8001b880   __lock
8001b884   __unlock
8001b890   _dtors
8001b898   _xdc_runtime_Text_charTab__A
8001d318   __ctypes_
8001d41a   _ti_sysbios_BIOS_Module__id__C
8001d420   _xdc_runtime_Text_nodeTab__A
8001d7f8   _xdc_runtime_LoggerBuf_Module__FXNS__C
8001d86c   _ti_sysbios_BIOS_Module__diagsEnabled__C
8001d870   _xdc_runtime_Startup_sfxnTab__A
8001d8d0   _ti_sysbios_heaps_HeapMem_Module__FXNS__C
8001d8f8   _xdc_runtime_LoggerBuf_Object__PARAMS__C
8001d946   _ti_sysbios_family_c64p_Exception_Module__id__C
8001d948   _ti_sysbios_gates_GateHwi_Module__FXNS__C
8001d96c   _ti_sysbios_gates_GateMutex_Module__FXNS__C
8001d990   _ti_sysbios_heaps_HeapMem_Object__PARAMS__C
8001d9b4   _ti_sysbios_knl_Semaphore_Object__PARAMS__C
8001d9fc   _ti_sysbios_gates_GateHwi_Object__DESC__C
8001da1c   _ti_sysbios_gates_GateMutex_Object__DESC__C
8001da3c   _ti_sysbios_heaps_HeapMem_Object__DESC__C
8001da5c   _ti_sysbios_knl_Queue_Object__DESC__C
8001da7c   _ti_sysbios_knl_Semaphore_Object__DESC__C
8001da9c   _xdc_runtime_LoggerBuf_Object__DESC__C
8001dabc   _ti_sysbios_BIOS_Module__diagsIncluded__C
8001dac0   _xdc_runtime_Startup_sfxnRts__A
8001dada   _ti_sysbios_family_c64p_Exception_useInternalBuffer__C
8001dadc   _ti_sysbios_gates_GateHwi_Object__PARAMS__C
8001daf4   _ti_sysbios_gates_GateMutex_Object__PARAMS__C
8001db0c   _ti_sysbios_knl_Queue_Object__PARAMS__C
8001db24   _ti_sysbios_BIOS_Module__diagsMask__C
8001db28   _ti_sysbios_knl_Task_hooks__A
8001db54   _ti_sysbios_BIOS_installedErrorHook__C
8001db6a   _ti_sysbios_family_c64p_Hwi_Module__id__C
8001db6c   _ti_sysbios_family_c64p_Cache_initSize__C
8001db88   _ti_sysbios_knl_Idle_coreList__C
8001db90   _ti_sysbios_knl_Idle_funcList__C
8001db98   _ti_sysbios_knl_Task_hooks__C
8001dba0   _xdc_runtime_Startup_firstFxns__A
8001dba8   _xdc_runtime_Startup_firstFxns__C
8001dbb0   _xdc_runtime_Startup_lastFxns__C
8001dbc6   _ti_sysbios_family_c64p_Hwi_Module__loggerDefined__C
8001dbc8   _ti_sysbios_family_c64p_Cache_MAR0_31__C
8001dbcc   _ti_sysbios_family_c64p_Cache_MAR128_159__C
8001dbd0   _ti_sysbios_family_c64p_Cache_MAR160_191__C
8001dbd4   _ti_sysbios_family_c64p_Cache_MAR192_223__C
8001dbd8   _ti_sysbios_family_c64p_Cache_MAR224_255__C
8001dbdc   _ti_sysbios_family_c64p_Cache_MAR32_63__C
8001dbe0   _ti_sysbios_family_c64p_Cache_MAR64_95__C
8001dbe4   _ti_sysbios_family_c64p_Cache_MAR96_127__C
8001dbe8   _ti_sysbios_family_c64p_Exception_E_exceptionMin__C
8001dbec   _ti_sysbios_family_c64p_Exception_exceptionHook__C
8001dbf0   _ti_sysbios_family_c64p_Exception_externalHook__C
8001dbf4   _ti_sysbios_family_c64p_Exception_internalHook__C
8001dbf8   _ti_sysbios_family_c64p_Exception_nmiHook__C
8001dbfc   _ti_sysbios_family_c64p_Hwi_LD_end__C
8001dc00   _ti_sysbios_family_c64p_Hwi_LM_begin__C
8001dc04   _ti_sysbios_family_c64p_Hwi_Module__diagsEnabled__C
8001dc08   _ti_sysbios_family_c64p_Hwi_Module__diagsIncluded__C
8001dc0c   _ti_sysbios_family_c64p_Hwi_Module__diagsMask__C
8001dc10   _ti_sysbios_family_c64p_Hwi_Module__loggerFxn1__C
8001dc14   _ti_sysbios_family_c64p_Hwi_Module__loggerFxn8__C
8001dc18   _ti_sysbios_family_c64p_Hwi_Module__loggerObj__C
8001dc1c   _ti_sysbios_gates_GateMutex_A_badContext__C
8001dc20   _ti_sysbios_gates_GateMutex_Instance_State_sem__O
8001dc24   _ti_sysbios_gates_GateMutex_Module__diagsEnabled__C
8001dc28   _ti_sysbios_gates_GateMutex_Module__diagsIncluded__C
8001dc2c   _ti_sysbios_gates_GateMutex_Module__diagsMask__C
8001dc30   _ti_sysbios_hal_Hwi_E_stackOverflow__C
8001dc34   _ti_sysbios_heaps_HeapMem_A_align__C
8001dc38   _ti_sysbios_heaps_HeapMem_A_heapSize__C
8001dc3c   _ti_sysbios_heaps_HeapMem_A_invalidFree__C
8001dc40   _ti_sysbios_heaps_HeapMem_A_zeroBlock__C
8001dc44   _ti_sysbios_heaps_HeapMem_E_memory__C
8001dc48   _ti_sysbios_heaps_HeapMem_Module__diagsEnabled__C
8001dc4c   _ti_sysbios_heaps_HeapMem_Module__diagsIncluded__C
8001dc50   _ti_sysbios_heaps_HeapMem_Module__diagsMask__C
8001dc54   _ti_sysbios_heaps_HeapMem_Module__gateObj__C
8001dc58   _ti_sysbios_heaps_HeapMem_Object__count__C
8001dc5c   _ti_sysbios_heaps_HeapMem_Object__table__C
8001dc60   _ti_sysbios_heaps_HeapMem_reqAlign__C
8001dc64   _ti_sysbios_knl_Clock_LM_begin__C
8001dc68   _ti_sysbios_knl_Clock_LM_tick__C
8001dc6c   _ti_sysbios_knl_Clock_LW_delayed__C
8001dc70   _ti_sysbios_knl_Clock_Module_State_clockQ__O
8001dc74   _ti_sysbios_knl_Clock_Module__diagsEnabled__C
8001dc78   _ti_sysbios_knl_Clock_Module__diagsIncluded__C
8001dc7c   _ti_sysbios_knl_Clock_Module__diagsMask__C
8001dc80   _ti_sysbios_knl_Clock_Module__loggerFxn1__C
8001dc84   _ti_sysbios_knl_Clock_Module__loggerFxn2__C
8001dc88   _ti_sysbios_knl_Clock_Module__loggerObj__C
8001dc8c   _ti_sysbios_knl_Queue_Object__count__C
8001dc90   _ti_sysbios_knl_Idle_coreList__A
8001dc94   _ti_sysbios_knl_Queue_Object__table__C
8001dc98   _ti_sysbios_knl_Idle_funcList__A
8001dc9c   _ti_sysbios_knl_Semaphore_A_badContext__C
8001dca0   _ti_sysbios_knl_Semaphore_A_noEvents__C
8001dca4   _ti_sysbios_knl_Semaphore_A_overflow__C
8001dca8   _ti_sysbios_knl_Semaphore_A_pendTaskDisabled__C
8001dcac   _ti_sysbios_knl_Semaphore_Instance_State_pendQ__O
8001dcb0   _ti_sysbios_knl_Semaphore_LM_pend__C
8001dcb4   _ti_sysbios_knl_Semaphore_LM_post__C
8001dcb8   _ti_sysbios_knl_Semaphore_Module__diagsEnabled__C
8001dcbc   _ti_sysbios_knl_Semaphore_Module__diagsIncluded__C
8001dcc0   _ti_sysbios_knl_Semaphore_Module__diagsMask__C
8001dcc4   _ti_sysbios_knl_Semaphore_Module__loggerFxn2__C
8001dcc8   _ti_sysbios_knl_Semaphore_Module__loggerFxn4__C
8001dccc   _ti_sysbios_knl_Semaphore_Module__loggerObj__C
8001dcd0   _ti_sysbios_knl_Swi_LD_end__C
8001dcd4   _ti_sysbios_knl_Swi_LM_begin__C
8001dcd8   _ti_sysbios_knl_Swi_LM_post__C
8001dcdc   _ti_sysbios_knl_Swi_Module__diagsEnabled__C
8001dce0   _ti_sysbios_knl_Swi_Module__diagsIncluded__C
8001dce4   _ti_sysbios_knl_Swi_Module__diagsMask__C
8001dce8   _ti_sysbios_knl_Swi_Module__loggerFxn1__C
8001dcec   _ti_sysbios_knl_Swi_Module__loggerFxn4__C
8001dcf0   _ti_sysbios_knl_Swi_Module__loggerObj__C
8001dcf4   _ti_sysbios_knl_Swi_Object__count__C
8001dcf8   _ti_sysbios_knl_Swi_Object__table__C
8001dcfc   _ti_sysbios_knl_Task_E_spOutOfBounds__C
8001dd00   _ti_sysbios_knl_Task_E_stackOverflow__C
8001dd04   _ti_sysbios_knl_Task_LD_block__C
8001dd08   _ti_sysbios_knl_Task_LD_exit__C
8001dd0c   _ti_sysbios_knl_Task_LD_ready__C
8001dd10   _ti_sysbios_knl_Task_LM_switch__C
8001dd14   _ti_sysbios_knl_Task_Module_State_inactiveQ__O
8001dd18   _ti_sysbios_knl_Task_Module__diagsEnabled__C
8001dd1c   _ti_sysbios_knl_Task_Module__diagsIncluded__C
8001dd20   _ti_sysbios_knl_Task_Module__diagsMask__C
8001dd24   _ti_sysbios_knl_Task_Module__loggerFxn2__C
8001dd28   _ti_sysbios_knl_Task_Module__loggerFxn4__C
8001dd2c   _ti_sysbios_knl_Task_Module__loggerObj__C
8001dd30   _ti_sysbios_knl_Task_Object__count__C
8001dd34   _ti_sysbios_knl_Task_Object__table__C
8001dd38   _ti_sysbios_knl_Task_allBlockedFunc__C
8001dd3c   _ti_sysbios_knl_Task_numConstructedTasks__C
8001dd40   _ti_sysbios_timers_timer64_Timer_A_notAvailable__C
8001dd44   _ti_sysbios_timers_timer64_Timer_E_cannotSupport__C
8001dd48   _ti_sysbios_timers_timer64_Timer_Module__diagsEnabled__C
8001dd4c   _ti_sysbios_timers_timer64_Timer_Module__diagsIncluded__C
8001dd50   _ti_sysbios_timers_timer64_Timer_Module__diagsMask__C
8001dd54   _ti_sysbios_timers_timer64_Timer_anyMask__C
8001dd58   _ti_sysbios_timers_timer64_Timer_freqDivisor__C
8001dd5c   _ti_sysbios_timers_timer64_Timer_numLocalTimers__C
8001dd60   _ti_sysbios_timers_timer64_Timer_numTimerDevices__C
8001dd64   _xdc_runtime_Assert_E_assertFailed__C
8001dd68   _xdc_runtime_Core_A_initializedParams__C
8001dd6c   _xdc_runtime_Core_Module__diagsEnabled__C
8001dd70   _xdc_runtime_Core_Module__diagsIncluded__C
8001dd74   _xdc_runtime_Core_Module__diagsMask__C
8001dd78   _xdc_runtime_Error_E_memory__C
8001dd7c   _xdc_runtime_Error_Module__diagsEnabled__C
8001dd80   _xdc_runtime_Error_Module__diagsIncluded__C
8001dd84   _xdc_runtime_Error_Module__diagsMask__C
8001dd88   _xdc_runtime_Error_Module__loggerFxn8__C
8001dd8c   _xdc_runtime_Error_Module__loggerObj__C
8001dd90   _xdc_runtime_Error_policy__C
8001dd94   _xdc_runtime_Error_raiseHook__C
8001dd98   _xdc_runtime_IFilterLogger_Interface__BASE__C
8001dd9c   _xdc_runtime_IGateProvider_Interface__BASE__C
8001dda0   _xdc_runtime_IHeap_Interface__BASE__C
8001dda4   _xdc_runtime_ILogger_Interface__BASE__C
8001dda8   _xdc_runtime_IModule_Interface__BASE__C
8001ddac   _xdc_runtime_Log_L_error__C
8001ddb0   _xdc_runtime_LoggerBuf_E_badLevel__C
8001ddb4   _xdc_runtime_LoggerBuf_Module__gateObj__C
8001ddb8   _xdc_runtime_LoggerBuf_Object__count__C
8001ddbc   _xdc_runtime_LoggerBuf_Object__table__C
8001ddc0   _xdc_runtime_LoggerBuf_statusLogger__C
8001ddc4   _xdc_runtime_Memory_defaultHeapInstance__C
8001ddc8   _xdc_runtime_Startup_execImpl__C
8001ddcc   _xdc_runtime_Startup_maxPasses__C
8001ddd0   _xdc_runtime_Startup_lastFxns__A
8001ddd4   _xdc_runtime_Startup_sfxnRts__C
8001ddd8   _xdc_runtime_Startup_sfxnTab__C
8001dddc   _xdc_runtime_Startup_startModsFxn__C
8001dde0   _xdc_runtime_SysMin_bufSize__C
8001dde4   _xdc_runtime_SysMin_outputFunc__C
8001dde8   _xdc_runtime_System_Module__gateObj__C
8001ddec   _xdc_runtime_System_extendFxn__C
8001ddf0   _xdc_runtime_System_maxAtexitHandlers__C
8001ddf4   _xdc_runtime_Text_charTab__C
8001ddf8   _xdc_runtime_Text_nameEmpty__C
8001ddfc   _xdc_runtime_Text_nameStatic__C
8001de00   _xdc_runtime_Text_nameUnknown__C
8001de04   _xdc_runtime_Text_nodeTab__C
8001de08   _xdc_runtime_Text_visitRopeFxn__C
8001de0c   _ti_sysbios_gates_GateMutex_Module__id__C
8001de0e   _ti_sysbios_hal_Hwi_Module__id__C
8001de10   _ti_sysbios_heaps_HeapMem_Module__id__C
8001de12   _ti_sysbios_knl_Clock_Module__id__C
8001de14   _ti_sysbios_knl_Clock_Module__loggerDefined__C
8001de16   _ti_sysbios_knl_Semaphore_Module__id__C
8001de18   _ti_sysbios_knl_Semaphore_Module__loggerDefined__C
8001de1a   _ti_sysbios_knl_Swi_Module__id__C
8001de1c   _ti_sysbios_knl_Swi_Module__loggerDefined__C
8001de1e   _ti_sysbios_knl_Task_Module__id__C
8001de20   _ti_sysbios_knl_Task_Module__loggerDefined__C
8001de22   _ti_sysbios_knl_Task_initStackFlag__C
8001de24   _ti_sysbios_timers_timer64_Timer_Module__id__C
8001de26   _ti_sysbios_timers_timer64_Timer_startupNeeded__C
8001de28   _xdc_runtime_Core_Module__id__C
8001de2a   _xdc_runtime_Error_Module__loggerDefined__C
8001de2c   _xdc_runtime_Error_maxDepth__C
8001de2e   _xdc_runtime_LoggerBuf_Module__id__C
8001de30   _xdc_runtime_LoggerBuf_filterByLevel__C
8001de32   _xdc_runtime_Memory_Module__id__C
8001de34   _xdc_runtime_SysMin_flushAtExit__C
8001de36   _xdc_runtime_Text_charCnt__C
8001de38   _xdc_runtime_Text_isLoaded__C
8001de3a   _xdc_runtime_Text_registryModsLastId__C
8001de3c   _xdc_runtime_Text_unnamedModsLastId__C
8001de40   __stack
8001ee40   __STACK_END
8001ee40   ___cinit__
8001ee40   cinit
8001f690   __CIOBUF_
8001f7b0   $bss
8001f7b0   .bss
8001f7b0   ___bss__
8001f7b0   _salida
8001f7b4   _valorEntrada
8001f7b8   _borradorFloat
8001f7bc   _indiceValor
8001f7c0   _indiceCoeficiente
8001f7c4   _tmp
8001f7c8   _nv
8001f7cc   _nc
8001f7d0   _borradorCaracter
8001f7d4   _v_coef
8001f7d8   _v_datos
8001f7dc   ___end__
8001f7dc   end
8001f800   _ti_sysbios_family_c64p_Hwi0
8001f800   _ti_sysbios_family_c64p_Hwi_int0
8001f820   _ti_sysbios_family_c64p_Hwi_int1
8001f840   _ti_sysbios_family_c64p_Hwi_int2
8001f860   _ti_sysbios_family_c64p_Hwi_int3
8001f880   _ti_sysbios_family_c64p_Hwi_int4
8001f8a0   _ti_sysbios_family_c64p_Hwi_int5
8001f8c0   _ti_sysbios_family_c64p_Hwi_int6
8001f8e0   _ti_sysbios_family_c64p_Hwi_int7
8001f900   _ti_sysbios_family_c64p_Hwi_int8
8001f920   _ti_sysbios_family_c64p_Hwi_int9
8001f940   _ti_sysbios_family_c64p_Hwi_int10
8001f960   _ti_sysbios_family_c64p_Hwi_int11
8001f980   _ti_sysbios_family_c64p_Hwi_int12
8001f9a0   _ti_sysbios_family_c64p_Hwi_int13
8001f9c0   _ti_sysbios_family_c64p_Hwi_int14
8001f9e0   _ti_sysbios_family_c64p_Hwi_int15
ffffffff   .data
ffffffff   .text
ffffffff   ___binit__
ffffffff   ___c_args__
ffffffff   ___data__
ffffffff   ___edata__
ffffffff   ___etext__
ffffffff   ___pinit__
ffffffff   ___text__
ffffffff   binit
ffffffff   edata
ffffffff   etext
ffffffff   pinit

[706 symbols]
