<?xml version="1.0"?>
<link_info>
   <banner>TMS320C6x Linker PC v7.4.4</banner>
   <copyright>Copyright (c) 1996-2013 Texas Instruments Incorporated</copyright>
   <link_time>0x6013de27</link_time>
   <output_file>basico_main.out</output_file>
   <entry_point>
      <name>_c_int00</name>
      <address>0x80013980</address>
   </entry_point>
   <input_file_list>
      <input_file id="fl-3">
         <path>C:\git\ARQAVANZADA\ComposeStudioFiltroFir\basico_main\Debug\configPkg\package\cfg\</path>
         <kind>object</kind>
         <file>hello_p64P.o64P</file>
         <name>hello_p64P.o64P</name>
      </input_file>
      <input_file id="fl-7">
         <path>.\</path>
         <kind>object</kind>
         <file>utils.obj</file>
         <name>utils.obj</name>
      </input_file>
      <input_file id="fl-8">
         <path>.\</path>
         <kind>object</kind>
         <file>Ejemplo_comienzo.obj</file>
         <name>Ejemplo_comienzo.obj</name>
      </input_file>
      <input_file id="fl-b">
         <path>C:\git\ARQAVANZADA\ComposeStudioFiltroFir\basico_main\src\sysbios\</path>
         <kind>archive</kind>
         <file>sysbios.a64P</file>
         <name>BIOS.obj</name>
      </input_file>
      <input_file id="fl-c">
         <path>C:\git\ARQAVANZADA\ComposeStudioFiltroFir\basico_main\src\sysbios\</path>
         <kind>archive</kind>
         <file>sysbios.a64P</file>
         <name>c64p_Hwi_disp_always.obj</name>
      </input_file>
      <input_file id="fl-d">
         <path>C:\git\ARQAVANZADA\ComposeStudioFiltroFir\basico_main\src\sysbios\</path>
         <kind>archive</kind>
         <file>sysbios.a64P</file>
         <name>c64p_Hwi_asm.obj</name>
      </input_file>
      <input_file id="fl-e">
         <path>C:\git\ARQAVANZADA\ComposeStudioFiltroFir\basico_main\src\sysbios\</path>
         <kind>archive</kind>
         <file>sysbios.a64P</file>
         <name>c64p_Hwi_asm_switch.obj</name>
      </input_file>
      <input_file id="fl-f">
         <path>C:\git\ARQAVANZADA\ComposeStudioFiltroFir\basico_main\src\sysbios\</path>
         <kind>archive</kind>
         <file>sysbios.a64P</file>
         <name>c64p_Exception_asm.obj</name>
      </input_file>
      <input_file id="fl-10">
         <path>C:\git\ARQAVANZADA\ComposeStudioFiltroFir\basico_main\src\sysbios\</path>
         <kind>archive</kind>
         <file>sysbios.a64P</file>
         <name>c62_TaskSupport_asm.obj</name>
      </input_file>
      <input_file id="fl-11">
         <path>C:\git\ARQAVANZADA\ComposeStudioFiltroFir\basico_main\src\sysbios\</path>
         <kind>archive</kind>
         <file>sysbios.a64P</file>
         <name>timer64_Timer_asm.obj</name>
      </input_file>
      <input_file id="fl-12">
         <path>C:\ti\xdctools_3_25_03_72\packages\ti\targets\rts6000\lib\</path>
         <kind>archive</kind>
         <file>ti.targets.rts6000.a64P</file>
         <name>Assert.o64P</name>
      </input_file>
      <input_file id="fl-13">
         <path>C:\ti\xdctools_3_25_03_72\packages\ti\targets\rts6000\lib\</path>
         <kind>archive</kind>
         <file>ti.targets.rts6000.a64P</file>
         <name>Core-mem.o64P</name>
      </input_file>
      <input_file id="fl-14">
         <path>C:\ti\xdctools_3_25_03_72\packages\ti\targets\rts6000\lib\</path>
         <kind>archive</kind>
         <file>ti.targets.rts6000.a64P</file>
         <name>Core-label.o64P</name>
      </input_file>
      <input_file id="fl-15">
         <path>C:\ti\xdctools_3_25_03_72\packages\ti\targets\rts6000\lib\</path>
         <kind>archive</kind>
         <file>ti.targets.rts6000.a64P</file>
         <name>Core-params.o64P</name>
      </input_file>
      <input_file id="fl-16">
         <path>C:\ti\xdctools_3_25_03_72\packages\ti\targets\rts6000\lib\</path>
         <kind>archive</kind>
         <file>ti.targets.rts6000.a64P</file>
         <name>Diags.o64P</name>
      </input_file>
      <input_file id="fl-17">
         <path>C:\ti\xdctools_3_25_03_72\packages\ti\targets\rts6000\lib\</path>
         <kind>archive</kind>
         <file>ti.targets.rts6000.a64P</file>
         <name>Error.o64P</name>
      </input_file>
      <input_file id="fl-18">
         <path>C:\ti\xdctools_3_25_03_72\packages\ti\targets\rts6000\lib\</path>
         <kind>archive</kind>
         <file>ti.targets.rts6000.a64P</file>
         <name>Gate.o64P</name>
      </input_file>
      <input_file id="fl-19">
         <path>C:\ti\xdctools_3_25_03_72\packages\ti\targets\rts6000\lib\</path>
         <kind>archive</kind>
         <file>ti.targets.rts6000.a64P</file>
         <name>Log.o64P</name>
      </input_file>
      <input_file id="fl-1a">
         <path>C:\ti\xdctools_3_25_03_72\packages\ti\targets\rts6000\lib\</path>
         <kind>archive</kind>
         <file>ti.targets.rts6000.a64P</file>
         <name>LoggerBuf.o64P</name>
      </input_file>
      <input_file id="fl-1b">
         <path>C:\ti\xdctools_3_25_03_72\packages\ti\targets\rts6000\lib\</path>
         <kind>archive</kind>
         <file>ti.targets.rts6000.a64P</file>
         <name>Memory.o64P</name>
      </input_file>
      <input_file id="fl-1c">
         <path>C:\ti\xdctools_3_25_03_72\packages\ti\targets\rts6000\lib\</path>
         <kind>archive</kind>
         <file>ti.targets.rts6000.a64P</file>
         <name>Registry.o64P</name>
      </input_file>
      <input_file id="fl-1d">
         <path>C:\ti\xdctools_3_25_03_72\packages\ti\targets\rts6000\lib\</path>
         <kind>archive</kind>
         <file>ti.targets.rts6000.a64P</file>
         <name>Startup.o64P</name>
      </input_file>
      <input_file id="fl-1e">
         <path>C:\ti\xdctools_3_25_03_72\packages\ti\targets\rts6000\lib\</path>
         <kind>archive</kind>
         <file>ti.targets.rts6000.a64P</file>
         <name>System.o64P</name>
      </input_file>
      <input_file id="fl-1f">
         <path>C:\ti\xdctools_3_25_03_72\packages\ti\targets\rts6000\lib\</path>
         <kind>archive</kind>
         <file>ti.targets.rts6000.a64P</file>
         <name>SysMin.o64P</name>
      </input_file>
      <input_file id="fl-20">
         <path>C:\ti\xdctools_3_25_03_72\packages\ti\targets\rts6000\lib\</path>
         <kind>archive</kind>
         <file>ti.targets.rts6000.a64P</file>
         <name>Text.o64P</name>
      </input_file>
      <input_file id="fl-21">
         <path>C:\ti\xdctools_3_25_03_72\packages\ti\targets\rts6000\lib\</path>
         <kind>archive</kind>
         <file>ti.targets.rts6000.a64P</file>
         <name>xdc_noinit.o64P</name>
      </input_file>
      <input_file id="fl-22">
         <path>C:\ti\xdctools_3_25_03_72\packages\ti\targets\rts6000\lib\</path>
         <kind>archive</kind>
         <file>boot.a64P</file>
         <name>boot.o64P</name>
      </input_file>
      <input_file id="fl-23">
         <path>C:\ti\xdctools_3_25_03_72\packages\ti\targets\rts6000\lib\</path>
         <kind>archive</kind>
         <file>boot.a64P</file>
         <name>autoinit.o64P</name>
      </input_file>
      <input_file id="fl-9b">
         <path>C:\ti\ccsv5\tools\compiler\c6000_7.4.4\lib\</path>
         <kind>archive</kind>
         <file>rts64plus.lib</file>
         <name>_lock.obj</name>
      </input_file>
      <input_file id="fl-9c">
         <path>C:\ti\ccsv5\tools\compiler\c6000_7.4.4\lib\</path>
         <kind>archive</kind>
         <file>rts64plus.lib</file>
         <name>addf.obj</name>
      </input_file>
      <input_file id="fl-9d">
         <path>C:\ti\ccsv5\tools\compiler\c6000_7.4.4\lib\</path>
         <kind>archive</kind>
         <file>rts64plus.lib</file>
         <name>args_main.obj</name>
      </input_file>
      <input_file id="fl-9e">
         <path>C:\ti\ccsv5\tools\compiler\c6000_7.4.4\lib\</path>
         <kind>archive</kind>
         <file>rts64plus.lib</file>
         <name>atexit.obj</name>
      </input_file>
      <input_file id="fl-9f">
         <path>C:\ti\ccsv5\tools\compiler\c6000_7.4.4\lib\</path>
         <kind>archive</kind>
         <file>rts64plus.lib</file>
         <name>cvtfd.obj</name>
      </input_file>
      <input_file id="fl-a0">
         <path>C:\ti\ccsv5\tools\compiler\c6000_7.4.4\lib\</path>
         <kind>archive</kind>
         <file>rts64plus.lib</file>
         <name>divu.obj</name>
      </input_file>
      <input_file id="fl-a1">
         <path>C:\ti\ccsv5\tools\compiler\c6000_7.4.4\lib\</path>
         <kind>archive</kind>
         <file>rts64plus.lib</file>
         <name>exit.obj</name>
      </input_file>
      <input_file id="fl-a2">
         <path>C:\ti\ccsv5\tools\compiler\c6000_7.4.4\lib\</path>
         <kind>archive</kind>
         <file>rts64plus.lib</file>
         <name>fclose.obj</name>
      </input_file>
      <input_file id="fl-a3">
         <path>C:\ti\ccsv5\tools\compiler\c6000_7.4.4\lib\</path>
         <kind>archive</kind>
         <file>rts64plus.lib</file>
         <name>feof.obj</name>
      </input_file>
      <input_file id="fl-a4">
         <path>C:\ti\ccsv5\tools\compiler\c6000_7.4.4\lib\</path>
         <kind>archive</kind>
         <file>rts64plus.lib</file>
         <name>fflush.obj</name>
      </input_file>
      <input_file id="fl-a5">
         <path>C:\ti\ccsv5\tools\compiler\c6000_7.4.4\lib\</path>
         <kind>archive</kind>
         <file>rts64plus.lib</file>
         <name>fixfi.obj</name>
      </input_file>
      <input_file id="fl-a6">
         <path>C:\ti\ccsv5\tools\compiler\c6000_7.4.4\lib\</path>
         <kind>archive</kind>
         <file>rts64plus.lib</file>
         <name>fixfli.obj</name>
      </input_file>
      <input_file id="fl-a7">
         <path>C:\ti\ccsv5\tools\compiler\c6000_7.4.4\lib\</path>
         <kind>archive</kind>
         <file>rts64plus.lib</file>
         <name>fltlif.obj</name>
      </input_file>
      <input_file id="fl-a8">
         <path>C:\ti\ccsv5\tools\compiler\c6000_7.4.4\lib\</path>
         <kind>archive</kind>
         <file>rts64plus.lib</file>
         <name>fopen.obj</name>
      </input_file>
      <input_file id="fl-a9">
         <path>C:\ti\ccsv5\tools\compiler\c6000_7.4.4\lib\</path>
         <kind>archive</kind>
         <file>rts64plus.lib</file>
         <name>fscanf.obj</name>
      </input_file>
      <input_file id="fl-aa">
         <path>C:\ti\ccsv5\tools\compiler\c6000_7.4.4\lib\</path>
         <kind>archive</kind>
         <file>rts64plus.lib</file>
         <name>fseek.obj</name>
      </input_file>
      <input_file id="fl-ab">
         <path>C:\ti\ccsv5\tools\compiler\c6000_7.4.4\lib\</path>
         <kind>archive</kind>
         <file>rts64plus.lib</file>
         <name>imath64.obj</name>
      </input_file>
      <input_file id="fl-ac">
         <path>C:\ti\ccsv5\tools\compiler\c6000_7.4.4\lib\</path>
         <kind>archive</kind>
         <file>rts64plus.lib</file>
         <name>llshift.obj</name>
      </input_file>
      <input_file id="fl-ad">
         <path>C:\ti\ccsv5\tools\compiler\c6000_7.4.4\lib\</path>
         <kind>archive</kind>
         <file>rts64plus.lib</file>
         <name>lowlev.obj</name>
      </input_file>
      <input_file id="fl-ae">
         <path>C:\ti\ccsv5\tools\compiler\c6000_7.4.4\lib\</path>
         <kind>archive</kind>
         <file>rts64plus.lib</file>
         <name>memcpy64.obj</name>
      </input_file>
      <input_file id="fl-af">
         <path>C:\ti\ccsv5\tools\compiler\c6000_7.4.4\lib\</path>
         <kind>archive</kind>
         <file>rts64plus.lib</file>
         <name>memset.obj</name>
      </input_file>
      <input_file id="fl-b0">
         <path>C:\ti\ccsv5\tools\compiler\c6000_7.4.4\lib\</path>
         <kind>archive</kind>
         <file>rts64plus.lib</file>
         <name>mpyf.obj</name>
      </input_file>
      <input_file id="fl-b1">
         <path>C:\ti\ccsv5\tools\compiler\c6000_7.4.4\lib\</path>
         <kind>archive</kind>
         <file>rts64plus.lib</file>
         <name>negll.obj</name>
      </input_file>
      <input_file id="fl-b2">
         <path>C:\ti\ccsv5\tools\compiler\c6000_7.4.4\lib\</path>
         <kind>archive</kind>
         <file>rts64plus.lib</file>
         <name>pprof_cio.obj</name>
      </input_file>
      <input_file id="fl-b3">
         <path>C:\ti\ccsv5\tools\compiler\c6000_7.4.4\lib\</path>
         <kind>archive</kind>
         <file>rts64plus.lib</file>
         <name>printf.obj</name>
      </input_file>
      <input_file id="fl-b4">
         <path>C:\ti\ccsv5\tools\compiler\c6000_7.4.4\lib\</path>
         <kind>archive</kind>
         <file>rts64plus.lib</file>
         <name>remove.obj</name>
      </input_file>
      <input_file id="fl-b5">
         <path>C:\ti\ccsv5\tools\compiler\c6000_7.4.4\lib\</path>
         <kind>archive</kind>
         <file>rts64plus.lib</file>
         <name>remu.obj</name>
      </input_file>
      <input_file id="fl-b6">
         <path>C:\ti\ccsv5\tools\compiler\c6000_7.4.4\lib\</path>
         <kind>archive</kind>
         <file>rts64plus.lib</file>
         <name>sinit.obj</name>
      </input_file>
      <input_file id="fl-b7">
         <path>C:\ti\ccsv5\tools\compiler\c6000_7.4.4\lib\</path>
         <kind>archive</kind>
         <file>rts64plus.lib</file>
         <name>strpbrk.obj</name>
      </input_file>
      <input_file id="fl-b8">
         <path>C:\ti\ccsv5\tools\compiler\c6000_7.4.4\lib\</path>
         <kind>archive</kind>
         <file>rts64plus.lib</file>
         <name>trgdrv.obj</name>
      </input_file>
      <input_file id="fl-b9">
         <path>C:\ti\ccsv5\tools\compiler\c6000_7.4.4\lib\</path>
         <kind>archive</kind>
         <file>rts64plus.lib</file>
         <name>trgmsg.obj</name>
      </input_file>
      <input_file id="fl-ba">
         <path>C:\ti\ccsv5\tools\compiler\c6000_7.4.4\lib\</path>
         <kind>archive</kind>
         <file>rts64plus.lib</file>
         <name>ungetc.obj</name>
      </input_file>
      <input_file id="fl-bb">
         <path>C:\ti\ccsv5\tools\compiler\c6000_7.4.4\lib\</path>
         <kind>archive</kind>
         <file>rts64plus.lib</file>
         <name>_printfi.obj</name>
      </input_file>
      <input_file id="fl-bc">
         <path>C:\ti\ccsv5\tools\compiler\c6000_7.4.4\lib\</path>
         <kind>archive</kind>
         <file>rts64plus.lib</file>
         <name>_scanfi.obj</name>
      </input_file>
      <input_file id="fl-bd">
         <path>C:\ti\ccsv5\tools\compiler\c6000_7.4.4\lib\</path>
         <kind>archive</kind>
         <file>rts64plus.lib</file>
         <name>abs.obj</name>
      </input_file>
      <input_file id="fl-be">
         <path>C:\ti\ccsv5\tools\compiler\c6000_7.4.4\lib\</path>
         <kind>archive</kind>
         <file>rts64plus.lib</file>
         <name>atoi.obj</name>
      </input_file>
      <input_file id="fl-bf">
         <path>C:\ti\ccsv5\tools\compiler\c6000_7.4.4\lib\</path>
         <kind>archive</kind>
         <file>rts64plus.lib</file>
         <name>cmpd.obj</name>
      </input_file>
      <input_file id="fl-c0">
         <path>C:\ti\ccsv5\tools\compiler\c6000_7.4.4\lib\</path>
         <kind>archive</kind>
         <file>rts64plus.lib</file>
         <name>ctype.obj</name>
      </input_file>
      <input_file id="fl-c1">
         <path>C:\ti\ccsv5\tools\compiler\c6000_7.4.4\lib\</path>
         <kind>archive</kind>
         <file>rts64plus.lib</file>
         <name>cvtdf.obj</name>
      </input_file>
      <input_file id="fl-c2">
         <path>C:\ti\ccsv5\tools\compiler\c6000_7.4.4\lib\</path>
         <kind>archive</kind>
         <file>rts64plus.lib</file>
         <name>defs.obj</name>
      </input_file>
      <input_file id="fl-c3">
         <path>C:\ti\ccsv5\tools\compiler\c6000_7.4.4\lib\</path>
         <kind>archive</kind>
         <file>rts64plus.lib</file>
         <name>divd.obj</name>
      </input_file>
      <input_file id="fl-c4">
         <path>C:\ti\ccsv5\tools\compiler\c6000_7.4.4\lib\</path>
         <kind>archive</kind>
         <file>rts64plus.lib</file>
         <name>fgetc.obj</name>
      </input_file>
      <input_file id="fl-c5">
         <path>C:\ti\ccsv5\tools\compiler\c6000_7.4.4\lib\</path>
         <kind>archive</kind>
         <file>rts64plus.lib</file>
         <name>fixdi.obj</name>
      </input_file>
      <input_file id="fl-c6">
         <path>C:\ti\ccsv5\tools\compiler\c6000_7.4.4\lib\</path>
         <kind>archive</kind>
         <file>rts64plus.lib</file>
         <name>fixdli.obj</name>
      </input_file>
      <input_file id="fl-c7">
         <path>C:\ti\ccsv5\tools\compiler\c6000_7.4.4\lib\</path>
         <kind>archive</kind>
         <file>rts64plus.lib</file>
         <name>fltlid.obj</name>
      </input_file>
      <input_file id="fl-c8">
         <path>C:\ti\ccsv5\tools\compiler\c6000_7.4.4\lib\</path>
         <kind>archive</kind>
         <file>rts64plus.lib</file>
         <name>fputc.obj</name>
      </input_file>
      <input_file id="fl-c9">
         <path>C:\ti\ccsv5\tools\compiler\c6000_7.4.4\lib\</path>
         <kind>archive</kind>
         <file>rts64plus.lib</file>
         <name>fputs.obj</name>
      </input_file>
      <input_file id="fl-ca">
         <path>C:\ti\ccsv5\tools\compiler\c6000_7.4.4\lib\</path>
         <kind>archive</kind>
         <file>rts64plus.lib</file>
         <name>frcmpyd_div.obj</name>
      </input_file>
      <input_file id="fl-cb">
         <path>C:\ti\ccsv5\tools\compiler\c6000_7.4.4\lib\</path>
         <kind>archive</kind>
         <file>rts64plus.lib</file>
         <name>frcmpyf.obj</name>
      </input_file>
      <input_file id="fl-cc">
         <path>C:\ti\ccsv5\tools\compiler\c6000_7.4.4\lib\</path>
         <kind>archive</kind>
         <file>rts64plus.lib</file>
         <name>getenv.obj</name>
      </input_file>
      <input_file id="fl-cd">
         <path>C:\ti\ccsv5\tools\compiler\c6000_7.4.4\lib\</path>
         <kind>archive</kind>
         <file>rts64plus.lib</file>
         <name>imath40.obj</name>
      </input_file>
      <input_file id="fl-ce">
         <path>C:\ti\ccsv5\tools\compiler\c6000_7.4.4\lib\</path>
         <kind>archive</kind>
         <file>rts64plus.lib</file>
         <name>isinf.obj</name>
      </input_file>
      <input_file id="fl-cf">
         <path>C:\ti\ccsv5\tools\compiler\c6000_7.4.4\lib\</path>
         <kind>archive</kind>
         <file>rts64plus.lib</file>
         <name>ltoa.obj</name>
      </input_file>
      <input_file id="fl-d0">
         <path>C:\ti\ccsv5\tools\compiler\c6000_7.4.4\lib\</path>
         <kind>archive</kind>
         <file>rts64plus.lib</file>
         <name>memccpy.obj</name>
      </input_file>
      <input_file id="fl-d1">
         <path>C:\ti\ccsv5\tools\compiler\c6000_7.4.4\lib\</path>
         <kind>archive</kind>
         <file>rts64plus.lib</file>
         <name>mpyd.obj</name>
      </input_file>
      <input_file id="fl-d2">
         <path>C:\ti\ccsv5\tools\compiler\c6000_7.4.4\lib\</path>
         <kind>archive</kind>
         <file>rts64plus.lib</file>
         <name>negd.obj</name>
      </input_file>
      <input_file id="fl-d3">
         <path>C:\ti\ccsv5\tools\compiler\c6000_7.4.4\lib\</path>
         <kind>archive</kind>
         <file>rts64plus.lib</file>
         <name>outprof.obj</name>
      </input_file>
      <input_file id="fl-d4">
         <path>C:\ti\ccsv5\tools\compiler\c6000_7.4.4\lib\</path>
         <kind>archive</kind>
         <file>rts64plus.lib</file>
         <name>setvbuf.obj</name>
      </input_file>
      <input_file id="fl-d5">
         <path>C:\ti\ccsv5\tools\compiler\c6000_7.4.4\lib\</path>
         <kind>archive</kind>
         <file>rts64plus.lib</file>
         <name>strtod.obj</name>
      </input_file>
      <input_file id="fl-d6">
         <path>C:\ti\ccsv5\tools\compiler\c6000_7.4.4\lib\</path>
         <kind>archive</kind>
         <file>rts64plus.lib</file>
         <name>strtol.obj</name>
      </input_file>
      <input_file id="fl-d7">
         <path>C:\ti\ccsv5\tools\compiler\c6000_7.4.4\lib\</path>
         <kind>archive</kind>
         <file>rts64plus.lib</file>
         <name>strtold.obj</name>
      </input_file>
      <input_file id="fl-d8">
         <path>C:\ti\ccsv5\tools\compiler\c6000_7.4.4\lib\</path>
         <kind>archive</kind>
         <file>rts64plus.lib</file>
         <name>strtoll.obj</name>
      </input_file>
      <input_file id="fl-d9">
         <path>C:\ti\ccsv5\tools\compiler\c6000_7.4.4\lib\</path>
         <kind>archive</kind>
         <file>rts64plus.lib</file>
         <name>strtoul.obj</name>
      </input_file>
      <input_file id="fl-da">
         <path>C:\ti\ccsv5\tools\compiler\c6000_7.4.4\lib\</path>
         <kind>archive</kind>
         <file>rts64plus.lib</file>
         <name>strtoull.obj</name>
      </input_file>
      <input_file id="fl-db">
         <path>C:\ti\ccsv5\tools\compiler\c6000_7.4.4\lib\</path>
         <kind>archive</kind>
         <file>rts64plus.lib</file>
         <name>subd.obj</name>
      </input_file>
      <input_file id="fl-dc">
         <path>C:\ti\ccsv5\tools\compiler\c6000_7.4.4\lib\</path>
         <kind>archive</kind>
         <file>rts64plus.lib</file>
         <name>_bufread.obj</name>
      </input_file>
      <input_file id="fl-dd">
         <path>C:\ti\ccsv5\tools\compiler\c6000_7.4.4\lib\</path>
         <kind>archive</kind>
         <file>rts64plus.lib</file>
         <name>_io_perm.obj</name>
      </input_file>
      <input_file id="fl-de">
         <path>C:\ti\ccsv5\tools\compiler\c6000_7.4.4\lib\</path>
         <kind>archive</kind>
         <file>rts64plus.lib</file>
         <name>addd.obj</name>
      </input_file>
      <input_file id="fl-df">
         <path>C:\ti\ccsv5\tools\compiler\c6000_7.4.4\lib\</path>
         <kind>archive</kind>
         <file>rts64plus.lib</file>
         <name>errno.obj</name>
      </input_file>
      <input_file id="fl-e0">
         <path>C:\ti\ccsv5\tools\compiler\c6000_7.4.4\lib\</path>
         <kind>archive</kind>
         <file>rts64plus.lib</file>
         <name>frcaddd.obj</name>
      </input_file>
      <input_file id="fl-e1">
         <path>C:\ti\ccsv5\tools\compiler\c6000_7.4.4\lib\</path>
         <kind>archive</kind>
         <file>rts64plus.lib</file>
         <name>frcmpyd.obj</name>
      </input_file>
      <input_file id="fl-e2">
         <path>C:\ti\ccsv5\tools\compiler\c6000_7.4.4\lib\</path>
         <kind>archive</kind>
         <file>rts64plus.lib</file>
         <name>renormd.obj</name>
      </input_file>
   </input_file_list>
   <object_component_list>
      <object_component id="oc-199">
         <name>.text</name>
         <load_address>0x80000000</load_address>
         <run_address>0x80000000</run_address>
         <size>0xdc0</size>
         <input_file_ref idref="fl-8"/>
      </object_component>
      <object_component id="oc-262">
         <name>.text:__scanfi</name>
         <load_address>0x80000dc0</load_address>
         <run_address>0x80000dc0</run_address>
         <size>0x920</size>
         <input_file_ref idref="fl-bc"/>
      </object_component>
      <object_component id="oc-2bc">
         <name>.text:_xdc_runtime_System_doPrint__I</name>
         <load_address>0x800016e0</load_address>
         <run_address>0x800016e0</run_address>
         <size>0x8c0</size>
         <input_file_ref idref="fl-1e"/>
      </object_component>
      <object_component id="oc-18e">
         <name>.text:_ti_sysbios_family_c64p_Exception_handler__I</name>
         <load_address>0x80001fa0</load_address>
         <run_address>0x80001fa0</run_address>
         <size>0x780</size>
         <input_file_ref idref="fl-b"/>
      </object_component>
      <object_component id="oc-1b4">
         <name>.text:_ti_sysbios_heaps_HeapMem_alloc__E</name>
         <load_address>0x80002720</load_address>
         <run_address>0x80002720</run_address>
         <size>0x660</size>
         <input_file_ref idref="fl-b"/>
      </object_component>
      <object_component id="oc-2d6">
         <name>.text:__sset_arg</name>
         <load_address>0x80002d80</load_address>
         <run_address>0x80002d80</run_address>
         <size>0x620</size>
         <input_file_ref idref="fl-bc"/>
      </object_component>
      <object_component id="oc-215">
         <name>.text:_ti_sysbios_knl_Semaphore_pend__E</name>
         <load_address>0x800033a0</load_address>
         <run_address>0x800033a0</run_address>
         <size>0x600</size>
         <input_file_ref idref="fl-b"/>
      </object_component>
      <object_component id="oc-1b5">
         <name>.text:_ti_sysbios_heaps_HeapMem_free__E</name>
         <load_address>0x800039a0</load_address>
         <run_address>0x800039a0</run_address>
         <size>0x5e0</size>
         <input_file_ref idref="fl-b"/>
      </object_component>
      <object_component id="oc-394">
         <name>.text:_ti_sysbios_timers_timer64_Timer_Module_startup__F</name>
         <load_address>0x80003f80</load_address>
         <run_address>0x80003f80</run_address>
         <size>0x5a0</size>
         <input_file_ref idref="fl-b"/>
      </object_component>
      <object_component id="oc-347">
         <name>.text:__getarg_diouxp</name>
         <load_address>0x80004520</load_address>
         <run_address>0x80004520</run_address>
         <size>0x580</size>
         <input_file_ref idref="fl-bb"/>
      </object_component>
      <object_component id="oc-33d">
         <name>.text:__divd</name>
         <load_address>0x80004aa0</load_address>
         <run_address>0x80004aa0</run_address>
         <size>0x540</size>
         <input_file_ref idref="fl-c3"/>
      </object_component>
      <object_component id="oc-30f">
         <name>.text:_strtod</name>
         <load_address>0x80004fe0</load_address>
         <run_address>0x80004fe0</run_address>
         <size>0x520</size>
         <input_file_ref idref="fl-d5"/>
      </object_component>
      <object_component id="oc-311">
         <name>.text:_strtold</name>
         <load_address>0x80005500</load_address>
         <run_address>0x80005500</run_address>
         <size>0x520</size>
         <input_file_ref idref="fl-d7"/>
      </object_component>
      <object_component id="oc-2d3">
         <name>.text:__sproc_int</name>
         <load_address>0x80005a20</load_address>
         <run_address>0x80005a20</run_address>
         <size>0x4c0</size>
         <input_file_ref idref="fl-bc"/>
      </object_component>
      <object_component id="oc-393">
         <name>.text:_ti_sysbios_knl_Task_Module_startup__F</name>
         <load_address>0x80005ee0</load_address>
         <run_address>0x80005ee0</run_address>
         <size>0x480</size>
         <input_file_ref idref="fl-b"/>
      </object_component>
      <object_component id="oc-312">
         <name>.text:_strtol</name>
         <load_address>0x80006360</load_address>
         <run_address>0x80006360</run_address>
         <size>0x460</size>
         <input_file_ref idref="fl-d6"/>
      </object_component>
      <object_component id="oc-313">
         <name>.text:_strtoll</name>
         <load_address>0x800067c0</load_address>
         <run_address>0x800067c0</run_address>
         <size>0x460</size>
         <input_file_ref idref="fl-d8"/>
      </object_component>
      <object_component id="oc-327">
         <name>.text:_xdc_runtime_System_printfExtend__I</name>
         <load_address>0x80006c20</load_address>
         <run_address>0x80006c20</run_address>
         <size>0x460</size>
         <input_file_ref idref="fl-3"/>
      </object_component>
      <object_component id="oc-269">
         <name>.text:__printfi</name>
         <load_address>0x80007080</load_address>
         <run_address>0x80007080</run_address>
         <size>0x440</size>
         <input_file_ref idref="fl-bb"/>
      </object_component>
      <object_component id="oc-2dc">
         <name>.text:__setfield</name>
         <load_address>0x800074c0</load_address>
         <run_address>0x800074c0</run_address>
         <size>0x440</size>
         <input_file_ref idref="fl-bb"/>
      </object_component>
      <object_component id="oc-30d">
         <name>.text:_strtoul</name>
         <load_address>0x80007900</load_address>
         <run_address>0x80007900</run_address>
         <size>0x400</size>
         <input_file_ref idref="fl-d9"/>
      </object_component>
      <object_component id="oc-30e">
         <name>.text:_strtoull</name>
         <load_address>0x80007d00</load_address>
         <run_address>0x80007d00</run_address>
         <size>0x400</size>
         <input_file_ref idref="fl-da"/>
      </object_component>
      <object_component id="oc-2d9">
         <name>.text:_fputs</name>
         <load_address>0x80008100</load_address>
         <run_address>0x80008100</run_address>
         <size>0x3a0</size>
         <input_file_ref idref="fl-c9"/>
      </object_component>
      <object_component id="oc-317">
         <name>.text:__pproc_fge</name>
         <load_address>0x800084a0</load_address>
         <run_address>0x800084a0</run_address>
         <size>0x340</size>
         <input_file_ref idref="fl-bb"/>
      </object_component>
      <object_component id="oc-2d1">
         <name>.text:__sget_conv</name>
         <load_address>0x800087e0</load_address>
         <run_address>0x800087e0</run_address>
         <size>0x320</size>
         <input_file_ref idref="fl-bc"/>
      </object_component>
      <object_component id="oc-242">
         <name>.text:_ti_sysbios_knl_Swi_restoreHwi__E</name>
         <load_address>0x80008b00</load_address>
         <run_address>0x80008b00</run_address>
         <size>0x320</size>
         <input_file_ref idref="fl-b"/>
      </object_component>
      <object_component id="oc-364">
         <name>.text:_ecvt</name>
         <load_address>0x80008e20</load_address>
         <run_address>0x80008e20</run_address>
         <size>0x300</size>
         <input_file_ref idref="fl-bb"/>
      </object_component>
      <object_component id="oc-367">
         <name>.text:_fcvt</name>
         <load_address>0x80009120</load_address>
         <run_address>0x80009120</run_address>
         <size>0x300</size>
         <input_file_ref idref="fl-bb"/>
      </object_component>
      <object_component id="oc-1d4">
         <name>.text:_ti_sysbios_family_c64p_Hwi_dispatchC__I</name>
         <load_address>0x80009420</load_address>
         <run_address>0x80009420</run_address>
         <size>0x300</size>
         <input_file_ref idref="fl-b"/>
      </object_component>
      <object_component id="oc-1ec">
         <name>.text:__addf</name>
         <load_address>0x80009720</load_address>
         <run_address>0x80009720</run_address>
         <size>0x2e0</size>
         <input_file_ref idref="fl-9c"/>
      </object_component>
      <object_component id="oc-2d2">
         <name>.text:__sproc_float</name>
         <load_address>0x80009a00</load_address>
         <run_address>0x80009a00</run_address>
         <size>0x2e0</size>
         <input_file_ref idref="fl-bc"/>
      </object_component>
      <object_component id="oc-227">
         <name>.text:_ti_sysbios_heaps_HeapMem_Instance_init__F</name>
         <load_address>0x80009ce0</load_address>
         <run_address>0x80009ce0</run_address>
         <size>0x2e0</size>
         <input_file_ref idref="fl-b"/>
      </object_component>
      <object_component id="oc-2db">
         <name>.text:__pproc_fwp</name>
         <load_address>0x80009fc0</load_address>
         <run_address>0x80009fc0</run_address>
         <size>0x2c0</size>
         <input_file_ref idref="fl-bb"/>
      </object_component>
      <object_component id="oc-346">
         <name>.text:__pconv_e</name>
         <load_address>0x8000a280</load_address>
         <run_address>0x8000a280</run_address>
         <size>0x2a0</size>
         <input_file_ref idref="fl-bb"/>
      </object_component>
      <object_component id="oc-187">
         <name>.text:_ti_sysbios_knl_Clock_workFunc__E</name>
         <load_address>0x8000a520</load_address>
         <run_address>0x8000a520</run_address>
         <size>0x2a0</size>
         <input_file_ref idref="fl-b"/>
      </object_component>
      <object_component id="oc-38e">
         <name>.text:_ti_sysbios_family_c64p_Cache_Module_startup__F</name>
         <load_address>0x8000a7c0</load_address>
         <run_address>0x8000a7c0</run_address>
         <size>0x280</size>
         <input_file_ref idref="fl-b"/>
      </object_component>
      <object_component id="oc-3c1">
         <name>.text:_ti_sysbios_timers_timer64_Timer_deviceConfig__I</name>
         <load_address>0x8000aa40</load_address>
         <run_address>0x8000aa40</run_address>
         <size>0x280</size>
         <input_file_ref idref="fl-b"/>
      </object_component>
      <object_component id="oc-1dc">
         <name>.text:_xdc_runtime_Error_raiseX__F</name>
         <load_address>0x8000acc0</load_address>
         <run_address>0x8000acc0</run_address>
         <size>0x280</size>
         <input_file_ref idref="fl-17"/>
      </object_component>
      <object_component id="oc-335">
         <name>.text:__divull</name>
         <load_address>0x8000af40</load_address>
         <run_address>0x8000af40</run_address>
         <size>0x260</size>
         <input_file_ref idref="fl-ab"/>
      </object_component>
      <object_component id="oc-337">
         <name>.text:__mpyd</name>
         <load_address>0x8000b1a0</load_address>
         <run_address>0x8000b1a0</run_address>
         <size>0x260</size>
         <input_file_ref idref="fl-d1"/>
      </object_component>
      <object_component id="oc-25c">
         <name>.text:__output_path_profile_info</name>
         <load_address>0x8000b400</load_address>
         <run_address>0x8000b400</run_address>
         <size>0x260</size>
         <input_file_ref idref="fl-d3"/>
      </object_component>
      <object_component id="oc-2fd">
         <name>.text:_xdc_runtime_Startup_startMods__I</name>
         <load_address>0x8000b660</load_address>
         <run_address>0x8000b660</run_address>
         <size>0x260</size>
         <input_file_ref idref="fl-1d"/>
      </object_component>
      <object_component id="oc-318">
         <name>.text:__pproc_diouxp</name>
         <load_address>0x8000b8c0</load_address>
         <run_address>0x8000b8c0</run_address>
         <size>0x240</size>
         <input_file_ref idref="fl-bb"/>
      </object_component>
      <object_component id="oc-1d7">
         <name>.text:_ti_sysbios_family_c64p_Exception_internalHandler__I</name>
         <load_address>0x8000bb00</load_address>
         <run_address>0x8000bb00</run_address>
         <size>0x240</size>
         <input_file_ref idref="fl-b"/>
      </object_component>
      <object_component id="oc-216">
         <name>.text:_ti_sysbios_knl_Semaphore_post__E</name>
         <load_address>0x8000bd40</load_address>
         <run_address>0x8000bd40</run_address>
         <size>0x240</size>
         <input_file_ref idref="fl-b"/>
      </object_component>
      <object_component id="oc-231">
         <name>.text:_xdc_runtime_LoggerBuf_write8__F</name>
         <load_address>0x8000bf80</load_address>
         <run_address>0x8000bf80</run_address>
         <size>0x240</size>
         <input_file_ref idref="fl-1a"/>
      </object_component>
      <object_component id="oc-2dd">
         <name>.text:__pproc_str</name>
         <load_address>0x8000c1c0</load_address>
         <run_address>0x8000c1c0</run_address>
         <size>0x220</size>
         <input_file_ref idref="fl-bb"/>
      </object_component>
      <object_component id="oc-2de">
         <name>.text:_fputc</name>
         <load_address>0x8000c3e0</load_address>
         <run_address>0x8000c3e0</run_address>
         <size>0x220</size>
         <input_file_ref idref="fl-c8"/>
      </object_component>
      <object_component id="oc-275">
         <name>.text:_ti_sysbios_knl_Swi_run__I</name>
         <load_address>0x8000c600</load_address>
         <run_address>0x8000c600</run_address>
         <size>0x220</size>
         <input_file_ref idref="fl-b"/>
      </object_component>
      <object_component id="oc-3b3">
         <name>.text:_ti_sysbios_knl_Task_exit__E</name>
         <load_address>0x8000c820</load_address>
         <run_address>0x8000c820</run_address>
         <size>0x220</size>
         <input_file_ref idref="fl-b"/>
      </object_component>
      <object_component id="oc-245">
         <name>.text:_ti_sysbios_knl_Task_schedule__I</name>
         <load_address>0x8000ca40</load_address>
         <run_address>0x8000ca40</run_address>
         <size>0x220</size>
         <input_file_ref idref="fl-b"/>
      </object_component>
      <object_component id="oc-1fc">
         <name>.text:_ti_sysbios_knl_Task_startCore__E</name>
         <load_address>0x8000cc60</load_address>
         <run_address>0x8000cc60</run_address>
         <size>0x220</size>
         <input_file_ref idref="fl-b"/>
      </object_component>
      <object_component id="oc-209">
         <name>.text:_xdc_runtime_Core_createObject__I</name>
         <load_address>0x8000ce80</load_address>
         <run_address>0x8000ce80</run_address>
         <size>0x220</size>
         <input_file_ref idref="fl-13"/>
      </object_component>
      <object_component id="oc-339">
         <name>.text:__addd</name>
         <load_address>0x8000d0a0</load_address>
         <run_address>0x8000d0a0</run_address>
         <size>0x200</size>
         <input_file_ref idref="fl-de"/>
      </object_component>
      <object_component id="oc-361">
         <name>.text:__frcaddd</name>
         <load_address>0x8000d2a0</load_address>
         <run_address>0x8000d2a0</run_address>
         <size>0x200</size>
         <input_file_ref idref="fl-e0"/>
      </object_component>
      <object_component id="oc-1eb">
         <name>.text:__mpyf</name>
         <load_address>0x8000d4a0</load_address>
         <run_address>0x8000d4a0</run_address>
         <size>0x200</size>
         <input_file_ref idref="fl-b0"/>
      </object_component>
      <object_component id="oc-344">
         <name>.text:__pconv_g</name>
         <load_address>0x8000d6a0</load_address>
         <run_address>0x8000d6a0</run_address>
         <size>0x200</size>
         <input_file_ref idref="fl-bb"/>
      </object_component>
      <object_component id="oc-307">
         <name>.text:_setvbuf</name>
         <load_address>0x8000d8a0</load_address>
         <run_address>0x8000d8a0</run_address>
         <size>0x200</size>
         <input_file_ref idref="fl-d4"/>
      </object_component>
      <object_component id="oc-18d">
         <name>.text:_ti_sysbios_family_c64p_Hwi_dispatchAlways</name>
         <load_address>0x8000daa0</load_address>
         <run_address>0x8000daa0</run_address>
         <size>0x200</size>
         <input_file_ref idref="fl-c"/>
      </object_component>
      <object_component id="oc-2c8">
         <name>.text:_add_device</name>
         <load_address>0x8000dca0</load_address>
         <run_address>0x8000dca0</run_address>
         <size>0x1e0</size>
         <input_file_ref idref="fl-ad"/>
      </object_component>
      <object_component id="oc-3da">
         <name>.text:_ti_sysbios_timers_timer64_Timer_getFreq__E</name>
         <load_address>0x8000de80</load_address>
         <run_address>0x8000de80</run_address>
         <size>0x1e0</size>
         <input_file_ref idref="fl-b"/>
      </object_component>
      <object_component id="oc-366">
         <name>.text:__mcpy</name>
         <load_address>0x8000e060</load_address>
         <run_address>0x8000e060</run_address>
         <size>0x1c0</size>
         <input_file_ref idref="fl-bb"/>
      </object_component>
      <object_component id="oc-25e">
         <name>.text:__openfile</name>
         <load_address>0x8000e220</load_address>
         <run_address>0x8000e220</run_address>
         <size>0x1c0</size>
         <input_file_ref idref="fl-a8"/>
      </object_component>
      <object_component id="oc-3d1">
         <name>.text:_ti_sysbios_timers_timer64_Timer_setPeriodMicroSecs__E</name>
         <load_address>0x8000e3e0</load_address>
         <run_address>0x8000e3e0</run_address>
         <size>0x1c0</size>
         <input_file_ref idref="fl-b"/>
      </object_component>
      <object_component id="oc-36d">
         <name>.text:_xdc_runtime_Text_putSite__F</name>
         <load_address>0x8000e5a0</load_address>
         <run_address>0x8000e5a0</run_address>
         <size>0x1c0</size>
         <input_file_ref idref="fl-20"/>
      </object_component>
      <object_component id="oc-334">
         <name>.text:__divul</name>
         <load_address>0x8000e760</load_address>
         <run_address>0x8000e760</run_address>
         <size>0x1a0</size>
         <input_file_ref idref="fl-cd"/>
      </object_component>
      <object_component id="oc-2d4">
         <name>.text:__sproc_str</name>
         <load_address>0x8000e900</load_address>
         <run_address>0x8000e900</run_address>
         <size>0x1a0</size>
         <input_file_ref idref="fl-bc"/>
      </object_component>
      <object_component id="oc-1ae">
         <name>.text:_ti_sysbios_gates_GateMutex_enter__E</name>
         <load_address>0x8000eaa0</load_address>
         <run_address>0x8000eaa0</run_address>
         <size>0x1a0</size>
         <input_file_ref idref="fl-b"/>
      </object_component>
      <object_component id="oc-31c">
         <name>.text:_ti_sysbios_knl_Task_checkStacks__E</name>
         <load_address>0x8000ec40</load_address>
         <run_address>0x8000ec40</run_address>
         <size>0x1a0</size>
         <input_file_ref idref="fl-b"/>
      </object_component>
      <object_component id="oc-29f">
         <name>.text:_ti_sysbios_knl_Task_unblockI__E</name>
         <load_address>0x8000ede0</load_address>
         <run_address>0x8000ede0</run_address>
         <size>0x1a0</size>
         <input_file_ref idref="fl-b"/>
      </object_component>
      <object_component id="oc-2e1">
         <name>.text:_ti_sysbios_timers_timer64_Timer_start__E</name>
         <load_address>0x8000ef80</load_address>
         <run_address>0x8000ef80</run_address>
         <size>0x1a0</size>
         <input_file_ref idref="fl-b"/>
      </object_component>
      <object_component id="oc-230">
         <name>.text:_xdc_runtime_LoggerBuf_write4__F</name>
         <load_address>0x8000f120</load_address>
         <run_address>0x8000f120</run_address>
         <size>0x1a0</size>
         <input_file_ref idref="fl-1a"/>
      </object_component>
      <object_component id="oc-196">
         <name>.text:_HOSTrename</name>
         <load_address>0x8000f2c0</load_address>
         <run_address>0x8000f2c0</run_address>
         <size>0x180</size>
         <input_file_ref idref="fl-b8"/>
      </object_component>
      <object_component id="oc-261">
         <name>.text:__chkmbc</name>
         <load_address>0x8000f440</load_address>
         <run_address>0x8000f440</run_address>
         <size>0x180</size>
         <input_file_ref idref="fl-a9"/>
      </object_component>
      <object_component id="oc-2c9">
         <name>.text:_open</name>
         <load_address>0x8000f5c0</load_address>
         <run_address>0x8000f5c0</run_address>
         <size>0x180</size>
         <input_file_ref idref="fl-ad"/>
      </object_component>
      <object_component id="oc-1fb">
         <name>.text:_ti_sysbios_knl_Swi_schedule__I</name>
         <load_address>0x8000f740</load_address>
         <run_address>0x8000f740</run_address>
         <size>0x180</size>
         <input_file_ref idref="fl-b"/>
      </object_component>
      <object_component id="oc-38">
         <name>.text</name>
         <load_address>0x8000f8c0</load_address>
         <run_address>0x8000f8c0</run_address>
         <size>0x180</size>
         <input_file_ref idref="fl-f"/>
      </object_component>
      <object_component id="oc-2d5">
         <name>.text:__sproc_lb</name>
         <load_address>0x8000fa40</load_address>
         <run_address>0x8000fa40</run_address>
         <size>0x160</size>
         <input_file_ref idref="fl-bc"/>
      </object_component>
      <object_component id="oc-1f7">
         <name>.text:_ti_sysbios_BIOS_rtsUnlock__I</name>
         <load_address>0x8000fba0</load_address>
         <run_address>0x8000fba0</run_address>
         <size>0x160</size>
         <input_file_ref idref="fl-b"/>
      </object_component>
      <object_component id="oc-2ce">
         <name>.text:_fgetc</name>
         <load_address>0x8000fd00</load_address>
         <run_address>0x8000fd00</run_address>
         <size>0x140</size>
         <input_file_ref idref="fl-c4"/>
      </object_component>
      <object_component id="oc-303">
         <name>.text:_getdevice</name>
         <load_address>0x8000fe40</load_address>
         <run_address>0x8000fe40</run_address>
         <size>0x140</size>
         <input_file_ref idref="fl-ad"/>
      </object_component>
      <object_component id="oc-38c">
         <name>.text:_ti_sysbios_family_c64p_Hwi_Module_startup__F</name>
         <load_address>0x8000ff80</load_address>
         <run_address>0x8000ff80</run_address>
         <size>0x140</size>
         <input_file_ref idref="fl-b"/>
      </object_component>
      <object_component id="oc-2ec">
         <name>.text:_ti_sysbios_knl_Semaphore_Instance_init__F</name>
         <load_address>0x800100c0</load_address>
         <run_address>0x800100c0</run_address>
         <size>0x140</size>
         <input_file_ref idref="fl-b"/>
      </object_component>
      <object_component id="oc-1a5">
         <name>.text:_ti_sysbios_knl_Swi_post__E</name>
         <load_address>0x80010200</load_address>
         <run_address>0x80010200</run_address>
         <size>0x140</size>
         <input_file_ref idref="fl-b"/>
      </object_component>
      <object_component id="oc-29c">
         <name>.text:_ti_sysbios_knl_Task_blockI__E</name>
         <load_address>0x80010340</load_address>
         <run_address>0x80010340</run_address>
         <size>0x140</size>
         <input_file_ref idref="fl-b"/>
      </object_component>
      <object_component id="oc-2cf">
         <name>.text:_ungetc</name>
         <load_address>0x80010480</load_address>
         <run_address>0x80010480</run_address>
         <size>0x140</size>
         <input_file_ref idref="fl-ba"/>
      </object_component>
      <object_component id="oc-36c">
         <name>.text:_xdc_runtime_Text_putLab__F</name>
         <load_address>0x800105c0</load_address>
         <run_address>0x800105c0</run_address>
         <size>0x140</size>
         <input_file_ref idref="fl-20"/>
      </object_component>
      <object_component id="oc-305">
         <name>.text:__buff_read</name>
         <load_address>0x80010700</load_address>
         <run_address>0x80010700</run_address>
         <size>0x120</size>
         <input_file_ref idref="fl-dc"/>
      </object_component>
      <object_component id="oc-267">
         <name>.text:__closefile</name>
         <load_address>0x80010820</load_address>
         <run_address>0x80010820</run_address>
         <size>0x120</size>
         <input_file_ref idref="fl-a2"/>
      </object_component>
      <object_component id="oc-348">
         <name>.text:__ltostr</name>
         <load_address>0x80010940</load_address>
         <run_address>0x80010940</run_address>
         <size>0x120</size>
         <input_file_ref idref="fl-bb"/>
      </object_component>
      <object_component id="oc-2da">
         <name>.text:__pproc_fflags</name>
         <load_address>0x80010a60</load_address>
         <run_address>0x80010a60</run_address>
         <size>0x120</size>
         <input_file_ref idref="fl-bb"/>
      </object_component>
      <object_component id="oc-25d">
         <name>.text:__search_fp</name>
         <load_address>0x80010b80</load_address>
         <run_address>0x80010b80</run_address>
         <size>0x120</size>
         <input_file_ref idref="fl-a8"/>
      </object_component>
      <object_component id="oc-309">
         <name>.text:__sget_scanset</name>
         <load_address>0x80010ca0</load_address>
         <run_address>0x80010ca0</run_address>
         <size>0x120</size>
         <input_file_ref idref="fl-bc"/>
      </object_component>
      <object_component id="oc-1e7">
         <name>.text:_fseek</name>
         <load_address>0x80010dc0</load_address>
         <run_address>0x80010dc0</run_address>
         <size>0x120</size>
         <input_file_ref idref="fl-aa"/>
      </object_component>
      <object_component id="oc-232">
         <name>.text:_xdc_runtime_LoggerBuf_setFilterLevel__F</name>
         <load_address>0x80010ee0</load_address>
         <run_address>0x80010ee0</run_address>
         <size>0x120</size>
         <input_file_ref idref="fl-1a"/>
      </object_component>
      <object_component id="oc-384">
         <name>.text:_xdc_runtime_Text_putMod__F</name>
         <load_address>0x80011000</load_address>
         <run_address>0x80011000</run_address>
         <size>0x120</size>
         <input_file_ref idref="fl-20"/>
      </object_component>
      <object_component id="oc-194">
         <name>.text:_HOSTlseek</name>
         <load_address>0x80011120</load_address>
         <run_address>0x80011120</run_address>
         <size>0x100</size>
         <input_file_ref idref="fl-b8"/>
      </object_component>
      <object_component id="oc-17e">
         <name>.text:__auto_init</name>
         <load_address>0x80011220</load_address>
         <run_address>0x80011220</run_address>
         <size>0x100</size>
         <input_file_ref idref="fl-23"/>
      </object_component>
      <object_component id="oc-360">
         <name>.text:__frcmpyd</name>
         <load_address>0x80011320</load_address>
         <run_address>0x80011320</run_address>
         <size>0x100</size>
         <input_file_ref idref="fl-e1"/>
      </object_component>
      <object_component id="oc-316">
         <name>.text:__wrt_ok</name>
         <load_address>0x80011420</load_address>
         <run_address>0x80011420</run_address>
         <size>0x100</size>
         <input_file_ref idref="fl-dd"/>
      </object_component>
      <object_component id="oc-35c">
         <name>.text:_call_dtors</name>
         <load_address>0x80011520</load_address>
         <run_address>0x80011520</run_address>
         <size>0x100</size>
         <input_file_ref idref="fl-b6"/>
      </object_component>
      <object_component id="oc-3d0">
         <name>.text:_ti_sysbios_timers_timer64_Timer_initDevice__I</name>
         <load_address>0x80011620</load_address>
         <run_address>0x80011620</run_address>
         <size>0x100</size>
         <input_file_ref idref="fl-b"/>
      </object_component>
      <object_component id="oc-20b">
         <name>.text:_xdc_runtime_Core_deleteObject__I</name>
         <load_address>0x80011720</load_address>
         <run_address>0x80011720</run_address>
         <size>0x100</size>
         <input_file_ref idref="fl-13"/>
      </object_component>
      <object_component id="oc-233">
         <name>.text:_xdc_runtime_LoggerBuf_getFilterLevel__F</name>
         <load_address>0x80011820</load_address>
         <run_address>0x80011820</run_address>
         <size>0x100</size>
         <input_file_ref idref="fl-1a"/>
      </object_component>
      <object_component id="oc-198">
         <name>.text:_xdc_runtime_Startup_exec__F</name>
         <load_address>0x80011920</load_address>
         <run_address>0x80011920</run_address>
         <size>0x100</size>
         <input_file_ref idref="fl-1d"/>
      </object_component>
      <object_component id="oc-3d3">
         <name>.text:_xdc_runtime_Text_visitRope2__I</name>
         <load_address>0x80011a20</load_address>
         <run_address>0x80011a20</run_address>
         <size>0x100</size>
         <input_file_ref idref="fl-20"/>
      </object_component>
      <object_component id="oc-333">
         <name>.text:_HOSTgetenv</name>
         <load_address>0x80011b20</load_address>
         <run_address>0x80011b20</run_address>
         <size>0xe0</size>
         <input_file_ref idref="fl-b8"/>
      </object_component>
      <object_component id="oc-190">
         <name>.text:_HOSTopen</name>
         <load_address>0x80011c00</load_address>
         <run_address>0x80011c00</run_address>
         <size>0xe0</size>
         <input_file_ref idref="fl-b8"/>
      </object_component>
      <object_component id="oc-33b">
         <name>.text:__cmpd</name>
         <load_address>0x80011ce0</load_address>
         <run_address>0x80011ce0</run_address>
         <size>0xe0</size>
         <input_file_ref idref="fl-bf"/>
      </object_component>
      <object_component id="oc-308">
         <name>.text:_atoi</name>
         <load_address>0x80011dc0</load_address>
         <run_address>0x80011dc0</run_address>
         <size>0xe0</size>
         <input_file_ref idref="fl-be"/>
      </object_component>
      <object_component id="oc-2ca">
         <name>.text:_close</name>
         <load_address>0x80011ea0</load_address>
         <run_address>0x80011ea0</run_address>
         <size>0xe0</size>
         <input_file_ref idref="fl-ad"/>
      </object_component>
      <object_component id="oc-2cb">
         <name>.text:_dump_pprof_header</name>
         <load_address>0x80011f80</load_address>
         <run_address>0x80011f80</run_address>
         <size>0xe0</size>
         <input_file_ref idref="fl-d3"/>
      </object_component>
      <object_component id="oc-1e5">
         <name>.text:_fscanf</name>
         <load_address>0x80012060</load_address>
         <run_address>0x80012060</run_address>
         <size>0xe0</size>
         <input_file_ref idref="fl-a9"/>
      </object_component>
      <object_component id="oc-249">
         <name>.text:_memset</name>
         <load_address>0x80012140</load_address>
         <run_address>0x80012140</run_address>
         <size>0xe0</size>
         <input_file_ref idref="fl-af"/>
      </object_component>
      <object_component id="oc-1e9">
         <name>.text:_printf</name>
         <load_address>0x80012220</load_address>
         <run_address>0x80012220</run_address>
         <size>0xe0</size>
         <input_file_ref idref="fl-b3"/>
      </object_component>
      <object_component id="oc-274">
         <name>.text:_ti_sysbios_timers_timer64_Timer_startup__E</name>
         <load_address>0x80012300</load_address>
         <run_address>0x80012300</run_address>
         <size>0xe0</size>
         <input_file_ref idref="fl-b"/>
      </object_component>
      <object_component id="oc-355">
         <name>.text:_xdc_runtime_Error_print__F</name>
         <load_address>0x800123e0</load_address>
         <run_address>0x800123e0</run_address>
         <size>0xe0</size>
         <input_file_ref idref="fl-17"/>
      </object_component>
      <object_component id="oc-1d1">
         <name>.text:_xdc_runtime_LoggerBuf_Object__create__S</name>
         <load_address>0x800124c0</load_address>
         <run_address>0x800124c0</run_address>
         <size>0xe0</size>
         <input_file_ref idref="fl-3"/>
      </object_component>
      <object_component id="oc-2b5">
         <name>.text:_xdc_runtime_Memory_alloc__F</name>
         <load_address>0x800125a0</load_address>
         <run_address>0x800125a0</run_address>
         <size>0xe0</size>
         <input_file_ref idref="fl-1b"/>
      </object_component>
      <object_component id="oc-192">
         <name>.text:_HOSTread</name>
         <load_address>0x80012680</load_address>
         <run_address>0x80012680</run_address>
         <size>0xc0</size>
         <input_file_ref idref="fl-b8"/>
      </object_component>
      <object_component id="oc-195">
         <name>.text:_HOSTunlink</name>
         <load_address>0x80012740</load_address>
         <run_address>0x80012740</run_address>
         <size>0xc0</size>
         <input_file_ref idref="fl-b8"/>
      </object_component>
      <object_component id="oc-193">
         <name>.text:_HOSTwrite</name>
         <load_address>0x80012800</load_address>
         <run_address>0x80012800</run_address>
         <size>0xc0</size>
         <input_file_ref idref="fl-b8"/>
      </object_component>
      <object_component id="oc-369">
         <name>.text:__div</name>
         <load_address>0x800128c0</load_address>
         <run_address>0x800128c0</run_address>
         <size>0xc0</size>
         <input_file_ref idref="fl-bb"/>
      </object_component>
      <object_component id="oc-2a7">
         <name>.text:__divu</name>
         <load_address>0x80012980</load_address>
         <run_address>0x80012980</run_address>
         <size>0xc0</size>
         <input_file_ref idref="fl-a0"/>
      </object_component>
      <object_component id="oc-265">
         <name>.text:__doflush</name>
         <load_address>0x80012a40</load_address>
         <run_address>0x80012a40</run_address>
         <size>0xc0</size>
         <input_file_ref idref="fl-a4"/>
      </object_component>
      <object_component id="oc-304">
         <name>.text:__rd_ok</name>
         <load_address>0x80012b00</load_address>
         <run_address>0x80012b00</run_address>
         <size>0xc0</size>
         <input_file_ref idref="fl-dd"/>
      </object_component>
      <object_component id="oc-2ff">
         <name>.text:_atexit</name>
         <load_address>0x80012bc0</load_address>
         <run_address>0x80012bc0</run_address>
         <size>0xc0</size>
         <input_file_ref idref="fl-9e"/>
      </object_component>
      <object_component id="oc-181">
         <name>.text:_exit</name>
         <load_address>0x80012c80</load_address>
         <run_address>0x80012c80</run_address>
         <size>0xc0</size>
         <input_file_ref idref="fl-a1"/>
      </object_component>
      <object_component id="oc-380">
         <name>.text:_ltoa</name>
         <load_address>0x80012d40</load_address>
         <run_address>0x80012d40</run_address>
         <size>0xc0</size>
         <input_file_ref idref="fl-cf"/>
      </object_component>
      <object_component id="oc-2c1">
         <name>.text:_ti_sysbios_BIOS_errorRaiseHook__I</name>
         <load_address>0x80012e00</load_address>
         <run_address>0x80012e00</run_address>
         <size>0xc0</size>
         <input_file_ref idref="fl-b"/>
      </object_component>
      <object_component id="oc-1b7">
         <name>.text:_ti_sysbios_heaps_HeapMem_getStats__E</name>
         <load_address>0x80012ec0</load_address>
         <run_address>0x80012ec0</run_address>
         <size>0xc0</size>
         <input_file_ref idref="fl-b"/>
      </object_component>
      <object_component id="oc-1a2">
         <name>.text:_ti_sysbios_knl_Clock_logTick__E</name>
         <load_address>0x80012f80</load_address>
         <run_address>0x80012f80</run_address>
         <size>0xc0</size>
         <input_file_ref idref="fl-b"/>
      </object_component>
      <object_component id="oc-2ba">
         <name>.text:_ti_sysbios_knl_Task_allBlockedFunction__I</name>
         <load_address>0x80013040</load_address>
         <run_address>0x80013040</run_address>
         <size>0xc0</size>
         <input_file_ref idref="fl-b"/>
      </object_component>
      <object_component id="oc-3d9">
         <name>.text:_ti_sysbios_timers_timer64_Timer_stop__E</name>
         <load_address>0x80013100</load_address>
         <run_address>0x80013100</run_address>
         <size>0xc0</size>
         <input_file_ref idref="fl-b"/>
      </object_component>
      <object_component id="oc-235">
         <name>.text:_xdc_runtime_LoggerBuf_Instance_init__F</name>
         <load_address>0x800131c0</load_address>
         <run_address>0x800131c0</run_address>
         <size>0xc0</size>
         <input_file_ref idref="fl-1a"/>
      </object_component>
      <object_component id="oc-2f6">
         <name>.text:_xdc_runtime_System_formatNum__I</name>
         <load_address>0x80013280</load_address>
         <run_address>0x80013280</run_address>
         <size>0xc0</size>
         <input_file_ref idref="fl-1e"/>
      </object_component>
      <object_component id="oc-191">
         <name>.text:_HOSTclose</name>
         <load_address>0x80013340</load_address>
         <run_address>0x80013340</run_address>
         <size>0xa0</size>
         <input_file_ref idref="fl-b8"/>
      </object_component>
      <object_component id="oc-2cd">
         <name>.text:__cleanup</name>
         <load_address>0x800133e0</load_address>
         <run_address>0x800133e0</run_address>
         <size>0xa0</size>
         <input_file_ref idref="fl-a8"/>
      </object_component>
      <object_component id="oc-310">
         <name>.text:__cvtdf</name>
         <load_address>0x80013480</load_address>
         <run_address>0x80013480</run_address>
         <size>0xa0</size>
         <input_file_ref idref="fl-c1"/>
      </object_component>
      <object_component id="oc-396">
         <name>.text:__divli</name>
         <load_address>0x80013520</load_address>
         <run_address>0x80013520</run_address>
         <size>0xa0</size>
         <input_file_ref idref="fl-cd"/>
      </object_component>
      <object_component id="oc-365">
         <name>.text:__ecpy</name>
         <load_address>0x800135c0</load_address>
         <run_address>0x800135c0</run_address>
         <size>0xa0</size>
         <input_file_ref idref="fl-bb"/>
      </object_component>
      <object_component id="oc-368">
         <name>.text:__fcpy</name>
         <load_address>0x80013660</load_address>
         <run_address>0x80013660</run_address>
         <size>0xa0</size>
         <input_file_ref idref="fl-bb"/>
      </object_component>
      <object_component id="oc-37f">
         <name>.text:__fixdli</name>
         <load_address>0x80013700</load_address>
         <run_address>0x80013700</run_address>
         <size>0xa0</size>
         <input_file_ref idref="fl-c6"/>
      </object_component>
      <object_component id="oc-1ed">
         <name>.text:__fixfli</name>
         <load_address>0x800137a0</load_address>
         <run_address>0x800137a0</run_address>
         <size>0xa0</size>
         <input_file_ref idref="fl-a6"/>
      </object_component>
      <object_component id="oc-345">
         <name>.text:__pconv_f</name>
         <load_address>0x80013840</load_address>
         <run_address>0x80013840</run_address>
         <size>0xa0</size>
         <input_file_ref idref="fl-bb"/>
      </object_component>
      <object_component id="oc-328">
         <name>.text:__remu</name>
         <load_address>0x800138e0</load_address>
         <run_address>0x800138e0</run_address>
         <size>0xa0</size>
         <input_file_ref idref="fl-b5"/>
      </object_component>
      <object_component id="oc-10">
         <name>.text:_c_int00</name>
         <load_address>0x80013980</load_address>
         <run_address>0x80013980</run_address>
         <size>0xa0</size>
         <input_file_ref idref="fl-22"/>
      </object_component>
      <object_component id="oc-302">
         <name>.text:_finddevice</name>
         <load_address>0x80013a20</load_address>
         <run_address>0x80013a20</run_address>
         <size>0xa0</size>
         <input_file_ref idref="fl-ad"/>
      </object_component>
      <object_component id="oc-266">
         <name>.text:_lseek</name>
         <load_address>0x80013ac0</load_address>
         <run_address>0x80013ac0</run_address>
         <size>0xa0</size>
         <input_file_ref idref="fl-ad"/>
      </object_component>
      <object_component id="oc-1e6">
         <name>.text:_malloc</name>
         <load_address>0x80013b60</load_address>
         <run_address>0x80013b60</run_address>
         <size>0xa0</size>
         <input_file_ref idref="fl-3"/>
      </object_component>
      <object_component id="oc-197">
         <name>.text:_memcpy</name>
         <load_address>0x80013c00</load_address>
         <run_address>0x80013c00</run_address>
         <size>0xa0</size>
         <input_file_ref idref="fl-ae"/>
      </object_component>
      <object_component id="oc-306">
         <name>.text:_read</name>
         <load_address>0x80013ca0</load_address>
         <run_address>0x80013ca0</run_address>
         <size>0xa0</size>
         <input_file_ref idref="fl-ad"/>
      </object_component>
      <object_component id="oc-38b">
         <name>.text:_ti_sysbios_family_c64p_Exception_Module_startup__F</name>
         <load_address>0x80013d40</load_address>
         <run_address>0x80013d40</run_address>
         <size>0xa0</size>
         <input_file_ref idref="fl-b"/>
      </object_component>
      <object_component id="oc-32d">
         <name>.text:_ti_sysbios_family_c64p_Hwi_getStackInfo__E</name>
         <load_address>0x80013de0</load_address>
         <run_address>0x80013de0</run_address>
         <size>0xa0</size>
         <input_file_ref idref="fl-b"/>
      </object_component>
      <object_component id="oc-2c3">
         <name>.text:_ti_sysbios_heaps_HeapMem_init__I</name>
         <load_address>0x80013e80</load_address>
         <run_address>0x80013e80</run_address>
         <size>0xa0</size>
         <input_file_ref idref="fl-b"/>
      </object_component>
      <object_component id="oc-1c6">
         <name>.text:_ti_sysbios_knl_Idle_run__E</name>
         <load_address>0x80013f20</load_address>
         <run_address>0x80013f20</run_address>
         <size>0xa0</size>
         <input_file_ref idref="fl-b"/>
      </object_component>
      <object_component id="oc-2a2">
         <name>.text:_ti_sysbios_knl_Semaphore_Object__create__S</name>
         <load_address>0x80013fc0</load_address>
         <run_address>0x80013fc0</run_address>
         <size>0xa0</size>
         <input_file_ref idref="fl-3"/>
      </object_component>
      <object_component id="oc-2cc">
         <name>.text:_write</name>
         <load_address>0x80014060</load_address>
         <run_address>0x80014060</run_address>
         <size>0xa0</size>
         <input_file_ref idref="fl-ad"/>
      </object_component>
      <object_component id="oc-213">
         <name>.text:_xdc_runtime_Assert_raise__I</name>
         <load_address>0x80014100</load_address>
         <run_address>0x80014100</run_address>
         <size>0xa0</size>
         <input_file_ref idref="fl-12"/>
      </object_component>
      <object_component id="oc-388">
         <name>.text:_xdc_runtime_LoggerBuf_Module_startup__F</name>
         <load_address>0x800141a0</load_address>
         <run_address>0x800141a0</run_address>
         <size>0xa0</size>
         <input_file_ref idref="fl-1a"/>
      </object_component>
      <object_component id="oc-1ce">
         <name>.text:_xdc_runtime_LoggerBuf_write8__E</name>
         <load_address>0x80014240</load_address>
         <run_address>0x80014240</run_address>
         <size>0xa0</size>
         <input_file_ref idref="fl-3"/>
      </object_component>
      <object_component id="oc-32b">
         <name>.text:_xdc_runtime_SysMin_abort__F</name>
         <load_address>0x800142e0</load_address>
         <run_address>0x800142e0</run_address>
         <size>0xa0</size>
         <input_file_ref idref="fl-1f"/>
      </object_component>
      <object_component id="oc-358">
         <name>.text:_xdc_runtime_SysMin_flush__F</name>
         <load_address>0x80014380</load_address>
         <run_address>0x80014380</run_address>
         <size>0xa0</size>
         <input_file_ref idref="fl-1f"/>
      </object_component>
      <object_component id="oc-387">
         <name>.text:_xdc_runtime_SysMin_output__I</name>
         <load_address>0x80014420</load_address>
         <run_address>0x80014420</run_address>
         <size>0xa0</size>
         <input_file_ref idref="fl-3"/>
      </object_component>
      <object_component id="oc-357">
         <name>.text:_xdc_runtime_SysMin_putch__F</name>
         <load_address>0x800144c0</load_address>
         <run_address>0x800144c0</run_address>
         <size>0xa0</size>
         <input_file_ref idref="fl-1f"/>
      </object_component>
      <object_component id="oc-385">
         <name>.text:_xdc_runtime_Text_xprintf__I</name>
         <load_address>0x80014560</load_address>
         <run_address>0x80014560</run_address>
         <size>0xa0</size>
         <input_file_ref idref="fl-20"/>
      </object_component>
      <object_component id="oc-383">
         <name>.text:__fixdi</name>
         <load_address>0x80014600</load_address>
         <run_address>0x80014600</run_address>
         <size>0x80</size>
         <input_file_ref idref="fl-c5"/>
      </object_component>
      <object_component id="oc-1ee">
         <name>.text:__fixfi</name>
         <load_address>0x80014680</load_address>
         <run_address>0x80014680</run_address>
         <size>0x80</size>
         <input_file_ref idref="fl-a5"/>
      </object_component>
      <object_component id="oc-381">
         <name>.text:__fltlid</name>
         <load_address>0x80014700</load_address>
         <run_address>0x80014700</run_address>
         <size>0x80</size>
         <input_file_ref idref="fl-c7"/>
      </object_component>
      <object_component id="oc-1ef">
         <name>.text:__fltlif</name>
         <load_address>0x80014780</load_address>
         <run_address>0x80014780</run_address>
         <size>0x80</size>
         <input_file_ref idref="fl-a7"/>
      </object_component>
      <object_component id="oc-35d">
         <name>.text:__llshl</name>
         <load_address>0x80014800</load_address>
         <run_address>0x80014800</run_address>
         <size>0x80</size>
         <input_file_ref idref="fl-ac"/>
      </object_component>
      <object_component id="oc-37e">
         <name>.text:__renormd</name>
         <load_address>0x80014880</load_address>
         <run_address>0x80014880</run_address>
         <size>0x80</size>
         <input_file_ref idref="fl-e2"/>
      </object_component>
      <object_component id="oc-1de">
         <name>.text:_readmsg</name>
         <load_address>0x80014900</load_address>
         <run_address>0x80014900</run_address>
         <size>0x80</size>
         <input_file_ref idref="fl-b9"/>
      </object_component>
      <object_component id="oc-19b">
         <name>.text:_ti_sysbios_BIOS_exitFunc__I</name>
         <load_address>0x80014980</load_address>
         <run_address>0x80014980</run_address>
         <size>0x80</size>
         <input_file_ref idref="fl-3"/>
      </object_component>
      <object_component id="oc-3cd">
         <name>.text:_ti_sysbios_family_c62_TaskSupport_start__E</name>
         <load_address>0x80014a00</load_address>
         <run_address>0x80014a00</run_address>
         <size>0x80</size>
         <input_file_ref idref="fl-b"/>
      </object_component>
      <object_component id="oc-2e4">
         <name>.text:_ti_sysbios_family_c62_TaskSupport_swap__E</name>
         <load_address>0x80014a80</load_address>
         <run_address>0x80014a80</run_address>
         <size>0x80</size>
         <input_file_ref idref="fl-10"/>
      </object_component>
      <object_component id="oc-1aa">
         <name>.text:_ti_sysbios_gates_GateHwi_Object__create__S</name>
         <load_address>0x80014b00</load_address>
         <run_address>0x80014b00</run_address>
         <size>0x80</size>
         <input_file_ref idref="fl-3"/>
      </object_component>
      <object_component id="oc-1b0">
         <name>.text:_ti_sysbios_gates_GateMutex_Object__create__S</name>
         <load_address>0x80014b80</load_address>
         <run_address>0x80014b80</run_address>
         <size>0x80</size>
         <input_file_ref idref="fl-3"/>
      </object_component>
      <object_component id="oc-1b8">
         <name>.text:_ti_sysbios_heaps_HeapMem_Object__create__S</name>
         <load_address>0x80014c00</load_address>
         <run_address>0x80014c00</run_address>
         <size>0x80</size>
         <input_file_ref idref="fl-3"/>
      </object_component>
      <object_component id="oc-183">
         <name>.text:_ti_sysbios_knl_Clock_doTick__I</name>
         <load_address>0x80014c80</load_address>
         <run_address>0x80014c80</run_address>
         <size>0x80</size>
         <input_file_ref idref="fl-3"/>
      </object_component>
      <object_component id="oc-320">
         <name>.text:_ti_sysbios_knl_Queue_Object__create__S</name>
         <load_address>0x80014d00</load_address>
         <run_address>0x80014d00</run_address>
         <size>0x80</size>
         <input_file_ref idref="fl-3"/>
      </object_component>
      <object_component id="oc-298">
         <name>.text:_ti_sysbios_knl_Semaphore_pendTimeout__I</name>
         <load_address>0x80014d80</load_address>
         <run_address>0x80014d80</run_address>
         <size>0x80</size>
         <input_file_ref idref="fl-b"/>
      </object_component>
      <object_component id="oc-3b0">
         <name>.text:_ti_sysbios_knl_Swi_Object__get__S</name>
         <load_address>0x80014e00</load_address>
         <run_address>0x80014e00</run_address>
         <size>0x80</size>
         <input_file_ref idref="fl-3"/>
      </object_component>
      <object_component id="oc-1a0">
         <name>.text:_ti_sysbios_knl_Swi_startup__E</name>
         <load_address>0x80014e80</load_address>
         <run_address>0x80014e80</run_address>
         <size>0x80</size>
         <input_file_ref idref="fl-b"/>
      </object_component>
      <object_component id="oc-1fa">
         <name>.text:_ti_sysbios_knl_Task_restore__E</name>
         <load_address>0x80014f00</load_address>
         <run_address>0x80014f00</run_address>
         <size>0x80</size>
         <input_file_ref idref="fl-b"/>
      </object_component>
      <object_component id="oc-3c7">
         <name>.text:_ti_sysbios_timers_timer64_Timer_getPeriod__E</name>
         <load_address>0x80014f80</load_address>
         <run_address>0x80014f80</run_address>
         <size>0x80</size>
         <input_file_ref idref="fl-b"/>
      </object_component>
      <object_component id="oc-315">
         <name>.text:_unlink</name>
         <load_address>0x80015000</load_address>
         <run_address>0x80015000</run_address>
         <size>0x80</size>
         <input_file_ref idref="fl-ad"/>
      </object_component>
      <object_component id="oc-20c">
         <name>.text:_xdc_runtime_Core_assignLabel__I</name>
         <load_address>0x80015080</load_address>
         <run_address>0x80015080</run_address>
         <size>0x80</size>
         <input_file_ref idref="fl-14"/>
      </object_component>
      <object_component id="oc-287">
         <name>.text:_xdc_runtime_Core_assignParams__I</name>
         <load_address>0x80015100</load_address>
         <run_address>0x80015100</run_address>
         <size>0x80</size>
         <input_file_ref idref="fl-15"/>
      </object_component>
      <object_component id="oc-2ab">
         <name>.text:_xdc_runtime_LoggerBuf_filterOutEvent__I</name>
         <load_address>0x80015180</load_address>
         <run_address>0x80015180</run_address>
         <size>0x80</size>
         <input_file_ref idref="fl-1a"/>
      </object_component>
      <object_component id="oc-1f5">
         <name>.text:_xdc_runtime_System_atexit__F</name>
         <load_address>0x80015200</load_address>
         <run_address>0x80015200</run_address>
         <size>0x80</size>
         <input_file_ref idref="fl-1e"/>
      </object_component>
      <object_component id="oc-2f4">
         <name>.text:_xdc_runtime_System_putchar__I</name>
         <load_address>0x80015280</load_address>
         <run_address>0x80015280</run_address>
         <size>0x80</size>
         <input_file_ref idref="fl-1e"/>
      </object_component>
      <object_component id="oc-2fe">
         <name>.text:_xdc_runtime_System_rtsExit__I</name>
         <load_address>0x80015300</load_address>
         <run_address>0x80015300</run_address>
         <size>0x80</size>
         <input_file_ref idref="fl-1e"/>
      </object_component>
      <object_component id="oc-39b">
         <name>.text:_xdc_runtime_Text_printVisFxn__I</name>
         <load_address>0x80015380</load_address>
         <run_address>0x80015380</run_address>
         <size>0x80</size>
         <input_file_ref idref="fl-20"/>
      </object_component>
      <object_component id="oc-2ee">
         <name>.text:ti_sysbios_hal_Hwi_checkStack:_ti_sysbios_hal_Hwi_checkStack</name>
         <load_address>0x80015400</load_address>
         <run_address>0x80015400</run_address>
         <size>0x80</size>
         <input_file_ref idref="fl-b"/>
      </object_component>
      <object_component id="oc-2c4">
         <name>.text:ti_sysbios_hal_Hwi_initStack:_ti_sysbios_hal_Hwi_initStack</name>
         <load_address>0x80015480</load_address>
         <run_address>0x80015480</run_address>
         <size>0x80</size>
         <input_file_ref idref="fl-b"/>
      </object_component>
      <object_component id="oc-25b">
         <name>.text:___TI_init_pphandler</name>
         <load_address>0x80015500</load_address>
         <run_address>0x80015500</run_address>
         <size>0x60</size>
         <input_file_ref idref="fl-b2"/>
      </object_component>
      <object_component id="oc-1ea">
         <name>.text:__cvtfd</name>
         <load_address>0x80015560</load_address>
         <run_address>0x80015560</run_address>
         <size>0x60</size>
         <input_file_ref idref="fl-9f"/>
      </object_component>
      <object_component id="oc-26b">
         <name>.text:__frcmpyf</name>
         <load_address>0x800155c0</load_address>
         <run_address>0x800155c0</run_address>
         <size>0x60</size>
         <input_file_ref idref="fl-cb"/>
      </object_component>
      <object_component id="oc-341">
         <name>.text:__remull</name>
         <load_address>0x80015620</load_address>
         <run_address>0x80015620</run_address>
         <size>0x60</size>
         <input_file_ref idref="fl-ab"/>
      </object_component>
      <object_component id="oc-35e">
         <name>.text:__subcull</name>
         <load_address>0x80015680</load_address>
         <run_address>0x80015680</run_address>
         <size>0x60</size>
         <input_file_ref idref="fl-ab"/>
      </object_component>
      <object_component id="oc-1e8">
         <name>.text:_fclose</name>
         <load_address>0x800156e0</load_address>
         <run_address>0x800156e0</run_address>
         <size>0x60</size>
         <input_file_ref idref="fl-a2"/>
      </object_component>
      <object_component id="oc-1e4">
         <name>.text:_feof</name>
         <load_address>0x80015740</load_address>
         <run_address>0x80015740</run_address>
         <size>0x60</size>
         <input_file_ref idref="fl-a3"/>
      </object_component>
      <object_component id="oc-1e3">
         <name>.text:_fopen</name>
         <load_address>0x800157a0</load_address>
         <run_address>0x800157a0</run_address>
         <size>0x60</size>
         <input_file_ref idref="fl-a8"/>
      </object_component>
      <object_component id="oc-2d7">
         <name>.text:_free</name>
         <load_address>0x80015800</load_address>
         <run_address>0x80015800</run_address>
         <size>0x60</size>
         <input_file_ref idref="fl-3"/>
      </object_component>
      <object_component id="oc-319">
         <name>.text:_memccpy</name>
         <load_address>0x80015860</load_address>
         <run_address>0x80015860</run_address>
         <size>0x60</size>
         <input_file_ref idref="fl-d0"/>
      </object_component>
      <object_component id="oc-301">
         <name>.text:_tabinit</name>
         <load_address>0x800158c0</load_address>
         <run_address>0x800158c0</run_address>
         <size>0x60</size>
         <input_file_ref idref="fl-ad"/>
      </object_component>
      <object_component id="oc-19d">
         <name>.text:_ti_sysbios_BIOS_registerRTSLock__I</name>
[...]
         <value>0x80016d80</value>
         <object_component_ref idref="oc-24b"/>
      </symbol>
      <symbol id="sm-e83">
         <name>_xdc_runtime_Text_putMod__F</name>
         <value>0x80011000</value>
         <object_component_ref idref="oc-384"/>
      </symbol>
      <symbol id="sm-e84">
         <name>_xdc_runtime_Text_visitRope2__I</name>
         <value>0x80011a20</value>
         <object_component_ref idref="oc-3d3"/>
      </symbol>
      <symbol id="sm-e85">
         <name>_xdc_runtime_Text_cordText__F</name>
         <value>0x80016220</value>
         <object_component_ref idref="oc-28d"/>
      </symbol>
      <symbol id="sm-e86">
         <name>_xdc_runtime_Text_putLab__F</name>
         <value>0x800105c0</value>
         <object_component_ref idref="oc-36c"/>
      </symbol>
      <symbol id="sm-e87">
         <name>_xdc_runtime_Text_printVisFxn__I</name>
         <value>0x80015380</value>
         <object_component_ref idref="oc-39b"/>
      </symbol>
      <symbol id="sm-e88">
         <name>_xdc_runtime_Text_xprintf__I</name>
         <value>0x80014560</value>
         <object_component_ref idref="oc-385"/>
      </symbol>
      <symbol id="sm-e92">
         <name>___xdc__init</name>
         <value>0x80016e20</value>
         <object_component_ref idref="oc-18c"/>
      </symbol>
      <symbol id="sm-ea3">
         <name>__stack</name>
         <value>0x8001de40</value>
         <object_component_ref idref="oc-8a"/>
      </symbol>
      <symbol id="sm-ea4">
         <name>_c_int00</name>
         <value>0x80013980</value>
         <object_component_ref idref="oc-10"/>
      </symbol>
      <symbol id="sm-ebf">
         <name>__auto_init</name>
         <value>0x80011220</value>
         <object_component_ref idref="oc-17e"/>
      </symbol>
      <symbol id="sm-ed1">
         <name>__unlock</name>
         <value>0x8001b884</value>
         <object_component_ref idref="oc-94"/>
      </symbol>
      <symbol id="sm-ed2">
         <name>__lock</name>
         <value>0x8001b880</value>
         <object_component_ref idref="oc-94"/>
      </symbol>
      <symbol id="sm-ed3">
         <name>__register_lock</name>
         <value>0x80016ee0</value>
         <object_component_ref idref="oc-1f3"/>
      </symbol>
      <symbol id="sm-ed4">
         <name>__nop</name>
         <value>0x80016e80</value>
         <object_component_ref idref="oc-18f"/>
      </symbol>
      <symbol id="sm-ed5">
         <name>__register_unlock</name>
         <value>0x80016f00</value>
         <object_component_ref idref="oc-1f4"/>
      </symbol>
      <symbol id="sm-ee9">
         <name>__addf</name>
         <value>0x80009720</value>
         <object_component_ref idref="oc-1ec"/>
      </symbol>
      <symbol id="sm-ef3">
         <name>__args_main</name>
         <value>0x80016340</value>
         <object_component_ref idref="oc-180"/>
      </symbol>
      <symbol id="sm-ef4">
         <name>__TI_args_main</name>
         <value>0x1</value>
      </symbol>
      <symbol id="sm-f08">
         <name>_atexit</name>
         <value>0x80012bc0</value>
         <object_component_ref idref="oc-2ff"/>
      </symbol>
      <symbol id="sm-f09">
         <name>___atexit_func_id__</name>
         <value>0x8001b4d0</value>
         <object_component_ref idref="oc-9f"/>
      </symbol>
      <symbol id="sm-f13">
         <name>__cvtfd</name>
         <value>0x80015560</value>
         <object_component_ref idref="oc-1ea"/>
      </symbol>
      <symbol id="sm-f1c">
         <name>__c6xabi_divu</name>
         <value>0x80012980</value>
         <object_component_ref idref="oc-2a7"/>
      </symbol>
      <symbol id="sm-f1d">
         <name>__divu</name>
         <value>0x80012980</value>
         <object_component_ref idref="oc-2a7"/>
      </symbol>
      <symbol id="sm-f34">
         <name>C$$EXIT</name>
         <value>0x80016f40</value>
         <object_component_ref idref="oc-19a"/>
      </symbol>
      <symbol id="sm-f35">
         <name>_exit</name>
         <value>0x80012c80</value>
         <object_component_ref idref="oc-181"/>
      </symbol>
      <symbol id="sm-f36">
         <name>___TI_enable_exit_profile_output</name>
         <value>0x8001b87c</value>
         <object_component_ref idref="oc-aa"/>
      </symbol>
      <symbol id="sm-f37">
         <name>_abort</name>
         <value>0x80016f40</value>
         <object_component_ref idref="oc-19a"/>
      </symbol>
      <symbol id="sm-f38">
         <name>__cleanup_ptr</name>
         <value>0x8001b874</value>
         <object_component_ref idref="oc-aa"/>
      </symbol>
      <symbol id="sm-f39">
         <name>__dtors_ptr</name>
         <value>0x8001b878</value>
         <object_component_ref idref="oc-aa"/>
      </symbol>
      <symbol id="sm-f4f">
         <name>__closefile</name>
         <value>0x80010820</value>
         <object_component_ref idref="oc-267"/>
      </symbol>
      <symbol id="sm-f50">
         <name>_fclose</name>
         <value>0x800156e0</value>
         <object_component_ref idref="oc-1e8"/>
      </symbol>
      <symbol id="sm-f5c">
         <name>_feof</name>
         <value>0x80015740</value>
         <object_component_ref idref="oc-1e4"/>
      </symbol>
      <symbol id="sm-f69">
         <name>__doflush</name>
         <value>0x80012a40</value>
         <object_component_ref idref="oc-265"/>
      </symbol>
      <symbol id="sm-f76">
         <name>__fixfi</name>
         <value>0x80014680</value>
         <object_component_ref idref="oc-1ee"/>
      </symbol>
      <symbol id="sm-f83">
         <name>__fixfli</name>
         <value>0x800137a0</value>
         <object_component_ref idref="oc-1ed"/>
      </symbol>
      <symbol id="sm-f8e">
         <name>__fltlif</name>
         <value>0x80014780</value>
         <object_component_ref idref="oc-1ef"/>
      </symbol>
      <symbol id="sm-fb7">
         <name>__cleanup</name>
         <value>0x800133e0</value>
         <object_component_ref idref="oc-2cd"/>
      </symbol>
      <symbol id="sm-fb8">
         <name>_fopen</name>
         <value>0x800157a0</value>
         <object_component_ref idref="oc-1e3"/>
      </symbol>
      <symbol id="sm-fdb">
         <name>_fscanf</name>
         <value>0x80012060</value>
         <object_component_ref idref="oc-1e5"/>
      </symbol>
      <symbol id="sm-fec">
         <name>_fseek</name>
         <value>0x80010dc0</value>
         <object_component_ref idref="oc-1e7"/>
      </symbol>
      <symbol id="sm-1002">
         <name>__subcull</name>
         <value>0x80015680</value>
         <object_component_ref idref="oc-35e"/>
      </symbol>
      <symbol id="sm-1003">
         <name>__divull</name>
         <value>0x8000af40</value>
         <object_component_ref idref="oc-335"/>
      </symbol>
      <symbol id="sm-1004">
         <name>__remull</name>
         <value>0x80015620</value>
         <object_component_ref idref="oc-341"/>
      </symbol>
      <symbol id="sm-1012">
         <name>__llshl</name>
         <value>0x80014800</value>
         <object_component_ref idref="oc-35d"/>
      </symbol>
      <symbol id="sm-1013">
         <name>__llshru</name>
         <value>0x800163c0</value>
         <object_component_ref idref="oc-35f"/>
      </symbol>
      <symbol id="sm-1074">
         <name>_add_device</name>
         <value>0x8000dca0</value>
         <object_component_ref idref="oc-2c8"/>
      </symbol>
      <symbol id="sm-1075">
         <name>_read</name>
         <value>0x80013ca0</value>
         <object_component_ref idref="oc-306"/>
      </symbol>
      <symbol id="sm-1076">
         <name>_unlink</name>
         <value>0x80015000</value>
         <object_component_ref idref="oc-315"/>
      </symbol>
      <symbol id="sm-1077">
         <name>_open</name>
         <value>0x8000f5c0</value>
         <object_component_ref idref="oc-2c9"/>
      </symbol>
      <symbol id="sm-1078">
         <name>_lseek</name>
         <value>0x80013ac0</value>
         <object_component_ref idref="oc-266"/>
      </symbol>
      <symbol id="sm-1079">
         <name>_close</name>
         <value>0x80011ea0</value>
         <object_component_ref idref="oc-2ca"/>
      </symbol>
      <symbol id="sm-107a">
         <name>_write</name>
         <value>0x80014060</value>
         <object_component_ref idref="oc-2cc"/>
      </symbol>
      <symbol id="sm-1082">
         <name>_memcpy</name>
         <value>0x80013c00</value>
         <object_component_ref idref="oc-197"/>
      </symbol>
      <symbol id="sm-108d">
         <name>_memset</name>
         <value>0x80012140</value>
         <object_component_ref idref="oc-249"/>
      </symbol>
      <symbol id="sm-10a2">
         <name>__mpyf</name>
         <value>0x8000d4a0</value>
         <object_component_ref idref="oc-1eb"/>
      </symbol>
      <symbol id="sm-10ac">
         <name>__negll</name>
         <value>0x80016e60</value>
         <object_component_ref idref="oc-336"/>
      </symbol>
      <symbol id="sm-10bf">
         <name>___TI_path_prof_out</name>
         <value>0x80016e00</value>
         <object_component_ref idref="oc-1e2"/>
      </symbol>
      <symbol id="sm-10c0">
         <name>___TI_init_pphandler</name>
         <value>0x80015500</value>
         <object_component_ref idref="oc-25b"/>
      </symbol>
      <symbol id="sm-10d5">
         <name>_printf</name>
         <value>0x80012220</value>
         <object_component_ref idref="oc-1e9"/>
      </symbol>
      <symbol id="sm-10df">
         <name>_remove</name>
         <value>0x80016f80</value>
         <object_component_ref idref="oc-2d8"/>
      </symbol>
      <symbol id="sm-10e8">
         <name>__remu</name>
         <value>0x800138e0</value>
         <object_component_ref idref="oc-328"/>
      </symbol>
      <symbol id="sm-10e9">
         <name>__c6xabi_remu</name>
         <value>0x800138e0</value>
         <object_component_ref idref="oc-328"/>
      </symbol>
      <symbol id="sm-1101">
         <name>_dtors</name>
         <value>0x8001b890</value>
         <object_component_ref idref="oc-f0"/>
      </symbol>
      <symbol id="sm-1102">
         <name>_call_dtors</name>
         <value>0x80011520</value>
         <object_component_ref idref="oc-35c"/>
      </symbol>
      <symbol id="sm-1103">
         <name>___add_dtor</name>
         <value>0x80016280</value>
         <object_component_ref idref="oc-332"/>
      </symbol>
      <symbol id="sm-1137">
         <name>_HOSTopen</name>
         <value>0x80011c00</value>
         <object_component_ref idref="oc-190"/>
      </symbol>
      <symbol id="sm-1138">
         <name>_HOSTread</name>
         <value>0x80012680</value>
         <object_component_ref idref="oc-192"/>
      </symbol>
      <symbol id="sm-1139">
         <name>_HOSTgetenv</name>
         <value>0x80011b20</value>
         <object_component_ref idref="oc-333"/>
      </symbol>
      <symbol id="sm-113a">
         <name>_HOSTrename</name>
         <value>0x8000f2c0</value>
         <object_component_ref idref="oc-196"/>
      </symbol>
      <symbol id="sm-113b">
         <name>_HOSTwrite</name>
         <value>0x80012800</value>
         <object_component_ref idref="oc-193"/>
      </symbol>
      <symbol id="sm-113c">
         <name>_HOSTlseek</name>
         <value>0x80011120</value>
         <object_component_ref idref="oc-194"/>
      </symbol>
      <symbol id="sm-113d">
         <name>_HOSTunlink</name>
         <value>0x80012740</value>
         <object_component_ref idref="oc-195"/>
      </symbol>
      <symbol id="sm-113e">
         <name>_HOSTclose</name>
         <value>0x80013340</value>
         <object_component_ref idref="oc-191"/>
      </symbol>
      <symbol id="sm-114e">
         <name>C$$IO$$</name>
         <value>0x80015f18</value>
         <object_component_ref idref="oc-1dd"/>
      </symbol>
      <symbol id="sm-114f">
         <name>__CIOBUF_</name>
         <value>0x8001f690</value>
         <object_component_ref idref="oc-fb"/>
      </symbol>
      <symbol id="sm-1150">
         <name>_readmsg</name>
         <value>0x80014900</value>
         <object_component_ref idref="oc-1de"/>
      </symbol>
      <symbol id="sm-1151">
         <name>_writemsg</name>
         <value>0x80015ec0</value>
         <object_component_ref idref="oc-1dd"/>
      </symbol>
      <symbol id="sm-1162">
         <name>_ungetc</name>
         <value>0x80010480</value>
         <object_component_ref idref="oc-2cf"/>
      </symbol>
      <symbol id="sm-1280">
         <name>__printfi</name>
         <value>0x80007080</value>
         <object_component_ref idref="oc-269"/>
      </symbol>
      <symbol id="sm-1359">
         <name>__scanfi</name>
         <value>0x80000dc0</value>
         <object_component_ref idref="oc-262"/>
      </symbol>
      <symbol id="sm-136e">
         <name>_atoi</name>
         <value>0x80011dc0</value>
         <object_component_ref idref="oc-308"/>
      </symbol>
      <symbol id="sm-137d">
         <name>__cmpd</name>
         <value>0x80011ce0</value>
         <object_component_ref idref="oc-33b"/>
      </symbol>
      <symbol id="sm-1385">
         <name>__ctypes_</name>
         <value>0x8001d318</value>
         <object_component_ref idref="oc-2d0"/>
      </symbol>
      <symbol id="sm-1390">
         <name>__cvtdf</name>
         <value>0x80013480</value>
         <object_component_ref idref="oc-310"/>
      </symbol>
      <symbol id="sm-139a">
         <name>__tmpnams</name>
         <value>0x8001b388</value>
         <object_component_ref idref="oc-118"/>
      </symbol>
      <symbol id="sm-139b">
         <name>__ft_end</name>
         <value>0x8001b4c8</value>
         <object_component_ref idref="oc-118"/>
      </symbol>
      <symbol id="sm-139c">
         <name>__ftable</name>
         <value>0x8001b1a8</value>
         <object_component_ref idref="oc-118"/>
      </symbol>
      <symbol id="sm-13b4">
         <name>__divd</name>
         <value>0x80004aa0</value>
         <object_component_ref idref="oc-33d"/>
      </symbol>
      <symbol id="sm-13c8">
         <name>_getc</name>
         <value>0x8000fd00</value>
         <object_component_ref idref="oc-2ce"/>
      </symbol>
      <symbol id="sm-13c9">
         <name>_fgetc</name>
         <value>0x8000fd00</value>
         <object_component_ref idref="oc-2ce"/>
      </symbol>
      <symbol id="sm-13d6">
         <name>__fixdi</name>
         <value>0x80014600</value>
         <object_component_ref idref="oc-383"/>
      </symbol>
      <symbol id="sm-13e3">
         <name>__fixdli</name>
         <value>0x80013700</value>
         <object_component_ref idref="oc-37f"/>
      </symbol>
      <symbol id="sm-13ee">
         <name>__fltlid</name>
         <value>0x80014700</value>
         <object_component_ref idref="oc-381"/>
      </symbol>
      <symbol id="sm-1409">
         <name>_putc</name>
         <value>0x8000c3e0</value>
         <object_component_ref idref="oc-2de"/>
      </symbol>
      <symbol id="sm-140a">
         <name>_fputc</name>
         <value>0x8000c3e0</value>
         <object_component_ref idref="oc-2de"/>
      </symbol>
      <symbol id="sm-142c">
         <name>_fputs</name>
         <value>0x80008100</value>
         <object_component_ref idref="oc-2d9"/>
      </symbol>
      <symbol id="sm-1436">
         <name>__frcmpyd_div</name>
         <value>0x80016380</value>
         <object_component_ref idref="oc-363"/>
      </symbol>
      <symbol id="sm-1440">
         <name>__frcmpyf</name>
         <value>0x800155c0</value>
         <object_component_ref idref="oc-26b"/>
      </symbol>
      <symbol id="sm-144d">
         <name>_getenv</name>
         <value>0x80016f60</value>
         <object_component_ref idref="oc-300"/>
      </symbol>
      <symbol id="sm-145f">
         <name>__divul</name>
         <value>0x8000e760</value>
         <object_component_ref idref="oc-334"/>
      </symbol>
      <symbol id="sm-1460">
         <name>__remli</name>
         <value>0x80016440</value>
         <object_component_ref idref="oc-395"/>
      </symbol>
      <symbol id="sm-1461">
         <name>__remul</name>
         <value>0x80016480</value>
         <object_component_ref idref="oc-340"/>
      </symbol>
      <symbol id="sm-1462">
         <name>__divli</name>
         <value>0x80013520</value>
         <object_component_ref idref="oc-396"/>
      </symbol>
      <symbol id="sm-146c">
         <name>___isinf</name>
         <value>0x800162c0</value>
         <object_component_ref idref="oc-343"/>
      </symbol>
      <symbol id="sm-1479">
         <name>_ltoa</name>
         <value>0x80012d40</value>
         <object_component_ref idref="oc-380"/>
      </symbol>
      <symbol id="sm-1486">
         <name>_memccpy</name>
         <value>0x80015860</value>
         <object_component_ref idref="oc-319"/>
      </symbol>
      <symbol id="sm-149c">
         <name>__mpyd</name>
         <value>0x8000b1a0</value>
         <object_component_ref idref="oc-337"/>
      </symbol>
      <symbol id="sm-14a6">
         <name>__negd</name>
         <value>0x80016400</value>
         <object_component_ref idref="oc-33a"/>
      </symbol>
      <symbol id="sm-14c4">
         <name>__output_path_profile_info</name>
         <value>0x8000b400</value>
         <object_component_ref idref="oc-25c"/>
      </symbol>
      <symbol id="sm-14da">
         <name>_setvbuf</name>
         <value>0x8000d8a0</value>
         <object_component_ref idref="oc-307"/>
      </symbol>
      <symbol id="sm-1504">
         <name>_strtod</name>
         <value>0x80004fe0</value>
         <object_component_ref idref="oc-30f"/>
      </symbol>
      <symbol id="sm-151c">
         <name>_strtol</name>
         <value>0x80006360</value>
         <object_component_ref idref="oc-312"/>
      </symbol>
      <symbol id="sm-1546">
         <name>_strtold</name>
         <value>0x80005500</value>
         <object_component_ref idref="oc-311"/>
      </symbol>
      <symbol id="sm-1561">
         <name>_strtoll</name>
         <value>0x800067c0</value>
         <object_component_ref idref="oc-313"/>
      </symbol>
      <symbol id="sm-1579">
         <name>_strtoul</name>
         <value>0x80007900</value>
         <object_component_ref idref="oc-30d"/>
      </symbol>
      <symbol id="sm-1595">
         <name>_strtoull</name>
         <value>0x80007d00</value>
         <object_component_ref idref="oc-30e"/>
      </symbol>
      <symbol id="sm-159f">
         <name>__subd</name>
         <value>0x800164c0</value>
         <object_component_ref idref="oc-382"/>
      </symbol>
      <symbol id="sm-15ad">
         <name>__buff_read</name>
         <value>0x80010700</value>
         <object_component_ref idref="oc-305"/>
      </symbol>
      <symbol id="sm-15c1">
         <name>__rd_ok</name>
         <value>0x80012b00</value>
         <object_component_ref idref="oc-304"/>
      </symbol>
      <symbol id="sm-15c2">
         <name>__wrt_ok</name>
         <value>0x80011420</value>
         <object_component_ref idref="oc-316"/>
      </symbol>
      <symbol id="sm-15d2">
         <name>__addd</name>
         <value>0x8000d0a0</value>
         <object_component_ref idref="oc-339"/>
      </symbol>
      <symbol id="sm-15dc">
         <name>_errno</name>
         <value>0x8001b4cc</value>
         <object_component_ref idref="oc-173"/>
      </symbol>
      <symbol id="sm-15ec">
         <name>__frcaddd</name>
         <value>0x8000d2a0</value>
         <object_component_ref idref="oc-361"/>
      </symbol>
      <symbol id="sm-15f6">
         <name>__frcmpyd</name>
         <value>0x80011320</value>
         <object_component_ref idref="oc-360"/>
      </symbol>
      <symbol id="sm-1603">
         <name>__renormd</name>
         <value>0x80014880</value>
         <object_component_ref idref="oc-37e"/>
      </symbol>
   </symbol_table>
</link_info>
