<?xml version="1.0"?>
<link_info>
   <banner>TMS320C6x Linker PC v7.4.4</banner>
   <copyright>Copyright (c) 1996-2013 Texas Instruments Incorporated</copyright>
   <link_time>0x6011c890</link_time>
   <output_file>basico_main.out</output_file>
   <entry_point>
      <name>_c_int00</name>
      <address>0x80013320</address>
   </entry_point>
   <input_file_list>
      <input_file id="fl-3">
         <path>C:\git\ARQAVANZADA\ComposeStudioFiltroFir\basico_main\Debug\configPkg\package\cfg\</path>
         <kind>object</kind>
         <file>hello_p64P.o64P</file>
         <name>hello_p64P.o64P</name>
      </input_file>
      <input_file id="fl-7">
         <path>.\</path>
         <kind>object</kind>
         <file>utils.obj</file>
         <name>utils.obj</name>
      </input_file>
      <input_file id="fl-8">
         <path>.\</path>
         <kind>object</kind>
         <file>Ejemplo_comienzo.obj</file>
         <name>Ejemplo_comienzo.obj</name>
      </input_file>
      <input_file id="fl-b">
         <path>C:\git\ARQAVANZADA\ComposeStudioFiltroFir\basico_main\src\sysbios\</path>
         <kind>archive</kind>
         <file>sysbios.a64P</file>
         <name>BIOS.obj</name>
      </input_file>
      <input_file id="fl-c">
         <path>C:\git\ARQAVANZADA\ComposeStudioFiltroFir\basico_main\src\sysbios\</path>
         <kind>archive</kind>
         <file>sysbios.a64P</file>
         <name>c64p_Hwi_disp_always.obj</name>
      </input_file>
      <input_file id="fl-d">
         <path>C:\git\ARQAVANZADA\ComposeStudioFiltroFir\basico_main\src\sysbios\</path>
         <kind>archive</kind>
         <file>sysbios.a64P</file>
         <name>c64p_Hwi_asm.obj</name>
      </input_file>
      <input_file id="fl-e">
         <path>C:\git\ARQAVANZADA\ComposeStudioFiltroFir\basico_main\src\sysbios\</path>
         <kind>archive</kind>
         <file>sysbios.a64P</file>
         <name>c64p_Hwi_asm_switch.obj</name>
      </input_file>
      <input_file id="fl-f">
         <path>C:\git\ARQAVANZADA\ComposeStudioFiltroFir\basico_main\src\sysbios\</path>
         <kind>archive</kind>
         <file>sysbios.a64P</file>
         <name>c64p_Exception_asm.obj</name>
      </input_file>
      <input_file id="fl-10">
         <path>C:\git\ARQAVANZADA\ComposeStudioFiltroFir\basico_main\src\sysbios\</path>
         <kind>archive</kind>
         <file>sysbios.a64P</file>
         <name>c62_TaskSupport_asm.obj</name>
      </input_file>
      <input_file id="fl-11">
         <path>C:\git\ARQAVANZADA\ComposeStudioFiltroFir\basico_main\src\sysbios\</path>
         <kind>archive</kind>
         <file>sysbios.a64P</file>
         <name>timer64_Timer_asm.obj</name>
      </input_file>
      <input_file id="fl-12">
         <path>C:\ti\xdctools_3_25_03_72\packages\ti\targets\rts6000\lib\</path>
         <kind>archive</kind>
         <file>ti.targets.rts6000.a64P</file>
         <name>Assert.o64P</name>
      </input_file>
      <input_file id="fl-13">
         <path>C:\ti\xdctools_3_25_03_72\packages\ti\targets\rts6000\lib\</path>
         <kind>archive</kind>
         <file>ti.targets.rts6000.a64P</file>
         <name>Core-mem.o64P</name>
      </input_file>
      <input_file id="fl-14">
         <path>C:\ti\xdctools_3_25_03_72\packages\ti\targets\rts6000\lib\</path>
         <kind>archive</kind>
         <file>ti.targets.rts6000.a64P</file>
         <name>Core-label.o64P</name>
      </input_file>
      <input_file id="fl-15">
         <path>C:\ti\xdctools_3_25_03_72\packages\ti\targets\rts6000\lib\</path>
         <kind>archive</kind>
         <file>ti.targets.rts6000.a64P</file>
         <name>Core-params.o64P</name>
      </input_file>
      <input_file id="fl-16">
         <path>C:\ti\xdctools_3_25_03_72\packages\ti\targets\rts6000\lib\</path>
         <kind>archive</kind>
         <file>ti.targets.rts6000.a64P</file>
         <name>Diags.o64P</name>
      </input_file>
      <input_file id="fl-17">
         <path>C:\ti\xdctools_3_25_03_72\packages\ti\targets\rts6000\lib\</path>
         <kind>archive</kind>
         <file>ti.targets.rts6000.a64P</file>
         <name>Error.o64P</name>
      </input_file>
      <input_file id="fl-18">
         <path>C:\ti\xdctools_3_25_03_72\packages\ti\targets\rts6000\lib\</path>
         <kind>archive</kind>
         <file>ti.targets.rts6000.a64P</file>
         <name>Gate.o64P</name>
      </input_file>
      <input_file id="fl-19">
         <path>C:\ti\xdctools_3_25_03_72\packages\ti\targets\rts6000\lib\</path>
         <kind>archive</kind>
         <file>ti.targets.rts6000.a64P</file>
         <name>Log.o64P</name>
      </input_file>
      <input_file id="fl-1a">
         <path>C:\ti\xdctools_3_25_03_72\packages\ti\targets\rts6000\lib\</path>
         <kind>archive</kind>
         <file>ti.targets.rts6000.a64P</file>
         <name>LoggerBuf.o64P</name>
      </input_file>
      <input_file id="fl-1b">
         <path>C:\ti\xdctools_3_25_03_72\packages\ti\targets\rts6000\lib\</path>
         <kind>archive</kind>
         <file>ti.targets.rts6000.a64P</file>
         <name>Memory.o64P</name>
      </input_file>
      <input_file id="fl-1c">
         <path>C:\ti\xdctools_3_25_03_72\packages\ti\targets\rts6000\lib\</path>
         <kind>archive</kind>
         <file>ti.targets.rts6000.a64P</file>
         <name>Registry.o64P</name>
      </input_file>
      <input_file id="fl-1d">
         <path>C:\ti\xdctools_3_25_03_72\packages\ti\targets\rts6000\lib\</path>
         <kind>archive</kind>
         <file>ti.targets.rts6000.a64P</file>
         <name>Startup.o64P</name>
      </input_file>
      <input_file id="fl-1e">
         <path>C:\ti\xdctools_3_25_03_72\packages\ti\targets\rts6000\lib\</path>
         <kind>archive</kind>
         <file>ti.targets.rts6000.a64P</file>
         <name>System.o64P</name>
      </input_file>
      <input_file id="fl-1f">
         <path>C:\ti\xdctools_3_25_03_72\packages\ti\targets\rts6000\lib\</path>
         <kind>archive</kind>
         <file>ti.targets.rts6000.a64P</file>
         <name>SysMin.o64P</name>
      </input_file>
      <input_file id="fl-20">
         <path>C:\ti\xdctools_3_25_03_72\packages\ti\targets\rts6000\lib\</path>
         <kind>archive</kind>
         <file>ti.targets.rts6000.a64P</file>
         <name>Text.o64P</name>
      </input_file>
      <input_file id="fl-21">
         <path>C:\ti\xdctools_3_25_03_72\packages\ti\targets\rts6000\lib\</path>
         <kind>archive</kind>
         <file>ti.targets.rts6000.a64P</file>
         <name>xdc_noinit.o64P</name>
      </input_file>
      <input_file id="fl-22">
         <path>C:\ti\xdctools_3_25_03_72\packages\ti\targets\rts6000\lib\</path>
         <kind>archive</kind>
         <file>boot.a64P</file>
         <name>boot.o64P</name>
      </input_file>
      <input_file id="fl-23">
         <path>C:\ti\xdctools_3_25_03_72\packages\ti\targets\rts6000\lib\</path>
         <kind>archive</kind>
         <file>boot.a64P</file>
         <name>autoinit.o64P</name>
      </input_file>
      <input_file id="fl-9b">
         <path>C:\ti\ccsv5\tools\compiler\c6000_7.4.4\lib\</path>
         <kind>archive</kind>
         <file>rts64plus.lib</file>
         <name>_lock.obj</name>
      </input_file>
      <input_file id="fl-9c">
         <path>C:\ti\ccsv5\tools\compiler\c6000_7.4.4\lib\</path>
         <kind>archive</kind>
         <file>rts64plus.lib</file>
         <name>addf.obj</name>
      </input_file>
      <input_file id="fl-9d">
         <path>C:\ti\ccsv5\tools\compiler\c6000_7.4.4\lib\</path>
         <kind>archive</kind>
         <file>rts64plus.lib</file>
         <name>args_main.obj</name>
      </input_file>
      <input_file id="fl-9e">
         <path>C:\ti\ccsv5\tools\compiler\c6000_7.4.4\lib\</path>
         <kind>archive</kind>
         <file>rts64plus.lib</file>
         <name>atexit.obj</name>
      </input_file>
      <input_file id="fl-9f">
         <path>C:\ti\ccsv5\tools\compiler\c6000_7.4.4\lib\</path>
         <kind>archive</kind>
         <file>rts64plus.lib</file>
         <name>cvtfd.obj</name>
      </input_file>
      <input_file id="fl-a0">
         <path>C:\ti\ccsv5\tools\compiler\c6000_7.4.4\lib\</path>
         <kind>archive</kind>
         <file>rts64plus.lib</file>
         <name>divu.obj</name>
      </input_file>
      <input_file id="fl-a1">
         <path>C:\ti\ccsv5\tools\compiler\c6000_7.4.4\lib\</path>
         <kind>archive</kind>
         <file>rts64plus.lib</file>
         <name>exit.obj</name>
      </input_file>
      <input_file id="fl-a2">
         <path>C:\ti\ccsv5\tools\compiler\c6000_7.4.4\lib\</path>
         <kind>archive</kind>
         <file>rts64plus.lib</file>
         <name>fclose.obj</name>
      </input_file>
      <input_file id="fl-a3">
         <path>C:\ti\ccsv5\tools\compiler\c6000_7.4.4\lib\</path>
         <kind>archive</kind>
         <file>rts64plus.lib</file>
         <name>feof.obj</name>
      </input_file>
      <input_file id="fl-a4">
         <path>C:\ti\ccsv5\tools\compiler\c6000_7.4.4\lib\</path>
         <kind>archive</kind>
         <file>rts64plus.lib</file>
         <name>fflush.obj</name>
      </input_file>
      <input_file id="fl-a5">
         <path>C:\ti\ccsv5\tools\compiler\c6000_7.4.4\lib\</path>
         <kind>archive</kind>
         <file>rts64plus.lib</file>
         <name>fopen.obj</name>
      </input_file>
      <input_file id="fl-a6">
         <path>C:\ti\ccsv5\tools\compiler\c6000_7.4.4\lib\</path>
         <kind>archive</kind>
         <file>rts64plus.lib</file>
         <name>fscanf.obj</name>
      </input_file>
      <input_file id="fl-a7">
         <path>C:\ti\ccsv5\tools\compiler\c6000_7.4.4\lib\</path>
         <kind>archive</kind>
         <file>rts64plus.lib</file>
         <name>fseek.obj</name>
      </input_file>
      <input_file id="fl-a8">
         <path>C:\ti\ccsv5\tools\compiler\c6000_7.4.4\lib\</path>
         <kind>archive</kind>
         <file>rts64plus.lib</file>
         <name>imath64.obj</name>
      </input_file>
      <input_file id="fl-a9">
         <path>C:\ti\ccsv5\tools\compiler\c6000_7.4.4\lib\</path>
         <kind>archive</kind>
         <file>rts64plus.lib</file>
         <name>llshift.obj</name>
      </input_file>
      <input_file id="fl-aa">
         <path>C:\ti\ccsv5\tools\compiler\c6000_7.4.4\lib\</path>
         <kind>archive</kind>
         <file>rts64plus.lib</file>
         <name>lowlev.obj</name>
      </input_file>
      <input_file id="fl-ab">
         <path>C:\ti\ccsv5\tools\compiler\c6000_7.4.4\lib\</path>
         <kind>archive</kind>
         <file>rts64plus.lib</file>
         <name>memcpy64.obj</name>
      </input_file>
      <input_file id="fl-ac">
         <path>C:\ti\ccsv5\tools\compiler\c6000_7.4.4\lib\</path>
         <kind>archive</kind>
         <file>rts64plus.lib</file>
         <name>memset.obj</name>
      </input_file>
      <input_file id="fl-ad">
         <path>C:\ti\ccsv5\tools\compiler\c6000_7.4.4\lib\</path>
         <kind>archive</kind>
         <file>rts64plus.lib</file>
         <name>mpyf.obj</name>
      </input_file>
      <input_file id="fl-ae">
         <path>C:\ti\ccsv5\tools\compiler\c6000_7.4.4\lib\</path>
         <kind>archive</kind>
         <file>rts64plus.lib</file>
         <name>negll.obj</name>
      </input_file>
      <input_file id="fl-af">
         <path>C:\ti\ccsv5\tools\compiler\c6000_7.4.4\lib\</path>
         <kind>archive</kind>
         <file>rts64plus.lib</file>
         <name>pprof_cio.obj</name>
      </input_file>
      <input_file id="fl-b0">
         <path>C:\ti\ccsv5\tools\compiler\c6000_7.4.4\lib\</path>
         <kind>archive</kind>
         <file>rts64plus.lib</file>
         <name>printf.obj</name>
      </input_file>
      <input_file id="fl-b1">
         <path>C:\ti\ccsv5\tools\compiler\c6000_7.4.4\lib\</path>
         <kind>archive</kind>
         <file>rts64plus.lib</file>
         <name>remove.obj</name>
      </input_file>
      <input_file id="fl-b2">
         <path>C:\ti\ccsv5\tools\compiler\c6000_7.4.4\lib\</path>
         <kind>archive</kind>
         <file>rts64plus.lib</file>
         <name>remu.obj</name>
      </input_file>
      <input_file id="fl-b3">
         <path>C:\ti\ccsv5\tools\compiler\c6000_7.4.4\lib\</path>
         <kind>archive</kind>
         <file>rts64plus.lib</file>
         <name>sinit.obj</name>
      </input_file>
      <input_file id="fl-b4">
         <path>C:\ti\ccsv5\tools\compiler\c6000_7.4.4\lib\</path>
         <kind>archive</kind>
         <file>rts64plus.lib</file>
         <name>strpbrk.obj</name>
      </input_file>
      <input_file id="fl-b5">
         <path>C:\ti\ccsv5\tools\compiler\c6000_7.4.4\lib\</path>
         <kind>archive</kind>
         <file>rts64plus.lib</file>
         <name>trgdrv.obj</name>
      </input_file>
      <input_file id="fl-b6">
         <path>C:\ti\ccsv5\tools\compiler\c6000_7.4.4\lib\</path>
         <kind>archive</kind>
         <file>rts64plus.lib</file>
         <name>trgmsg.obj</name>
      </input_file>
      <input_file id="fl-b7">
         <path>C:\ti\ccsv5\tools\compiler\c6000_7.4.4\lib\</path>
         <kind>archive</kind>
         <file>rts64plus.lib</file>
         <name>ungetc.obj</name>
      </input_file>
      <input_file id="fl-b8">
         <path>C:\ti\ccsv5\tools\compiler\c6000_7.4.4\lib\</path>
         <kind>archive</kind>
         <file>rts64plus.lib</file>
         <name>_printfi.obj</name>
      </input_file>
      <input_file id="fl-b9">
         <path>C:\ti\ccsv5\tools\compiler\c6000_7.4.4\lib\</path>
         <kind>archive</kind>
         <file>rts64plus.lib</file>
         <name>_scanfi.obj</name>
      </input_file>
      <input_file id="fl-ba">
         <path>C:\ti\ccsv5\tools\compiler\c6000_7.4.4\lib\</path>
         <kind>archive</kind>
         <file>rts64plus.lib</file>
         <name>abs.obj</name>
      </input_file>
      <input_file id="fl-bb">
         <path>C:\ti\ccsv5\tools\compiler\c6000_7.4.4\lib\</path>
         <kind>archive</kind>
         <file>rts64plus.lib</file>
         <name>atoi.obj</name>
      </input_file>
      <input_file id="fl-bc">
         <path>C:\ti\ccsv5\tools\compiler\c6000_7.4.4\lib\</path>
         <kind>archive</kind>
         <file>rts64plus.lib</file>
         <name>cmpd.obj</name>
      </input_file>
      <input_file id="fl-bd">
         <path>C:\ti\ccsv5\tools\compiler\c6000_7.4.4\lib\</path>
         <kind>archive</kind>
         <file>rts64plus.lib</file>
         <name>ctype.obj</name>
      </input_file>
      <input_file id="fl-be">
         <path>C:\ti\ccsv5\tools\compiler\c6000_7.4.4\lib\</path>
         <kind>archive</kind>
         <file>rts64plus.lib</file>
         <name>cvtdf.obj</name>
      </input_file>
      <input_file id="fl-bf">
         <path>C:\ti\ccsv5\tools\compiler\c6000_7.4.4\lib\</path>
         <kind>archive</kind>
         <file>rts64plus.lib</file>
         <name>defs.obj</name>
      </input_file>
      <input_file id="fl-c0">
         <path>C:\ti\ccsv5\tools\compiler\c6000_7.4.4\lib\</path>
         <kind>archive</kind>
         <file>rts64plus.lib</file>
         <name>divd.obj</name>
      </input_file>
      <input_file id="fl-c1">
         <path>C:\ti\ccsv5\tools\compiler\c6000_7.4.4\lib\</path>
         <kind>archive</kind>
         <file>rts64plus.lib</file>
         <name>fgetc.obj</name>
      </input_file>
      <input_file id="fl-c2">
         <path>C:\ti\ccsv5\tools\compiler\c6000_7.4.4\lib\</path>
         <kind>archive</kind>
         <file>rts64plus.lib</file>
         <name>fixdi.obj</name>
      </input_file>
      <input_file id="fl-c3">
         <path>C:\ti\ccsv5\tools\compiler\c6000_7.4.4\lib\</path>
         <kind>archive</kind>
         <file>rts64plus.lib</file>
         <name>fixdli.obj</name>
      </input_file>
      <input_file id="fl-c4">
         <path>C:\ti\ccsv5\tools\compiler\c6000_7.4.4\lib\</path>
         <kind>archive</kind>
         <file>rts64plus.lib</file>
         <name>fltlid.obj</name>
      </input_file>
      <input_file id="fl-c5">
         <path>C:\ti\ccsv5\tools\compiler\c6000_7.4.4\lib\</path>
         <kind>archive</kind>
         <file>rts64plus.lib</file>
         <name>fputc.obj</name>
      </input_file>
      <input_file id="fl-c6">
         <path>C:\ti\ccsv5\tools\compiler\c6000_7.4.4\lib\</path>
         <kind>archive</kind>
         <file>rts64plus.lib</file>
         <name>fputs.obj</name>
      </input_file>
      <input_file id="fl-c7">
         <path>C:\ti\ccsv5\tools\compiler\c6000_7.4.4\lib\</path>
         <kind>archive</kind>
         <file>rts64plus.lib</file>
         <name>frcmpyd_div.obj</name>
      </input_file>
      <input_file id="fl-c8">
         <path>C:\ti\ccsv5\tools\compiler\c6000_7.4.4\lib\</path>
         <kind>archive</kind>
         <file>rts64plus.lib</file>
         <name>frcmpyf.obj</name>
      </input_file>
      <input_file id="fl-c9">
         <path>C:\ti\ccsv5\tools\compiler\c6000_7.4.4\lib\</path>
         <kind>archive</kind>
         <file>rts64plus.lib</file>
         <name>getenv.obj</name>
      </input_file>
      <input_file id="fl-ca">
         <path>C:\ti\ccsv5\tools\compiler\c6000_7.4.4\lib\</path>
         <kind>archive</kind>
         <file>rts64plus.lib</file>
         <name>imath40.obj</name>
      </input_file>
      <input_file id="fl-cb">
         <path>C:\ti\ccsv5\tools\compiler\c6000_7.4.4\lib\</path>
         <kind>archive</kind>
         <file>rts64plus.lib</file>
         <name>isinf.obj</name>
      </input_file>
      <input_file id="fl-cc">
         <path>C:\ti\ccsv5\tools\compiler\c6000_7.4.4\lib\</path>
         <kind>archive</kind>
         <file>rts64plus.lib</file>
         <name>ltoa.obj</name>
      </input_file>
      <input_file id="fl-cd">
         <path>C:\ti\ccsv5\tools\compiler\c6000_7.4.4\lib\</path>
         <kind>archive</kind>
         <file>rts64plus.lib</file>
         <name>memccpy.obj</name>
      </input_file>
      <input_file id="fl-ce">
         <path>C:\ti\ccsv5\tools\compiler\c6000_7.4.4\lib\</path>
         <kind>archive</kind>
         <file>rts64plus.lib</file>
         <name>mpyd.obj</name>
      </input_file>
      <input_file id="fl-cf">
         <path>C:\ti\ccsv5\tools\compiler\c6000_7.4.4\lib\</path>
         <kind>archive</kind>
         <file>rts64plus.lib</file>
         <name>negd.obj</name>
      </input_file>
      <input_file id="fl-d0">
         <path>C:\ti\ccsv5\tools\compiler\c6000_7.4.4\lib\</path>
         <kind>archive</kind>
         <file>rts64plus.lib</file>
         <name>outprof.obj</name>
      </input_file>
      <input_file id="fl-d1">
         <path>C:\ti\ccsv5\tools\compiler\c6000_7.4.4\lib\</path>
         <kind>archive</kind>
         <file>rts64plus.lib</file>
         <name>setvbuf.obj</name>
      </input_file>
      <input_file id="fl-d2">
         <path>C:\ti\ccsv5\tools\compiler\c6000_7.4.4\lib\</path>
         <kind>archive</kind>
         <file>rts64plus.lib</file>
         <name>strtod.obj</name>
      </input_file>
      <input_file id="fl-d3">
         <path>C:\ti\ccsv5\tools\compiler\c6000_7.4.4\lib\</path>
         <kind>archive</kind>
         <file>rts64plus.lib</file>
         <name>strtol.obj</name>
      </input_file>
      <input_file id="fl-d4">
         <path>C:\ti\ccsv5\tools\compiler\c6000_7.4.4\lib\</path>
         <kind>archive</kind>
         <file>rts64plus.lib</file>
         <name>strtold.obj</name>
      </input_file>
      <input_file id="fl-d5">
         <path>C:\ti\ccsv5\tools\compiler\c6000_7.4.4\lib\</path>
         <kind>archive</kind>
         <file>rts64plus.lib</file>
         <name>strtoll.obj</name>
      </input_file>
      <input_file id="fl-d6">
         <path>C:\ti\ccsv5\tools\compiler\c6000_7.4.4\lib\</path>
         <kind>archive</kind>
         <file>rts64plus.lib</file>
         <name>strtoul.obj</name>
      </input_file>
      <input_file id="fl-d7">
         <path>C:\ti\ccsv5\tools\compiler\c6000_7.4.4\lib\</path>
         <kind>archive</kind>
         <file>rts64plus.lib</file>
         <name>strtoull.obj</name>
      </input_file>
      <input_file id="fl-d8">
         <path>C:\ti\ccsv5\tools\compiler\c6000_7.4.4\lib\</path>
         <kind>archive</kind>
         <file>rts64plus.lib</file>
         <name>subd.obj</name>
      </input_file>
      <input_file id="fl-d9">
         <path>C:\ti\ccsv5\tools\compiler\c6000_7.4.4\lib\</path>
         <kind>archive</kind>
         <file>rts64plus.lib</file>
         <name>_bufread.obj</name>
      </input_file>
      <input_file id="fl-da">
         <path>C:\ti\ccsv5\tools\compiler\c6000_7.4.4\lib\</path>
         <kind>archive</kind>
         <file>rts64plus.lib</file>
         <name>_io_perm.obj</name>
      </input_file>
      <input_file id="fl-db">
         <path>C:\ti\ccsv5\tools\compiler\c6000_7.4.4\lib\</path>
         <kind>archive</kind>
         <file>rts64plus.lib</file>
         <name>addd.obj</name>
      </input_file>
      <input_file id="fl-dc">
         <path>C:\ti\ccsv5\tools\compiler\c6000_7.4.4\lib\</path>
         <kind>archive</kind>
         <file>rts64plus.lib</file>
         <name>errno.obj</name>
      </input_file>
      <input_file id="fl-dd">
         <path>C:\ti\ccsv5\tools\compiler\c6000_7.4.4\lib\</path>
         <kind>archive</kind>
         <file>rts64plus.lib</file>
         <name>frcaddd.obj</name>
      </input_file>
      <input_file id="fl-de">
         <path>C:\ti\ccsv5\tools\compiler\c6000_7.4.4\lib\</path>
         <kind>archive</kind>
         <file>rts64plus.lib</file>
         <name>frcmpyd.obj</name>
      </input_file>
      <input_file id="fl-df">
         <path>C:\ti\ccsv5\tools\compiler\c6000_7.4.4\lib\</path>
         <kind>archive</kind>
         <file>rts64plus.lib</file>
         <name>renormd.obj</name>
      </input_file>
   </input_file_list>
   <object_component_list>
      <object_component id="oc-259">
         <name>.text:__scanfi</name>
         <load_address>0x80000000</load_address>
         <run_address>0x80000000</run_address>
         <size>0x920</size>
         <input_file_ref idref="fl-b9"/>
      </object_component>
      <object_component id="oc-2b0">
         <name>.text:_xdc_runtime_System_doPrint__I</name>
         <load_address>0x80000920</load_address>
         <run_address>0x80000920</run_address>
         <size>0x8c0</size>
         <input_file_ref idref="fl-1e"/>
      </object_component>
      <object_component id="oc-190">
         <name>.text</name>
         <load_address>0x800011e0</load_address>
         <run_address>0x800011e0</run_address>
         <size>0x800</size>
         <input_file_ref idref="fl-8"/>
      </object_component>
      <object_component id="oc-185">
         <name>.text:_ti_sysbios_family_c64p_Exception_handler__I</name>
         <load_address>0x800019e0</load_address>
         <run_address>0x800019e0</run_address>
         <size>0x780</size>
         <input_file_ref idref="fl-b"/>
      </object_component>
      <object_component id="oc-1ab">
         <name>.text:_ti_sysbios_heaps_HeapMem_alloc__E</name>
         <load_address>0x80002160</load_address>
         <run_address>0x80002160</run_address>
         <size>0x660</size>
         <input_file_ref idref="fl-b"/>
      </object_component>
      <object_component id="oc-2d0">
         <name>.text:__sset_arg</name>
         <load_address>0x800027c0</load_address>
         <run_address>0x800027c0</run_address>
         <size>0x620</size>
         <input_file_ref idref="fl-b9"/>
      </object_component>
      <object_component id="oc-209">
         <name>.text:_ti_sysbios_knl_Semaphore_pend__E</name>
         <load_address>0x80002de0</load_address>
         <run_address>0x80002de0</run_address>
         <size>0x600</size>
         <input_file_ref idref="fl-b"/>
      </object_component>
      <object_component id="oc-1ac">
         <name>.text:_ti_sysbios_heaps_HeapMem_free__E</name>
         <load_address>0x800033e0</load_address>
         <run_address>0x800033e0</run_address>
         <size>0x5e0</size>
         <input_file_ref idref="fl-b"/>
      </object_component>
      <object_component id="oc-388">
         <name>.text:_ti_sysbios_timers_timer64_Timer_Module_startup__F</name>
         <load_address>0x800039c0</load_address>
         <run_address>0x800039c0</run_address>
         <size>0x5a0</size>
         <input_file_ref idref="fl-b"/>
      </object_component>
      <object_component id="oc-32f">
         <name>.text:__getarg_diouxp</name>
         <load_address>0x80003f60</load_address>
         <run_address>0x80003f60</run_address>
         <size>0x580</size>
         <input_file_ref idref="fl-b8"/>
      </object_component>
      <object_component id="oc-338">
         <name>.text:__divd</name>
         <load_address>0x800044e0</load_address>
         <run_address>0x800044e0</run_address>
         <size>0x540</size>
         <input_file_ref idref="fl-c0"/>
      </object_component>
      <object_component id="oc-307">
         <name>.text:_strtod</name>
         <load_address>0x80004a20</load_address>
         <run_address>0x80004a20</run_address>
         <size>0x520</size>
         <input_file_ref idref="fl-d2"/>
      </object_component>
      <object_component id="oc-309">
         <name>.text:_strtold</name>
         <load_address>0x80004f40</load_address>
         <run_address>0x80004f40</run_address>
         <size>0x520</size>
         <input_file_ref idref="fl-d4"/>
      </object_component>
      <object_component id="oc-2cd">
         <name>.text:__sproc_int</name>
         <load_address>0x80005460</load_address>
         <run_address>0x80005460</run_address>
         <size>0x4c0</size>
         <input_file_ref idref="fl-b9"/>
      </object_component>
      <object_component id="oc-387">
         <name>.text:_ti_sysbios_knl_Task_Module_startup__F</name>
         <load_address>0x80005920</load_address>
         <run_address>0x80005920</run_address>
         <size>0x480</size>
         <input_file_ref idref="fl-b"/>
      </object_component>
      <object_component id="oc-30a">
         <name>.text:_strtol</name>
         <load_address>0x80005da0</load_address>
         <run_address>0x80005da0</run_address>
         <size>0x460</size>
         <input_file_ref idref="fl-d3"/>
      </object_component>
      <object_component id="oc-30b">
         <name>.text:_strtoll</name>
         <load_address>0x80006200</load_address>
         <run_address>0x80006200</run_address>
         <size>0x460</size>
         <input_file_ref idref="fl-d5"/>
      </object_component>
      <object_component id="oc-31b">
         <name>.text:_xdc_runtime_System_printfExtend__I</name>
         <load_address>0x80006660</load_address>
         <run_address>0x80006660</run_address>
         <size>0x460</size>
         <input_file_ref idref="fl-3"/>
      </object_component>
      <object_component id="oc-254">
         <name>.text:__printfi</name>
         <load_address>0x80006ac0</load_address>
         <run_address>0x80006ac0</run_address>
         <size>0x440</size>
         <input_file_ref idref="fl-b8"/>
      </object_component>
      <object_component id="oc-2c5">
         <name>.text:__setfield</name>
         <load_address>0x80006f00</load_address>
         <run_address>0x80006f00</run_address>
         <size>0x440</size>
         <input_file_ref idref="fl-b8"/>
      </object_component>
      <object_component id="oc-305">
         <name>.text:_strtoul</name>
         <load_address>0x80007340</load_address>
         <run_address>0x80007340</run_address>
         <size>0x400</size>
         <input_file_ref idref="fl-d6"/>
      </object_component>
      <object_component id="oc-306">
         <name>.text:_strtoull</name>
         <load_address>0x80007740</load_address>
         <run_address>0x80007740</run_address>
         <size>0x400</size>
         <input_file_ref idref="fl-d7"/>
      </object_component>
      <object_component id="oc-2c2">
         <name>.text:_fputs</name>
         <load_address>0x80007b40</load_address>
         <run_address>0x80007b40</run_address>
         <size>0x3a0</size>
         <input_file_ref idref="fl-c6"/>
      </object_component>
      <object_component id="oc-2fa">
         <name>.text:__pproc_fge</name>
         <load_address>0x80007ee0</load_address>
         <run_address>0x80007ee0</run_address>
         <size>0x340</size>
         <input_file_ref idref="fl-b8"/>
      </object_component>
      <object_component id="oc-2cb">
         <name>.text:__sget_conv</name>
         <load_address>0x80008220</load_address>
         <run_address>0x80008220</run_address>
         <size>0x320</size>
         <input_file_ref idref="fl-b9"/>
      </object_component>
      <object_component id="oc-236">
         <name>.text:_ti_sysbios_knl_Swi_restoreHwi__E</name>
         <load_address>0x80008540</load_address>
         <run_address>0x80008540</run_address>
         <size>0x320</size>
         <input_file_ref idref="fl-b"/>
      </object_component>
      <object_component id="oc-351">
         <name>.text:_ecvt</name>
         <load_address>0x80008860</load_address>
         <run_address>0x80008860</run_address>
         <size>0x300</size>
         <input_file_ref idref="fl-b8"/>
      </object_component>
      <object_component id="oc-354">
         <name>.text:_fcvt</name>
         <load_address>0x80008b60</load_address>
         <run_address>0x80008b60</run_address>
         <size>0x300</size>
         <input_file_ref idref="fl-b8"/>
      </object_component>
      <object_component id="oc-1cb">
         <name>.text:_ti_sysbios_family_c64p_Hwi_dispatchC__I</name>
         <load_address>0x80008e60</load_address>
         <run_address>0x80008e60</run_address>
         <size>0x300</size>
         <input_file_ref idref="fl-b"/>
      </object_component>
      <object_component id="oc-1e3">
         <name>.text:__addf</name>
         <load_address>0x80009160</load_address>
         <run_address>0x80009160</run_address>
         <size>0x2e0</size>
         <input_file_ref idref="fl-9c"/>
      </object_component>
      <object_component id="oc-2cc">
         <name>.text:__sproc_float</name>
         <load_address>0x80009440</load_address>
         <run_address>0x80009440</run_address>
         <size>0x2e0</size>
         <input_file_ref idref="fl-b9"/>
      </object_component>
      <object_component id="oc-21b">
         <name>.text:_ti_sysbios_heaps_HeapMem_Instance_init__F</name>
         <load_address>0x80009720</load_address>
         <run_address>0x80009720</run_address>
         <size>0x2e0</size>
         <input_file_ref idref="fl-b"/>
      </object_component>
      <object_component id="oc-2c4">
         <name>.text:__pproc_fwp</name>
         <load_address>0x80009a00</load_address>
         <run_address>0x80009a00</run_address>
         <size>0x2c0</size>
         <input_file_ref idref="fl-b8"/>
      </object_component>
      <object_component id="oc-32e">
         <name>.text:__pconv_e</name>
         <load_address>0x80009cc0</load_address>
         <run_address>0x80009cc0</run_address>
         <size>0x2a0</size>
         <input_file_ref idref="fl-b8"/>
      </object_component>
      <object_component id="oc-17e">
         <name>.text:_ti_sysbios_knl_Clock_workFunc__E</name>
         <load_address>0x80009f60</load_address>
         <run_address>0x80009f60</run_address>
         <size>0x2a0</size>
         <input_file_ref idref="fl-b"/>
      </object_component>
      <object_component id="oc-382">
         <name>.text:_ti_sysbios_family_c64p_Cache_Module_startup__F</name>
         <load_address>0x8000a200</load_address>
         <run_address>0x8000a200</run_address>
         <size>0x280</size>
         <input_file_ref idref="fl-b"/>
      </object_component>
      <object_component id="oc-3b5">
         <name>.text:_ti_sysbios_timers_timer64_Timer_deviceConfig__I</name>
         <load_address>0x8000a480</load_address>
         <run_address>0x8000a480</run_address>
         <size>0x280</size>
         <input_file_ref idref="fl-b"/>
      </object_component>
      <object_component id="oc-1d3">
         <name>.text:_xdc_runtime_Error_raiseX__F</name>
         <load_address>0x8000a700</load_address>
         <run_address>0x8000a700</run_address>
         <size>0x280</size>
         <input_file_ref idref="fl-17"/>
      </object_component>
      <object_component id="oc-333">
         <name>.text:__divull</name>
         <load_address>0x8000a980</load_address>
         <run_address>0x8000a980</run_address>
         <size>0x260</size>
         <input_file_ref idref="fl-a8"/>
      </object_component>
      <object_component id="oc-334">
         <name>.text:__mpyd</name>
         <load_address>0x8000abe0</load_address>
         <run_address>0x8000abe0</run_address>
         <size>0x260</size>
         <input_file_ref idref="fl-ce"/>
      </object_component>
      <object_component id="oc-250">
         <name>.text:__output_path_profile_info</name>
         <load_address>0x8000ae40</load_address>
         <run_address>0x8000ae40</run_address>
         <size>0x260</size>
         <input_file_ref idref="fl-d0"/>
      </object_component>
      <object_component id="oc-2f1">
         <name>.text:_xdc_runtime_Startup_startMods__I</name>
         <load_address>0x8000b0a0</load_address>
         <run_address>0x8000b0a0</run_address>
         <size>0x260</size>
         <input_file_ref idref="fl-1d"/>
      </object_component>
      <object_component id="oc-2fb">
         <name>.text:__pproc_diouxp</name>
         <load_address>0x8000b300</load_address>
         <run_address>0x8000b300</run_address>
         <size>0x240</size>
         <input_file_ref idref="fl-b8"/>
      </object_component>
      <object_component id="oc-1ce">
         <name>.text:_ti_sysbios_family_c64p_Exception_internalHandler__I</name>
         <load_address>0x8000b540</load_address>
         <run_address>0x8000b540</run_address>
         <size>0x240</size>
         <input_file_ref idref="fl-b"/>
      </object_component>
      <object_component id="oc-20a">
         <name>.text:_ti_sysbios_knl_Semaphore_post__E</name>
         <load_address>0x8000b780</load_address>
         <run_address>0x8000b780</run_address>
         <size>0x240</size>
         <input_file_ref idref="fl-b"/>
      </object_component>
      <object_component id="oc-225">
         <name>.text:_xdc_runtime_LoggerBuf_write8__F</name>
         <load_address>0x8000b9c0</load_address>
         <run_address>0x8000b9c0</run_address>
         <size>0x240</size>
         <input_file_ref idref="fl-1a"/>
      </object_component>
      <object_component id="oc-2c6">
         <name>.text:__pproc_str</name>
         <load_address>0x8000bc00</load_address>
         <run_address>0x8000bc00</run_address>
         <size>0x220</size>
         <input_file_ref idref="fl-b8"/>
      </object_component>
      <object_component id="oc-2c7">
         <name>.text:_fputc</name>
         <load_address>0x8000be20</load_address>
         <run_address>0x8000be20</run_address>
         <size>0x220</size>
         <input_file_ref idref="fl-c5"/>
      </object_component>
      <object_component id="oc-269">
         <name>.text:_ti_sysbios_knl_Swi_run__I</name>
         <load_address>0x8000c040</load_address>
         <run_address>0x8000c040</run_address>
         <size>0x220</size>
         <input_file_ref idref="fl-b"/>
      </object_component>
      <object_component id="oc-3a7">
         <name>.text:_ti_sysbios_knl_Task_exit__E</name>
         <load_address>0x8000c260</load_address>
         <run_address>0x8000c260</run_address>
         <size>0x220</size>
         <input_file_ref idref="fl-b"/>
      </object_component>
      <object_component id="oc-239">
         <name>.text:_ti_sysbios_knl_Task_schedule__I</name>
         <load_address>0x8000c480</load_address>
         <run_address>0x8000c480</run_address>
         <size>0x220</size>
         <input_file_ref idref="fl-b"/>
      </object_component>
      <object_component id="oc-1f0">
         <name>.text:_ti_sysbios_knl_Task_startCore__E</name>
         <load_address>0x8000c6a0</load_address>
         <run_address>0x8000c6a0</run_address>
         <size>0x220</size>
         <input_file_ref idref="fl-b"/>
      </object_component>
      <object_component id="oc-1fd">
         <name>.text:_xdc_runtime_Core_createObject__I</name>
         <load_address>0x8000c8c0</load_address>
         <run_address>0x8000c8c0</run_address>
         <size>0x220</size>
         <input_file_ref idref="fl-13"/>
      </object_component>
      <object_component id="oc-336">
         <name>.text:__addd</name>
         <load_address>0x8000cae0</load_address>
         <run_address>0x8000cae0</run_address>
         <size>0x200</size>
         <input_file_ref idref="fl-db"/>
      </object_component>
      <object_component id="oc-35b">
         <name>.text:__frcaddd</name>
         <load_address>0x8000cce0</load_address>
         <run_address>0x8000cce0</run_address>
         <size>0x200</size>
         <input_file_ref idref="fl-dd"/>
      </object_component>
      <object_component id="oc-1e2">
         <name>.text:__mpyf</name>
         <load_address>0x8000cee0</load_address>
         <run_address>0x8000cee0</run_address>
         <size>0x200</size>
         <input_file_ref idref="fl-ad"/>
      </object_component>
      <object_component id="oc-32c">
         <name>.text:__pconv_g</name>
         <load_address>0x8000d0e0</load_address>
         <run_address>0x8000d0e0</run_address>
         <size>0x200</size>
         <input_file_ref idref="fl-b8"/>
      </object_component>
      <object_component id="oc-300">
         <name>.text:_setvbuf</name>
         <load_address>0x8000d2e0</load_address>
         <run_address>0x8000d2e0</run_address>
         <size>0x200</size>
         <input_file_ref idref="fl-d1"/>
      </object_component>
      <object_component id="oc-184">
         <name>.text:_ti_sysbios_family_c64p_Hwi_dispatchAlways</name>
         <load_address>0x8000d4e0</load_address>
         <run_address>0x8000d4e0</run_address>
         <size>0x200</size>
         <input_file_ref idref="fl-c"/>
      </object_component>
      <object_component id="oc-2bc">
         <name>.text:_add_device</name>
         <load_address>0x8000d6e0</load_address>
         <run_address>0x8000d6e0</run_address>
         <size>0x1e0</size>
         <input_file_ref idref="fl-aa"/>
      </object_component>
      <object_component id="oc-3ce">
         <name>.text:_ti_sysbios_timers_timer64_Timer_getFreq__E</name>
         <load_address>0x8000d8c0</load_address>
         <run_address>0x8000d8c0</run_address>
         <size>0x1e0</size>
         <input_file_ref idref="fl-b"/>
      </object_component>
      <object_component id="oc-353">
         <name>.text:__mcpy</name>
         <load_address>0x8000daa0</load_address>
         <run_address>0x8000daa0</run_address>
         <size>0x1c0</size>
         <input_file_ref idref="fl-b8"/>
      </object_component>
      <object_component id="oc-252">
         <name>.text:__openfile</name>
         <load_address>0x8000dc60</load_address>
         <run_address>0x8000dc60</run_address>
         <size>0x1c0</size>
         <input_file_ref idref="fl-a5"/>
      </object_component>
      <object_component id="oc-3c5">
         <name>.text:_ti_sysbios_timers_timer64_Timer_setPeriodMicroSecs__E</name>
         <load_address>0x8000de20</load_address>
         <run_address>0x8000de20</run_address>
         <size>0x1c0</size>
         <input_file_ref idref="fl-b"/>
      </object_component>
      <object_component id="oc-361">
         <name>.text:_xdc_runtime_Text_putSite__F</name>
         <load_address>0x8000dfe0</load_address>
         <run_address>0x8000dfe0</run_address>
         <size>0x1c0</size>
         <input_file_ref idref="fl-20"/>
      </object_component>
      <object_component id="oc-332">
         <name>.text:__divul</name>
         <load_address>0x8000e1a0</load_address>
         <run_address>0x8000e1a0</run_address>
         <size>0x1a0</size>
         <input_file_ref idref="fl-ca"/>
      </object_component>
      <object_component id="oc-2ce">
         <name>.text:__sproc_str</name>
         <load_address>0x8000e340</load_address>
         <run_address>0x8000e340</run_address>
         <size>0x1a0</size>
         <input_file_ref idref="fl-b9"/>
      </object_component>
      <object_component id="oc-1a5">
         <name>.text:_ti_sysbios_gates_GateMutex_enter__E</name>
         <load_address>0x8000e4e0</load_address>
         <run_address>0x8000e4e0</run_address>
         <size>0x1a0</size>
         <input_file_ref idref="fl-b"/>
      </object_component>
      <object_component id="oc-310">
         <name>.text:_ti_sysbios_knl_Task_checkStacks__E</name>
         <load_address>0x8000e680</load_address>
         <run_address>0x8000e680</run_address>
         <size>0x1a0</size>
         <input_file_ref idref="fl-b"/>
      </object_component>
      <object_component id="oc-293">
         <name>.text:_ti_sysbios_knl_Task_unblockI__E</name>
         <load_address>0x8000e820</load_address>
         <run_address>0x8000e820</run_address>
         <size>0x1a0</size>
         <input_file_ref idref="fl-b"/>
      </object_component>
      <object_component id="oc-2d5">
         <name>.text:_ti_sysbios_timers_timer64_Timer_start__E</name>
         <load_address>0x8000e9c0</load_address>
         <run_address>0x8000e9c0</run_address>
         <size>0x1a0</size>
         <input_file_ref idref="fl-b"/>
      </object_component>
      <object_component id="oc-224">
         <name>.text:_xdc_runtime_LoggerBuf_write4__F</name>
         <load_address>0x8000eb60</load_address>
         <run_address>0x8000eb60</run_address>
         <size>0x1a0</size>
         <input_file_ref idref="fl-1a"/>
      </object_component>
      <object_component id="oc-18d">
         <name>.text:_HOSTrename</name>
         <load_address>0x8000ed00</load_address>
         <run_address>0x8000ed00</run_address>
         <size>0x180</size>
         <input_file_ref idref="fl-b5"/>
      </object_component>
      <object_component id="oc-258">
         <name>.text:__chkmbc</name>
         <load_address>0x8000ee80</load_address>
         <run_address>0x8000ee80</run_address>
         <size>0x180</size>
         <input_file_ref idref="fl-a6"/>
      </object_component>
      <object_component id="oc-2bd">
         <name>.text:_open</name>
         <load_address>0x8000f000</load_address>
         <run_address>0x8000f000</run_address>
         <size>0x180</size>
         <input_file_ref idref="fl-aa"/>
      </object_component>
      <object_component id="oc-1ef">
         <name>.text:_ti_sysbios_knl_Swi_schedule__I</name>
         <load_address>0x8000f180</load_address>
         <run_address>0x8000f180</run_address>
         <size>0x180</size>
         <input_file_ref idref="fl-b"/>
      </object_component>
      <object_component id="oc-38">
         <name>.text</name>
         <load_address>0x8000f300</load_address>
         <run_address>0x8000f300</run_address>
         <size>0x180</size>
         <input_file_ref idref="fl-f"/>
      </object_component>
      <object_component id="oc-2cf">
         <name>.text:__sproc_lb</name>
         <load_address>0x8000f480</load_address>
         <run_address>0x8000f480</run_address>
         <size>0x160</size>
         <input_file_ref idref="fl-b9"/>
      </object_component>
      <object_component id="oc-1eb">
         <name>.text:_ti_sysbios_BIOS_rtsUnlock__I</name>
         <load_address>0x8000f5e0</load_address>
         <run_address>0x8000f5e0</run_address>
         <size>0x160</size>
         <input_file_ref idref="fl-b"/>
      </object_component>
      <object_component id="oc-2c8">
         <name>.text:_fgetc</name>
         <load_address>0x8000f740</load_address>
         <run_address>0x8000f740</run_address>
         <size>0x140</size>
         <input_file_ref idref="fl-c1"/>
      </object_component>
      <object_component id="oc-2f7">
         <name>.text:_getdevice</name>
         <load_address>0x8000f880</load_address>
         <run_address>0x8000f880</run_address>
         <size>0x140</size>
         <input_file_ref idref="fl-aa"/>
      </object_component>
      <object_component id="oc-380">
         <name>.text:_ti_sysbios_family_c64p_Hwi_Module_startup__F</name>
         <load_address>0x8000f9c0</load_address>
         <run_address>0x8000f9c0</run_address>
         <size>0x140</size>
         <input_file_ref idref="fl-b"/>
      </object_component>
      <object_component id="oc-2e0">
         <name>.text:_ti_sysbios_knl_Semaphore_Instance_init__F</name>
         <load_address>0x8000fb00</load_address>
         <run_address>0x8000fb00</run_address>
         <size>0x140</size>
         <input_file_ref idref="fl-b"/>
      </object_component>
      <object_component id="oc-19c">
         <name>.text:_ti_sysbios_knl_Swi_post__E</name>
         <load_address>0x8000fc40</load_address>
         <run_address>0x8000fc40</run_address>
         <size>0x140</size>
         <input_file_ref idref="fl-b"/>
      </object_component>
      <object_component id="oc-290">
         <name>.text:_ti_sysbios_knl_Task_blockI__E</name>
         <load_address>0x8000fd80</load_address>
         <run_address>0x8000fd80</run_address>
         <size>0x140</size>
         <input_file_ref idref="fl-b"/>
      </object_component>
      <object_component id="oc-2c9">
         <name>.text:_ungetc</name>
         <load_address>0x8000fec0</load_address>
         <run_address>0x8000fec0</run_address>
         <size>0x140</size>
         <input_file_ref idref="fl-b7"/>
      </object_component>
      <object_component id="oc-360">
         <name>.text:_xdc_runtime_Text_putLab__F</name>
         <load_address>0x80010000</load_address>
         <run_address>0x80010000</run_address>
         <size>0x140</size>
         <input_file_ref idref="fl-20"/>
      </object_component>
      <object_component id="oc-2fe">
         <name>.text:__buff_read</name>
         <load_address>0x80010140</load_address>
         <run_address>0x80010140</run_address>
         <size>0x120</size>
         <input_file_ref idref="fl-d9"/>
      </object_component>
      <object_component id="oc-25e">
         <name>.text:__closefile</name>
         <load_address>0x80010260</load_address>
         <run_address>0x80010260</run_address>
         <size>0x120</size>
         <input_file_ref idref="fl-a2"/>
      </object_component>
      <object_component id="oc-331">
         <name>.text:__ltostr</name>
         <load_address>0x80010380</load_address>
         <run_address>0x80010380</run_address>
         <size>0x120</size>
         <input_file_ref idref="fl-b8"/>
      </object_component>
      <object_component id="oc-2c3">
         <name>.text:__pproc_fflags</name>
         <load_address>0x800104a0</load_address>
         <run_address>0x800104a0</run_address>
         <size>0x120</size>
         <input_file_ref idref="fl-b8"/>
      </object_component>
      <object_component id="oc-251">
         <name>.text:__search_fp</name>
         <load_address>0x800105c0</load_address>
         <run_address>0x800105c0</run_address>
         <size>0x120</size>
         <input_file_ref idref="fl-a5"/>
      </object_component>
      <object_component id="oc-301">
         <name>.text:__sget_scanset</name>
         <load_address>0x800106e0</load_address>
         <run_address>0x800106e0</run_address>
         <size>0x120</size>
         <input_file_ref idref="fl-b9"/>
      </object_component>
      <object_component id="oc-1df">
         <name>.text:_fseek</name>
         <load_address>0x80010800</load_address>
         <run_address>0x80010800</run_address>
         <size>0x120</size>
         <input_file_ref idref="fl-a7"/>
      </object_component>
      <object_component id="oc-226">
         <name>.text:_xdc_runtime_LoggerBuf_setFilterLevel__F</name>
         <load_address>0x80010920</load_address>
         <run_address>0x80010920</run_address>
         <size>0x120</size>
         <input_file_ref idref="fl-1a"/>
      </object_component>
      <object_component id="oc-378">
         <name>.text:_xdc_runtime_Text_putMod__F</name>
         <load_address>0x80010a40</load_address>
         <run_address>0x80010a40</run_address>
         <size>0x120</size>
         <input_file_ref idref="fl-20"/>
      </object_component>
      <object_component id="oc-18b">
         <name>.text:_HOSTlseek</name>
         <load_address>0x80010b60</load_address>
         <run_address>0x80010b60</run_address>
         <size>0x100</size>
         <input_file_ref idref="fl-b5"/>
      </object_component>
      <object_component id="oc-175">
         <name>.text:__auto_init</name>
         <load_address>0x80010c60</load_address>
         <run_address>0x80010c60</run_address>
         <size>0x100</size>
         <input_file_ref idref="fl-23"/>
      </object_component>
      <object_component id="oc-35a">
         <name>.text:__frcmpyd</name>
         <load_address>0x80010d60</load_address>
         <run_address>0x80010d60</run_address>
         <size>0x100</size>
         <input_file_ref idref="fl-de"/>
      </object_component>
      <object_component id="oc-2f8">
         <name>.text:__wrt_ok</name>
         <load_address>0x80010e60</load_address>
         <run_address>0x80010e60</run_address>
         <size>0x100</size>
         <input_file_ref idref="fl-da"/>
      </object_component>
      <object_component id="oc-350">
         <name>.text:_call_dtors</name>
         <load_address>0x80010f60</load_address>
         <run_address>0x80010f60</run_address>
         <size>0x100</size>
         <input_file_ref idref="fl-b3"/>
      </object_component>
      <object_component id="oc-3c4">
         <name>.text:_ti_sysbios_timers_timer64_Timer_initDevice__I</name>
         <load_address>0x80011060</load_address>
         <run_address>0x80011060</run_address>
         <size>0x100</size>
         <input_file_ref idref="fl-b"/>
      </object_component>
      <object_component id="oc-1ff">
         <name>.text:_xdc_runtime_Core_deleteObject__I</name>
         <load_address>0x80011160</load_address>
         <run_address>0x80011160</run_address>
         <size>0x100</size>
         <input_file_ref idref="fl-13"/>
      </object_component>
      <object_component id="oc-227">
         <name>.text:_xdc_runtime_LoggerBuf_getFilterLevel__F</name>
         <load_address>0x80011260</load_address>
         <run_address>0x80011260</run_address>
         <size>0x100</size>
         <input_file_ref idref="fl-1a"/>
      </object_component>
      <object_component id="oc-18f">
         <name>.text:_xdc_runtime_Startup_exec__F</name>
         <load_address>0x80011360</load_address>
         <run_address>0x80011360</run_address>
         <size>0x100</size>
         <input_file_ref idref="fl-1d"/>
      </object_component>
      <object_component id="oc-3c7">
         <name>.text:_xdc_runtime_Text_visitRope2__I</name>
         <load_address>0x80011460</load_address>
         <run_address>0x80011460</run_address>
         <size>0x100</size>
         <input_file_ref idref="fl-20"/>
      </object_component>
      <object_component id="oc-327">
         <name>.text:_HOSTgetenv</name>
         <load_address>0x80011560</load_address>
         <run_address>0x80011560</run_address>
         <size>0xe0</size>
         <input_file_ref idref="fl-b5"/>
      </object_component>
      <object_component id="oc-187">
         <name>.text:_HOSTopen</name>
         <load_address>0x80011640</load_address>
         <run_address>0x80011640</run_address>
         <size>0xe0</size>
         <input_file_ref idref="fl-b5"/>
      </object_component>
      <object_component id="oc-32a">
         <name>.text:__cmpd</name>
         <load_address>0x80011720</load_address>
         <run_address>0x80011720</run_address>
         <size>0xe0</size>
         <input_file_ref idref="fl-bc"/>
      </object_component>
      <object_component id="oc-2f9">
         <name>.text:_atoi</name>
         <load_address>0x80011800</load_address>
         <run_address>0x80011800</run_address>
         <size>0xe0</size>
         <input_file_ref idref="fl-bb"/>
      </object_component>
      <object_component id="oc-2be">
         <name>.text:_close</name>
         <load_address>0x800118e0</load_address>
         <run_address>0x800118e0</run_address>
         <size>0xe0</size>
         <input_file_ref idref="fl-aa"/>
      </object_component>
      <object_component id="oc-2bf">
         <name>.text:_dump_pprof_header</name>
         <load_address>0x800119c0</load_address>
         <run_address>0x800119c0</run_address>
         <size>0xe0</size>
         <input_file_ref idref="fl-d0"/>
      </object_component>
      <object_component id="oc-1dd">
         <name>.text:_fscanf</name>
         <load_address>0x80011aa0</load_address>
         <run_address>0x80011aa0</run_address>
         <size>0xe0</size>
         <input_file_ref idref="fl-a6"/>
      </object_component>
      <object_component id="oc-23d">
         <name>.text:_memset</name>
         <load_address>0x80011b80</load_address>
         <run_address>0x80011b80</run_address>
         <size>0xe0</size>
         <input_file_ref idref="fl-ac"/>
      </object_component>
      <object_component id="oc-1db">
         <name>.text:_printf</name>
         <load_address>0x80011c60</load_address>
         <run_address>0x80011c60</run_address>
         <size>0xe0</size>
         <input_file_ref idref="fl-b0"/>
      </object_component>
      <object_component id="oc-268">
         <name>.text:_ti_sysbios_timers_timer64_Timer_startup__E</name>
         <load_address>0x80011d40</load_address>
         <run_address>0x80011d40</run_address>
         <size>0xe0</size>
         <input_file_ref idref="fl-b"/>
      </object_component>
      <object_component id="oc-349">
         <name>.text:_xdc_runtime_Error_print__F</name>
         <load_address>0x80011e20</load_address>
         <run_address>0x80011e20</run_address>
         <size>0xe0</size>
         <input_file_ref idref="fl-17"/>
      </object_component>
      <object_component id="oc-1c8">
         <name>.text:_xdc_runtime_LoggerBuf_Object__create__S</name>
         <load_address>0x80011f00</load_address>
         <run_address>0x80011f00</run_address>
         <size>0xe0</size>
         <input_file_ref idref="fl-3"/>
      </object_component>
      <object_component id="oc-2a9">
         <name>.text:_xdc_runtime_Memory_alloc__F</name>
         <load_address>0x80011fe0</load_address>
         <run_address>0x80011fe0</run_address>
         <size>0xe0</size>
         <input_file_ref idref="fl-1b"/>
      </object_component>
      <object_component id="oc-189">
         <name>.text:_HOSTread</name>
         <load_address>0x800120c0</load_address>
         <run_address>0x800120c0</run_address>
         <size>0xc0</size>
         <input_file_ref idref="fl-b5"/>
      </object_component>
      <object_component id="oc-18c">
         <name>.text:_HOSTunlink</name>
         <load_address>0x80012180</load_address>
         <run_address>0x80012180</run_address>
         <size>0xc0</size>
         <input_file_ref idref="fl-b5"/>
      </object_component>
      <object_component id="oc-18a">
         <name>.text:_HOSTwrite</name>
         <load_address>0x80012240</load_address>
         <run_address>0x80012240</run_address>
         <size>0xc0</size>
         <input_file_ref idref="fl-b5"/>
      </object_component>
      <object_component id="oc-356">
         <name>.text:__div</name>
         <load_address>0x80012300</load_address>
         <run_address>0x80012300</run_address>
         <size>0xc0</size>
         <input_file_ref idref="fl-b8"/>
      </object_component>
      <object_component id="oc-29b">
         <name>.text:__divu</name>
         <load_address>0x800123c0</load_address>
         <run_address>0x800123c0</run_address>
         <size>0xc0</size>
         <input_file_ref idref="fl-a0"/>
      </object_component>
      <object_component id="oc-25c">
         <name>.text:__doflush</name>
         <load_address>0x80012480</load_address>
         <run_address>0x80012480</run_address>
         <size>0xc0</size>
         <input_file_ref idref="fl-a4"/>
      </object_component>
      <object_component id="oc-2fd">
         <name>.text:__rd_ok</name>
         <load_address>0x80012540</load_address>
         <run_address>0x80012540</run_address>
         <size>0xc0</size>
         <input_file_ref idref="fl-da"/>
      </object_component>
      <object_component id="oc-2f3">
         <name>.text:_atexit</name>
         <load_address>0x80012600</load_address>
         <run_address>0x80012600</run_address>
         <size>0xc0</size>
         <input_file_ref idref="fl-9e"/>
      </object_component>
      <object_component id="oc-178">
         <name>.text:_exit</name>
         <load_address>0x800126c0</load_address>
         <run_address>0x800126c0</run_address>
         <size>0xc0</size>
         <input_file_ref idref="fl-a1"/>
      </object_component>
      <object_component id="oc-373">
         <name>.text:_ltoa</name>
         <load_address>0x80012780</load_address>
         <run_address>0x80012780</run_address>
         <size>0xc0</size>
         <input_file_ref idref="fl-cc"/>
      </object_component>
      <object_component id="oc-2b5">
         <name>.text:_ti_sysbios_BIOS_errorRaiseHook__I</name>
         <load_address>0x80012840</load_address>
         <run_address>0x80012840</run_address>
         <size>0xc0</size>
         <input_file_ref idref="fl-b"/>
      </object_component>
      <object_component id="oc-1ae">
         <name>.text:_ti_sysbios_heaps_HeapMem_getStats__E</name>
         <load_address>0x80012900</load_address>
         <run_address>0x80012900</run_address>
         <size>0xc0</size>
         <input_file_ref idref="fl-b"/>
      </object_component>
      <object_component id="oc-199">
         <name>.text:_ti_sysbios_knl_Clock_logTick__E</name>
         <load_address>0x800129c0</load_address>
         <run_address>0x800129c0</run_address>
         <size>0xc0</size>
         <input_file_ref idref="fl-b"/>
      </object_component>
      <object_component id="oc-2ae">
         <name>.text:_ti_sysbios_knl_Task_allBlockedFunction__I</name>
         <load_address>0x80012a80</load_address>
         <run_address>0x80012a80</run_address>
         <size>0xc0</size>
         <input_file_ref idref="fl-b"/>
      </object_component>
      <object_component id="oc-3cd">
         <name>.text:_ti_sysbios_timers_timer64_Timer_stop__E</name>
         <load_address>0x80012b40</load_address>
         <run_address>0x80012b40</run_address>
         <size>0xc0</size>
         <input_file_ref idref="fl-b"/>
      </object_component>
      <object_component id="oc-229">
         <name>.text:_xdc_runtime_LoggerBuf_Instance_init__F</name>
         <load_address>0x80012c00</load_address>
         <run_address>0x80012c00</run_address>
         <size>0xc0</size>
         <input_file_ref idref="fl-1a"/>
      </object_component>
      <object_component id="oc-2ea">
         <name>.text:_xdc_runtime_System_formatNum__I</name>
         <load_address>0x80012cc0</load_address>
         <run_address>0x80012cc0</run_address>
         <size>0xc0</size>
         <input_file_ref idref="fl-1e"/>
      </object_component>
      <object_component id="oc-188">
         <name>.text:_HOSTclose</name>
         <load_address>0x80012d80</load_address>
         <run_address>0x80012d80</run_address>
         <size>0xa0</size>
         <input_file_ref idref="fl-b5"/>
      </object_component>
      <object_component id="oc-2c1">
         <name>.text:__cleanup</name>
         <load_address>0x80012e20</load_address>
         <run_address>0x80012e20</run_address>
         <size>0xa0</size>
         <input_file_ref idref="fl-a5"/>
      </object_component>
      <object_component id="oc-308">
         <name>.text:__cvtdf</name>
         <load_address>0x80012ec0</load_address>
         <run_address>0x80012ec0</run_address>
         <size>0xa0</size>
         <input_file_ref idref="fl-be"/>
      </object_component>
      <object_component id="oc-38a">
         <name>.text:__divli</name>
         <load_address>0x80012f60</load_address>
         <run_address>0x80012f60</run_address>
         <size>0xa0</size>
         <input_file_ref idref="fl-ca"/>
      </object_component>
      <object_component id="oc-352">
         <name>.text:__ecpy</name>
         <load_address>0x80013000</load_address>
         <run_address>0x80013000</run_address>
         <size>0xa0</size>
         <input_file_ref idref="fl-b8"/>
      </object_component>
      <object_component id="oc-355">
         <name>.text:__fcpy</name>
         <load_address>0x800130a0</load_address>
         <run_address>0x800130a0</run_address>
         <size>0xa0</size>
         <input_file_ref idref="fl-b8"/>
      </object_component>
      <object_component id="oc-372">
         <name>.text:__fixdli</name>
         <load_address>0x80013140</load_address>
         <run_address>0x80013140</run_address>
         <size>0xa0</size>
         <input_file_ref idref="fl-c3"/>
      </object_component>
      <object_component id="oc-32d">
         <name>.text:__pconv_f</name>
         <load_address>0x800131e0</load_address>
         <run_address>0x800131e0</run_address>
         <size>0xa0</size>
         <input_file_ref idref="fl-b8"/>
      </object_component>
      <object_component id="oc-31c">
         <name>.text:__remu</name>
         <load_address>0x80013280</load_address>
         <run_address>0x80013280</run_address>
         <size>0xa0</size>
         <input_file_ref idref="fl-b2"/>
      </object_component>
      <object_component id="oc-10">
         <name>.text:_c_int00</name>
         <load_address>0x80013320</load_address>
         <run_address>0x80013320</run_address>
         <size>0xa0</size>
         <input_file_ref idref="fl-22"/>
      </object_component>
      <object_component id="oc-2f6">
         <name>.text:_finddevice</name>
         <load_address>0x800133c0</load_address>
         <run_address>0x800133c0</run_address>
         <size>0xa0</size>
         <input_file_ref idref="fl-aa"/>
      </object_component>
      <object_component id="oc-25d">
         <name>.text:_lseek</name>
         <load_address>0x80013460</load_address>
         <run_address>0x80013460</run_address>
         <size>0xa0</size>
         <input_file_ref idref="fl-aa"/>
      </object_component>
      <object_component id="oc-1de">
         <name>.text:_malloc</name>
         <load_address>0x80013500</load_address>
         <run_address>0x80013500</run_address>
         <size>0xa0</size>
         <input_file_ref idref="fl-3"/>
      </object_component>
      <object_component id="oc-18e">
         <name>.text:_memcpy</name>
         <load_address>0x800135a0</load_address>
         <run_address>0x800135a0</run_address>
         <size>0xa0</size>
         <input_file_ref idref="fl-ab"/>
      </object_component>
      <object_component id="oc-2ff">
         <name>.text:_read</name>
         <load_address>0x80013640</load_address>
         <run_address>0x80013640</run_address>
         <size>0xa0</size>
         <input_file_ref idref="fl-aa"/>
      </object_component>
      <object_component id="oc-37f">
         <name>.text:_ti_sysbios_family_c64p_Exception_Module_startup__F</name>
         <load_address>0x800136e0</load_address>
         <run_address>0x800136e0</run_address>
         <size>0xa0</size>
         <input_file_ref idref="fl-b"/>
      </object_component>
      <object_component id="oc-321">
         <name>.text:_ti_sysbios_family_c64p_Hwi_getStackInfo__E</name>
         <load_address>0x80013780</load_address>
         <run_address>0x80013780</run_address>
         <size>0xa0</size>
         <input_file_ref idref="fl-b"/>
      </object_component>
      <object_component id="oc-2b7">
         <name>.text:_ti_sysbios_heaps_HeapMem_init__I</name>
         <load_address>0x80013820</load_address>
         <run_address>0x80013820</run_address>
         <size>0xa0</size>
         <input_file_ref idref="fl-b"/>
      </object_component>
      <object_component id="oc-1bd">
         <name>.text:_ti_sysbios_knl_Idle_run__E</name>
         <load_address>0x800138c0</load_address>
         <run_address>0x800138c0</run_address>
         <size>0xa0</size>
         <input_file_ref idref="fl-b"/>
      </object_component>
      <object_component id="oc-296">
         <name>.text:_ti_sysbios_knl_Semaphore_Object__create__S</name>
         <load_address>0x80013960</load_address>
         <run_address>0x80013960</run_address>
         <size>0xa0</size>
         <input_file_ref idref="fl-3"/>
      </object_component>
      <object_component id="oc-2c0">
         <name>.text:_write</name>
         <load_address>0x80013a00</load_address>
         <run_address>0x80013a00</run_address>
         <size>0xa0</size>
         <input_file_ref idref="fl-aa"/>
      </object_component>
      <object_component id="oc-207">
         <name>.text:_xdc_runtime_Assert_raise__I</name>
         <load_address>0x80013aa0</load_address>
         <run_address>0x80013aa0</run_address>
         <size>0xa0</size>
         <input_file_ref idref="fl-12"/>
      </object_component>
      <object_component id="oc-37c">
         <name>.text:_xdc_runtime_LoggerBuf_Module_startup__F</name>
         <load_address>0x80013b40</load_address>
         <run_address>0x80013b40</run_address>
         <size>0xa0</size>
         <input_file_ref idref="fl-1a"/>
      </object_component>
      <object_component id="oc-1c5">
         <name>.text:_xdc_runtime_LoggerBuf_write8__E</name>
         <load_address>0x80013be0</load_address>
         <run_address>0x80013be0</run_address>
         <size>0xa0</size>
         <input_file_ref idref="fl-3"/>
      </object_component>
      <object_component id="oc-31f">
         <name>.text:_xdc_runtime_SysMin_abort__F</name>
         <load_address>0x80013c80</load_address>
         <run_address>0x80013c80</run_address>
         <size>0xa0</size>
         <input_file_ref idref="fl-1f"/>
      </object_component>
      <object_component id="oc-34c">
         <name>.text:_xdc_runtime_SysMin_flush__F</name>
         <load_address>0x80013d20</load_address>
         <run_address>0x80013d20</run_address>
         <size>0xa0</size>
         <input_file_ref idref="fl-1f"/>
      </object_component>
      <object_component id="oc-37b">
         <name>.text:_xdc_runtime_SysMin_output__I</name>
         <load_address>0x80013dc0</load_address>
         <run_address>0x80013dc0</run_address>
         <size>0xa0</size>
         <input_file_ref idref="fl-3"/>
      </object_component>
      <object_component id="oc-34b">
         <name>.text:_xdc_runtime_SysMin_putch__F</name>
         <load_address>0x80013e60</load_address>
         <run_address>0x80013e60</run_address>
         <size>0xa0</size>
         <input_file_ref idref="fl-1f"/>
      </object_component>
      <object_component id="oc-379">
         <name>.text:_xdc_runtime_Text_xprintf__I</name>
         <load_address>0x80013f00</load_address>
         <run_address>0x80013f00</run_address>
         <size>0xa0</size>
         <input_file_ref idref="fl-20"/>
      </object_component>
      <object_component id="oc-376">
         <name>.text:__fixdi</name>
         <load_address>0x80013fa0</load_address>
         <run_address>0x80013fa0</run_address>
         <size>0x80</size>
         <input_file_ref idref="fl-c2"/>
      </object_component>
      <object_component id="oc-374">
         <name>.text:__fltlid</name>
         <load_address>0x80014020</load_address>
         <run_address>0x80014020</run_address>
         <size>0x80</size>
         <input_file_ref idref="fl-c4"/>
      </object_component>
      <object_component id="oc-357">
         <name>.text:__llshl</name>
         <load_address>0x800140a0</load_address>
         <run_address>0x800140a0</run_address>
         <size>0x80</size>
         <input_file_ref idref="fl-a9"/>
      </object_component>
      <object_component id="oc-377">
         <name>.text:__renormd</name>
         <load_address>0x80014120</load_address>
         <run_address>0x80014120</run_address>
         <size>0x80</size>
         <input_file_ref idref="fl-df"/>
      </object_component>
      <object_component id="oc-1d5">
         <name>.text:_readmsg</name>
         <load_address>0x800141a0</load_address>
         <run_address>0x800141a0</run_address>
         <size>0x80</size>
         <input_file_ref idref="fl-b6"/>
      </object_component>
      <object_component id="oc-192">
         <name>.text:_ti_sysbios_BIOS_exitFunc__I</name>
         <load_address>0x80014220</load_address>
         <run_address>0x80014220</run_address>
         <size>0x80</size>
         <input_file_ref idref="fl-3"/>
      </object_component>
      <object_component id="oc-3c1">
         <name>.text:_ti_sysbios_family_c62_TaskSupport_start__E</name>
         <load_address>0x800142a0</load_address>
         <run_address>0x800142a0</run_address>
         <size>0x80</size>
         <input_file_ref idref="fl-b"/>
      </object_component>
      <object_component id="oc-2d8">
         <name>.text:_ti_sysbios_family_c62_TaskSupport_swap__E</name>
         <load_address>0x80014320</load_address>
         <run_address>0x80014320</run_address>
         <size>0x80</size>
         <input_file_ref idref="fl-10"/>
      </object_component>
      <object_component id="oc-1a1">
         <name>.text:_ti_sysbios_gates_GateHwi_Object__create__S</name>
         <load_address>0x800143a0</load_address>
         <run_address>0x800143a0</run_address>
         <size>0x80</size>
         <input_file_ref idref="fl-3"/>
      </object_component>
      <object_component id="oc-1a7">
         <name>.text:_ti_sysbios_gates_GateMutex_Object__create__S</name>
         <load_address>0x80014420</load_address>
         <run_address>0x80014420</run_address>
         <size>0x80</size>
         <input_file_ref idref="fl-3"/>
      </object_component>
      <object_component id="oc-1af">
         <name>.text:_ti_sysbios_heaps_HeapMem_Object__create__S</name>
         <load_address>0x800144a0</load_address>
         <run_address>0x800144a0</run_address>
         <size>0x80</size>
         <input_file_ref idref="fl-3"/>
      </object_component>
      <object_component id="oc-17a">
         <name>.text:_ti_sysbios_knl_Clock_doTick__I</name>
         <load_address>0x80014520</load_address>
         <run_address>0x80014520</run_address>
         <size>0x80</size>
         <input_file_ref idref="fl-3"/>
      </object_component>
      <object_component id="oc-314">
         <name>.text:_ti_sysbios_knl_Queue_Object__create__S</name>
         <load_address>0x800145a0</load_address>
         <run_address>0x800145a0</run_address>
         <size>0x80</size>
         <input_file_ref idref="fl-3"/>
      </object_component>
      <object_component id="oc-28c">
         <name>.text:_ti_sysbios_knl_Semaphore_pendTimeout__I</name>
         <load_address>0x80014620</load_address>
         <run_address>0x80014620</run_address>
         <size>0x80</size>
         <input_file_ref idref="fl-b"/>
      </object_component>
      <object_component id="oc-3a4">
         <name>.text:_ti_sysbios_knl_Swi_Object__get__S</name>
         <load_address>0x800146a0</load_address>
         <run_address>0x800146a0</run_address>
         <size>0x80</size>
         <input_file_ref idref="fl-3"/>
      </object_component>
      <object_component id="oc-197">
         <name>.text:_ti_sysbios_knl_Swi_startup__E</name>
         <load_address>0x80014720</load_address>
         <run_address>0x80014720</run_address>
         <size>0x80</size>
         <input_file_ref idref="fl-b"/>
      </object_component>
      <object_component id="oc-1ee">
         <name>.text:_ti_sysbios_knl_Task_restore__E</name>
         <load_address>0x800147a0</load_address>
         <run_address>0x800147a0</run_address>
         <size>0x80</size>
         <input_file_ref idref="fl-b"/>
      </object_component>
      <object_component id="oc-3bb">
         <name>.text:_ti_sysbios_timers_timer64_Timer_getPeriod__E</name>
         <load_address>0x80014820</load_address>
         <run_address>0x80014820</run_address>
         <size>0x80</size>
         <input_file_ref idref="fl-b"/>
      </object_component>
      <object_component id="oc-30d">
         <name>.text:_unlink</name>
         <load_address>0x800148a0</load_address>
         <run_address>0x800148a0</run_address>
         <size>0x80</size>
         <input_file_ref idref="fl-aa"/>
      </object_component>
      <object_component id="oc-200">
         <name>.text:_xdc_runtime_Core_assignLabel__I</name>
         <load_address>0x80014920</load_address>
         <run_address>0x80014920</run_address>
         <size>0x80</size>
         <input_file_ref idref="fl-14"/>
      </object_component>
      <object_component id="oc-27b">
         <name>.text:_xdc_runtime_Core_assignParams__I</name>
         <load_address>0x800149a0</load_address>
         <run_address>0x800149a0</run_address>
         <size>0x80</size>
         <input_file_ref idref="fl-15"/>
      </object_component>
      <object_component id="oc-29f">
         <name>.text:_xdc_runtime_LoggerBuf_filterOutEvent__I</name>
         <load_address>0x80014a20</load_address>
         <run_address>0x80014a20</run_address>
         <size>0x80</size>
         <input_file_ref idref="fl-1a"/>
      </object_component>
      <object_component id="oc-1e9">
         <name>.text:_xdc_runtime_System_atexit__F</name>
         <load_address>0x80014aa0</load_address>
         <run_address>0x80014aa0</run_address>
         <size>0x80</size>
         <input_file_ref idref="fl-1e"/>
      </object_component>
      <object_component id="oc-2e8">
         <name>.text:_xdc_runtime_System_putchar__I</name>
         <load_address>0x80014b20</load_address>
         <run_address>0x80014b20</run_address>
         <size>0x80</size>
         <input_file_ref idref="fl-1e"/>
      </object_component>
      <object_component id="oc-2f2">
         <name>.text:_xdc_runtime_System_rtsExit__I</name>
         <load_address>0x80014ba0</load_address>
         <run_address>0x80014ba0</run_address>
         <size>0x80</size>
         <input_file_ref idref="fl-1e"/>
      </object_component>
      <object_component id="oc-38f">
         <name>.text:_xdc_runtime_Text_printVisFxn__I</name>
         <load_address>0x80014c20</load_address>
         <run_address>0x80014c20</run_address>
         <size>0x80</size>
         <input_file_ref idref="fl-20"/>
      </object_component>
      <object_component id="oc-2e2">
         <name>.text:ti_sysbios_hal_Hwi_checkStack:_ti_sysbios_hal_Hwi_checkStack</name>
         <load_address>0x80014ca0</load_address>
         <run_address>0x80014ca0</run_address>
         <size>0x80</size>
         <input_file_ref idref="fl-b"/>
      </object_component>
      <object_component id="oc-2b8">
         <name>.text:ti_sysbios_hal_Hwi_initStack:_ti_sysbios_hal_Hwi_initStack</name>
         <load_address>0x80014d20</load_address>
         <run_address>0x80014d20</run_address>
         <size>0x80</size>
         <input_file_ref idref="fl-b"/>
      </object_component>
      <object_component id="oc-24f">
         <name>.text:___TI_init_pphandler</name>
         <load_address>0x80014da0</load_address>
         <run_address>0x80014da0</run_address>
         <size>0x60</size>
         <input_file_ref idref="fl-af"/>
      </object_component>
      <object_component id="oc-1e1">
         <name>.text:__cvtfd</name>
         <load_address>0x80014e00</load_address>
         <run_address>0x80014e00</run_address>
         <size>0x60</size>
         <input_file_ref idref="fl-9f"/>
      </object_component>
      <object_component id="oc-25f">
         <name>.text:__frcmpyf</name>
         <load_address>0x80014e60</load_address>
         <run_address>0x80014e60</run_address>
         <size>0x60</size>
         <input_file_ref idref="fl-c8"/>
      </object_component>
      <object_component id="oc-33c">
         <name>.text:__remull</name>
         <load_address>0x80014ec0</load_address>
         <run_address>0x80014ec0</run_address>
         <size>0x60</size>
         <input_file_ref idref="fl-a8"/>
      </object_component>
      <object_component id="oc-358">
         <name>.text:__subcull</name>
         <load_address>0x80014f20</load_address>
         <run_address>0x80014f20</run_address>
         <size>0x60</size>
         <input_file_ref idref="fl-a8"/>
      </object_component>
      <object_component id="oc-1e0">
         <name>.text:_fclose</name>
         <load_address>0x80014f80</load_address>
         <run_address>0x80014f80</run_address>
         <size>0x60</size>
         <input_file_ref idref="fl-a2"/>
      </object_component>
      <object_component id="oc-1dc">
         <name>.text:_feof</name>
         <load_address>0x80014fe0</load_address>
         <run_address>0x80014fe0</run_address>
         <size>0x60</size>
         <input_file_ref idref="fl-a3"/>
      </object_component>
      <object_component id="oc-1da">
         <name>.text:_fopen</name>
         <load_address>0x80015040</load_address>
         <run_address>0x80015040</run_address>
         <size>0x60</size>
         <input_file_ref idref="fl-a5"/>
      </object_component>
      <object_component id="oc-2d1">
         <name>.text:_free</name>
         <load_address>0x800150a0</load_address>
         <run_address>0x800150a0</run_address>
         <size>0x60</size>
         <input_file_ref idref="fl-3"/>
      </object_component>
      <object_component id="oc-2fc">
         <name>.text:_memccpy</name>
         <load_address>0x80015100</load_address>
         <run_address>0x80015100</run_address>
         <size>0x60</size>
         <input_file_ref idref="fl-cd"/>
      </object_component>
      <object_component id="oc-2f5">
         <name>.text:_tabinit</name>
         <load_address>0x80015160</load_address>
         <run_address>0x80015160</run_address>
         <size>0x60</size>
         <input_file_ref idref="fl-aa"/>
      </object_component>
      <object_component id="oc-194">
         <name>.text:_ti_sysbios_BIOS_registerRTSLock__I</name>
         <load_address>0x800151c0</load_address>
         <run_address>0x800151c0</run_address>
         <size>0x60</size>
         <input_file_ref idref="fl-b"/>
      </object_component>
      <object_component id="oc-397">
         <name>.text:_ti_sysbios_family_c64p_Cache_setMar__E</name>
         <load_address>0x80015220</load_address>
         <run_address>0x80015220</run_address>
         <size>0x60</size>
         <input_file_ref idref="fl-b"/>
      </object_component>
      <object_component id="oc-1a3">
         <name>.text:_ti_sysbios_gates_GateHwi_Handle__label__S</name>
         <load_address>0x80015280</load_address>
         <run_address>0x80015280</run_address>
         <size>0x60</size>
         <input_file_ref idref="fl-3"/>
      </object_component>
      <object_component id="oc-1a2">
         <name>.text:_ti_sysbios_gates_GateHwi_Object__delete__S</name>
         <load_address>0x800152e0</load_address>
         <run_address>0x800152e0</run_address>
         <size>0x60</size>
         <input_file_ref idref="fl-3"/>
      </object_component>
      <object_component id="oc-1a9">
         <name>.text:_ti_sysbios_gates_GateMutex_Handle__label__S</name>
         <load_address>0x80015340</load_address>
         <run_address>0x80015340</run_address>
         <size>0x60</size>
         <input_file_ref idref="fl-3"/>
      </object_component>
      <object_component id="oc-20c">
[...]
      </symbol>
      <symbol id="sm-dd7">
         <name>_xdc_runtime_SysMin_putch__F</name>
         <value>0x80013e60</value>
         <object_component_ref idref="oc-34b"/>
      </symbol>
      <symbol id="sm-e2f">
         <name>_xdc_runtime_Text_putSite__F</name>
         <value>0x8000dfe0</value>
         <object_component_ref idref="oc-361"/>
      </symbol>
      <symbol id="sm-e30">
         <name>_xdc_runtime_Text_ropeText__F</name>
         <value>0x80016620</value>
         <object_component_ref idref="oc-23f"/>
      </symbol>
      <symbol id="sm-e31">
         <name>_xdc_runtime_Text_putMod__F</name>
         <value>0x80010a40</value>
         <object_component_ref idref="oc-378"/>
      </symbol>
      <symbol id="sm-e32">
         <name>_xdc_runtime_Text_visitRope2__I</name>
         <value>0x80011460</value>
         <object_component_ref idref="oc-3c7"/>
      </symbol>
      <symbol id="sm-e33">
         <name>_xdc_runtime_Text_cordText__F</name>
         <value>0x80015ac0</value>
         <object_component_ref idref="oc-281"/>
      </symbol>
      <symbol id="sm-e34">
         <name>_xdc_runtime_Text_putLab__F</name>
         <value>0x80010000</value>
         <object_component_ref idref="oc-360"/>
      </symbol>
      <symbol id="sm-e35">
         <name>_xdc_runtime_Text_printVisFxn__I</name>
         <value>0x80014c20</value>
         <object_component_ref idref="oc-38f"/>
      </symbol>
      <symbol id="sm-e36">
         <name>_xdc_runtime_Text_xprintf__I</name>
         <value>0x80013f00</value>
         <object_component_ref idref="oc-379"/>
      </symbol>
      <symbol id="sm-e40">
         <name>___xdc__init</name>
         <value>0x800166c0</value>
         <object_component_ref idref="oc-183"/>
      </symbol>
      <symbol id="sm-e51">
         <name>__stack</name>
         <value>0x8001d6e0</value>
         <object_component_ref idref="oc-8a"/>
      </symbol>
      <symbol id="sm-e52">
         <name>_c_int00</name>
         <value>0x80013320</value>
         <object_component_ref idref="oc-10"/>
      </symbol>
      <symbol id="sm-e6d">
         <name>__auto_init</name>
         <value>0x80010c60</value>
         <object_component_ref idref="oc-175"/>
      </symbol>
      <symbol id="sm-e7f">
         <name>__unlock</name>
         <value>0x8001b124</value>
         <object_component_ref idref="oc-94"/>
      </symbol>
      <symbol id="sm-e80">
         <name>__lock</name>
         <value>0x8001b120</value>
         <object_component_ref idref="oc-94"/>
      </symbol>
      <symbol id="sm-e81">
         <name>__register_lock</name>
         <value>0x80016780</value>
         <object_component_ref idref="oc-1e7"/>
      </symbol>
      <symbol id="sm-e82">
         <name>__nop</name>
         <value>0x80016720</value>
         <object_component_ref idref="oc-186"/>
      </symbol>
      <symbol id="sm-e83">
         <name>__register_unlock</name>
         <value>0x800167a0</value>
         <object_component_ref idref="oc-1e8"/>
      </symbol>
      <symbol id="sm-e97">
         <name>__addf</name>
         <value>0x80009160</value>
         <object_component_ref idref="oc-1e3"/>
      </symbol>
      <symbol id="sm-ea1">
         <name>__args_main</name>
         <value>0x80015be0</value>
         <object_component_ref idref="oc-177"/>
      </symbol>
      <symbol id="sm-ea2">
         <name>__TI_args_main</name>
         <value>0x1</value>
      </symbol>
      <symbol id="sm-eb6">
         <name>_atexit</name>
         <value>0x80012600</value>
         <object_component_ref idref="oc-2f3"/>
      </symbol>
      <symbol id="sm-eb7">
         <name>___atexit_func_id__</name>
         <value>0x8001ad70</value>
         <object_component_ref idref="oc-9f"/>
      </symbol>
      <symbol id="sm-ec1">
         <name>__cvtfd</name>
         <value>0x80014e00</value>
         <object_component_ref idref="oc-1e1"/>
      </symbol>
      <symbol id="sm-eca">
         <name>__c6xabi_divu</name>
         <value>0x800123c0</value>
         <object_component_ref idref="oc-29b"/>
      </symbol>
      <symbol id="sm-ecb">
         <name>__divu</name>
         <value>0x800123c0</value>
         <object_component_ref idref="oc-29b"/>
      </symbol>
      <symbol id="sm-ee2">
         <name>C$$EXIT</name>
         <value>0x800167e0</value>
         <object_component_ref idref="oc-191"/>
      </symbol>
      <symbol id="sm-ee3">
         <name>_exit</name>
         <value>0x800126c0</value>
         <object_component_ref idref="oc-178"/>
      </symbol>
      <symbol id="sm-ee4">
         <name>___TI_enable_exit_profile_output</name>
         <value>0x8001b11c</value>
         <object_component_ref idref="oc-aa"/>
      </symbol>
      <symbol id="sm-ee5">
         <name>_abort</name>
         <value>0x800167e0</value>
         <object_component_ref idref="oc-191"/>
      </symbol>
      <symbol id="sm-ee6">
         <name>__cleanup_ptr</name>
         <value>0x8001b114</value>
         <object_component_ref idref="oc-aa"/>
      </symbol>
      <symbol id="sm-ee7">
         <name>__dtors_ptr</name>
         <value>0x8001b118</value>
         <object_component_ref idref="oc-aa"/>
      </symbol>
      <symbol id="sm-efd">
         <name>__closefile</name>
         <value>0x80010260</value>
         <object_component_ref idref="oc-25e"/>
      </symbol>
      <symbol id="sm-efe">
         <name>_fclose</name>
         <value>0x80014f80</value>
         <object_component_ref idref="oc-1e0"/>
      </symbol>
      <symbol id="sm-f0a">
         <name>_feof</name>
         <value>0x80014fe0</value>
         <object_component_ref idref="oc-1dc"/>
      </symbol>
      <symbol id="sm-f17">
         <name>__doflush</name>
         <value>0x80012480</value>
         <object_component_ref idref="oc-25c"/>
      </symbol>
      <symbol id="sm-f40">
         <name>__cleanup</name>
         <value>0x80012e20</value>
         <object_component_ref idref="oc-2c1"/>
      </symbol>
      <symbol id="sm-f41">
         <name>_fopen</name>
         <value>0x80015040</value>
         <object_component_ref idref="oc-1da"/>
      </symbol>
      <symbol id="sm-f64">
         <name>_fscanf</name>
         <value>0x80011aa0</value>
         <object_component_ref idref="oc-1dd"/>
      </symbol>
      <symbol id="sm-f75">
         <name>_fseek</name>
         <value>0x80010800</value>
         <object_component_ref idref="oc-1df"/>
      </symbol>
      <symbol id="sm-f8b">
         <name>__subcull</name>
         <value>0x80014f20</value>
         <object_component_ref idref="oc-358"/>
      </symbol>
      <symbol id="sm-f8c">
         <name>__divull</name>
         <value>0x8000a980</value>
         <object_component_ref idref="oc-333"/>
      </symbol>
      <symbol id="sm-f8d">
         <name>__remull</name>
         <value>0x80014ec0</value>
         <object_component_ref idref="oc-33c"/>
      </symbol>
      <symbol id="sm-f9b">
         <name>__llshl</name>
         <value>0x800140a0</value>
         <object_component_ref idref="oc-357"/>
      </symbol>
      <symbol id="sm-f9c">
         <name>__llshru</name>
         <value>0x80015c60</value>
         <object_component_ref idref="oc-359"/>
      </symbol>
      <symbol id="sm-ffd">
         <name>_add_device</name>
         <value>0x8000d6e0</value>
         <object_component_ref idref="oc-2bc"/>
      </symbol>
      <symbol id="sm-ffe">
         <name>_read</name>
         <value>0x80013640</value>
         <object_component_ref idref="oc-2ff"/>
      </symbol>
      <symbol id="sm-fff">
         <name>_unlink</name>
         <value>0x800148a0</value>
         <object_component_ref idref="oc-30d"/>
      </symbol>
      <symbol id="sm-1000">
         <name>_open</name>
         <value>0x8000f000</value>
         <object_component_ref idref="oc-2bd"/>
      </symbol>
      <symbol id="sm-1001">
         <name>_lseek</name>
         <value>0x80013460</value>
         <object_component_ref idref="oc-25d"/>
      </symbol>
      <symbol id="sm-1002">
         <name>_close</name>
         <value>0x800118e0</value>
         <object_component_ref idref="oc-2be"/>
      </symbol>
      <symbol id="sm-1003">
         <name>_write</name>
         <value>0x80013a00</value>
         <object_component_ref idref="oc-2c0"/>
      </symbol>
      <symbol id="sm-100b">
         <name>_memcpy</name>
         <value>0x800135a0</value>
         <object_component_ref idref="oc-18e"/>
      </symbol>
      <symbol id="sm-1016">
         <name>_memset</name>
         <value>0x80011b80</value>
         <object_component_ref idref="oc-23d"/>
      </symbol>
      <symbol id="sm-102b">
         <name>__mpyf</name>
         <value>0x8000cee0</value>
         <object_component_ref idref="oc-1e2"/>
      </symbol>
      <symbol id="sm-1035">
         <name>__negll</name>
         <value>0x80016700</value>
         <object_component_ref idref="oc-330"/>
      </symbol>
      <symbol id="sm-1048">
         <name>___TI_path_prof_out</name>
         <value>0x800166a0</value>
         <object_component_ref idref="oc-1d9"/>
      </symbol>
      <symbol id="sm-1049">
         <name>___TI_init_pphandler</name>
         <value>0x80014da0</value>
         <object_component_ref idref="oc-24f"/>
      </symbol>
      <symbol id="sm-105e">
         <name>_printf</name>
         <value>0x80011c60</value>
         <object_component_ref idref="oc-1db"/>
      </symbol>
      <symbol id="sm-1068">
         <name>_remove</name>
         <value>0x80016820</value>
         <object_component_ref idref="oc-2d2"/>
      </symbol>
      <symbol id="sm-1071">
         <name>__remu</name>
         <value>0x80013280</value>
         <object_component_ref idref="oc-31c"/>
      </symbol>
      <symbol id="sm-1072">
         <name>__c6xabi_remu</name>
         <value>0x80013280</value>
         <object_component_ref idref="oc-31c"/>
      </symbol>
      <symbol id="sm-108a">
         <name>_dtors</name>
         <value>0x8001b130</value>
         <object_component_ref idref="oc-e7"/>
      </symbol>
      <symbol id="sm-108b">
         <name>_call_dtors</name>
         <value>0x80010f60</value>
         <object_component_ref idref="oc-350"/>
      </symbol>
      <symbol id="sm-108c">
         <name>___add_dtor</name>
         <value>0x80015b20</value>
         <object_component_ref idref="oc-326"/>
      </symbol>
      <symbol id="sm-10c0">
         <name>_HOSTopen</name>
         <value>0x80011640</value>
         <object_component_ref idref="oc-187"/>
      </symbol>
      <symbol id="sm-10c1">
         <name>_HOSTread</name>
         <value>0x800120c0</value>
         <object_component_ref idref="oc-189"/>
      </symbol>
      <symbol id="sm-10c2">
         <name>_HOSTgetenv</name>
         <value>0x80011560</value>
         <object_component_ref idref="oc-327"/>
      </symbol>
      <symbol id="sm-10c3">
         <name>_HOSTrename</name>
         <value>0x8000ed00</value>
         <object_component_ref idref="oc-18d"/>
      </symbol>
      <symbol id="sm-10c4">
         <name>_HOSTwrite</name>
         <value>0x80012240</value>
         <object_component_ref idref="oc-18a"/>
      </symbol>
      <symbol id="sm-10c5">
         <name>_HOSTlseek</name>
         <value>0x80010b60</value>
         <object_component_ref idref="oc-18b"/>
      </symbol>
      <symbol id="sm-10c6">
         <name>_HOSTunlink</name>
         <value>0x80012180</value>
         <object_component_ref idref="oc-18c"/>
      </symbol>
      <symbol id="sm-10c7">
         <name>_HOSTclose</name>
         <value>0x80012d80</value>
         <object_component_ref idref="oc-188"/>
      </symbol>
      <symbol id="sm-10d7">
         <name>C$$IO$$</name>
         <value>0x800157b8</value>
         <object_component_ref idref="oc-1d4"/>
      </symbol>
      <symbol id="sm-10d8">
         <name>__CIOBUF_</name>
         <value>0x8001f200</value>
         <object_component_ref idref="oc-f2"/>
      </symbol>
      <symbol id="sm-10d9">
         <name>_readmsg</name>
         <value>0x800141a0</value>
         <object_component_ref idref="oc-1d5"/>
      </symbol>
      <symbol id="sm-10da">
         <name>_writemsg</name>
         <value>0x80015760</value>
         <object_component_ref idref="oc-1d4"/>
      </symbol>
      <symbol id="sm-10eb">
         <name>_ungetc</name>
         <value>0x8000fec0</value>
         <object_component_ref idref="oc-2c9"/>
      </symbol>
      <symbol id="sm-1209">
         <name>__printfi</name>
         <value>0x80006ac0</value>
         <object_component_ref idref="oc-254"/>
      </symbol>
      <symbol id="sm-12e2">
         <name>__scanfi</name>
         <value>0x80000000</value>
         <object_component_ref idref="oc-259"/>
      </symbol>
      <symbol id="sm-12f7">
         <name>_atoi</name>
         <value>0x80011800</value>
         <object_component_ref idref="oc-2f9"/>
      </symbol>
      <symbol id="sm-1306">
         <name>__cmpd</name>
         <value>0x80011720</value>
         <object_component_ref idref="oc-32a"/>
      </symbol>
      <symbol id="sm-130e">
         <name>__ctypes_</name>
         <value>0x8001cbb8</value>
         <object_component_ref idref="oc-2ca"/>
      </symbol>
      <symbol id="sm-1319">
         <name>__cvtdf</name>
         <value>0x80012ec0</value>
         <object_component_ref idref="oc-308"/>
      </symbol>
      <symbol id="sm-1323">
         <name>__tmpnams</name>
         <value>0x8001ac28</value>
         <object_component_ref idref="oc-10f"/>
      </symbol>
      <symbol id="sm-1324">
         <name>__ft_end</name>
         <value>0x8001ad68</value>
         <object_component_ref idref="oc-10f"/>
      </symbol>
      <symbol id="sm-1325">
         <name>__ftable</name>
         <value>0x8001aa48</value>
         <object_component_ref idref="oc-10f"/>
      </symbol>
      <symbol id="sm-133d">
         <name>__divd</name>
         <value>0x800044e0</value>
         <object_component_ref idref="oc-338"/>
      </symbol>
      <symbol id="sm-1351">
         <name>_getc</name>
         <value>0x8000f740</value>
         <object_component_ref idref="oc-2c8"/>
      </symbol>
      <symbol id="sm-1352">
         <name>_fgetc</name>
         <value>0x8000f740</value>
         <object_component_ref idref="oc-2c8"/>
      </symbol>
      <symbol id="sm-135f">
         <name>__fixdi</name>
         <value>0x80013fa0</value>
         <object_component_ref idref="oc-376"/>
      </symbol>
      <symbol id="sm-136c">
         <name>__fixdli</name>
         <value>0x80013140</value>
         <object_component_ref idref="oc-372"/>
      </symbol>
      <symbol id="sm-1377">
         <name>__fltlid</name>
         <value>0x80014020</value>
         <object_component_ref idref="oc-374"/>
      </symbol>
      <symbol id="sm-1392">
         <name>_putc</name>
         <value>0x8000be20</value>
         <object_component_ref idref="oc-2c7"/>
      </symbol>
      <symbol id="sm-1393">
         <name>_fputc</name>
         <value>0x8000be20</value>
         <object_component_ref idref="oc-2c7"/>
      </symbol>
      <symbol id="sm-13b5">
         <name>_fputs</name>
         <value>0x80007b40</value>
         <object_component_ref idref="oc-2c2"/>
      </symbol>
      <symbol id="sm-13bf">
         <name>__frcmpyd_div</name>
         <value>0x80015c20</value>
         <object_component_ref idref="oc-35d"/>
      </symbol>
      <symbol id="sm-13c9">
         <name>__frcmpyf</name>
         <value>0x80014e60</value>
         <object_component_ref idref="oc-25f"/>
      </symbol>
      <symbol id="sm-13d6">
         <name>_getenv</name>
         <value>0x80016800</value>
         <object_component_ref idref="oc-2f4"/>
      </symbol>
      <symbol id="sm-13e8">
         <name>__divul</name>
         <value>0x8000e1a0</value>
         <object_component_ref idref="oc-332"/>
      </symbol>
      <symbol id="sm-13e9">
         <name>__remli</name>
         <value>0x80015ce0</value>
         <object_component_ref idref="oc-389"/>
      </symbol>
      <symbol id="sm-13ea">
         <name>__remul</name>
         <value>0x80015d20</value>
         <object_component_ref idref="oc-33b"/>
      </symbol>
      <symbol id="sm-13eb">
         <name>__divli</name>
         <value>0x80012f60</value>
         <object_component_ref idref="oc-38a"/>
      </symbol>
      <symbol id="sm-13f5">
         <name>___isinf</name>
         <value>0x80015b60</value>
         <object_component_ref idref="oc-329"/>
      </symbol>
      <symbol id="sm-1402">
         <name>_ltoa</name>
         <value>0x80012780</value>
         <object_component_ref idref="oc-373"/>
      </symbol>
      <symbol id="sm-140f">
         <name>_memccpy</name>
         <value>0x80015100</value>
         <object_component_ref idref="oc-2fc"/>
      </symbol>
      <symbol id="sm-1425">
         <name>__mpyd</name>
         <value>0x8000abe0</value>
         <object_component_ref idref="oc-334"/>
      </symbol>
      <symbol id="sm-142f">
         <name>__negd</name>
         <value>0x80015ca0</value>
         <object_component_ref idref="oc-32b"/>
      </symbol>
      <symbol id="sm-144d">
         <name>__output_path_profile_info</name>
         <value>0x8000ae40</value>
         <object_component_ref idref="oc-250"/>
      </symbol>
      <symbol id="sm-1463">
         <name>_setvbuf</name>
         <value>0x8000d2e0</value>
         <object_component_ref idref="oc-300"/>
      </symbol>
      <symbol id="sm-148d">
         <name>_strtod</name>
         <value>0x80004a20</value>
         <object_component_ref idref="oc-307"/>
      </symbol>
      <symbol id="sm-14a5">
         <name>_strtol</name>
         <value>0x80005da0</value>
         <object_component_ref idref="oc-30a"/>
      </symbol>
      <symbol id="sm-14cf">
         <name>_strtold</name>
         <value>0x80004f40</value>
         <object_component_ref idref="oc-309"/>
      </symbol>
      <symbol id="sm-14ea">
         <name>_strtoll</name>
         <value>0x80006200</value>
         <object_component_ref idref="oc-30b"/>
      </symbol>
      <symbol id="sm-1502">
         <name>_strtoul</name>
         <value>0x80007340</value>
         <object_component_ref idref="oc-305"/>
      </symbol>
      <symbol id="sm-151e">
         <name>_strtoull</name>
         <value>0x80007740</value>
         <object_component_ref idref="oc-306"/>
      </symbol>
      <symbol id="sm-1528">
         <name>__subd</name>
         <value>0x80015d60</value>
         <object_component_ref idref="oc-375"/>
      </symbol>
      <symbol id="sm-1536">
         <name>__buff_read</name>
         <value>0x80010140</value>
         <object_component_ref idref="oc-2fe"/>
      </symbol>
      <symbol id="sm-154a">
         <name>__rd_ok</name>
         <value>0x80012540</value>
         <object_component_ref idref="oc-2fd"/>
      </symbol>
      <symbol id="sm-154b">
         <name>__wrt_ok</name>
         <value>0x80010e60</value>
         <object_component_ref idref="oc-2f8"/>
      </symbol>
      <symbol id="sm-155b">
         <name>__addd</name>
         <value>0x8000cae0</value>
         <object_component_ref idref="oc-336"/>
      </symbol>
      <symbol id="sm-1565">
         <name>_errno</name>
         <value>0x8001ad6c</value>
         <object_component_ref idref="oc-16a"/>
      </symbol>
      <symbol id="sm-1575">
         <name>__frcaddd</name>
         <value>0x8000cce0</value>
         <object_component_ref idref="oc-35b"/>
      </symbol>
      <symbol id="sm-157f">
         <name>__frcmpyd</name>
         <value>0x80010d60</value>
         <object_component_ref idref="oc-35a"/>
      </symbol>
      <symbol id="sm-158c">
         <name>__renormd</name>
         <value>0x80014120</value>
         <object_component_ref idref="oc-377"/>
      </symbol>
   </symbol_table>
</link_info>
