******************************************************************************
               TMS320C6x Linker PC v7.4.4                      
******************************************************************************
>> Linked Wed Jan 27 20:09:52 2021

OUTPUT FILE NAME:   <basico_main.out>
ENTRY POINT SYMBOL: "_c_int00"  address: 80013320


MEMORY CONFIGURATION

         name            origin    length      used     unused   attr    fill
----------------------  --------  ---------  --------  --------  ----  --------
  IRAM                  00800000   00200000  000000f0  001fff10  RW X
  DDR                   80000000   10000000  0001f29a  0ffe0d66  RWIX


SECTION ALLOCATION MAP

 output                                  attributes/
section   page    origin      length       input sections
--------  ----  ----------  ----------   ----------------
.pinit     0    80000000    00000000     UNINITIALIZED

.ppdata    0    00800000    000000f0     UNINITIALIZED
                  00800000    00000080     Ejemplo_comienzo.obj (.ppdata)
                  00800080    00000070     utils.obj (.ppdata)

.data      0    80000000    00000000     UNINITIALIZED

xdc.meta   0    80000000    000000f7     COPY SECTION
                  80000000    000000f7     hello_p64P.o64P (xdc.meta)

.text      0    80000000    00017540     
                  80000000    00000920     rts64plus.lib : _scanfi.obj (.text:__scanfi)
                  80000920    000008c0     ti.targets.rts6000.a64P : System.o64P (.text:_xdc_runtime_System_doPrint__I)
                  800011e0    00000800     Ejemplo_comienzo.obj (.text)
                  800019e0    00000780     sysbios.a64P : BIOS.obj (.text:_ti_sysbios_family_c64p_Exception_handler__I)
                  80002160    00000660                  : BIOS.obj (.text:_ti_sysbios_heaps_HeapMem_alloc__E)
                  800027c0    00000620     rts64plus.lib : _scanfi.obj (.text:__sset_arg)
                  80002de0    00000600     sysbios.a64P : BIOS.obj (.text:_ti_sysbios_knl_Semaphore_pend__E)
                  800033e0    000005e0                  : BIOS.obj (.text:_ti_sysbios_heaps_HeapMem_free__E)
                  800039c0    000005a0                  : BIOS.obj (.text:_ti_sysbios_timers_timer64_Timer_Module_startup__F)
                  80003f60    00000580     rts64plus.lib : _printfi.obj (.text:__getarg_diouxp)
                  800044e0    00000540                   : divd.obj (.text:__divd)
                  80004a20    00000520                   : strtod.obj (.text:_strtod)
                  80004f40    00000520                   : strtold.obj (.text:_strtold)
                  80005460    000004c0                   : _scanfi.obj (.text:__sproc_int)
                  80005920    00000480     sysbios.a64P : BIOS.obj (.text:_ti_sysbios_knl_Task_Module_startup__F)
                  80005da0    00000460     rts64plus.lib : strtol.obj (.text:_strtol)
                  80006200    00000460                   : strtoll.obj (.text:_strtoll)
                  80006660    00000460     hello_p64P.o64P (.text:_xdc_runtime_System_printfExtend__I)
                  80006ac0    00000440     rts64plus.lib : _printfi.obj (.text:__printfi)
                  80006f00    00000440                   : _printfi.obj (.text:__setfield)
                  80007340    00000400                   : strtoul.obj (.text:_strtoul)
                  80007740    00000400                   : strtoull.obj (.text:_strtoull)
                  80007b40    000003a0                   : fputs.obj (.text:_fputs)
                  80007ee0    00000340                   : _printfi.obj (.text:__pproc_fge)
                  80008220    00000320                   : _scanfi.obj (.text:__sget_conv)
                  80008540    00000320     sysbios.a64P : BIOS.obj (.text:_ti_sysbios_knl_Swi_restoreHwi__E)
                  80008860    00000300     rts64plus.lib : _printfi.obj (.text:_ecvt)
                  80008b60    00000300                   : _printfi.obj (.text:_fcvt)
                  80008e60    00000300     sysbios.a64P : BIOS.obj (.text:_ti_sysbios_family_c64p_Hwi_dispatchC__I)
                  80009160    000002e0     rts64plus.lib : addf.obj (.text:__addf)
                  80009440    000002e0                   : _scanfi.obj (.text:__sproc_float)
                  80009720    000002e0     sysbios.a64P : BIOS.obj (.text:_ti_sysbios_heaps_HeapMem_Instance_init__F)
                  80009a00    000002c0     rts64plus.lib : _printfi.obj (.text:__pproc_fwp)
                  80009cc0    000002a0                   : _printfi.obj (.text:__pconv_e)
                  80009f60    000002a0     sysbios.a64P : BIOS.obj (.text:_ti_sysbios_knl_Clock_workFunc__E)
                  8000a200    00000280                  : BIOS.obj (.text:_ti_sysbios_family_c64p_Cache_Module_startup__F)
                  8000a480    00000280                  : BIOS.obj (.text:_ti_sysbios_timers_timer64_Timer_deviceConfig__I)
                  8000a700    00000280     ti.targets.rts6000.a64P : Error.o64P (.text:_xdc_runtime_Error_raiseX__F)
                  8000a980    00000260     rts64plus.lib : imath64.obj (.text:__divull)
                  8000abe0    00000260                   : mpyd.obj (.text:__mpyd)
                  8000ae40    00000260                   : outprof.obj (.text:__output_path_profile_info)
                  8000b0a0    00000260     ti.targets.rts6000.a64P : Startup.o64P (.text:_xdc_runtime_Startup_startMods__I)
                  8000b300    00000240     rts64plus.lib : _printfi.obj (.text:__pproc_diouxp)
                  8000b540    00000240     sysbios.a64P : BIOS.obj (.text:_ti_sysbios_family_c64p_Exception_internalHandler__I)
                  8000b780    00000240                  : BIOS.obj (.text:_ti_sysbios_knl_Semaphore_post__E)
                  8000b9c0    00000240     ti.targets.rts6000.a64P : LoggerBuf.o64P (.text:_xdc_runtime_LoggerBuf_write8__F)
                  8000bc00    00000220     rts64plus.lib : _printfi.obj (.text:__pproc_str)
                  8000be20    00000220                   : fputc.obj (.text:_fputc)
                  8000c040    00000220     sysbios.a64P : BIOS.obj (.text:_ti_sysbios_knl_Swi_run__I)
                  8000c260    00000220                  : BIOS.obj (.text:_ti_sysbios_knl_Task_exit__E)
                  8000c480    00000220                  : BIOS.obj (.text:_ti_sysbios_knl_Task_schedule__I)
                  8000c6a0    00000220                  : BIOS.obj (.text:_ti_sysbios_knl_Task_startCore__E)
                  8000c8c0    00000220     ti.targets.rts6000.a64P : Core-mem.o64P (.text:_xdc_runtime_Core_createObject__I)
                  8000cae0    00000200     rts64plus.lib : addd.obj (.text:__addd)
                  8000cce0    00000200                   : frcaddd.obj (.text:__frcaddd)
                  8000cee0    00000200                   : mpyf.obj (.text:__mpyf)
                  8000d0e0    00000200                   : _printfi.obj (.text:__pconv_g)
                  8000d2e0    00000200                   : setvbuf.obj (.text:_setvbuf)
                  8000d4e0    00000200     sysbios.a64P : c64p_Hwi_disp_always.obj (.text:_ti_sysbios_family_c64p_Hwi_dispatchAlways)
                  8000d6e0    000001e0     rts64plus.lib : lowlev.obj (.text:_add_device)
                  8000d8c0    000001e0     sysbios.a64P : BIOS.obj (.text:_ti_sysbios_timers_timer64_Timer_getFreq__E)
                  8000daa0    000001c0     rts64plus.lib : _printfi.obj (.text:__mcpy)
                  8000dc60    000001c0                   : fopen.obj (.text:__openfile)
                  8000de20    000001c0     sysbios.a64P : BIOS.obj (.text:_ti_sysbios_timers_timer64_Timer_setPeriodMicroSecs__E)
                  8000dfe0    000001c0     ti.targets.rts6000.a64P : Text.o64P (.text:_xdc_runtime_Text_putSite__F)
                  8000e1a0    000001a0     rts64plus.lib : imath40.obj (.text:__divul)
                  8000e340    000001a0                   : _scanfi.obj (.text:__sproc_str)
                  8000e4e0    000001a0     sysbios.a64P : BIOS.obj (.text:_ti_sysbios_gates_GateMutex_enter__E)
                  8000e680    000001a0                  : BIOS.obj (.text:_ti_sysbios_knl_Task_checkStacks__E)
                  8000e820    000001a0                  : BIOS.obj (.text:_ti_sysbios_knl_Task_unblockI__E)
                  8000e9c0    000001a0                  : BIOS.obj (.text:_ti_sysbios_timers_timer64_Timer_start__E)
                  8000eb60    000001a0     ti.targets.rts6000.a64P : LoggerBuf.o64P (.text:_xdc_runtime_LoggerBuf_write4__F)
                  8000ed00    00000180     rts64plus.lib : trgdrv.obj (.text:_HOSTrename)
                  8000ee80    00000180                   : fscanf.obj (.text:__chkmbc)
                  8000f000    00000180                   : lowlev.obj (.text:_open)
                  8000f180    00000180     sysbios.a64P : BIOS.obj (.text:_ti_sysbios_knl_Swi_schedule__I)
                  8000f300    00000180                  : c64p_Exception_asm.obj (.text)
                  8000f480    00000160     rts64plus.lib : _scanfi.obj (.text:__sproc_lb)
                  8000f5e0    00000160     sysbios.a64P : BIOS.obj (.text:_ti_sysbios_BIOS_rtsUnlock__I)
                  8000f740    00000140     rts64plus.lib : fgetc.obj (.text:_fgetc)
                  8000f880    00000140                   : lowlev.obj (.text:_getdevice)
                  8000f9c0    00000140     sysbios.a64P : BIOS.obj (.text:_ti_sysbios_family_c64p_Hwi_Module_startup__F)
                  8000fb00    00000140                  : BIOS.obj (.text:_ti_sysbios_knl_Semaphore_Instance_init__F)
                  8000fc40    00000140                  : BIOS.obj (.text:_ti_sysbios_knl_Swi_post__E)
                  8000fd80    00000140                  : BIOS.obj (.text:_ti_sysbios_knl_Task_blockI__E)
                  8000fec0    00000140     rts64plus.lib : ungetc.obj (.text:_ungetc)
                  80010000    00000140     ti.targets.rts6000.a64P : Text.o64P (.text:_xdc_runtime_Text_putLab__F)
                  80010140    00000120     rts64plus.lib : _bufread.obj (.text:__buff_read)
                  80010260    00000120                   : fclose.obj (.text:__closefile)
                  80010380    00000120                   : _printfi.obj (.text:__ltostr)
                  800104a0    00000120                   : _printfi.obj (.text:__pproc_fflags)
                  800105c0    00000120                   : fopen.obj (.text:__search_fp)
                  800106e0    00000120                   : _scanfi.obj (.text:__sget_scanset)
                  80010800    00000120                   : fseek.obj (.text:_fseek)
                  80010920    00000120     ti.targets.rts6000.a64P : LoggerBuf.o64P (.text:_xdc_runtime_LoggerBuf_setFilterLevel__F)
                  80010a40    00000120                             : Text.o64P (.text:_xdc_runtime_Text_putMod__F)
                  80010b60    00000100     rts64plus.lib : trgdrv.obj (.text:_HOSTlseek)
                  80010c60    00000100     boot.a64P : autoinit.o64P (.text:__auto_init)
                  80010d60    00000100     rts64plus.lib : frcmpyd.obj (.text:__frcmpyd)
                  80010e60    00000100                   : _io_perm.obj (.text:__wrt_ok)
                  80010f60    00000100                   : sinit.obj (.text:_call_dtors)
                  80011060    00000100     sysbios.a64P : BIOS.obj (.text:_ti_sysbios_timers_timer64_Timer_initDevice__I)
                  80011160    00000100     ti.targets.rts6000.a64P : Core-mem.o64P (.text:_xdc_runtime_Core_deleteObject__I)
                  80011260    00000100                             : LoggerBuf.o64P (.text:_xdc_runtime_LoggerBuf_getFilterLevel__F)
                  80011360    00000100                             : Startup.o64P (.text:_xdc_runtime_Startup_exec__F)
                  80011460    00000100                             : Text.o64P (.text:_xdc_runtime_Text_visitRope2__I)
                  80011560    000000e0     rts64plus.lib : trgdrv.obj (.text:_HOSTgetenv)
                  80011640    000000e0                   : trgdrv.obj (.text:_HOSTopen)
                  80011720    000000e0                   : cmpd.obj (.text:__cmpd)
                  80011800    000000e0                   : atoi.obj (.text:_atoi)
                  800118e0    000000e0                   : lowlev.obj (.text:_close)
                  800119c0    000000e0                   : outprof.obj (.text:_dump_pprof_header)
                  80011aa0    000000e0                   : fscanf.obj (.text:_fscanf)
                  80011b80    000000e0                   : memset.obj (.text:_memset)
                  80011c60    000000e0                   : printf.obj (.text:_printf)
                  80011d40    000000e0     sysbios.a64P : BIOS.obj (.text:_ti_sysbios_timers_timer64_Timer_startup__E)
                  80011e20    000000e0     ti.targets.rts6000.a64P : Error.o64P (.text:_xdc_runtime_Error_print__F)
                  80011f00    000000e0     hello_p64P.o64P (.text:_xdc_runtime_LoggerBuf_Object__create__S)
                  80011fe0    000000e0     ti.targets.rts6000.a64P : Memory.o64P (.text:_xdc_runtime_Memory_alloc__F)
                  800120c0    000000c0     rts64plus.lib : trgdrv.obj (.text:_HOSTread)
                  80012180    000000c0                   : trgdrv.obj (.text:_HOSTunlink)
                  80012240    000000c0                   : trgdrv.obj (.text:_HOSTwrite)
                  80012300    000000c0                   : _printfi.obj (.text:__div)
                  800123c0    000000c0                   : divu.obj (.text:__divu)
                  80012480    000000c0                   : fflush.obj (.text:__doflush)
                  80012540    000000c0                   : _io_perm.obj (.text:__rd_ok)
                  80012600    000000c0                   : atexit.obj (.text:_atexit)
                  800126c0    000000c0                   : exit.obj (.text:_exit)
                  80012780    000000c0                   : ltoa.obj (.text:_ltoa)
                  80012840    000000c0     sysbios.a64P : BIOS.obj (.text:_ti_sysbios_BIOS_errorRaiseHook__I)
                  80012900    000000c0                  : BIOS.obj (.text:_ti_sysbios_heaps_HeapMem_getStats__E)
                  800129c0    000000c0                  : BIOS.obj (.text:_ti_sysbios_knl_Clock_logTick__E)
                  80012a80    000000c0                  : BIOS.obj (.text:_ti_sysbios_knl_Task_allBlockedFunction__I)
                  80012b40    000000c0                  : BIOS.obj (.text:_ti_sysbios_timers_timer64_Timer_stop__E)
                  80012c00    000000c0     ti.targets.rts6000.a64P : LoggerBuf.o64P (.text:_xdc_runtime_LoggerBuf_Instance_init__F)
                  80012cc0    000000c0                             : System.o64P (.text:_xdc_runtime_System_formatNum__I)
                  80012d80    000000a0     rts64plus.lib : trgdrv.obj (.text:_HOSTclose)
                  80012e20    000000a0                   : fopen.obj (.text:__cleanup)
                  80012ec0    000000a0                   : cvtdf.obj (.text:__cvtdf)
                  80012f60    000000a0                   : imath40.obj (.text:__divli)
                  80013000    000000a0                   : _printfi.obj (.text:__ecpy)
                  800130a0    000000a0                   : _printfi.obj (.text:__fcpy)
                  80013140    000000a0                   : fixdli.obj (.text:__fixdli)
                  800131e0    000000a0                   : _printfi.obj (.text:__pconv_f)
                  80013280    000000a0                   : remu.obj (.text:__remu)
                  80013320    000000a0     boot.a64P : boot.o64P (.text:_c_int00)
                  800133c0    000000a0     rts64plus.lib : lowlev.obj (.text:_finddevice)
                  80013460    000000a0                   : lowlev.obj (.text:_lseek)
                  80013500    000000a0     hello_p64P.o64P (.text:_malloc)
                  800135a0    000000a0     rts64plus.lib : memcpy64.obj (.text:_memcpy)
                  80013640    000000a0                   : lowlev.obj (.text:_read)
                  800136e0    000000a0     sysbios.a64P : BIOS.obj (.text:_ti_sysbios_family_c64p_Exception_Module_startup__F)
                  80013780    000000a0                  : BIOS.obj (.text:_ti_sysbios_family_c64p_Hwi_getStackInfo__E)
                  80013820    000000a0                  : BIOS.obj (.text:_ti_sysbios_heaps_HeapMem_init__I)
                  800138c0    000000a0                  : BIOS.obj (.text:_ti_sysbios_knl_Idle_run__E)
                  80013960    000000a0     hello_p64P.o64P (.text:_ti_sysbios_knl_Semaphore_Object__create__S)
                  80013a00    000000a0     rts64plus.lib : lowlev.obj (.text:_write)
                  80013aa0    000000a0     ti.targets.rts6000.a64P : Assert.o64P (.text:_xdc_runtime_Assert_raise__I)
                  80013b40    000000a0                             : LoggerBuf.o64P (.text:_xdc_runtime_LoggerBuf_Module_startup__F)
                  80013be0    000000a0     hello_p64P.o64P (.text:_xdc_runtime_LoggerBuf_write8__E)
                  80013c80    000000a0     ti.targets.rts6000.a64P : SysMin.o64P (.text:_xdc_runtime_SysMin_abort__F)
                  80013d20    000000a0                             : SysMin.o64P (.text:_xdc_runtime_SysMin_flush__F)
                  80013dc0    000000a0     hello_p64P.o64P (.text:_xdc_runtime_SysMin_output__I)
                  80013e60    000000a0     ti.targets.rts6000.a64P : SysMin.o64P (.text:_xdc_runtime_SysMin_putch__F)
                  80013f00    000000a0                             : Text.o64P (.text:_xdc_runtime_Text_xprintf__I)
                  80013fa0    00000080     rts64plus.lib : fixdi.obj (.text:__fixdi)
                  80014020    00000080                   : fltlid.obj (.text:__fltlid)
                  800140a0    00000080                   : llshift.obj (.text:__llshl)
                  80014120    00000080                   : renormd.obj (.text:__renormd)
                  800141a0    00000080                   : trgmsg.obj (.text:_readmsg)
                  80014220    00000080     hello_p64P.o64P (.text:_ti_sysbios_BIOS_exitFunc__I)
                  800142a0    00000080     sysbios.a64P : BIOS.obj (.text:_ti_sysbios_family_c62_TaskSupport_start__E)
                  80014320    00000080                  : c62_TaskSupport_asm.obj (.text:_ti_sysbios_family_c62_TaskSupport_swap__E)
                  800143a0    00000080     hello_p64P.o64P (.text:_ti_sysbios_gates_GateHwi_Object__create__S)
                  80014420    00000080     hello_p64P.o64P (.text:_ti_sysbios_gates_GateMutex_Object__create__S)
                  800144a0    00000080     hello_p64P.o64P (.text:_ti_sysbios_heaps_HeapMem_Object__create__S)
                  80014520    00000080     hello_p64P.o64P (.text:_ti_sysbios_knl_Clock_doTick__I)
                  800145a0    00000080     hello_p64P.o64P (.text:_ti_sysbios_knl_Queue_Object__create__S)
                  80014620    00000080     sysbios.a64P : BIOS.obj (.text:_ti_sysbios_knl_Semaphore_pendTimeout__I)
                  800146a0    00000080     hello_p64P.o64P (.text:_ti_sysbios_knl_Swi_Object__get__S)
                  80014720    00000080     sysbios.a64P : BIOS.obj (.text:_ti_sysbios_knl_Swi_startup__E)
                  800147a0    00000080                  : BIOS.obj (.text:_ti_sysbios_knl_Task_restore__E)
                  80014820    00000080                  : BIOS.obj (.text:_ti_sysbios_timers_timer64_Timer_getPeriod__E)
                  800148a0    00000080     rts64plus.lib : lowlev.obj (.text:_unlink)
                  80014920    00000080     ti.targets.rts6000.a64P : Core-label.o64P (.text:_xdc_runtime_Core_assignLabel__I)
                  800149a0    00000080                             : Core-params.o64P (.text:_xdc_runtime_Core_assignParams__I)
                  80014a20    00000080                             : LoggerBuf.o64P (.text:_xdc_runtime_LoggerBuf_filterOutEvent__I)
                  80014aa0    00000080                             : System.o64P (.text:_xdc_runtime_System_atexit__F)
                  80014b20    00000080                             : System.o64P (.text:_xdc_runtime_System_putchar__I)
                  80014ba0    00000080                             : System.o64P (.text:_xdc_runtime_System_rtsExit__I)
                  80014c20    00000080                             : Text.o64P (.text:_xdc_runtime_Text_printVisFxn__I)
                  80014ca0    00000080     sysbios.a64P : BIOS.obj (.text:ti_sysbios_hal_Hwi_checkStack:_ti_sysbios_hal_Hwi_checkStack)
                  80014d20    00000080                  : BIOS.obj (.text:ti_sysbios_hal_Hwi_initStack:_ti_sysbios_hal_Hwi_initStack)
                  80014da0    00000060     rts64plus.lib : pprof_cio.obj (.text:___TI_init_pphandler)
                  80014e00    00000060                   : cvtfd.obj (.text:__cvtfd)
                  80014e60    00000060                   : frcmpyf.obj (.text:__frcmpyf)
                  80014ec0    00000060                   : imath64.obj (.text:__remull)
                  80014f20    00000060                   : imath64.obj (.text:__subcull)
                  80014f80    00000060                   : fclose.obj (.text:_fclose)
                  80014fe0    00000060                   : feof.obj (.text:_feof)
                  80015040    00000060                   : fopen.obj (.text:_fopen)
                  800150a0    00000060     hello_p64P.o64P (.text:_free)
                  80015100    00000060     rts64plus.lib : memccpy.obj (.text:_memccpy)
                  80015160    00000060                   : lowlev.obj (.text:_tabinit)
                  800151c0    00000060     sysbios.a64P : BIOS.obj (.text:_ti_sysbios_BIOS_registerRTSLock__I)
                  80015220    00000060                  : BIOS.obj (.text:_ti_sysbios_family_c64p_Cache_setMar__E)
                  80015280    00000060     hello_p64P.o64P (.text:_ti_sysbios_gates_GateHwi_Handle__label__S)
                  800152e0    00000060     hello_p64P.o64P (.text:_ti_sysbios_gates_GateHwi_Object__delete__S)
                  80015340    00000060     hello_p64P.o64P (.text:_ti_sysbios_gates_GateMutex_Handle__label__S)
                  800153a0    00000060     sysbios.a64P : BIOS.obj (.text:_ti_sysbios_gates_GateMutex_Instance_init__F)
                  80015400    00000060     hello_p64P.o64P (.text:_ti_sysbios_gates_GateMutex_Object__delete__S)
                  80015460    00000060     hello_p64P.o64P (.text:_ti_sysbios_heaps_HeapMem_Handle__label__S)
                  800154c0    00000060     hello_p64P.o64P (.text:_ti_sysbios_heaps_HeapMem_Object__delete__S)
                  80015520    00000060     hello_p64P.o64P (.text:_ti_sysbios_heaps_HeapMem_Object__get__S)
                  80015580    00000060     sysbios.a64P : BIOS.obj (.text:_ti_sysbios_knl_Clock_Module_startup__F)
                  800155e0    00000060     hello_p64P.o64P (.text:_ti_sysbios_knl_Queue_Object__get__S)
                  80015640    00000060     sysbios.a64P : BIOS.obj (.text:_ti_sysbios_knl_Swi_Module_startup__F)
                  800156a0    00000060     hello_p64P.o64P (.text:_ti_sysbios_knl_Task_Object__get__S)
                  80015700    00000060     sysbios.a64P : BIOS.obj (.text:_ti_sysbios_knl_Task_enter__I)
                  80015760    00000060     rts64plus.lib : trgmsg.obj (.text:_writemsg)
                  800157c0    00000060     hello_p64P.o64P (.text:_xdc_runtime_LoggerBuf_Handle__label__S)
                  80015820    00000060     hello_p64P.o64P (.text:_xdc_runtime_LoggerBuf_Object__delete__S)
                  80015880    00000060     hello_p64P.o64P (.text:_xdc_runtime_LoggerBuf_Object__get__S)
                  800158e0    00000060     ti.targets.rts6000.a64P : Memory.o64P (.text:_xdc_runtime_Memory_calloc__F)
                  80015940    00000060                             : SysMin.o64P (.text:_xdc_runtime_SysMin_Module_startup__F)
                  800159a0    00000060                             : SysMin.o64P (.text:_xdc_runtime_SysMin_exit__F)
                  80015a00    00000060                             : System.o64P (.text:_xdc_runtime_System_avprintf__F)
                  80015a60    00000060                             : System.o64P (.text:_xdc_runtime_System_vprintf__F)
                  80015ac0    00000060                             : Text.o64P (.text:_xdc_runtime_Text_cordText__F)
                  80015b20    00000040     rts64plus.lib : sinit.obj (.text:___add_dtor)
                  80015b60    00000040                   : isinf.obj (.text:___isinf)
                  80015ba0    00000040                   : _printfi.obj (.text:___isnan)
                  80015be0    00000040                   : args_main.obj (.text:__args_main)
                  80015c20    00000040                   : frcmpyd_div.obj (.text:__frcmpyd_div)
                  80015c60    00000040                   : llshift.obj (.text:__llshru)
                  80015ca0    00000040                   : negd.obj (.text:__negd)
                  80015ce0    00000040                   : imath40.obj (.text:__remli)
                  80015d20    00000040                   : imath40.obj (.text:__remul)
                  80015d60    00000040                   : subd.obj (.text:__subd)
                  80015da0    00000040                   : pprof_cio.obj (.text:_ppcio_open)
                  80015de0    00000040     sysbios.a64P : BIOS.obj (.text:_ti_sysbios_BIOS_rtsLock__I)
                  80015e20    00000040     hello_p64P.o64P (.text:_ti_sysbios_BIOS_startFunc__I)
                  80015e60    00000040     sysbios.a64P : c62_TaskSupport_asm.obj (.text:_ti_sysbios_family_c62_TaskSupport_buildTaskStack)
                  80015ea0    00000040     hello_p64P.o64P (.text:_ti_sysbios_family_c64p_Hwi_Module__startupDone__F)
                  80015ee0    00000040     sysbios.a64P : BIOS.obj (.text:_ti_sysbios_family_c64p_Hwi_disableInterrupt__E)
                  80015f20    00000040                  : BIOS.obj (.text:_ti_sysbios_family_c64p_Hwi_enableInterrupt__E)
                  80015f60    00000040                  : BIOS.obj (.text:_ti_sysbios_family_c64p_tci6482_TimerSupport_enable__E)
                  80015fa0    00000040                  : c64p_Hwi_asm_switch.obj (.text:_ti_sysbios_family_xxx_Hwi_switchToIsrStack)
                  80015fe0    00000040                  : BIOS.obj (.text:_ti_sysbios_gates_GateMutex_leave__E)
                  80016020    00000040     hello_p64P.o64P (.text:_ti_sysbios_hal_Timer_Module__startupDone__F)
                  80016060    00000040     hello_p64P.o64P (.text:_ti_sysbios_knl_Queue_Object__destruct__S)
                  800160a0    00000040     hello_p64P.o64P (.text:_ti_sysbios_knl_Semaphore_Object__destruct__S)
                  800160e0    00000040     hello_p64P.o64P (.text:_ti_sysbios_knl_Task_SupportProxy_start__E)
                  80016120    00000040     hello_p64P.o64P (.text:_ti_sysbios_timers_timer64_Timer_Module__startupDone__F)
                  80016160    00000040     ti.targets.rts6000.a64P : Error.o64P (.text:_xdc_runtime_Error_check__F)
                  800161a0    00000040                             : Error.o64P (.text:_xdc_runtime_Error_init__F)
                  800161e0    00000040     hello_p64P.o64P (.text:_xdc_runtime_IHeap_alloc)
                  80016220    00000040     hello_p64P.o64P (.text:_xdc_runtime_IHeap_free)
                  80016260    00000040     ti.targets.rts6000.a64P : LoggerBuf.o64P (.text:_xdc_runtime_LoggerBuf_Instance_finalize__F)
                  800162a0    00000040     hello_p64P.o64P (.text:_xdc_runtime_LoggerBuf_setFilterLevel__E)
                  800162e0    00000040     hello_p64P.o64P (.text:_xdc_runtime_LoggerBuf_write0__E)
                  80016320    00000040     ti.targets.rts6000.a64P : LoggerBuf.o64P (.text:_xdc_runtime_LoggerBuf_write0__F)
                  80016360    00000040     hello_p64P.o64P (.text:_xdc_runtime_LoggerBuf_write1__E)
                  800163a0    00000040     hello_p64P.o64P (.text:_xdc_runtime_LoggerBuf_write2__E)
                  800163e0    00000040     hello_p64P.o64P (.text:_xdc_runtime_LoggerBuf_write4__E)
                  80016420    00000040     hello_p64P.o64P (.text:_xdc_runtime_Memory_HeapProxy_alloc__E)
                  80016460    00000040     hello_p64P.o64P (.text:_xdc_runtime_Memory_alloc__E)
                  800164a0    00000040     ti.targets.rts6000.a64P : Memory.o64P (.text:_xdc_runtime_Memory_free__F)
                  800164e0    00000040                             : Registry.o64P (.text:_xdc_runtime_Registry_findById__F)
                  80016520    00000040     hello_p64P.o64P (.text:_xdc_runtime_Startup_exec__I)
                  80016560    00000040     ti.targets.rts6000.a64P : System.o64P (.text:_xdc_runtime_System_abort__F)
                  800165a0    00000040     hello_p64P.o64P (.text:_xdc_runtime_System_aprintf__E)
                  800165e0    00000040     hello_p64P.o64P (.text:_xdc_runtime_System_printf__E)
                  80016620    00000040     ti.targets.rts6000.a64P : Text.o64P (.text:_xdc_runtime_Text_ropeText__F)
                  80016660    00000040     hello_p64P.o64P (.text:_xdc_runtime_Text_visitRope__I)
                  800166a0    00000020     rts64plus.lib : pprof_cio.obj (.text:___TI_path_prof_out)
                  800166c0    00000020     ti.targets.rts6000.a64P : xdc_noinit.o64P (.text:___xdc__init)
                  800166e0    00000020     rts64plus.lib : fscanf.obj (.text:__inpchar)
                  80016700    00000020                   : negll.obj (.text:__negll)
                  80016720    00000020                   : _lock.obj (.text:__nop)
                  80016740    00000020                   : printf.obj (.text:__outc)
                  80016760    00000020                   : printf.obj (.text:__outs)
                  80016780    00000020                   : _lock.obj (.text:__register_lock)
                  800167a0    00000020                   : _lock.obj (.text:__register_unlock)
                  800167c0    00000020                   : fscanf.obj (.text:__uninpchar)
                  800167e0    00000020                   : exit.obj (.text:_abort)
                  80016800    00000020                   : getenv.obj (.text:_getenv)
                  80016820    00000020                   : remove.obj (.text:_remove)
                  80016840    00000020     hello_p64P.o64P (.text:_ti_sysbios_BIOS_RtsGateProxy_enter__E)
                  80016860    00000020     hello_p64P.o64P (.text:_ti_sysbios_BIOS_RtsGateProxy_leave__E)
                  80016880    00000020     sysbios.a64P : BIOS.obj (.text:_ti_sysbios_BIOS_nullFunc__I)
                  800168a0    00000020                  : BIOS.obj (.text:_ti_sysbios_BIOS_setThreadType__E)
                  800168c0    00000020     hello_p64P.o64P (.text:_ti_sysbios_family_c62_TaskSupport_Module__startupDone__S)
                  800168e0    00000020     sysbios.a64P : BIOS.obj (.text:_ti_sysbios_family_c62_TaskSupport_checkStack__E)
                  80016900    00000020                  : c62_TaskSupport_asm.obj (.text:_ti_sysbios_family_c62_TaskSupport_glue)
                  80016920    00000020     hello_p64P.o64P (.text:_ti_sysbios_family_c64p_Cache_Module_startup__E)
                  80016940    00000020     hello_p64P.o64P (.text:_ti_sysbios_family_c64p_Exception_Module_startup__E)
                  80016960    00000020     hello_p64P.o64P (.text:_ti_sysbios_family_c64p_Hwi_Module__startupDone__S)
                  80016980    00000020     hello_p64P.o64P (.text:_ti_sysbios_family_c64p_Hwi_Module_startup__E)
                  800169a0    00000020     sysbios.a64P : BIOS.obj (.text:_ti_sysbios_family_c64p_Hwi_clearInterrupt__E)
                  800169c0    00000020                  : BIOS.obj (.text:_ti_sysbios_family_c64p_Hwi_startup__E)
                  800169e0    00000020                  : BIOS.obj (.text:_ti_sysbios_family_c64p_Hwi_switchFromBootStack__E)
                  80016a00    00000020     hello_p64P.o64P (.text:_ti_sysbios_family_c64p_TimestampProvider_Module_startup__E)
                  80016a20    00000020     sysbios.a64P : BIOS.obj (.text:_ti_sysbios_family_c64p_TimestampProvider_Module_startup__F)
                  80016a40    00000020                  : BIOS.obj (.text:_ti_sysbios_family_c64p_TimestampProvider_get64__E)
                  80016a60    00000020                  : c64p_Hwi_asm_switch.obj (.text:_ti_sysbios_family_xxx_Hwi_switchToTaskStack)
                  80016a80    00000020                  : BIOS.obj (.text:_ti_sysbios_gates_GateHwi_Instance_init__F)
                  80016aa0    00000020                  : BIOS.obj (.text:_ti_sysbios_gates_GateHwi_enter__E)
                  80016ac0    00000020                  : BIOS.obj (.text:_ti_sysbios_gates_GateHwi_leave__E)
                  80016ae0    00000020     hello_p64P.o64P (.text:_ti_sysbios_gates_GateHwi_query__E)
                  80016b00    00000020     sysbios.a64P : BIOS.obj (.text:_ti_sysbios_gates_GateHwi_query__F)
                  80016b20    00000020                  : BIOS.obj (.text:_ti_sysbios_gates_GateMutex_Instance_finalize__F)
                  80016b40    00000020     hello_p64P.o64P (.text:_ti_sysbios_gates_GateMutex_query__E)
                  80016b60    00000020     sysbios.a64P : BIOS.obj (.text:_ti_sysbios_gates_GateMutex_query__F)
                  80016b80    00000020     hello_p64P.o64P (.text:_ti_sysbios_hal_Hwi_HwiProxy_Module__startupDone__S)
                  80016ba0    00000020     hello_p64P.o64P (.text:_ti_sysbios_hal_Hwi_HwiProxy_clearInterrupt__E)
                  80016bc0    00000020     hello_p64P.o64P (.text:_ti_sysbios_hal_Hwi_HwiProxy_disableInterrupt__E)
                  80016be0    00000020     hello_p64P.o64P (.text:_ti_sysbios_hal_Hwi_HwiProxy_enableInterrupt__E)
                  80016c00    00000020     hello_p64P.o64P (.text:_ti_sysbios_hal_Hwi_HwiProxy_getStackInfo__E)
                  80016c20    00000020     hello_p64P.o64P (.text:_ti_sysbios_hal_Hwi_HwiProxy_startup__E)
                  80016c40    00000020     hello_p64P.o64P (.text:_ti_sysbios_hal_Hwi_HwiProxy_switchFromBootStack__E)
                  80016c60    00000020     hello_p64P.o64P (.text:_ti_sysbios_hal_Hwi_Module_startup__E)
                  80016c80    00000020     sysbios.a64P : BIOS.obj (.text:_ti_sysbios_hal_Hwi_Module_startup__F)
                  80016ca0    00000020                  : BIOS.obj (.text:_ti_sysbios_hal_Hwi_startup__E)
                  80016cc0    00000020     hello_p64P.o64P (.text:_ti_sysbios_hal_Timer_Module__startupDone__S)
                  80016ce0    00000020     hello_p64P.o64P (.text:_ti_sysbios_hal_Timer_Module_startup__E)
                  80016d00    00000020     sysbios.a64P : BIOS.obj (.text:_ti_sysbios_hal_Timer_Module_startup__F)
                  80016d20    00000020     hello_p64P.o64P (.text:_ti_sysbios_hal_Timer_TimerProxy_Module__startupDone__S)
                  80016d40    00000020     hello_p64P.o64P (.text:_ti_sysbios_hal_Timer_TimerProxy_getPeriod__E)
                  80016d60    00000020     hello_p64P.o64P (.text:_ti_sysbios_hal_Timer_TimerProxy_startup__E)
                  80016d80    00000020     sysbios.a64P : BIOS.obj (.text:_ti_sysbios_hal_Timer_startup__E)
                  80016da0    00000020     hello_p64P.o64P (.text:_ti_sysbios_heaps_HeapMem_Module_GateProxy_enter__E)
                  80016dc0    00000020     hello_p64P.o64P (.text:_ti_sysbios_heaps_HeapMem_Module_GateProxy_leave__E)
                  80016de0    00000020     hello_p64P.o64P (.text:_ti_sysbios_heaps_HeapMem_Module_GateProxy_query__E)
                  80016e00    00000020     sysbios.a64P : BIOS.obj (.text:_ti_sysbios_heaps_HeapMem_isBlocking__E)
                  80016e20    00000020     hello_p64P.o64P (.text:_ti_sysbios_knl_Clock_Module_State_clockQ)
                  80016e40    00000020     hello_p64P.o64P (.text:_ti_sysbios_knl_Clock_Module_startup__E)
                  80016e60    00000020     sysbios.a64P : BIOS.obj (.text:_ti_sysbios_knl_Idle_loop__E)
                  80016e80    00000020                  : BIOS.obj (.text:_ti_sysbios_knl_Queue_Instance_init__F)
                  80016ea0    00000020                  : BIOS.obj (.text:_ti_sysbios_knl_Queue_empty__E)
                  80016ec0    00000020                  : BIOS.obj (.text:_ti_sysbios_knl_Semaphore_Instance_finalize__F)
                  80016ee0    00000020     hello_p64P.o64P (.text:_ti_sysbios_knl_Swi_Module_startup__E)
                  80016f00    00000020     sysbios.a64P : BIOS.obj (.text:_ti_sysbios_knl_Swi_disable__E)
                  80016f20    00000020     hello_p64P.o64P (.text:_ti_sysbios_knl_Task_Module_startup__E)
                  80016f40    00000020     hello_p64P.o64P (.text:_ti_sysbios_knl_Task_SupportProxy_Module__startupDone__S)
                  80016f60    00000020     hello_p64P.o64P (.text:_ti_sysbios_knl_Task_SupportProxy_checkStack__E)
                  80016f80    00000020     hello_p64P.o64P (.text:_ti_sysbios_knl_Task_SupportProxy_swap__E)
                  80016fa0    00000020     sysbios.a64P : BIOS.obj (.text:_ti_sysbios_knl_Task_disable__E)
                  80016fc0    00000020                  : BIOS.obj (.text:_ti_sysbios_knl_Task_startup__E)
                  80016fe0    00000020     hello_p64P.o64P (.text:_ti_sysbios_timers_timer64_Timer_Module__startupDone__S)
                  80017000    00000020     hello_p64P.o64P (.text:_ti_sysbios_timers_timer64_Timer_Module_startup__E)
                  80017020    00000020     hello_p64P.o64P (.text:_ti_sysbios_timers_timer64_Timer_TimerSupportProxy_enable__E)
                  80017040    00000020     hello_p64P.o64P (.text:_xdc_iargToPtr)
                  80017060    00000020     hello_p64P.o64P (.text:_xdc_runtime_Error_check__E)
                  80017080    00000020     hello_p64P.o64P (.text:_xdc_runtime_Error_init__E)
                  800170a0    00000020     hello_p64P.o64P (.text:_xdc_runtime_Error_print__E)
                  800170c0    00000020     ti.targets.rts6000.a64P : Gate.o64P (.text:_xdc_runtime_Gate_enterSystem__F)
                  800170e0    00000020                             : Gate.o64P (.text:_xdc_runtime_Gate_leaveSystem__F)
                  80017100    00000020     hello_p64P.o64P (.text:_xdc_runtime_LoggerBuf_Module_GateProxy_enter__E)
                  80017120    00000020     hello_p64P.o64P (.text:_xdc_runtime_LoggerBuf_Module_GateProxy_leave__E)
                  80017140    00000020     hello_p64P.o64P (.text:_xdc_runtime_LoggerBuf_Module_startup__E)
                  80017160    00000020     hello_p64P.o64P (.text:_xdc_runtime_LoggerBuf_TimestampProxy_get64__E)
                  80017180    00000020     hello_p64P.o64P (.text:_xdc_runtime_LoggerBuf_disable__E)
                  800171a0    00000020     ti.targets.rts6000.a64P : LoggerBuf.o64P (.text:_xdc_runtime_LoggerBuf_disable__F)
                  800171c0    00000020     hello_p64P.o64P (.text:_xdc_runtime_LoggerBuf_enable__E)
                  800171e0    00000020     ti.targets.rts6000.a64P : LoggerBuf.o64P (.text:_xdc_runtime_LoggerBuf_enable__F)
                  80017200    00000020     hello_p64P.o64P (.text:_xdc_runtime_LoggerBuf_getFilterLevel__E)
                  80017220    00000020     ti.targets.rts6000.a64P : LoggerBuf.o64P (.text:_xdc_runtime_LoggerBuf_write1__F)
                  80017240    00000020                             : LoggerBuf.o64P (.text:_xdc_runtime_LoggerBuf_write2__F)
                  80017260    00000020     hello_p64P.o64P (.text:_xdc_runtime_Memory_HeapProxy_free__E)
                  80017280    00000020     hello_p64P.o64P (.text:_xdc_runtime_Memory_free__E)
                  800172a0    00000020     hello_p64P.o64P (.text:_xdc_runtime_Startup_reset__I)
                  800172c0    00000020     hello_p64P.o64P (.text:_xdc_runtime_SysMin_Module_startup__E)
                  800172e0    00000020     hello_p64P.o64P (.text:_xdc_runtime_SysMin_abort__E)
                  80017300    00000020     hello_p64P.o64P (.text:_xdc_runtime_SysMin_exit__E)
                  80017320    00000020     hello_p64P.o64P (.text:_xdc_runtime_SysMin_putch__E)
                  80017340    00000020     hello_p64P.o64P (.text:_xdc_runtime_SysMin_ready__E)
                  80017360    00000020     ti.targets.rts6000.a64P : SysMin.o64P (.text:_xdc_runtime_SysMin_ready__F)
                  80017380    00000020     hello_p64P.o64P (.text:_xdc_runtime_System_Module_GateProxy_enter__E)
                  800173a0    00000020     hello_p64P.o64P (.text:_xdc_runtime_System_Module_GateProxy_leave__E)
                  800173c0    00000020     hello_p64P.o64P (.text:_xdc_runtime_System_Module_startup__E)
                  800173e0    00000020     ti.targets.rts6000.a64P : System.o64P (.text:_xdc_runtime_System_Module_startup__F)
                  80017400    00000020     hello_p64P.o64P (.text:_xdc_runtime_System_SupportProxy_abort__E)
                  80017420    00000020     hello_p64P.o64P (.text:_xdc_runtime_System_SupportProxy_exit__E)
                  80017440    00000020     hello_p64P.o64P (.text:_xdc_runtime_System_SupportProxy_putch__E)
                  80017460    00000020     hello_p64P.o64P (.text:_xdc_runtime_System_SupportProxy_ready__E)
                  80017480    00000020     hello_p64P.o64P (.text:_xdc_runtime_System_atexit__E)
                  800174a0    00000020     ti.targets.rts6000.a64P : System.o64P (.text:_xdc_runtime_System_exit__F)
                  800174c0    00000020                             : System.o64P (.text:_xdc_runtime_System_lastFxn__I)
                  800174e0    00000020                             : System.o64P (.text:_xdc_runtime_System_vsnprintf__F)
                  80017500    00000020     hello_p64P.o64P (.text:_xdc_runtime_Text_putLab__E)
                  80017520    00000020     hello_p64P.o64P (.text:_xdc_runtime_Text_putSite__E)

.far       0    80017540    00003bf4     UNINITIALIZED
                  80017540    00002d08     hello_p64P.o64P (.far)
                  8001a248    00000800     hello_p64P.o64P (.far:taskStackSection)
                  8001aa48    00000324     rts64plus.lib : defs.obj (.far)
                  8001ad6c    00000004                   : errno.obj (.far)
                  8001ad70    00000188                   : atexit.obj (.far)
                  8001aef8    0000011c                   : lowlev.obj (.far)
                  8001b014    00000004                   : fopen.obj (.far)
                  8001b018    000000c8                   : getenv.obj (.far)
                  8001b0e0    00000034     Ejemplo_comienzo.obj (.far)
                  8001b114    0000000c     rts64plus.lib : exit.obj (.far)
                  8001b120    00000008                   : _lock.obj (.far)
                  8001b128    00000008                   : trgdrv.obj (.far)
                  8001b130    00000004                   : sinit.obj (.far)

.const     0    8001b138    000025a6     
                  8001b138    00001596     hello_p64P.o64P (.const:xdc_runtime_Text_charTab__A)
                  8001c6ce    00000002     rts64plus.lib : fputs.obj (.const:.string)
                  8001c6d0    000004e4     sysbios.a64P : BIOS.obj (.const:.string)
                  8001cbb4    00000004     ti.targets.rts6000.a64P : Assert.o64P (.const:.string)
                  8001cbb8    00000101     rts64plus.lib : ctype.obj (.const:.string:__ctypes_)
                  8001ccb9    00000001     --HOLE-- [fill = 0]
                  8001ccba    00000002     hello_p64P.o64P (.const:ti_sysbios_BIOS_Module__id__C)
                  8001ccbc    00000004     ti.targets.rts6000.a64P : Diags.o64P (.const:.string)
                  8001ccc0    000000c4     hello_p64P.o64P (.const:xdc_runtime_Text_nodeTab__A)
                  8001cd84    000000bc     Ejemplo_comienzo.obj (.const:.string)
                  8001ce40    00000058     ti.targets.rts6000.a64P : Error.o64P (.const:.string)
                  8001ce98    00000050     rts64plus.lib : strtod.obj (.const:_digits)
                  8001cee8    00000050                   : strtold.obj (.const:_digits)
                  8001cf38    00000048     hello_p64P.o64P (.const:.string)
                  8001cf80    00000048     ti.targets.rts6000.a64P : Log.o64P (.const:.string)
                  8001cfc8    00000048     rts64plus.lib : strtod.obj (.const:_powerof10)
                  8001d010    00000048                   : strtold.obj (.const:_powerof10)
                  8001d058    00000040     ti.targets.rts6000.a64P : Text.o64P (.const:.string)
                  8001d098    0000003c     hello_p64P.o64P (.const:xdc_runtime_LoggerBuf_Module__FXNS__C)
                  8001d0d4    00000038     utils.obj (.const:.string)
                  8001d10c    00000004     hello_p64P.o64P (.const:ti_sysbios_BIOS_Module__diagsEnabled__C)
                  8001d110    00000034     hello_p64P.o64P (.const:xdc_runtime_Startup_sfxnTab__A)
                  8001d144    0000002c     ti.targets.rts6000.a64P : Startup.o64P (.const:.string)
                  8001d170    00000028     hello_p64P.o64P (.const:ti_sysbios_heaps_HeapMem_Module__FXNS__C)
                  8001d198    00000028     hello_p64P.o64P (.const:xdc_runtime_LoggerBuf_Object__PARAMS__C)
                  8001d1c0    00000025     rts64plus.lib : outprof.obj (.const:.string)
                  8001d1e5    00000001     --HOLE-- [fill = 0]
                  8001d1e6    00000002     hello_p64P.o64P (.const:ti_sysbios_family_c64p_Exception_Module__id__C)
                  8001d1e8    00000024     hello_p64P.o64P (.const:ti_sysbios_gates_GateHwi_Module__FXNS__C)
                  8001d20c    00000024     hello_p64P.o64P (.const:ti_sysbios_gates_GateMutex_Module__FXNS__C)
                  8001d230    00000024     hello_p64P.o64P (.const:ti_sysbios_heaps_HeapMem_Object__PARAMS__C)
                  8001d254    00000024     hello_p64P.o64P (.const:ti_sysbios_knl_Semaphore_Object__PARAMS__C)
                  8001d278    00000023     rts64plus.lib : _printfi.obj (.const:.string)
                  8001d29b    00000001     --HOLE-- [fill = 0]
                  8001d29c    00000020     hello_p64P.o64P (.const:ti_sysbios_gates_GateHwi_Object__DESC__C)
                  8001d2bc    00000020     hello_p64P.o64P (.const:ti_sysbios_gates_GateMutex_Object__DESC__C)
                  8001d2dc    00000020     hello_p64P.o64P (.const:ti_sysbios_heaps_HeapMem_Object__DESC__C)
                  8001d2fc    00000020     hello_p64P.o64P (.const:ti_sysbios_knl_Queue_Object__DESC__C)
                  8001d31c    00000020     hello_p64P.o64P (.const:ti_sysbios_knl_Semaphore_Object__DESC__C)
                  8001d33c    00000020     hello_p64P.o64P (.const:xdc_runtime_LoggerBuf_Object__DESC__C)
                  8001d35c    00000004     hello_p64P.o64P (.const:ti_sysbios_BIOS_Module__diagsIncluded__C)
                  8001d360    0000001a     hello_p64P.o64P (.const:xdc_runtime_Startup_sfxnRts__A)
                  8001d37a    00000002     hello_p64P.o64P (.const:ti_sysbios_family_c64p_Exception_useInternalBuffer__C)
                  8001d37c    00000018     hello_p64P.o64P (.const:ti_sysbios_gates_GateHwi_Object__PARAMS__C)
                  8001d394    00000018     hello_p64P.o64P (.const:ti_sysbios_gates_GateMutex_Object__PARAMS__C)
                  8001d3ac    00000018     hello_p64P.o64P (.const:ti_sysbios_knl_Queue_Object__PARAMS__C)
                  8001d3c4    00000004     hello_p64P.o64P (.const:ti_sysbios_BIOS_Module__diagsMask__C)
                  8001d3c8    00000018     hello_p64P.o64P (.const:ti_sysbios_knl_Task_hooks__A)
                  8001d3e0    00000013     rts64plus.lib : pprof_cio.obj (.const:.string)
                  8001d3f3    00000001     --HOLE-- [fill = 0]
                  8001d3f4    00000004     hello_p64P.o64P (.const:ti_sysbios_BIOS_installedErrorHook__C)
                  8001d3f8    00000011     ti.targets.rts6000.a64P : System.o64P (.const:_digtohex)
                  8001d409    00000001     --HOLE-- [fill = 0]
                  8001d40a    00000002     hello_p64P.o64P (.const:ti_sysbios_family_c64p_Hwi_Module__id__C)
                  8001d40c    0000000c     hello_p64P.o64P (.const:ti_sysbios_family_c64p_Cache_initSize__C)
                  8001d418    00000008     rts64plus.lib : divd.obj (.const:.string:_initial_approx$1)
                  8001d420    00000008     ti.targets.rts6000.a64P : System.o64P (.const:.string)
                  8001d428    00000008     hello_p64P.o64P (.const:ti_sysbios_knl_Idle_coreList__C)
                  8001d430    00000008     hello_p64P.o64P (.const:ti_sysbios_knl_Idle_funcList__C)
                  8001d438    00000008     hello_p64P.o64P (.const:ti_sysbios_knl_Task_hooks__C)
                  8001d440    00000008     hello_p64P.o64P (.const:xdc_runtime_Startup_firstFxns__A)
                  8001d448    00000008     hello_p64P.o64P (.const:xdc_runtime_Startup_firstFxns__C)
                  8001d450    00000008     hello_p64P.o64P (.const:xdc_runtime_Startup_lastFxns__C)
                  8001d458    00000007     rts64plus.lib : _scanfi.obj (.const:.string:_flit$1)
                  8001d45f    00000001     --HOLE-- [fill = 0]
                  8001d460    00000006                   : _scanfi.obj (.const:.string:_barr$2)
                  8001d466    00000002     hello_p64P.o64P (.const:ti_sysbios_family_c64p_Hwi_Module__loggerDefined__C)
                  8001d468    00000004     hello_p64P.o64P (.const:ti_sysbios_family_c64p_Cache_MAR0_31__C)
                  8001d46c    00000004     hello_p64P.o64P (.const:ti_sysbios_family_c64p_Cache_MAR128_159__C)
                  8001d470    00000004     hello_p64P.o64P (.const:ti_sysbios_family_c64p_Cache_MAR160_191__C)
                  8001d474    00000004     hello_p64P.o64P (.const:ti_sysbios_family_c64p_Cache_MAR192_223__C)
                  8001d478    00000004     hello_p64P.o64P (.const:ti_sysbios_family_c64p_Cache_MAR224_255__C)
                  8001d47c    00000004     hello_p64P.o64P (.const:ti_sysbios_family_c64p_Cache_MAR32_63__C)
                  8001d480    00000004     hello_p64P.o64P (.const:ti_sysbios_family_c64p_Cache_MAR64_95__C)
                  8001d484    00000004     hello_p64P.o64P (.const:ti_sysbios_family_c64p_Cache_MAR96_127__C)
                  8001d488    00000004     hello_p64P.o64P (.const:ti_sysbios_family_c64p_Exception_E_exceptionMin__C)
                  8001d48c    00000004     hello_p64P.o64P (.const:ti_sysbios_family_c64p_Exception_exceptionHook__C)
                  8001d490    00000004     hello_p64P.o64P (.const:ti_sysbios_family_c64p_Exception_externalHook__C)
                  8001d494    00000004     hello_p64P.o64P (.const:ti_sysbios_family_c64p_Exception_internalHook__C)
                  8001d498    00000004     hello_p64P.o64P (.const:ti_sysbios_family_c64p_Exception_nmiHook__C)
                  8001d49c    00000004     hello_p64P.o64P (.const:ti_sysbios_family_c64p_Hwi_LD_end__C)
                  8001d4a0    00000004     hello_p64P.o64P (.const:ti_sysbios_family_c64p_Hwi_LM_begin__C)
                  8001d4a4    00000004     hello_p64P.o64P (.const:ti_sysbios_family_c64p_Hwi_Module__diagsEnabled__C)
                  8001d4a8    00000004     hello_p64P.o64P (.const:ti_sysbios_family_c64p_Hwi_Module__diagsIncluded__C)
                  8001d4ac    00000004     hello_p64P.o64P (.const:ti_sysbios_family_c64p_Hwi_Module__diagsMask__C)
                  8001d4b0    00000004     hello_p64P.o64P (.const:ti_sysbios_family_c64p_Hwi_Module__loggerFxn1__C)
                  8001d4b4    00000004     hello_p64P.o64P (.const:ti_sysbios_family_c64p_Hwi_Module__loggerFxn8__C)
                  8001d4b8    00000004     hello_p64P.o64P (.const:ti_sysbios_family_c64p_Hwi_Module__loggerObj__C)
                  8001d4bc    00000004     hello_p64P.o64P (.const:ti_sysbios_gates_GateMutex_A_badContext__C)
                  8001d4c0    00000004     hello_p64P.o64P (.const:ti_sysbios_gates_GateMutex_Instance_State_sem__O)
                  8001d4c4    00000004     hello_p64P.o64P (.const:ti_sysbios_gates_GateMutex_Module__diagsEnabled__C)
                  8001d4c8    00000004     hello_p64P.o64P (.const:ti_sysbios_gates_GateMutex_Module__diagsIncluded__C)
                  8001d4cc    00000004     hello_p64P.o64P (.const:ti_sysbios_gates_GateMutex_Module__diagsMask__C)
                  8001d4d0    00000004     hello_p64P.o64P (.const:ti_sysbios_hal_Hwi_E_stackOverflow__C)
                  8001d4d4    00000004     hello_p64P.o64P (.const:ti_sysbios_heaps_HeapMem_A_align__C)
                  8001d4d8    00000004     hello_p64P.o64P (.const:ti_sysbios_heaps_HeapMem_A_heapSize__C)
                  8001d4dc    00000004     hello_p64P.o64P (.const:ti_sysbios_heaps_HeapMem_A_invalidFree__C)
                  8001d4e0    00000004     hello_p64P.o64P (.const:ti_sysbios_heaps_HeapMem_A_zeroBlock__C)
                  8001d4e4    00000004     hello_p64P.o64P (.const:ti_sysbios_heaps_HeapMem_E_memory__C)
                  8001d4e8    00000004     hello_p64P.o64P (.const:ti_sysbios_heaps_HeapMem_Module__diagsEnabled__C)
                  8001d4ec    00000004     hello_p64P.o64P (.const:ti_sysbios_heaps_HeapMem_Module__diagsIncluded__C)
                  8001d4f0    00000004     hello_p64P.o64P (.const:ti_sysbios_heaps_HeapMem_Module__diagsMask__C)
                  8001d4f4    00000004     hello_p64P.o64P (.const:ti_sysbios_heaps_HeapMem_Module__gateObj__C)
                  8001d4f8    00000004     hello_p64P.o64P (.const:ti_sysbios_heaps_HeapMem_Object__count__C)
                  8001d4fc    00000004     hello_p64P.o64P (.const:ti_sysbios_heaps_HeapMem_Object__table__C)
                  8001d500    00000004     hello_p64P.o64P (.const:ti_sysbios_heaps_HeapMem_reqAlign__C)
                  8001d504    00000004     hello_p64P.o64P (.const:ti_sysbios_knl_Clock_LM_begin__C)
                  8001d508    00000004     hello_p64P.o64P (.const:ti_sysbios_knl_Clock_LM_tick__C)
                  8001d50c    00000004     hello_p64P.o64P (.const:ti_sysbios_knl_Clock_LW_delayed__C)
                  8001d510    00000004     hello_p64P.o64P (.const:ti_sysbios_knl_Clock_Module_State_clockQ__O)
                  8001d514    00000004     hello_p64P.o64P (.const:ti_sysbios_knl_Clock_Module__diagsEnabled__C)
                  8001d518    00000004     hello_p64P.o64P (.const:ti_sysbios_knl_Clock_Module__diagsIncluded__C)
                  8001d51c    00000004     hello_p64P.o64P (.const:ti_sysbios_knl_Clock_Module__diagsMask__C)
                  8001d520    00000004     hello_p64P.o64P (.const:ti_sysbios_knl_Clock_Module__loggerFxn1__C)
                  8001d524    00000004     hello_p64P.o64P (.const:ti_sysbios_knl_Clock_Module__loggerFxn2__C)
                  8001d528    00000004     hello_p64P.o64P (.const:ti_sysbios_knl_Clock_Module__loggerObj__C)
                  8001d52c    00000004     hello_p64P.o64P (.const:ti_sysbios_knl_Queue_Object__count__C)
                  8001d530    00000004     hello_p64P.o64P (.const:ti_sysbios_knl_Idle_coreList__A)
                  8001d534    00000004     hello_p64P.o64P (.const:ti_sysbios_knl_Queue_Object__table__C)
                  8001d538    00000004     hello_p64P.o64P (.const:ti_sysbios_knl_Idle_funcList__A)
                  8001d53c    00000004     hello_p64P.o64P (.const:ti_sysbios_knl_Semaphore_A_badContext__C)
                  8001d540    00000004     hello_p64P.o64P (.const:ti_sysbios_knl_Semaphore_A_noEvents__C)
                  8001d544    00000004     hello_p64P.o64P (.const:ti_sysbios_knl_Semaphore_A_overflow__C)
                  8001d548    00000004     hello_p64P.o64P (.const:ti_sysbios_knl_Semaphore_A_pendTaskDisabled__C)
                  8001d54c    00000004     hello_p64P.o64P (.const:ti_sysbios_knl_Semaphore_Instance_State_pendQ__O)
                  8001d550    00000004     hello_p64P.o64P (.const:ti_sysbios_knl_Semaphore_LM_pend__C)
                  8001d554    00000004     hello_p64P.o64P (.const:ti_sysbios_knl_Semaphore_LM_post__C)
                  8001d558    00000004     hello_p64P.o64P (.const:ti_sysbios_knl_Semaphore_Module__diagsEnabled__C)
                  8001d55c    00000004     hello_p64P.o64P (.const:ti_sysbios_knl_Semaphore_Module__diagsIncluded__C)
                  8001d560    00000004     hello_p64P.o64P (.const:ti_sysbios_knl_Semaphore_Module__diagsMask__C)
                  8001d564    00000004     hello_p64P.o64P (.const:ti_sysbios_knl_Semaphore_Module__loggerFxn2__C)
                  8001d568    00000004     hello_p64P.o64P (.const:ti_sysbios_knl_Semaphore_Module__loggerFxn4__C)
                  8001d56c    00000004     hello_p64P.o64P (.const:ti_sysbios_knl_Semaphore_Module__loggerObj__C)
                  8001d570    00000004     hello_p64P.o64P (.const:ti_sysbios_knl_Swi_LD_end__C)
                  8001d574    00000004     hello_p64P.o64P (.const:ti_sysbios_knl_Swi_LM_begin__C)
                  8001d578    00000004     hello_p64P.o64P (.const:ti_sysbios_knl_Swi_LM_post__C)
                  8001d57c    00000004     hello_p64P.o64P (.const:ti_sysbios_knl_Swi_Module__diagsEnabled__C)
                  8001d580    00000004     hello_p64P.o64P (.const:ti_sysbios_knl_Swi_Module__diagsIncluded__C)
                  8001d584    00000004     hello_p64P.o64P (.const:ti_sysbios_knl_Swi_Module__diagsMask__C)
                  8001d588    00000004     hello_p64P.o64P (.const:ti_sysbios_knl_Swi_Module__loggerFxn1__C)
                  8001d58c    00000004     hello_p64P.o64P (.const:ti_sysbios_knl_Swi_Module__loggerFxn4__C)
                  8001d590    00000004     hello_p64P.o64P (.const:ti_sysbios_knl_Swi_Module__loggerObj__C)
                  8001d594    00000004     hello_p64P.o64P (.const:ti_sysbios_knl_Swi_Object__count__C)
                  8001d598    00000004     hello_p64P.o64P (.const:ti_sysbios_knl_Swi_Object__table__C)
                  8001d59c    00000004     hello_p64P.o64P (.const:ti_sysbios_knl_Task_E_spOutOfBounds__C)
                  8001d5a0    00000004     hello_p64P.o64P (.const:ti_sysbios_knl_Task_E_stackOverflow__C)
                  8001d5a4    00000004     hello_p64P.o64P (.const:ti_sysbios_knl_Task_LD_block__C)
                  8001d5a8    00000004     hello_p64P.o64P (.const:ti_sysbios_knl_Task_LD_exit__C)
                  8001d5ac    00000004     hello_p64P.o64P (.const:ti_sysbios_knl_Task_LD_ready__C)
                  8001d5b0    00000004     hello_p64P.o64P (.const:ti_sysbios_knl_Task_LM_switch__C)
                  8001d5b4    00000004     hello_p64P.o64P (.const:ti_sysbios_knl_Task_Module_State_inactiveQ__O)
                  8001d5b8    00000004     hello_p64P.o64P (.const:ti_sysbios_knl_Task_Module__diagsEnabled__C)
                  8001d5bc    00000004     hello_p64P.o64P (.const:ti_sysbios_knl_Task_Module__diagsIncluded__C)
                  8001d5c0    00000004     hello_p64P.o64P (.const:ti_sysbios_knl_Task_Module__diagsMask__C)
                  8001d5c4    00000004     hello_p64P.o64P (.const:ti_sysbios_knl_Task_Module__loggerFxn2__C)
                  8001d5c8    00000004     hello_p64P.o64P (.const:ti_sysbios_knl_Task_Module__loggerFxn4__C)
                  8001d5cc    00000004     hello_p64P.o64P (.const:ti_sysbios_knl_Task_Module__loggerObj__C)
                  8001d5d0    00000004     hello_p64P.o64P (.const:ti_sysbios_knl_Task_Object__count__C)
                  8001d5d4    00000004     hello_p64P.o64P (.const:ti_sysbios_knl_Task_Object__table__C)
                  8001d5d8    00000004     hello_p64P.o64P (.const:ti_sysbios_knl_Task_allBlockedFunc__C)
                  8001d5dc    00000004     hello_p64P.o64P (.const:ti_sysbios_knl_Task_numConstructedTasks__C)
                  8001d5e0    00000004     hello_p64P.o64P (.const:ti_sysbios_timers_timer64_Timer_A_notAvailable__C)
                  8001d5e4    00000004     hello_p64P.o64P (.const:ti_sysbios_timers_timer64_Timer_E_cannotSupport__C)
                  8001d5e8    00000004     hello_p64P.o64P (.const:ti_sysbios_timers_timer64_Timer_Module__diagsEnabled__C)
                  8001d5ec    00000004     hello_p64P.o64P (.const:ti_sysbios_timers_timer64_Timer_Module__diagsIncluded__C)
                  8001d5f0    00000004     hello_p64P.o64P (.const:ti_sysbios_timers_timer64_Timer_Module__diagsMask__C)
                  8001d5f4    00000004     hello_p64P.o64P (.const:ti_sysbios_timers_timer64_Timer_anyMask__C)
                  8001d5f8    00000004     hello_p64P.o64P (.const:ti_sysbios_timers_timer64_Timer_freqDivisor__C)
                  8001d5fc    00000004     hello_p64P.o64P (.const:ti_sysbios_timers_timer64_Timer_numLocalTimers__C)
                  8001d600    00000004     hello_p64P.o64P (.const:ti_sysbios_timers_timer64_Timer_numTimerDevices__C)
                  8001d604    00000004     hello_p64P.o64P (.const:xdc_runtime_Assert_E_assertFailed__C)
                  8001d608    00000004     hello_p64P.o64P (.const:xdc_runtime_Core_A_initializedParams__C)
                  8001d60c    00000004     hello_p64P.o64P (.const:xdc_runtime_Core_Module__diagsEnabled__C)
                  8001d610    00000004     hello_p64P.o64P (.const:xdc_runtime_Core_Module__diagsIncluded__C)
                  8001d614    00000004     hello_p64P.o64P (.const:xdc_runtime_Core_Module__diagsMask__C)
                  8001d618    00000004     hello_p64P.o64P (.const:xdc_runtime_Error_E_memory__C)
                  8001d61c    00000004     hello_p64P.o64P (.const:xdc_runtime_Error_Module__diagsEnabled__C)
                  8001d620    00000004     hello_p64P.o64P (.const:xdc_runtime_Error_Module__diagsIncluded__C)
                  8001d624    00000004     hello_p64P.o64P (.const:xdc_runtime_Error_Module__diagsMask__C)
                  8001d628    00000004     hello_p64P.o64P (.const:xdc_runtime_Error_Module__loggerFxn8__C)
                  8001d62c    00000004     hello_p64P.o64P (.const:xdc_runtime_Error_Module__loggerObj__C)
                  8001d630    00000004     hello_p64P.o64P (.const:xdc_runtime_Error_policy__C)
                  8001d634    00000004     hello_p64P.o64P (.const:xdc_runtime_Error_raiseHook__C)
                  8001d638    00000004     hello_p64P.o64P (.const:xdc_runtime_IFilterLogger_Interface__BASE__C)
                  8001d63c    00000004     hello_p64P.o64P (.const:xdc_runtime_IGateProvider_Interface__BASE__C)
                  8001d640    00000004     hello_p64P.o64P (.const:xdc_runtime_IHeap_Interface__BASE__C)
                  8001d644    00000004     hello_p64P.o64P (.const:xdc_runtime_ILogger_Interface__BASE__C)
                  8001d648    00000004     hello_p64P.o64P (.const:xdc_runtime_IModule_Interface__BASE__C)
                  8001d64c    00000004     hello_p64P.o64P (.const:xdc_runtime_Log_L_error__C)
                  8001d650    00000004     hello_p64P.o64P (.const:xdc_runtime_LoggerBuf_E_badLevel__C)
                  8001d654    00000004     hello_p64P.o64P (.const:xdc_runtime_LoggerBuf_Module__gateObj__C)
                  8001d658    00000004     hello_p64P.o64P (.const:xdc_runtime_LoggerBuf_Object__count__C)
                  8001d65c    00000004     hello_p64P.o64P (.const:xdc_runtime_LoggerBuf_Object__table__C)
                  8001d660    00000004     hello_p64P.o64P (.const:xdc_runtime_LoggerBuf_statusLogger__C)
                  8001d664    00000004     hello_p64P.o64P (.const:xdc_runtime_Memory_defaultHeapInstance__C)
                  8001d668    00000004     hello_p64P.o64P (.const:xdc_runtime_Startup_execImpl__C)
                  8001d66c    00000004     hello_p64P.o64P (.const:xdc_runtime_Startup_maxPasses__C)
                  8001d670    00000004     hello_p64P.o64P (.const:xdc_runtime_Startup_lastFxns__A)
                  8001d674    00000004     hello_p64P.o64P (.const:xdc_runtime_Startup_sfxnRts__C)
                  8001d678    00000004     hello_p64P.o64P (.const:xdc_runtime_Startup_sfxnTab__C)
                  8001d67c    00000004     hello_p64P.o64P (.const:xdc_runtime_Startup_startModsFxn__C)
                  8001d680    00000004     hello_p64P.o64P (.const:xdc_runtime_SysMin_bufSize__C)
                  8001d684    00000004     hello_p64P.o64P (.const:xdc_runtime_SysMin_outputFunc__C)
                  8001d688    00000004     hello_p64P.o64P (.const:xdc_runtime_System_Module__gateObj__C)
                  8001d68c    00000004     hello_p64P.o64P (.const:xdc_runtime_System_extendFxn__C)
                  8001d690    00000004     hello_p64P.o64P (.const:xdc_runtime_System_maxAtexitHandlers__C)
                  8001d694    00000004     hello_p64P.o64P (.const:xdc_runtime_Text_charTab__C)
                  8001d698    00000004     hello_p64P.o64P (.const:xdc_runtime_Text_nameEmpty__C)
                  8001d69c    00000004     hello_p64P.o64P (.const:xdc_runtime_Text_nameStatic__C)
                  8001d6a0    00000004     hello_p64P.o64P (.const:xdc_runtime_Text_nameUnknown__C)
                  8001d6a4    00000004     hello_p64P.o64P (.const:xdc_runtime_Text_nodeTab__C)
                  8001d6a8    00000004     hello_p64P.o64P (.const:xdc_runtime_Text_visitRopeFxn__C)
                  8001d6ac    00000002     hello_p64P.o64P (.const:ti_sysbios_gates_GateMutex_Module__id__C)
                  8001d6ae    00000002     hello_p64P.o64P (.const:ti_sysbios_hal_Hwi_Module__id__C)
                  8001d6b0    00000002     hello_p64P.o64P (.const:ti_sysbios_heaps_HeapMem_Module__id__C)
                  8001d6b2    00000002     hello_p64P.o64P (.const:ti_sysbios_knl_Clock_Module__id__C)
                  8001d6b4    00000002     hello_p64P.o64P (.const:ti_sysbios_knl_Clock_Module__loggerDefined__C)
                  8001d6b6    00000002     hello_p64P.o64P (.const:ti_sysbios_knl_Semaphore_Module__id__C)
                  8001d6b8    00000002     hello_p64P.o64P (.const:ti_sysbios_knl_Semaphore_Module__loggerDefined__C)
                  8001d6ba    00000002     hello_p64P.o64P (.const:ti_sysbios_knl_Swi_Module__id__C)
                  8001d6bc    00000002     hello_p64P.o64P (.const:ti_sysbios_knl_Swi_Module__loggerDefined__C)
                  8001d6be    00000002     hello_p64P.o64P (.const:ti_sysbios_knl_Task_Module__id__C)
                  8001d6c0    00000002     hello_p64P.o64P (.const:ti_sysbios_knl_Task_Module__loggerDefined__C)
                  8001d6c2    00000002     hello_p64P.o64P (.const:ti_sysbios_knl_Task_initStackFlag__C)
                  8001d6c4    00000002     hello_p64P.o64P (.const:ti_sysbios_timers_timer64_Timer_Module__id__C)
                  8001d6c6    00000002     hello_p64P.o64P (.const:ti_sysbios_timers_timer64_Timer_startupNeeded__C)
                  8001d6c8    00000002     hello_p64P.o64P (.const:xdc_runtime_Core_Module__id__C)
                  8001d6ca    00000002     hello_p64P.o64P (.const:xdc_runtime_Error_Module__loggerDefined__C)
                  8001d6cc    00000002     hello_p64P.o64P (.const:xdc_runtime_Error_maxDepth__C)
                  8001d6ce    00000002     hello_p64P.o64P (.const:xdc_runtime_LoggerBuf_Module__id__C)
                  8001d6d0    00000002     hello_p64P.o64P (.const:xdc_runtime_LoggerBuf_filterByLevel__C)
                  8001d6d2    00000002     hello_p64P.o64P (.const:xdc_runtime_Memory_Module__id__C)
                  8001d6d4    00000002     hello_p64P.o64P (.const:xdc_runtime_SysMin_flushAtExit__C)
                  8001d6d6    00000002     hello_p64P.o64P (.const:xdc_runtime_Text_charCnt__C)
                  8001d6d8    00000002     hello_p64P.o64P (.const:xdc_runtime_Text_isLoaded__C)
                  8001d6da    00000002     hello_p64P.o64P (.const:xdc_runtime_Text_registryModsLastId__C)
                  8001d6dc    00000002     hello_p64P.o64P (.const:xdc_runtime_Text_unnamedModsLastId__C)

.stack     0    8001d6e0    00001000     UNINITIALIZED
                  8001d6e0    00000008     boot.a64P : boot.o64P (.stack)
                  8001d6e8    00000ff8     --HOLE--

.cinit     0    8001e6e0    0000084c     
                  8001e6e0    0000069c     hello_p64P.o64P (.cinit)
                  8001ed7c    00000004     --HOLE-- [fill = 0]
                  8001ed80    0000005c     rts64plus.lib : defs.obj (.cinit)
                  8001eddc    00000004     --HOLE-- [fill = 0]
                  8001ede0    0000005c                   : lowlev.obj (.cinit)
                  8001ee3c    00000004     --HOLE-- [fill = 0]
                  8001ee40    00000044     Ejemplo_comienzo.obj (.cinit)
                  8001ee84    00000004     --HOLE-- [fill = 0]
                  8001ee88    0000002c     rts64plus.lib : exit.obj (.cinit)
                  8001eeb4    00000004     --HOLE-- [fill = 0]
                  8001eeb8    0000001c                   : _lock.obj (.cinit)
                  8001eed4    00000004     --HOLE-- [fill = 0]
                  8001eed8    0000001c                   : atexit.obj (.cinit)
                  8001eef4    00000004     --HOLE-- [fill = 0]
                  8001eef8    0000000c                   : errno.obj (.cinit)
                  8001ef04    00000004     --HOLE-- [fill = 0]
                  8001ef08    0000000c                   : fopen.obj (.cinit)
                  8001ef14    00000004     --HOLE-- [fill = 0]
                  8001ef18    0000000c                   : sinit.obj (.cinit)
                  8001ef24    00000004     --HOLE-- [fill = 0]
                  8001ef28    00000004     (.pad.cinit) [fill = 0]

.bss       0    8001ef2c    0000002c     UNINITIALIZED
                  8001ef2c    0000002c     Ejemplo_comienzo.obj (.bss)

.switch    0    8001ef58    00000028     
                  8001ef58    00000028     rts64plus.lib : _scanfi.obj (.switch:__sset_arg)

.vecs      0    8001f000    00000200     
                  8001f000    00000200     hello_p64P.o64P (.vecs)

.cio       0    8001f200    00000120     UNINITIALIZED
                  8001f200    00000120     rts64plus.lib : trgmsg.obj (.cio)


GLOBAL SYMBOLS: SORTED ALPHABETICALLY BY Name 

address    name
--------   ----
8001ef2c   $bss
8001ef2c   .bss
ffffffff   .data
ffffffff   .text
800167e0   C$$EXIT
800157b8   C$$IO$$
80012d80   _HOSTclose
80011560   _HOSTgetenv
80010b60   _HOSTlseek
80011640   _HOSTopen
800120c0   _HOSTread
8000ed00   _HOSTrename
80012180   _HOSTunlink
80012240   _HOSTwrite
80019fe0   _TSK_idle
8001f200   __CIOBUF_
8001e6e0   __STACK_END
00001000   __STACK_SIZE
00000001   __TI_args_main
80000000   ___ASM__
80000070   ___ISA__
80000088   ___PLAT__
800000b0   ___TARG__
8001b11c   ___TI_enable_exit_profile_output
80014da0   ___TI_init_pphandler
800166a0   ___TI_path_prof_out
800166a0   ___TI_pprof_out_hndl
000000f0   ___TI_prof_data_size
00800000   ___TI_prof_data_start
800000d0   ___TRDR__
80015b20   ___add_dtor
8001ad70   ___atexit_func_id__
ffffffff   ___binit__
8001ef2c   ___bss__
ffffffff   ___c_args__
8001e6e0   ___cinit__
ffffffff   ___data__
ffffffff   ___edata__
8001ef58   ___end__
ffffffff   ___etext__
80015b60   ___isinf
ffffffff   ___pinit__
ffffffff   ___text__
800166c0   ___xdc__init
8001a244   ___xdc__init__addr
8000cae0   __addd
80009160   __addf
80015be0   __args_main
80010c60   __auto_init
80010140   __buff_read
800123c0   __c6xabi_divu
80013280   __c6xabi_remu
80012e20   __cleanup
8001b114   __cleanup_ptr
80010260   __closefile
80011720   __cmpd
8001cbb8   __ctypes_
80012ec0   __cvtdf
80014e00   __cvtfd
800044e0   __divd
80012f60   __divli
800123c0   __divu
8000e1a0   __divul
8000a980   __divull
80012480   __doflush
8001b118   __dtors_ptr
80013fa0   __fixdi
80013140   __fixdli
80014020   __fltlid
8000cce0   __frcaddd
80010d60   __frcmpyd
80015c20   __frcmpyd_div
80014e60   __frcmpyf
8001ad68   __ft_end
8001aa48   __ftable
800140a0   __llshl
80015c60   __llshru
8001b120   __lock
8000abe0   __mpyd
8000cee0   __mpyf
80015ca0   __negd
80016700   __negll
80016720   __nop
8000ae40   __output_path_profile_info
80006ac0   __printfi
80012540   __rd_ok
80016780   __register_lock
800167a0   __register_unlock
80015ce0   __remli
80013280   __remu
80015d20   __remul
80014ec0   __remull
80014120   __renormd
80000000   __scanfi
8001d6e0   __stack
80014f20   __subcull
80015d60   __subd
8001ac28   __tmpnams
8001b124   __unlock
80010e60   __wrt_ok
800167e0   _abort
8000d6e0   _add_device
00000000   _argsize
80012600   _atexit
80011800   _atoi
8001ef4c   _borradorCaracter
8001ef34   _borradorFloat
80013320   _c_int00
80010f60   _call_dtors
800118e0   _close
8001b130   _dtors
8001ad6c   _errno
800126c0   _exit
80014f80   _fclose
80014fe0   _feof
8000f740   _fgetc
80015040   _fopen
8000be20   _fputc
80007b40   _fputs
800150a0   _free
80011aa0   _fscanf
80010800   _fseek
8000f740   _getc
80016800   _getenv
8001ef3c   _indiceCoeficiente
8001ef38   _indiceValor
80013460   _lseek
80012780   _ltoa
80001810   _main
80013500   _malloc
80015100   _memccpy
800135a0   _memcpy
80011b80   _memset
8001ef48   _nc
8001ef44   _nv
800011e0   _obtenerValores
8000f000   _open
80011c60   _printf
8000be20   _putc
80013640   _read
800141a0   _readmsg
80016820   _remove
8001ef2c   _salida
8000d2e0   _setvbuf
80004a20   _strtod
80005da0   _strtol
80004f40   _strtold
80006200   _strtoll
80007340   _strtoul
80007740   _strtoull
8001d10c   _ti_sysbios_BIOS_Module__diagsEnabled__C
8001d35c   _ti_sysbios_BIOS_Module__diagsIncluded__C
8001d3c4   _ti_sysbios_BIOS_Module__diagsMask__C
8001ccba   _ti_sysbios_BIOS_Module__id__C
80019d48   _ti_sysbios_BIOS_Module__state__V
80016840   _ti_sysbios_BIOS_RtsGateProxy_enter__E
80016860   _ti_sysbios_BIOS_RtsGateProxy_leave__E
80012840   _ti_sysbios_BIOS_errorRaiseHook__I
80014220   _ti_sysbios_BIOS_exitFunc__I
8001d3f4   _ti_sysbios_BIOS_installedErrorHook__C
80016880   _ti_sysbios_BIOS_nullFunc__I
800151c0   _ti_sysbios_BIOS_registerRTSLock__I
80015de0   _ti_sysbios_BIOS_rtsLock__I
8000f5e0   _ti_sysbios_BIOS_rtsUnlock__I
800168a0   _ti_sysbios_BIOS_setThreadType__E
80015e20   _ti_sysbios_BIOS_startFunc__I
800168c0   _ti_sysbios_family_c62_TaskSupport_Module__startupDone__S
80015e60   _ti_sysbios_family_c62_TaskSupport_buildTaskStack
800168e0   _ti_sysbios_family_c62_TaskSupport_checkStack__E
80016900   _ti_sysbios_family_c62_TaskSupport_glue
800142a0   _ti_sysbios_family_c62_TaskSupport_start__E
80014320   _ti_sysbios_family_c62_TaskSupport_swap__E
8001d468   _ti_sysbios_family_c64p_Cache_MAR0_31__C
8001d46c   _ti_sysbios_family_c64p_Cache_MAR128_159__C
8001d470   _ti_sysbios_family_c64p_Cache_MAR160_191__C
8001d474   _ti_sysbios_family_c64p_Cache_MAR192_223__C
8001d478   _ti_sysbios_family_c64p_Cache_MAR224_255__C
8001d47c   _ti_sysbios_family_c64p_Cache_MAR32_63__C
8001d480   _ti_sysbios_family_c64p_Cache_MAR64_95__C
8001d484   _ti_sysbios_family_c64p_Cache_MAR96_127__C
80019d68   _ti_sysbios_family_c64p_Cache_Module__state__V
80016920   _ti_sysbios_family_c64p_Cache_Module_startup__E
8000a200   _ti_sysbios_family_c64p_Cache_Module_startup__F
8001d40c   _ti_sysbios_family_c64p_Cache_initSize__C
80015220   _ti_sysbios_family_c64p_Cache_setMar__E
8001d488   _ti_sysbios_family_c64p_Exception_E_exceptionMin__C
8001d1e6   _ti_sysbios_family_c64p_Exception_Module__id__C
80019d6c   _ti_sysbios_family_c64p_Exception_Module__state__V
80016940   _ti_sysbios_family_c64p_Exception_Module_startup__E
800136e0   _ti_sysbios_family_c64p_Exception_Module_startup__F
8000f300   _ti_sysbios_family_c64p_Exception_dispatch__E
8001d48c   _ti_sysbios_family_c64p_Exception_exceptionHook__C
8001d490   _ti_sysbios_family_c64p_Exception_externalHook__C
800019e0   _ti_sysbios_family_c64p_Exception_handler__I
8000b540   _ti_sysbios_family_c64p_Exception_internalHandler__I
8001d494   _ti_sysbios_family_c64p_Exception_internalHook__C
8001d498   _ti_sysbios_family_c64p_Exception_nmiHook__C
8001d37a   _ti_sysbios_family_c64p_Exception_useInternalBuffer__C
8001f000   _ti_sysbios_family_c64p_Hwi0
8001d49c   _ti_sysbios_family_c64p_Hwi_LD_end__C
8001d4a0   _ti_sysbios_family_c64p_Hwi_LM_begin__C
8001d4a4   _ti_sysbios_family_c64p_Hwi_Module__diagsEnabled__C
8001d4a8   _ti_sysbios_family_c64p_Hwi_Module__diagsIncluded__C
8001d4ac   _ti_sysbios_family_c64p_Hwi_Module__diagsMask__C
8001d40a   _ti_sysbios_family_c64p_Hwi_Module__id__C
8001d466   _ti_sysbios_family_c64p_Hwi_Module__loggerDefined__C
8001d4b0   _ti_sysbios_family_c64p_Hwi_Module__loggerFxn1__C
8001d4b4   _ti_sysbios_family_c64p_Hwi_Module__loggerFxn8__C
8001d4b8   _ti_sysbios_family_c64p_Hwi_Module__loggerObj__C
80019d9c   _ti_sysbios_family_c64p_Hwi_Module__root__V
80015ea0   _ti_sysbios_family_c64p_Hwi_Module__startupDone__F
80016960   _ti_sysbios_family_c64p_Hwi_Module__startupDone__S
80019dc0   _ti_sysbios_family_c64p_Hwi_Module__state__V
80016980   _ti_sysbios_family_c64p_Hwi_Module_startup__E
8000f9c0   _ti_sysbios_family_c64p_Hwi_Module_startup__F
80019da8   _ti_sysbios_family_c64p_Hwi_Object__table__V
800169a0   _ti_sysbios_family_c64p_Hwi_clearInterrupt__E
80015ee0   _ti_sysbios_family_c64p_Hwi_disableInterrupt__E
8000d4e0   _ti_sysbios_family_c64p_Hwi_dispatchAlways
80008e60   _ti_sysbios_family_c64p_Hwi_dispatchC__I
80015f20   _ti_sysbios_family_c64p_Hwi_enableInterrupt__E
80013780   _ti_sysbios_family_c64p_Hwi_getStackInfo__E
8001f000   _ti_sysbios_family_c64p_Hwi_int0
8001f020   _ti_sysbios_family_c64p_Hwi_int1
8001f140   _ti_sysbios_family_c64p_Hwi_int10
8001f160   _ti_sysbios_family_c64p_Hwi_int11
8001f180   _ti_sysbios_family_c64p_Hwi_int12
8001f1a0   _ti_sysbios_family_c64p_Hwi_int13
8001f1c0   _ti_sysbios_family_c64p_Hwi_int14
8001f1e0   _ti_sysbios_family_c64p_Hwi_int15
8001f040   _ti_sysbios_family_c64p_Hwi_int2
8001f060   _ti_sysbios_family_c64p_Hwi_int3
8001f080   _ti_sysbios_family_c64p_Hwi_int4
8001f0a0   _ti_sysbios_family_c64p_Hwi_int5
8001f0c0   _ti_sysbios_family_c64p_Hwi_int6
8001f0e0   _ti_sysbios_family_c64p_Hwi_int7
8001f100   _ti_sysbios_family_c64p_Hwi_int8
8001f120   _ti_sysbios_family_c64p_Hwi_int9
800169c0   _ti_sysbios_family_c64p_Hwi_startup__E
800169e0   _ti_sysbios_family_c64p_Hwi_switchFromBootStack__E
80016a00   _ti_sysbios_family_c64p_TimestampProvider_Module_startup__E
80016a20   _ti_sysbios_family_c64p_TimestampProvider_Module_startup__F
80016a40   _ti_sysbios_family_c64p_TimestampProvider_get64__E
80015f60   _ti_sysbios_family_c64p_tci6482_TimerSupport_enable__E
80015fa0   _ti_sysbios_family_xxx_Hwi_switchToIsrStack
80016a60   _ti_sysbios_family_xxx_Hwi_switchToTaskStack
80015280   _ti_sysbios_gates_GateHwi_Handle__label__S
80016a80   _ti_sysbios_gates_GateHwi_Instance_init__F
8001d1e8   _ti_sysbios_gates_GateHwi_Module__FXNS__C
80019e28   _ti_sysbios_gates_GateHwi_Module__root__V
8001d29c   _ti_sysbios_gates_GateHwi_Object__DESC__C
8001d37c   _ti_sysbios_gates_GateHwi_Object__PARAMS__C
800143a0   _ti_sysbios_gates_GateHwi_Object__create__S
800152e0   _ti_sysbios_gates_GateHwi_Object__delete__S
80019e30   _ti_sysbios_gates_GateHwi_Object__table__V
80016aa0   _ti_sysbios_gates_GateHwi_enter__E
80016ac0   _ti_sysbios_gates_GateHwi_leave__E
80016ae0   _ti_sysbios_gates_GateHwi_query__E
80016b00   _ti_sysbios_gates_GateHwi_query__F
8001d4bc   _ti_sysbios_gates_GateMutex_A_badContext__C
80015340   _ti_sysbios_gates_GateMutex_Handle__label__S
8001d4c0   _ti_sysbios_gates_GateMutex_Instance_State_sem__O
80016b20   _ti_sysbios_gates_GateMutex_Instance_finalize__F
800153a0   _ti_sysbios_gates_GateMutex_Instance_init__F
8001d20c   _ti_sysbios_gates_GateMutex_Module__FXNS__C
8001d4c4   _ti_sysbios_gates_GateMutex_Module__diagsEnabled__C
[...]
800169e0   _ti_sysbios_family_c64p_Hwi_switchFromBootStack__E
80016a00   _ti_sysbios_family_c64p_TimestampProvider_Module_startup__E
80016a20   _ti_sysbios_family_c64p_TimestampProvider_Module_startup__F
80016a40   _ti_sysbios_family_c64p_TimestampProvider_get64__E
80016a60   _ti_sysbios_family_xxx_Hwi_switchToTaskStack
80016a80   _ti_sysbios_gates_GateHwi_Instance_init__F
80016aa0   _ti_sysbios_gates_GateHwi_enter__E
80016ac0   _ti_sysbios_gates_GateHwi_leave__E
80016ae0   _ti_sysbios_gates_GateHwi_query__E
80016b00   _ti_sysbios_gates_GateHwi_query__F
80016b20   _ti_sysbios_gates_GateMutex_Instance_finalize__F
80016b40   _ti_sysbios_gates_GateMutex_query__E
80016b60   _ti_sysbios_gates_GateMutex_query__F
80016b80   _ti_sysbios_hal_Hwi_HwiProxy_Module__startupDone__S
80016ba0   _ti_sysbios_hal_Hwi_HwiProxy_clearInterrupt__E
80016bc0   _ti_sysbios_hal_Hwi_HwiProxy_disableInterrupt__E
80016be0   _ti_sysbios_hal_Hwi_HwiProxy_enableInterrupt__E
80016c00   _ti_sysbios_hal_Hwi_HwiProxy_getStackInfo__E
80016c20   _ti_sysbios_hal_Hwi_HwiProxy_startup__E
80016c40   _ti_sysbios_hal_Hwi_HwiProxy_switchFromBootStack__E
80016c60   _ti_sysbios_hal_Hwi_Module_startup__E
80016c80   _ti_sysbios_hal_Hwi_Module_startup__F
80016ca0   _ti_sysbios_hal_Hwi_startup__E
80016cc0   _ti_sysbios_hal_Timer_Module__startupDone__S
80016ce0   _ti_sysbios_hal_Timer_Module_startup__E
80016d00   _ti_sysbios_hal_Timer_Module_startup__F
80016d20   _ti_sysbios_hal_Timer_TimerProxy_Module__startupDone__S
80016d40   _ti_sysbios_hal_Timer_TimerProxy_getPeriod__E
80016d60   _ti_sysbios_hal_Timer_TimerProxy_startup__E
80016d80   _ti_sysbios_hal_Timer_startup__E
80016da0   _ti_sysbios_heaps_HeapMem_Module_GateProxy_enter__E
80016dc0   _ti_sysbios_heaps_HeapMem_Module_GateProxy_leave__E
80016de0   _ti_sysbios_heaps_HeapMem_Module_GateProxy_query__E
80016e00   _ti_sysbios_heaps_HeapMem_isBlocking__E
80016e40   _ti_sysbios_knl_Clock_Module_startup__E
80016e60   _ti_sysbios_knl_Idle_loop__E
80016e80   _ti_sysbios_knl_Queue_Instance_init__F
80016ea0   _ti_sysbios_knl_Queue_empty__E
80016ec0   _ti_sysbios_knl_Semaphore_Instance_finalize__F
80016ee0   _ti_sysbios_knl_Swi_Module_startup__E
80016f00   _ti_sysbios_knl_Swi_disable__E
80016f20   _ti_sysbios_knl_Task_Module_startup__E
80016f40   _ti_sysbios_knl_Task_SupportProxy_Module__startupDone__S
80016f60   _ti_sysbios_knl_Task_SupportProxy_checkStack__E
80016f80   _ti_sysbios_knl_Task_SupportProxy_swap__E
80016fa0   _ti_sysbios_knl_Task_disable__E
80016fc0   _ti_sysbios_knl_Task_startup__E
80016fe0   _ti_sysbios_timers_timer64_Timer_Module__startupDone__S
80017000   _ti_sysbios_timers_timer64_Timer_Module_startup__E
80017020   _ti_sysbios_timers_timer64_Timer_TimerSupportProxy_enable__E
80017060   _xdc_runtime_Error_check__E
80017080   _xdc_runtime_Error_init__E
800170a0   _xdc_runtime_Error_print__E
800170c0   _xdc_runtime_Gate_enterSystem__F
800170e0   _xdc_runtime_Gate_leaveSystem__F
80017100   _xdc_runtime_LoggerBuf_Module_GateProxy_enter__E
80017120   _xdc_runtime_LoggerBuf_Module_GateProxy_leave__E
80017140   _xdc_runtime_LoggerBuf_Module_startup__E
80017160   _xdc_runtime_LoggerBuf_TimestampProxy_get64__E
80017180   _xdc_runtime_LoggerBuf_disable__E
800171a0   _xdc_runtime_LoggerBuf_disable__F
800171c0   _xdc_runtime_LoggerBuf_enable__E
800171e0   _xdc_runtime_LoggerBuf_enable__F
80017200   _xdc_runtime_LoggerBuf_getFilterLevel__E
80017220   _xdc_runtime_LoggerBuf_write1__F
80017240   _xdc_runtime_LoggerBuf_write2__F
80017260   _xdc_runtime_Memory_HeapProxy_free__E
80017280   _xdc_runtime_Memory_free__E
800172a0   _xdc_runtime_Startup_reset__I
800172c0   _xdc_runtime_SysMin_Module_startup__E
800172e0   _xdc_runtime_SysMin_abort__E
80017300   _xdc_runtime_SysMin_exit__E
80017320   _xdc_runtime_SysMin_putch__E
80017340   _xdc_runtime_SysMin_ready__E
80017360   _xdc_runtime_SysMin_ready__F
80017380   _xdc_runtime_System_Module_GateProxy_enter__E
800173a0   _xdc_runtime_System_Module_GateProxy_leave__E
800173c0   _xdc_runtime_System_Module_startup__E
800173e0   _xdc_runtime_System_Module_startup__F
80017400   _xdc_runtime_System_SupportProxy_abort__E
80017420   _xdc_runtime_System_SupportProxy_exit__E
80017440   _xdc_runtime_System_SupportProxy_putch__E
80017460   _xdc_runtime_System_SupportProxy_ready__E
80017480   _xdc_runtime_System_atexit__E
800174a0   _xdc_runtime_System_exit__F
800174c0   _xdc_runtime_System_lastFxn__I
800174e0   _xdc_runtime_System_snprintf_va__F
800174e0   _xdc_runtime_System_vsnprintf__F
80017500   _xdc_runtime_Text_putLab__E
80017520   _xdc_runtime_Text_putSite__E
80017540   _ti_sysbios_heaps_HeapMem_Instance_State_0_buf__A
80019540   _ti_sysbios_knl_Task_Instance_State_0_hookEnv__A
80019548   _xdc_runtime_LoggerBuf_Instance_State_0_entryArr__A
80019948   _xdc_runtime_SysMin_Module_State_0_outbuf__A
80019d48   _ti_sysbios_BIOS_Module__state__V
80019d68   _ti_sysbios_family_c64p_Cache_Module__state__V
80019d6c   _ti_sysbios_family_c64p_Exception_Module__state__V
80019d9c   _ti_sysbios_family_c64p_Hwi_Module__root__V
80019da8   _ti_sysbios_family_c64p_Hwi_Object__table__V
80019dc0   _ti_sysbios_family_c64p_Hwi_Module__state__V
80019e28   _ti_sysbios_gates_GateHwi_Module__root__V
80019e30   _ti_sysbios_gates_GateHwi_Object__table__V
80019e34   _ti_sysbios_gates_GateMutex_Module__root__V
80019e40   _ti_sysbios_gates_GateMutex_Object__table__V
80019e80   _ti_sysbios_hal_Hwi_Module__root__V
80019e88   _ti_sysbios_hal_Hwi_Object__table__V
80019e90   _ti_sysbios_hal_Timer_Module__root__V
80019e98   _ti_sysbios_hal_Timer_Object__table__V
80019ea0   _ti_sysbios_heaps_HeapMem_Module__root__V
80019ea8   _ti_sysbios_heaps_HeapMem_Object__table__V
80019ec0   _ti_sysbios_knl_Clock_Module__root__V
80019ec8   _ti_sysbios_knl_Clock_Module__state__V
80019ef0   _ti_sysbios_knl_Queue_Module__root__V
80019ef8   _ti_sysbios_knl_Semaphore_Module__root__V
80019f00   _ti_sysbios_knl_Swi_Module__root__V
80019f08   _ti_sysbios_knl_Swi_Object__table__V
80019f38   _ti_sysbios_knl_Swi_Module_State_0_readyQ__A
80019fb8   _ti_sysbios_knl_Swi_Module__state__V
80019fd4   _ti_sysbios_knl_Task_Module__root__V
80019fe0   _TSK_idle
80019fe0   _ti_sysbios_knl_Task_Object__table__V
8001a030   _ti_sysbios_knl_Task_Module_State_0_readyQ__A
8001a0b0   _ti_sysbios_knl_Task_Module_State_0_idleTask__A
8001a0b4   _ti_sysbios_knl_Task_Module__state__V
8001a0f8   _ti_sysbios_timers_timer64_Timer_Module__root__V
8001a100   _ti_sysbios_timers_timer64_Timer_Object__table__V
8001a150   _ti_sysbios_timers_timer64_Timer_Module_State_0_intFreqs__A
8001a160   _ti_sysbios_timers_timer64_Timer_Module_State_0_gctrl__A
8001a170   _ti_sysbios_timers_timer64_Timer_Module_State_0_device__A
8001a1a0   _ti_sysbios_timers_timer64_Timer_Module_State_0_handles__A
8001a1b0   _ti_sysbios_timers_timer64_Timer_Module__state__V
8001a1c4   _xdc_runtime_Error_Module__state__V
8001a1c8   _xdc_runtime_LoggerBuf_Module__root__V
8001a1d0   _xdc_runtime_LoggerBuf_Object__table__V
8001a1f4   _xdc_runtime_LoggerBuf_Module__state__V
8001a1fc   _xdc_runtime_Memory_Module__state__V
8001a200   _xdc_runtime_Registry_Module__state__V
8001a208   _xdc_runtime_Startup_Module__state__V
8001a210   _xdc_runtime_SysMin_Module__state__V
8001a220   _xdc_runtime_System_Module_State_0_atexitHandlers__A
8001a230   _xdc_runtime_System_Module__state__V
8001a23c   _xdc_runtime_Text_Module__state__V
8001a244   ___xdc__init__addr
8001a248   _ti_sysbios_knl_Task_Instance_State_0_stack__A
8001aa48   __ftable
8001ac28   __tmpnams
8001ad68   __ft_end
8001ad6c   _errno
8001ad70   ___atexit_func_id__
8001b0e0   _v_datos_default
8001b108   _v_coef_default
8001b114   __cleanup_ptr
8001b118   __dtors_ptr
8001b11c   ___TI_enable_exit_profile_output
8001b120   __lock
8001b124   __unlock
8001b130   _dtors
8001b138   _xdc_runtime_Text_charTab__A
8001cbb8   __ctypes_
8001ccba   _ti_sysbios_BIOS_Module__id__C
8001ccc0   _xdc_runtime_Text_nodeTab__A
8001d098   _xdc_runtime_LoggerBuf_Module__FXNS__C
8001d10c   _ti_sysbios_BIOS_Module__diagsEnabled__C
8001d110   _xdc_runtime_Startup_sfxnTab__A
8001d170   _ti_sysbios_heaps_HeapMem_Module__FXNS__C
8001d198   _xdc_runtime_LoggerBuf_Object__PARAMS__C
8001d1e6   _ti_sysbios_family_c64p_Exception_Module__id__C
8001d1e8   _ti_sysbios_gates_GateHwi_Module__FXNS__C
8001d20c   _ti_sysbios_gates_GateMutex_Module__FXNS__C
8001d230   _ti_sysbios_heaps_HeapMem_Object__PARAMS__C
8001d254   _ti_sysbios_knl_Semaphore_Object__PARAMS__C
8001d29c   _ti_sysbios_gates_GateHwi_Object__DESC__C
8001d2bc   _ti_sysbios_gates_GateMutex_Object__DESC__C
8001d2dc   _ti_sysbios_heaps_HeapMem_Object__DESC__C
8001d2fc   _ti_sysbios_knl_Queue_Object__DESC__C
8001d31c   _ti_sysbios_knl_Semaphore_Object__DESC__C
8001d33c   _xdc_runtime_LoggerBuf_Object__DESC__C
8001d35c   _ti_sysbios_BIOS_Module__diagsIncluded__C
8001d360   _xdc_runtime_Startup_sfxnRts__A
8001d37a   _ti_sysbios_family_c64p_Exception_useInternalBuffer__C
8001d37c   _ti_sysbios_gates_GateHwi_Object__PARAMS__C
8001d394   _ti_sysbios_gates_GateMutex_Object__PARAMS__C
8001d3ac   _ti_sysbios_knl_Queue_Object__PARAMS__C
8001d3c4   _ti_sysbios_BIOS_Module__diagsMask__C
8001d3c8   _ti_sysbios_knl_Task_hooks__A
8001d3f4   _ti_sysbios_BIOS_installedErrorHook__C
8001d40a   _ti_sysbios_family_c64p_Hwi_Module__id__C
8001d40c   _ti_sysbios_family_c64p_Cache_initSize__C
8001d428   _ti_sysbios_knl_Idle_coreList__C
8001d430   _ti_sysbios_knl_Idle_funcList__C
8001d438   _ti_sysbios_knl_Task_hooks__C
8001d440   _xdc_runtime_Startup_firstFxns__A
8001d448   _xdc_runtime_Startup_firstFxns__C
8001d450   _xdc_runtime_Startup_lastFxns__C
8001d466   _ti_sysbios_family_c64p_Hwi_Module__loggerDefined__C
8001d468   _ti_sysbios_family_c64p_Cache_MAR0_31__C
8001d46c   _ti_sysbios_family_c64p_Cache_MAR128_159__C
8001d470   _ti_sysbios_family_c64p_Cache_MAR160_191__C
8001d474   _ti_sysbios_family_c64p_Cache_MAR192_223__C
8001d478   _ti_sysbios_family_c64p_Cache_MAR224_255__C
8001d47c   _ti_sysbios_family_c64p_Cache_MAR32_63__C
8001d480   _ti_sysbios_family_c64p_Cache_MAR64_95__C
8001d484   _ti_sysbios_family_c64p_Cache_MAR96_127__C
8001d488   _ti_sysbios_family_c64p_Exception_E_exceptionMin__C
8001d48c   _ti_sysbios_family_c64p_Exception_exceptionHook__C
8001d490   _ti_sysbios_family_c64p_Exception_externalHook__C
8001d494   _ti_sysbios_family_c64p_Exception_internalHook__C
8001d498   _ti_sysbios_family_c64p_Exception_nmiHook__C
8001d49c   _ti_sysbios_family_c64p_Hwi_LD_end__C
8001d4a0   _ti_sysbios_family_c64p_Hwi_LM_begin__C
8001d4a4   _ti_sysbios_family_c64p_Hwi_Module__diagsEnabled__C
8001d4a8   _ti_sysbios_family_c64p_Hwi_Module__diagsIncluded__C
8001d4ac   _ti_sysbios_family_c64p_Hwi_Module__diagsMask__C
8001d4b0   _ti_sysbios_family_c64p_Hwi_Module__loggerFxn1__C
8001d4b4   _ti_sysbios_family_c64p_Hwi_Module__loggerFxn8__C
8001d4b8   _ti_sysbios_family_c64p_Hwi_Module__loggerObj__C
8001d4bc   _ti_sysbios_gates_GateMutex_A_badContext__C
8001d4c0   _ti_sysbios_gates_GateMutex_Instance_State_sem__O
8001d4c4   _ti_sysbios_gates_GateMutex_Module__diagsEnabled__C
8001d4c8   _ti_sysbios_gates_GateMutex_Module__diagsIncluded__C
8001d4cc   _ti_sysbios_gates_GateMutex_Module__diagsMask__C
8001d4d0   _ti_sysbios_hal_Hwi_E_stackOverflow__C
8001d4d4   _ti_sysbios_heaps_HeapMem_A_align__C
8001d4d8   _ti_sysbios_heaps_HeapMem_A_heapSize__C
8001d4dc   _ti_sysbios_heaps_HeapMem_A_invalidFree__C
8001d4e0   _ti_sysbios_heaps_HeapMem_A_zeroBlock__C
8001d4e4   _ti_sysbios_heaps_HeapMem_E_memory__C
8001d4e8   _ti_sysbios_heaps_HeapMem_Module__diagsEnabled__C
8001d4ec   _ti_sysbios_heaps_HeapMem_Module__diagsIncluded__C
8001d4f0   _ti_sysbios_heaps_HeapMem_Module__diagsMask__C
8001d4f4   _ti_sysbios_heaps_HeapMem_Module__gateObj__C
8001d4f8   _ti_sysbios_heaps_HeapMem_Object__count__C
8001d4fc   _ti_sysbios_heaps_HeapMem_Object__table__C
8001d500   _ti_sysbios_heaps_HeapMem_reqAlign__C
8001d504   _ti_sysbios_knl_Clock_LM_begin__C
8001d508   _ti_sysbios_knl_Clock_LM_tick__C
8001d50c   _ti_sysbios_knl_Clock_LW_delayed__C
8001d510   _ti_sysbios_knl_Clock_Module_State_clockQ__O
8001d514   _ti_sysbios_knl_Clock_Module__diagsEnabled__C
8001d518   _ti_sysbios_knl_Clock_Module__diagsIncluded__C
8001d51c   _ti_sysbios_knl_Clock_Module__diagsMask__C
8001d520   _ti_sysbios_knl_Clock_Module__loggerFxn1__C
8001d524   _ti_sysbios_knl_Clock_Module__loggerFxn2__C
8001d528   _ti_sysbios_knl_Clock_Module__loggerObj__C
8001d52c   _ti_sysbios_knl_Queue_Object__count__C
8001d530   _ti_sysbios_knl_Idle_coreList__A
8001d534   _ti_sysbios_knl_Queue_Object__table__C
8001d538   _ti_sysbios_knl_Idle_funcList__A
8001d53c   _ti_sysbios_knl_Semaphore_A_badContext__C
8001d540   _ti_sysbios_knl_Semaphore_A_noEvents__C
8001d544   _ti_sysbios_knl_Semaphore_A_overflow__C
8001d548   _ti_sysbios_knl_Semaphore_A_pendTaskDisabled__C
8001d54c   _ti_sysbios_knl_Semaphore_Instance_State_pendQ__O
8001d550   _ti_sysbios_knl_Semaphore_LM_pend__C
8001d554   _ti_sysbios_knl_Semaphore_LM_post__C
8001d558   _ti_sysbios_knl_Semaphore_Module__diagsEnabled__C
8001d55c   _ti_sysbios_knl_Semaphore_Module__diagsIncluded__C
8001d560   _ti_sysbios_knl_Semaphore_Module__diagsMask__C
8001d564   _ti_sysbios_knl_Semaphore_Module__loggerFxn2__C
8001d568   _ti_sysbios_knl_Semaphore_Module__loggerFxn4__C
8001d56c   _ti_sysbios_knl_Semaphore_Module__loggerObj__C
8001d570   _ti_sysbios_knl_Swi_LD_end__C
8001d574   _ti_sysbios_knl_Swi_LM_begin__C
8001d578   _ti_sysbios_knl_Swi_LM_post__C
8001d57c   _ti_sysbios_knl_Swi_Module__diagsEnabled__C
8001d580   _ti_sysbios_knl_Swi_Module__diagsIncluded__C
8001d584   _ti_sysbios_knl_Swi_Module__diagsMask__C
8001d588   _ti_sysbios_knl_Swi_Module__loggerFxn1__C
8001d58c   _ti_sysbios_knl_Swi_Module__loggerFxn4__C
8001d590   _ti_sysbios_knl_Swi_Module__loggerObj__C
8001d594   _ti_sysbios_knl_Swi_Object__count__C
8001d598   _ti_sysbios_knl_Swi_Object__table__C
8001d59c   _ti_sysbios_knl_Task_E_spOutOfBounds__C
8001d5a0   _ti_sysbios_knl_Task_E_stackOverflow__C
8001d5a4   _ti_sysbios_knl_Task_LD_block__C
8001d5a8   _ti_sysbios_knl_Task_LD_exit__C
8001d5ac   _ti_sysbios_knl_Task_LD_ready__C
8001d5b0   _ti_sysbios_knl_Task_LM_switch__C
8001d5b4   _ti_sysbios_knl_Task_Module_State_inactiveQ__O
8001d5b8   _ti_sysbios_knl_Task_Module__diagsEnabled__C
8001d5bc   _ti_sysbios_knl_Task_Module__diagsIncluded__C
8001d5c0   _ti_sysbios_knl_Task_Module__diagsMask__C
8001d5c4   _ti_sysbios_knl_Task_Module__loggerFxn2__C
8001d5c8   _ti_sysbios_knl_Task_Module__loggerFxn4__C
8001d5cc   _ti_sysbios_knl_Task_Module__loggerObj__C
8001d5d0   _ti_sysbios_knl_Task_Object__count__C
8001d5d4   _ti_sysbios_knl_Task_Object__table__C
8001d5d8   _ti_sysbios_knl_Task_allBlockedFunc__C
8001d5dc   _ti_sysbios_knl_Task_numConstructedTasks__C
8001d5e0   _ti_sysbios_timers_timer64_Timer_A_notAvailable__C
8001d5e4   _ti_sysbios_timers_timer64_Timer_E_cannotSupport__C
8001d5e8   _ti_sysbios_timers_timer64_Timer_Module__diagsEnabled__C
8001d5ec   _ti_sysbios_timers_timer64_Timer_Module__diagsIncluded__C
8001d5f0   _ti_sysbios_timers_timer64_Timer_Module__diagsMask__C
8001d5f4   _ti_sysbios_timers_timer64_Timer_anyMask__C
8001d5f8   _ti_sysbios_timers_timer64_Timer_freqDivisor__C
8001d5fc   _ti_sysbios_timers_timer64_Timer_numLocalTimers__C
8001d600   _ti_sysbios_timers_timer64_Timer_numTimerDevices__C
8001d604   _xdc_runtime_Assert_E_assertFailed__C
8001d608   _xdc_runtime_Core_A_initializedParams__C
8001d60c   _xdc_runtime_Core_Module__diagsEnabled__C
8001d610   _xdc_runtime_Core_Module__diagsIncluded__C
8001d614   _xdc_runtime_Core_Module__diagsMask__C
8001d618   _xdc_runtime_Error_E_memory__C
8001d61c   _xdc_runtime_Error_Module__diagsEnabled__C
8001d620   _xdc_runtime_Error_Module__diagsIncluded__C
8001d624   _xdc_runtime_Error_Module__diagsMask__C
8001d628   _xdc_runtime_Error_Module__loggerFxn8__C
8001d62c   _xdc_runtime_Error_Module__loggerObj__C
8001d630   _xdc_runtime_Error_policy__C
8001d634   _xdc_runtime_Error_raiseHook__C
8001d638   _xdc_runtime_IFilterLogger_Interface__BASE__C
8001d63c   _xdc_runtime_IGateProvider_Interface__BASE__C
8001d640   _xdc_runtime_IHeap_Interface__BASE__C
8001d644   _xdc_runtime_ILogger_Interface__BASE__C
8001d648   _xdc_runtime_IModule_Interface__BASE__C
8001d64c   _xdc_runtime_Log_L_error__C
8001d650   _xdc_runtime_LoggerBuf_E_badLevel__C
8001d654   _xdc_runtime_LoggerBuf_Module__gateObj__C
8001d658   _xdc_runtime_LoggerBuf_Object__count__C
8001d65c   _xdc_runtime_LoggerBuf_Object__table__C
8001d660   _xdc_runtime_LoggerBuf_statusLogger__C
8001d664   _xdc_runtime_Memory_defaultHeapInstance__C
8001d668   _xdc_runtime_Startup_execImpl__C
8001d66c   _xdc_runtime_Startup_maxPasses__C
8001d670   _xdc_runtime_Startup_lastFxns__A
8001d674   _xdc_runtime_Startup_sfxnRts__C
8001d678   _xdc_runtime_Startup_sfxnTab__C
8001d67c   _xdc_runtime_Startup_startModsFxn__C
8001d680   _xdc_runtime_SysMin_bufSize__C
8001d684   _xdc_runtime_SysMin_outputFunc__C
8001d688   _xdc_runtime_System_Module__gateObj__C
8001d68c   _xdc_runtime_System_extendFxn__C
8001d690   _xdc_runtime_System_maxAtexitHandlers__C
8001d694   _xdc_runtime_Text_charTab__C
8001d698   _xdc_runtime_Text_nameEmpty__C
8001d69c   _xdc_runtime_Text_nameStatic__C
8001d6a0   _xdc_runtime_Text_nameUnknown__C
8001d6a4   _xdc_runtime_Text_nodeTab__C
8001d6a8   _xdc_runtime_Text_visitRopeFxn__C
8001d6ac   _ti_sysbios_gates_GateMutex_Module__id__C
8001d6ae   _ti_sysbios_hal_Hwi_Module__id__C
8001d6b0   _ti_sysbios_heaps_HeapMem_Module__id__C
8001d6b2   _ti_sysbios_knl_Clock_Module__id__C
8001d6b4   _ti_sysbios_knl_Clock_Module__loggerDefined__C
8001d6b6   _ti_sysbios_knl_Semaphore_Module__id__C
8001d6b8   _ti_sysbios_knl_Semaphore_Module__loggerDefined__C
8001d6ba   _ti_sysbios_knl_Swi_Module__id__C
8001d6bc   _ti_sysbios_knl_Swi_Module__loggerDefined__C
8001d6be   _ti_sysbios_knl_Task_Module__id__C
8001d6c0   _ti_sysbios_knl_Task_Module__loggerDefined__C
8001d6c2   _ti_sysbios_knl_Task_initStackFlag__C
8001d6c4   _ti_sysbios_timers_timer64_Timer_Module__id__C
8001d6c6   _ti_sysbios_timers_timer64_Timer_startupNeeded__C
8001d6c8   _xdc_runtime_Core_Module__id__C
8001d6ca   _xdc_runtime_Error_Module__loggerDefined__C
8001d6cc   _xdc_runtime_Error_maxDepth__C
8001d6ce   _xdc_runtime_LoggerBuf_Module__id__C
8001d6d0   _xdc_runtime_LoggerBuf_filterByLevel__C
8001d6d2   _xdc_runtime_Memory_Module__id__C
8001d6d4   _xdc_runtime_SysMin_flushAtExit__C
8001d6d6   _xdc_runtime_Text_charCnt__C
8001d6d8   _xdc_runtime_Text_isLoaded__C
8001d6da   _xdc_runtime_Text_registryModsLastId__C
8001d6dc   _xdc_runtime_Text_unnamedModsLastId__C
8001d6e0   __stack
8001e6e0   __STACK_END
8001e6e0   ___cinit__
8001e6e0   cinit
8001ef2c   $bss
8001ef2c   .bss
8001ef2c   ___bss__
8001ef2c   _salida
8001ef30   _valorEntrada
8001ef34   _borradorFloat
8001ef38   _indiceValor
8001ef3c   _indiceCoeficiente
8001ef40   _tmp
8001ef44   _nv
8001ef48   _nc
8001ef4c   _borradorCaracter
8001ef50   _v_coef
8001ef54   _v_datos
8001ef58   ___end__
8001ef58   end
8001f000   _ti_sysbios_family_c64p_Hwi0
8001f000   _ti_sysbios_family_c64p_Hwi_int0
8001f020   _ti_sysbios_family_c64p_Hwi_int1
8001f040   _ti_sysbios_family_c64p_Hwi_int2
8001f060   _ti_sysbios_family_c64p_Hwi_int3
8001f080   _ti_sysbios_family_c64p_Hwi_int4
8001f0a0   _ti_sysbios_family_c64p_Hwi_int5
8001f0c0   _ti_sysbios_family_c64p_Hwi_int6
8001f0e0   _ti_sysbios_family_c64p_Hwi_int7
8001f100   _ti_sysbios_family_c64p_Hwi_int8
8001f120   _ti_sysbios_family_c64p_Hwi_int9
8001f140   _ti_sysbios_family_c64p_Hwi_int10
8001f160   _ti_sysbios_family_c64p_Hwi_int11
8001f180   _ti_sysbios_family_c64p_Hwi_int12
8001f1a0   _ti_sysbios_family_c64p_Hwi_int13
8001f1c0   _ti_sysbios_family_c64p_Hwi_int14
8001f1e0   _ti_sysbios_family_c64p_Hwi_int15
8001f200   __CIOBUF_
ffffffff   .data
ffffffff   .text
ffffffff   ___binit__
ffffffff   ___c_args__
ffffffff   ___data__
ffffffff   ___edata__
ffffffff   ___etext__
ffffffff   ___pinit__
ffffffff   ___text__
ffffffff   binit
ffffffff   edata
ffffffff   etext
ffffffff   pinit

[700 symbols]
