<?xml version="1.0"?>
<link_info>
   <banner>TMS320C6x Linker PC v7.4.4</banner>
   <copyright>Copyright (c) 1996-2013 Texas Instruments Incorporated</copyright>
   <link_time>0x528a10d4</link_time>
   <output_file>hello_GenericC64xpDevice.out</output_file>
   <entry_point>
      <name>_c_int00</name>
      <address>0x8000dd00</address>
   </entry_point>
   <input_file_list>
      <input_file id="fl-3">
         <path>N:\arq\hello_GenericC64xpDevice\Debug\configPkg\package\cfg\</path>
         <kind>object</kind>
         <file>hello_p64P.o64P</file>
         <name>hello_p64P.o64P</name>
      </input_file>
      <input_file id="fl-7">
         <path>.\</path>
         <kind>object</kind>
         <file>hello.obj</file>
         <name>hello.obj</name>
      </input_file>
      <input_file id="fl-a">
         <path>N:\arq\hello_GenericC64xpDevice\src\sysbios\</path>
         <kind>archive</kind>
         <file>sysbios.a64P</file>
         <name>BIOS.obj</name>
      </input_file>
      <input_file id="fl-b">
         <path>N:\arq\hello_GenericC64xpDevice\src\sysbios\</path>
         <kind>archive</kind>
         <file>sysbios.a64P</file>
         <name>c64p_Hwi_disp_always.obj</name>
      </input_file>
      <input_file id="fl-c">
         <path>N:\arq\hello_GenericC64xpDevice\src\sysbios\</path>
         <kind>archive</kind>
         <file>sysbios.a64P</file>
         <name>c64p_Hwi_asm.obj</name>
      </input_file>
      <input_file id="fl-d">
         <path>N:\arq\hello_GenericC64xpDevice\src\sysbios\</path>
         <kind>archive</kind>
         <file>sysbios.a64P</file>
         <name>c64p_Hwi_asm_switch.obj</name>
      </input_file>
      <input_file id="fl-e">
         <path>N:\arq\hello_GenericC64xpDevice\src\sysbios\</path>
         <kind>archive</kind>
         <file>sysbios.a64P</file>
         <name>c64p_Exception_asm.obj</name>
      </input_file>
      <input_file id="fl-f">
         <path>N:\arq\hello_GenericC64xpDevice\src\sysbios\</path>
         <kind>archive</kind>
         <file>sysbios.a64P</file>
         <name>c62_TaskSupport_asm.obj</name>
      </input_file>
      <input_file id="fl-10">
         <path>N:\arq\hello_GenericC64xpDevice\src\sysbios\</path>
         <kind>archive</kind>
         <file>sysbios.a64P</file>
         <name>timer64_Timer_asm.obj</name>
      </input_file>
      <input_file id="fl-11">
         <path>C:\ti\xdctools_3_25_03_72\packages\ti\targets\rts6000\lib\</path>
         <kind>archive</kind>
         <file>ti.targets.rts6000.a64P</file>
         <name>Assert.o64P</name>
      </input_file>
      <input_file id="fl-12">
         <path>C:\ti\xdctools_3_25_03_72\packages\ti\targets\rts6000\lib\</path>
         <kind>archive</kind>
         <file>ti.targets.rts6000.a64P</file>
         <name>Core-mem.o64P</name>
      </input_file>
      <input_file id="fl-13">
         <path>C:\ti\xdctools_3_25_03_72\packages\ti\targets\rts6000\lib\</path>
         <kind>archive</kind>
         <file>ti.targets.rts6000.a64P</file>
         <name>Core-label.o64P</name>
      </input_file>
      <input_file id="fl-14">
         <path>C:\ti\xdctools_3_25_03_72\packages\ti\targets\rts6000\lib\</path>
         <kind>archive</kind>
         <file>ti.targets.rts6000.a64P</file>
         <name>Core-params.o64P</name>
      </input_file>
      <input_file id="fl-15">
         <path>C:\ti\xdctools_3_25_03_72\packages\ti\targets\rts6000\lib\</path>
         <kind>archive</kind>
         <file>ti.targets.rts6000.a64P</file>
         <name>Diags.o64P</name>
      </input_file>
      <input_file id="fl-16">
         <path>C:\ti\xdctools_3_25_03_72\packages\ti\targets\rts6000\lib\</path>
         <kind>archive</kind>
         <file>ti.targets.rts6000.a64P</file>
         <name>Error.o64P</name>
      </input_file>
      <input_file id="fl-17">
         <path>C:\ti\xdctools_3_25_03_72\packages\ti\targets\rts6000\lib\</path>
         <kind>archive</kind>
         <file>ti.targets.rts6000.a64P</file>
         <name>Gate.o64P</name>
      </input_file>
      <input_file id="fl-18">
         <path>C:\ti\xdctools_3_25_03_72\packages\ti\targets\rts6000\lib\</path>
         <kind>archive</kind>
         <file>ti.targets.rts6000.a64P</file>
         <name>Log.o64P</name>
      </input_file>
      <input_file id="fl-19">
         <path>C:\ti\xdctools_3_25_03_72\packages\ti\targets\rts6000\lib\</path>
         <kind>archive</kind>
         <file>ti.targets.rts6000.a64P</file>
         <name>LoggerBuf.o64P</name>
      </input_file>
      <input_file id="fl-1a">
         <path>C:\ti\xdctools_3_25_03_72\packages\ti\targets\rts6000\lib\</path>
         <kind>archive</kind>
         <file>ti.targets.rts6000.a64P</file>
         <name>Memory.o64P</name>
      </input_file>
      <input_file id="fl-1b">
         <path>C:\ti\xdctools_3_25_03_72\packages\ti\targets\rts6000\lib\</path>
         <kind>archive</kind>
         <file>ti.targets.rts6000.a64P</file>
         <name>Registry.o64P</name>
      </input_file>
      <input_file id="fl-1c">
         <path>C:\ti\xdctools_3_25_03_72\packages\ti\targets\rts6000\lib\</path>
         <kind>archive</kind>
         <file>ti.targets.rts6000.a64P</file>
         <name>Startup.o64P</name>
      </input_file>
      <input_file id="fl-1d">
         <path>C:\ti\xdctools_3_25_03_72\packages\ti\targets\rts6000\lib\</path>
         <kind>archive</kind>
         <file>ti.targets.rts6000.a64P</file>
         <name>System.o64P</name>
      </input_file>
      <input_file id="fl-1e">
         <path>C:\ti\xdctools_3_25_03_72\packages\ti\targets\rts6000\lib\</path>
         <kind>archive</kind>
         <file>ti.targets.rts6000.a64P</file>
         <name>SysMin.o64P</name>
      </input_file>
      <input_file id="fl-1f">
         <path>C:\ti\xdctools_3_25_03_72\packages\ti\targets\rts6000\lib\</path>
         <kind>archive</kind>
         <file>ti.targets.rts6000.a64P</file>
         <name>Text.o64P</name>
      </input_file>
      <input_file id="fl-20">
         <path>C:\ti\xdctools_3_25_03_72\packages\ti\targets\rts6000\lib\</path>
         <kind>archive</kind>
         <file>ti.targets.rts6000.a64P</file>
         <name>xdc_noinit.o64P</name>
      </input_file>
      <input_file id="fl-21">
         <path>C:\ti\xdctools_3_25_03_72\packages\ti\targets\rts6000\lib\</path>
         <kind>archive</kind>
         <file>boot.a64P</file>
         <name>boot.o64P</name>
      </input_file>
      <input_file id="fl-22">
         <path>C:\ti\xdctools_3_25_03_72\packages\ti\targets\rts6000\lib\</path>
         <kind>archive</kind>
         <file>boot.a64P</file>
         <name>autoinit.o64P</name>
      </input_file>
      <input_file id="fl-9a">
         <path>C:\ti\ccsv5\tools\compiler\c6000_7.4.4\lib\</path>
         <kind>archive</kind>
         <file>rts64plus.lib</file>
         <name>_lock.obj</name>
      </input_file>
      <input_file id="fl-9b">
         <path>C:\ti\ccsv5\tools\compiler\c6000_7.4.4\lib\</path>
         <kind>archive</kind>
         <file>rts64plus.lib</file>
         <name>args_main.obj</name>
      </input_file>
      <input_file id="fl-9c">
         <path>C:\ti\ccsv5\tools\compiler\c6000_7.4.4\lib\</path>
         <kind>archive</kind>
         <file>rts64plus.lib</file>
         <name>atexit.obj</name>
      </input_file>
      <input_file id="fl-9d">
         <path>C:\ti\ccsv5\tools\compiler\c6000_7.4.4\lib\</path>
         <kind>archive</kind>
         <file>rts64plus.lib</file>
         <name>divu.obj</name>
      </input_file>
      <input_file id="fl-9e">
         <path>C:\ti\ccsv5\tools\compiler\c6000_7.4.4\lib\</path>
         <kind>archive</kind>
         <file>rts64plus.lib</file>
         <name>exit.obj</name>
      </input_file>
      <input_file id="fl-9f">
         <path>C:\ti\ccsv5\tools\compiler\c6000_7.4.4\lib\</path>
         <kind>archive</kind>
         <file>rts64plus.lib</file>
         <name>imath64.obj</name>
      </input_file>
      <input_file id="fl-a0">
         <path>C:\ti\ccsv5\tools\compiler\c6000_7.4.4\lib\</path>
         <kind>archive</kind>
         <file>rts64plus.lib</file>
         <name>llshift.obj</name>
      </input_file>
      <input_file id="fl-a1">
         <path>C:\ti\ccsv5\tools\compiler\c6000_7.4.4\lib\</path>
         <kind>archive</kind>
         <file>rts64plus.lib</file>
         <name>memcpy64.obj</name>
      </input_file>
      <input_file id="fl-a2">
         <path>C:\ti\ccsv5\tools\compiler\c6000_7.4.4\lib\</path>
         <kind>archive</kind>
         <file>rts64plus.lib</file>
         <name>memset.obj</name>
      </input_file>
      <input_file id="fl-a3">
         <path>C:\ti\ccsv5\tools\compiler\c6000_7.4.4\lib\</path>
         <kind>archive</kind>
         <file>rts64plus.lib</file>
         <name>negll.obj</name>
      </input_file>
      <input_file id="fl-a4">
         <path>C:\ti\ccsv5\tools\compiler\c6000_7.4.4\lib\</path>
         <kind>archive</kind>
         <file>rts64plus.lib</file>
         <name>printf.obj</name>
      </input_file>
      <input_file id="fl-a5">
         <path>C:\ti\ccsv5\tools\compiler\c6000_7.4.4\lib\</path>
         <kind>archive</kind>
         <file>rts64plus.lib</file>
         <name>remu.obj</name>
      </input_file>
      <input_file id="fl-a6">
         <path>C:\ti\ccsv5\tools\compiler\c6000_7.4.4\lib\</path>
         <kind>archive</kind>
         <file>rts64plus.lib</file>
         <name>sinit.obj</name>
      </input_file>
      <input_file id="fl-a7">
         <path>C:\ti\ccsv5\tools\compiler\c6000_7.4.4\lib\</path>
         <kind>archive</kind>
         <file>rts64plus.lib</file>
         <name>strpbrk.obj</name>
      </input_file>
      <input_file id="fl-a8">
         <path>C:\ti\ccsv5\tools\compiler\c6000_7.4.4\lib\</path>
         <kind>archive</kind>
         <file>rts64plus.lib</file>
         <name>trgdrv.obj</name>
      </input_file>
      <input_file id="fl-a9">
         <path>C:\ti\ccsv5\tools\compiler\c6000_7.4.4\lib\</path>
         <kind>archive</kind>
         <file>rts64plus.lib</file>
         <name>trgmsg.obj</name>
      </input_file>
      <input_file id="fl-aa">
         <path>C:\ti\ccsv5\tools\compiler\c6000_7.4.4\lib\</path>
         <kind>archive</kind>
         <file>rts64plus.lib</file>
         <name>_printfi.obj</name>
      </input_file>
      <input_file id="fl-ab">
         <path>C:\ti\ccsv5\tools\compiler\c6000_7.4.4\lib\</path>
         <kind>archive</kind>
         <file>rts64plus.lib</file>
         <name>abs.obj</name>
      </input_file>
      <input_file id="fl-ac">
         <path>C:\ti\ccsv5\tools\compiler\c6000_7.4.4\lib\</path>
         <kind>archive</kind>
         <file>rts64plus.lib</file>
         <name>atoi.obj</name>
      </input_file>
      <input_file id="fl-ad">
         <path>C:\ti\ccsv5\tools\compiler\c6000_7.4.4\lib\</path>
         <kind>archive</kind>
         <file>rts64plus.lib</file>
         <name>cmpd.obj</name>
      </input_file>
      <input_file id="fl-ae">
         <path>C:\ti\ccsv5\tools\compiler\c6000_7.4.4\lib\</path>
         <kind>archive</kind>
         <file>rts64plus.lib</file>
         <name>ctype.obj</name>
      </input_file>
      <input_file id="fl-af">
         <path>C:\ti\ccsv5\tools\compiler\c6000_7.4.4\lib\</path>
         <kind>archive</kind>
         <file>rts64plus.lib</file>
         <name>defs.obj</name>
      </input_file>
      <input_file id="fl-b0">
         <path>C:\ti\ccsv5\tools\compiler\c6000_7.4.4\lib\</path>
         <kind>archive</kind>
         <file>rts64plus.lib</file>
         <name>divd.obj</name>
      </input_file>
      <input_file id="fl-b1">
         <path>C:\ti\ccsv5\tools\compiler\c6000_7.4.4\lib\</path>
         <kind>archive</kind>
         <file>rts64plus.lib</file>
         <name>fixdi.obj</name>
      </input_file>
      <input_file id="fl-b2">
         <path>C:\ti\ccsv5\tools\compiler\c6000_7.4.4\lib\</path>
         <kind>archive</kind>
         <file>rts64plus.lib</file>
         <name>fixdli.obj</name>
      </input_file>
      <input_file id="fl-b3">
         <path>C:\ti\ccsv5\tools\compiler\c6000_7.4.4\lib\</path>
         <kind>archive</kind>
         <file>rts64plus.lib</file>
         <name>fltlid.obj</name>
      </input_file>
      <input_file id="fl-b4">
         <path>C:\ti\ccsv5\tools\compiler\c6000_7.4.4\lib\</path>
         <kind>archive</kind>
         <file>rts64plus.lib</file>
         <name>fputc.obj</name>
      </input_file>
      <input_file id="fl-b5">
         <path>C:\ti\ccsv5\tools\compiler\c6000_7.4.4\lib\</path>
         <kind>archive</kind>
         <file>rts64plus.lib</file>
         <name>fputs.obj</name>
      </input_file>
      <input_file id="fl-b6">
         <path>C:\ti\ccsv5\tools\compiler\c6000_7.4.4\lib\</path>
         <kind>archive</kind>
         <file>rts64plus.lib</file>
         <name>frcmpyd_div.obj</name>
      </input_file>
      <input_file id="fl-b7">
         <path>C:\ti\ccsv5\tools\compiler\c6000_7.4.4\lib\</path>
         <kind>archive</kind>
         <file>rts64plus.lib</file>
         <name>imath40.obj</name>
      </input_file>
      <input_file id="fl-b8">
         <path>C:\ti\ccsv5\tools\compiler\c6000_7.4.4\lib\</path>
         <kind>archive</kind>
         <file>rts64plus.lib</file>
         <name>isinf.obj</name>
      </input_file>
      <input_file id="fl-b9">
         <path>C:\ti\ccsv5\tools\compiler\c6000_7.4.4\lib\</path>
         <kind>archive</kind>
         <file>rts64plus.lib</file>
         <name>lowlev.obj</name>
      </input_file>
      <input_file id="fl-ba">
         <path>C:\ti\ccsv5\tools\compiler\c6000_7.4.4\lib\</path>
         <kind>archive</kind>
         <file>rts64plus.lib</file>
         <name>ltoa.obj</name>
      </input_file>
      <input_file id="fl-bb">
         <path>C:\ti\ccsv5\tools\compiler\c6000_7.4.4\lib\</path>
         <kind>archive</kind>
         <file>rts64plus.lib</file>
         <name>memccpy.obj</name>
      </input_file>
      <input_file id="fl-bc">
         <path>C:\ti\ccsv5\tools\compiler\c6000_7.4.4\lib\</path>
         <kind>archive</kind>
         <file>rts64plus.lib</file>
         <name>mpyd.obj</name>
      </input_file>
      <input_file id="fl-bd">
         <path>C:\ti\ccsv5\tools\compiler\c6000_7.4.4\lib\</path>
         <kind>archive</kind>
         <file>rts64plus.lib</file>
         <name>negd.obj</name>
      </input_file>
      <input_file id="fl-be">
         <path>C:\ti\ccsv5\tools\compiler\c6000_7.4.4\lib\</path>
         <kind>archive</kind>
         <file>rts64plus.lib</file>
         <name>subd.obj</name>
      </input_file>
      <input_file id="fl-bf">
         <path>C:\ti\ccsv5\tools\compiler\c6000_7.4.4\lib\</path>
         <kind>archive</kind>
         <file>rts64plus.lib</file>
         <name>_io_perm.obj</name>
      </input_file>
      <input_file id="fl-c0">
         <path>C:\ti\ccsv5\tools\compiler\c6000_7.4.4\lib\</path>
         <kind>archive</kind>
         <file>rts64plus.lib</file>
         <name>addd.obj</name>
      </input_file>
      <input_file id="fl-c1">
         <path>C:\ti\ccsv5\tools\compiler\c6000_7.4.4\lib\</path>
         <kind>archive</kind>
         <file>rts64plus.lib</file>
         <name>fflush.obj</name>
      </input_file>
      <input_file id="fl-c2">
         <path>C:\ti\ccsv5\tools\compiler\c6000_7.4.4\lib\</path>
         <kind>archive</kind>
         <file>rts64plus.lib</file>
         <name>frcaddd.obj</name>
      </input_file>
      <input_file id="fl-c3">
         <path>C:\ti\ccsv5\tools\compiler\c6000_7.4.4\lib\</path>
         <kind>archive</kind>
         <file>rts64plus.lib</file>
         <name>frcmpyd.obj</name>
      </input_file>
      <input_file id="fl-c4">
         <path>C:\ti\ccsv5\tools\compiler\c6000_7.4.4\lib\</path>
         <kind>archive</kind>
         <file>rts64plus.lib</file>
         <name>fseek.obj</name>
      </input_file>
      <input_file id="fl-c5">
         <path>C:\ti\ccsv5\tools\compiler\c6000_7.4.4\lib\</path>
         <kind>archive</kind>
         <file>rts64plus.lib</file>
         <name>renormd.obj</name>
      </input_file>
      <input_file id="fl-c6">
         <path>C:\ti\ccsv5\tools\compiler\c6000_7.4.4\lib\</path>
         <kind>archive</kind>
         <file>rts64plus.lib</file>
         <name>setvbuf.obj</name>
      </input_file>
      <input_file id="fl-c7">
         <path>C:\ti\ccsv5\tools\compiler\c6000_7.4.4\lib\</path>
         <kind>archive</kind>
         <file>rts64plus.lib</file>
         <name>fopen.obj</name>
      </input_file>
      <input_file id="fl-c8">
         <path>C:\ti\ccsv5\tools\compiler\c6000_7.4.4\lib\</path>
         <kind>archive</kind>
         <file>rts64plus.lib</file>
         <name>fclose.obj</name>
      </input_file>
      <input_file id="fl-c9">
         <path>C:\ti\ccsv5\tools\compiler\c6000_7.4.4\lib\</path>
         <kind>archive</kind>
         <file>rts64plus.lib</file>
         <name>remove.obj</name>
      </input_file>
   </input_file_list>
   <object_component_list>
      <object_component id="oc-24b">
         <name>.text:_xdc_runtime_System_doPrint__I</name>
         <load_address>0x80000000</load_address>
         <run_address>0x80000000</run_address>
         <size>0x8c0</size>
         <input_file_ref idref="fl-1d"/>
      </object_component>
      <object_component id="oc-138">
         <name>.text:_ti_sysbios_family_c64p_Exception_handler__I</name>
         <load_address>0x800008c0</load_address>
         <run_address>0x800008c0</run_address>
         <size>0x780</size>
         <input_file_ref idref="fl-a"/>
      </object_component>
      <object_component id="oc-15e">
         <name>.text:_ti_sysbios_heaps_HeapMem_alloc__E</name>
         <load_address>0x80001040</load_address>
         <run_address>0x80001040</run_address>
         <size>0x660</size>
         <input_file_ref idref="fl-a"/>
      </object_component>
      <object_component id="oc-1b2">
         <name>.text:_ti_sysbios_knl_Semaphore_pend__E</name>
         <load_address>0x800016a0</load_address>
         <run_address>0x800016a0</run_address>
         <size>0x600</size>
         <input_file_ref idref="fl-a"/>
      </object_component>
      <object_component id="oc-15f">
         <name>.text:_ti_sysbios_heaps_HeapMem_free__E</name>
         <load_address>0x80001ca0</load_address>
         <run_address>0x80001ca0</run_address>
         <size>0x5e0</size>
         <input_file_ref idref="fl-a"/>
      </object_component>
      <object_component id="oc-2fc">
         <name>.text:_ti_sysbios_timers_timer64_Timer_Module_startup__F</name>
         <load_address>0x80002280</load_address>
         <run_address>0x80002280</run_address>
         <size>0x5a0</size>
         <input_file_ref idref="fl-a"/>
      </object_component>
      <object_component id="oc-2a7">
         <name>.text:__getarg_diouxp</name>
         <load_address>0x80002820</load_address>
         <run_address>0x80002820</run_address>
         <size>0x580</size>
         <input_file_ref idref="fl-aa"/>
      </object_component>
      <object_component id="oc-2c8">
         <name>.text:__divd</name>
         <load_address>0x80002da0</load_address>
         <run_address>0x80002da0</run_address>
         <size>0x540</size>
         <input_file_ref idref="fl-b0"/>
      </object_component>
      <object_component id="oc-2fb">
         <name>.text:_ti_sysbios_knl_Task_Module_startup__F</name>
         <load_address>0x800032e0</load_address>
         <run_address>0x800032e0</run_address>
         <size>0x480</size>
         <input_file_ref idref="fl-a"/>
      </object_component>
      <object_component id="oc-291">
         <name>.text:_xdc_runtime_System_printfExtend__I</name>
         <load_address>0x80003760</load_address>
         <run_address>0x80003760</run_address>
         <size>0x460</size>
         <input_file_ref idref="fl-3"/>
      </object_component>
      <object_component id="oc-1f9">
         <name>.text:__printfi</name>
         <load_address>0x80003bc0</load_address>
         <run_address>0x80003bc0</run_address>
         <size>0x440</size>
         <input_file_ref idref="fl-aa"/>
      </object_component>
      <object_component id="oc-259">
         <name>.text:__setfield</name>
         <load_address>0x80004000</load_address>
         <run_address>0x80004000</run_address>
         <size>0x440</size>
         <input_file_ref idref="fl-aa"/>
      </object_component>
      <object_component id="oc-256">
         <name>.text:_fputs</name>
         <load_address>0x80004440</load_address>
         <run_address>0x80004440</run_address>
         <size>0x3a0</size>
         <input_file_ref idref="fl-b5"/>
      </object_component>
      <object_component id="oc-281">
         <name>.text:__pproc_fge</name>
         <load_address>0x800047e0</load_address>
         <run_address>0x800047e0</run_address>
         <size>0x340</size>
         <input_file_ref idref="fl-aa"/>
      </object_component>
      <object_component id="oc-1df">
         <name>.text:_ti_sysbios_knl_Swi_restoreHwi__E</name>
         <load_address>0x80004b20</load_address>
         <run_address>0x80004b20</run_address>
         <size>0x320</size>
         <input_file_ref idref="fl-a"/>
      </object_component>
      <object_component id="oc-2c2">
         <name>.text:_ecvt</name>
         <load_address>0x80004e40</load_address>
         <run_address>0x80004e40</run_address>
         <size>0x300</size>
         <input_file_ref idref="fl-aa"/>
      </object_component>
      <object_component id="oc-2c5">
         <name>.text:_fcvt</name>
         <load_address>0x80005140</load_address>
         <run_address>0x80005140</run_address>
         <size>0x300</size>
         <input_file_ref idref="fl-aa"/>
      </object_component>
      <object_component id="oc-17e">
         <name>.text:_ti_sysbios_family_c64p_Hwi_dispatchC__I</name>
         <load_address>0x80005440</load_address>
         <run_address>0x80005440</run_address>
         <size>0x300</size>
         <input_file_ref idref="fl-a"/>
      </object_component>
      <object_component id="oc-1c4">
         <name>.text:_ti_sysbios_heaps_HeapMem_Instance_init__F</name>
         <load_address>0x80005740</load_address>
         <run_address>0x80005740</run_address>
         <size>0x2e0</size>
         <input_file_ref idref="fl-a"/>
      </object_component>
      <object_component id="oc-258">
         <name>.text:__pproc_fwp</name>
         <load_address>0x80005a20</load_address>
         <run_address>0x80005a20</run_address>
         <size>0x2c0</size>
         <input_file_ref idref="fl-aa"/>
      </object_component>
      <object_component id="oc-2a6">
         <name>.text:__pconv_e</name>
         <load_address>0x80005ce0</load_address>
         <run_address>0x80005ce0</run_address>
         <size>0x2a0</size>
         <input_file_ref idref="fl-aa"/>
      </object_component>
      <object_component id="oc-131">
         <name>.text:_ti_sysbios_knl_Clock_workFunc__E</name>
         <load_address>0x80005f80</load_address>
         <run_address>0x80005f80</run_address>
         <size>0x2a0</size>
         <input_file_ref idref="fl-a"/>
      </object_component>
      <object_component id="oc-2f6">
         <name>.text:_ti_sysbios_family_c64p_Cache_Module_startup__F</name>
         <load_address>0x80006220</load_address>
         <run_address>0x80006220</run_address>
         <size>0x280</size>
         <input_file_ref idref="fl-a"/>
      </object_component>
      <object_component id="oc-32f">
         <name>.text:_ti_sysbios_timers_timer64_Timer_deviceConfig__I</name>
         <load_address>0x800064a0</load_address>
         <run_address>0x800064a0</run_address>
         <size>0x280</size>
         <input_file_ref idref="fl-a"/>
      </object_component>
      <object_component id="oc-186">
         <name>.text:_xdc_runtime_Error_raiseX__F</name>
         <load_address>0x80006720</load_address>
         <run_address>0x80006720</run_address>
         <size>0x280</size>
         <input_file_ref idref="fl-16"/>
      </object_component>
      <object_component id="oc-2eb">
         <name>.text:__divull</name>
         <load_address>0x800069a0</load_address>
         <run_address>0x800069a0</run_address>
         <size>0x260</size>
         <input_file_ref idref="fl-9f"/>
      </object_component>
      <object_component id="oc-2c7">
         <name>.text:__mpyd</name>
         <load_address>0x80006c00</load_address>
         <run_address>0x80006c00</run_address>
         <size>0x260</size>
         <input_file_ref idref="fl-bc"/>
      </object_component>
      <object_component id="oc-27a">
         <name>.text:_xdc_runtime_Startup_startMods__I</name>
         <load_address>0x80006e60</load_address>
         <run_address>0x80006e60</run_address>
         <size>0x260</size>
         <input_file_ref idref="fl-1c"/>
      </object_component>
      <object_component id="oc-282">
         <name>.text:__pproc_diouxp</name>
         <load_address>0x800070c0</load_address>
         <run_address>0x800070c0</run_address>
         <size>0x240</size>
         <input_file_ref idref="fl-aa"/>
      </object_component>
      <object_component id="oc-181">
         <name>.text:_ti_sysbios_family_c64p_Exception_internalHandler__I</name>
         <load_address>0x80007300</load_address>
         <run_address>0x80007300</run_address>
         <size>0x240</size>
         <input_file_ref idref="fl-a"/>
      </object_component>
      <object_component id="oc-1b3">
         <name>.text:_ti_sysbios_knl_Semaphore_post__E</name>
         <load_address>0x80007540</load_address>
         <run_address>0x80007540</run_address>
         <size>0x240</size>
         <input_file_ref idref="fl-a"/>
      </object_component>
      <object_component id="oc-1ce">
         <name>.text:_xdc_runtime_LoggerBuf_write8__F</name>
         <load_address>0x80007780</load_address>
         <run_address>0x80007780</run_address>
         <size>0x240</size>
         <input_file_ref idref="fl-19"/>
      </object_component>
      <object_component id="oc-25a">
         <name>.text:__pproc_str</name>
         <load_address>0x800079c0</load_address>
         <run_address>0x800079c0</run_address>
         <size>0x220</size>
         <input_file_ref idref="fl-aa"/>
      </object_component>
      <object_component id="oc-25b">
         <name>.text:_fputc</name>
         <load_address>0x80007be0</load_address>
         <run_address>0x80007be0</run_address>
         <size>0x220</size>
         <input_file_ref idref="fl-b4"/>
      </object_component>
      <object_component id="oc-204">
         <name>.text:_ti_sysbios_knl_Swi_run__I</name>
         <load_address>0x80007e00</load_address>
         <run_address>0x80007e00</run_address>
         <size>0x220</size>
         <input_file_ref idref="fl-a"/>
      </object_component>
      <object_component id="oc-321">
         <name>.text:_ti_sysbios_knl_Task_exit__E</name>
         <load_address>0x80008020</load_address>
         <run_address>0x80008020</run_address>
         <size>0x220</size>
         <input_file_ref idref="fl-a"/>
      </object_component>
      <object_component id="oc-1e2">
         <name>.text:_ti_sysbios_knl_Task_schedule__I</name>
         <load_address>0x80008240</load_address>
         <run_address>0x80008240</run_address>
         <size>0x220</size>
         <input_file_ref idref="fl-a"/>
      </object_component>
      <object_component id="oc-199">
         <name>.text:_ti_sysbios_knl_Task_startCore__E</name>
         <load_address>0x80008460</load_address>
         <run_address>0x80008460</run_address>
         <size>0x220</size>
         <input_file_ref idref="fl-a"/>
      </object_component>
      <object_component id="oc-1a6">
         <name>.text:_xdc_runtime_Core_createObject__I</name>
         <load_address>0x80008680</load_address>
         <run_address>0x80008680</run_address>
         <size>0x220</size>
         <input_file_ref idref="fl-12"/>
      </object_component>
      <object_component id="oc-301">
         <name>.text:__addd</name>
         <load_address>0x800088a0</load_address>
         <run_address>0x800088a0</run_address>
         <size>0x200</size>
         <input_file_ref idref="fl-c0"/>
      </object_component>
      <object_component id="oc-331">
         <name>.text:__frcaddd</name>
         <load_address>0x80008aa0</load_address>
         <run_address>0x80008aa0</run_address>
         <size>0x200</size>
         <input_file_ref idref="fl-c2"/>
      </object_component>
      <object_component id="oc-2a4">
         <name>.text:__pconv_g</name>
         <load_address>0x80008ca0</load_address>
         <run_address>0x80008ca0</run_address>
         <size>0x200</size>
         <input_file_ref idref="fl-aa"/>
      </object_component>
      <object_component id="oc-29e">
         <name>.text:_setvbuf</name>
         <load_address>0x80008ea0</load_address>
         <run_address>0x80008ea0</run_address>
         <size>0x200</size>
         <input_file_ref idref="fl-c6"/>
      </object_component>
      <object_component id="oc-137">
         <name>.text:_ti_sysbios_family_c64p_Hwi_dispatchAlways</name>
         <load_address>0x800090a0</load_address>
         <run_address>0x800090a0</run_address>
         <size>0x200</size>
         <input_file_ref idref="fl-b"/>
      </object_component>
      <object_component id="oc-34c">
         <name>.text:_ti_sysbios_timers_timer64_Timer_getFreq__E</name>
         <load_address>0x800092a0</load_address>
         <run_address>0x800092a0</run_address>
         <size>0x1e0</size>
         <input_file_ref idref="fl-a"/>
      </object_component>
      <object_component id="oc-2c4">
         <name>.text:__mcpy</name>
         <load_address>0x80009480</load_address>
         <run_address>0x80009480</run_address>
         <size>0x1c0</size>
         <input_file_ref idref="fl-aa"/>
      </object_component>
      <object_component id="oc-341">
         <name>.text:_ti_sysbios_timers_timer64_Timer_setPeriodMicroSecs__E</name>
         <load_address>0x80009640</load_address>
         <run_address>0x80009640</run_address>
         <size>0x1c0</size>
         <input_file_ref idref="fl-a"/>
      </object_component>
      <object_component id="oc-2cd">
         <name>.text:_xdc_runtime_Text_putSite__F</name>
         <load_address>0x80009800</load_address>
         <run_address>0x80009800</run_address>
         <size>0x1c0</size>
         <input_file_ref idref="fl-1f"/>
      </object_component>
      <object_component id="oc-2ea">
         <name>.text:__divul</name>
         <load_address>0x800099c0</load_address>
         <run_address>0x800099c0</run_address>
         <size>0x1a0</size>
         <input_file_ref idref="fl-b7"/>
      </object_component>
      <object_component id="oc-158">
         <name>.text:_ti_sysbios_gates_GateMutex_enter__E</name>
         <load_address>0x80009b60</load_address>
         <run_address>0x80009b60</run_address>
         <size>0x1a0</size>
         <input_file_ref idref="fl-a"/>
      </object_component>
      <object_component id="oc-286">
         <name>.text:_ti_sysbios_knl_Task_checkStacks__E</name>
         <load_address>0x80009d00</load_address>
         <run_address>0x80009d00</run_address>
         <size>0x1a0</size>
         <input_file_ref idref="fl-a"/>
      </object_component>
      <object_component id="oc-22e">
         <name>.text:_ti_sysbios_knl_Task_unblockI__E</name>
         <load_address>0x80009ea0</load_address>
         <run_address>0x80009ea0</run_address>
         <size>0x1a0</size>
         <input_file_ref idref="fl-a"/>
      </object_component>
      <object_component id="oc-25e">
         <name>.text:_ti_sysbios_timers_timer64_Timer_start__E</name>
         <load_address>0x8000a040</load_address>
         <run_address>0x8000a040</run_address>
         <size>0x1a0</size>
         <input_file_ref idref="fl-a"/>
      </object_component>
      <object_component id="oc-1cd">
         <name>.text:_xdc_runtime_LoggerBuf_write4__F</name>
         <load_address>0x8000a1e0</load_address>
         <run_address>0x8000a1e0</run_address>
         <size>0x1a0</size>
         <input_file_ref idref="fl-19"/>
      </object_component>
      <object_component id="oc-143">
         <name>.text</name>
         <load_address>0x8000a380</load_address>
         <run_address>0x8000a380</run_address>
         <size>0x1a0</size>
         <input_file_ref idref="fl-7"/>
      </object_component>
      <object_component id="oc-140">
         <name>.text:_HOSTrename</name>
         <load_address>0x8000a520</load_address>
         <run_address>0x8000a520</run_address>
         <size>0x180</size>
         <input_file_ref idref="fl-a8"/>
      </object_component>
      <object_component id="oc-198">
         <name>.text:_ti_sysbios_knl_Swi_schedule__I</name>
         <load_address>0x8000a6a0</load_address>
         <run_address>0x8000a6a0</run_address>
         <size>0x180</size>
         <input_file_ref idref="fl-a"/>
      </object_component>
      <object_component id="oc-2e">
         <name>.text</name>
         <load_address>0x8000a820</load_address>
         <run_address>0x8000a820</run_address>
         <size>0x180</size>
         <input_file_ref idref="fl-e"/>
      </object_component>
      <object_component id="oc-194">
         <name>.text:_ti_sysbios_BIOS_rtsUnlock__I</name>
         <load_address>0x8000a9a0</load_address>
         <run_address>0x8000a9a0</run_address>
         <size>0x160</size>
         <input_file_ref idref="fl-a"/>
      </object_component>
      <object_component id="oc-343">
         <name>.text:_getdevice</name>
         <load_address>0x8000ab00</load_address>
         <run_address>0x8000ab00</run_address>
         <size>0x140</size>
         <input_file_ref idref="fl-b9"/>
      </object_component>
      <object_component id="oc-2f4">
         <name>.text:_ti_sysbios_family_c64p_Hwi_Module_startup__F</name>
         <load_address>0x8000ac40</load_address>
         <run_address>0x8000ac40</run_address>
         <size>0x140</size>
         <input_file_ref idref="fl-a"/>
      </object_component>
      <object_component id="oc-269">
         <name>.text:_ti_sysbios_knl_Semaphore_Instance_init__F</name>
         <load_address>0x8000ad80</load_address>
         <run_address>0x8000ad80</run_address>
         <size>0x140</size>
         <input_file_ref idref="fl-a"/>
      </object_component>
      <object_component id="oc-14f">
         <name>.text:_ti_sysbios_knl_Swi_post__E</name>
         <load_address>0x8000aec0</load_address>
         <run_address>0x8000aec0</run_address>
         <size>0x140</size>
         <input_file_ref idref="fl-a"/>
      </object_component>
      <object_component id="oc-22b">
         <name>.text:_ti_sysbios_knl_Task_blockI__E</name>
         <load_address>0x8000b000</load_address>
         <run_address>0x8000b000</run_address>
         <size>0x140</size>
         <input_file_ref idref="fl-a"/>
      </object_component>
      <object_component id="oc-2cc">
         <name>.text:_xdc_runtime_Text_putLab__F</name>
         <load_address>0x8000b140</load_address>
         <run_address>0x8000b140</run_address>
         <size>0x140</size>
         <input_file_ref idref="fl-1f"/>
      </object_component>
      <object_component id="oc-2e1">
         <name>.text:__closefile</name>
         <load_address>0x8000b280</load_address>
         <run_address>0x8000b280</run_address>
         <size>0x120</size>
         <input_file_ref idref="fl-c8"/>
      </object_component>
      <object_component id="oc-2a9">
         <name>.text:__ltostr</name>
         <load_address>0x8000b3a0</load_address>
         <run_address>0x8000b3a0</run_address>
         <size>0x120</size>
         <input_file_ref idref="fl-aa"/>
      </object_component>
      <object_component id="oc-257">
         <name>.text:__pproc_fflags</name>
         <load_address>0x8000b4c0</load_address>
         <run_address>0x8000b4c0</run_address>
         <size>0x120</size>
         <input_file_ref idref="fl-aa"/>
      </object_component>
      <object_component id="oc-29d">
         <name>.text:_fseek</name>
         <load_address>0x8000b5e0</load_address>
         <run_address>0x8000b5e0</run_address>
         <size>0x120</size>
         <input_file_ref idref="fl-c4"/>
      </object_component>
      <object_component id="oc-1cf">
         <name>.text:_xdc_runtime_LoggerBuf_setFilterLevel__F</name>
         <load_address>0x8000b700</load_address>
         <run_address>0x8000b700</run_address>
         <size>0x120</size>
         <input_file_ref idref="fl-19"/>
      </object_component>
      <object_component id="oc-2ec">
         <name>.text:_xdc_runtime_Text_putMod__F</name>
         <load_address>0x8000b820</load_address>
         <run_address>0x8000b820</run_address>
         <size>0x120</size>
         <input_file_ref idref="fl-1f"/>
      </object_component>
      <object_component id="oc-13e">
         <name>.text:_HOSTlseek</name>
         <load_address>0x8000b940</load_address>
         <run_address>0x8000b940</run_address>
         <size>0x100</size>
         <input_file_ref idref="fl-a8"/>
      </object_component>
      <object_component id="oc-128">
         <name>.text:__auto_init</name>
         <load_address>0x8000ba40</load_address>
         <run_address>0x8000ba40</run_address>
         <size>0x100</size>
         <input_file_ref idref="fl-22"/>
      </object_component>
      <object_component id="oc-2e7">
         <name>.text:__frcmpyd</name>
         <load_address>0x8000bb40</load_address>
         <run_address>0x8000bb40</run_address>
         <size>0x100</size>
         <input_file_ref idref="fl-c3"/>
      </object_component>
      <object_component id="oc-27d">
         <name>.text:__wrt_ok</name>
         <load_address>0x8000bc40</load_address>
         <run_address>0x8000bc40</run_address>
         <size>0x100</size>
         <input_file_ref idref="fl-bf"/>
      </object_component>
      <object_component id="oc-2bd">
         <name>.text:_call_dtors</name>
         <load_address>0x8000bd40</load_address>
         <run_address>0x8000bd40</run_address>
         <size>0x100</size>
         <input_file_ref idref="fl-a6"/>
      </object_component>
      <object_component id="oc-340">
         <name>.text:_ti_sysbios_timers_timer64_Timer_initDevice__I</name>
         <load_address>0x8000be40</load_address>
         <run_address>0x8000be40</run_address>
         <size>0x100</size>
         <input_file_ref idref="fl-a"/>
      </object_component>
      <object_component id="oc-1a8">
         <name>.text:_xdc_runtime_Core_deleteObject__I</name>
         <load_address>0x8000bf40</load_address>
         <run_address>0x8000bf40</run_address>
         <size>0x100</size>
         <input_file_ref idref="fl-12"/>
      </object_component>
      <object_component id="oc-1d0">
         <name>.text:_xdc_runtime_LoggerBuf_getFilterLevel__F</name>
         <load_address>0x8000c040</load_address>
         <run_address>0x8000c040</run_address>
         <size>0x100</size>
         <input_file_ref idref="fl-19"/>
      </object_component>
      <object_component id="oc-142">
         <name>.text:_xdc_runtime_Startup_exec__F</name>
         <load_address>0x8000c140</load_address>
         <run_address>0x8000c140</run_address>
         <size>0x100</size>
         <input_file_ref idref="fl-1c"/>
      </object_component>
      <object_component id="oc-345">
         <name>.text:_xdc_runtime_Text_visitRope2__I</name>
         <load_address>0x8000c240</load_address>
         <run_address>0x8000c240</run_address>
         <size>0x100</size>
         <input_file_ref idref="fl-1f"/>
      </object_component>
      <object_component id="oc-13a">
         <name>.text:_HOSTopen</name>
         <load_address>0x8000c340</load_address>
         <run_address>0x8000c340</run_address>
         <size>0xe0</size>
         <input_file_ref idref="fl-a8"/>
      </object_component>
      <object_component id="oc-2a2">
         <name>.text:__cmpd</name>
         <load_address>0x8000c420</load_address>
         <run_address>0x8000c420</run_address>
         <size>0xe0</size>
         <input_file_ref idref="fl-ad"/>
      </object_component>
      <object_component id="oc-280">
         <name>.text:_atoi</name>
         <load_address>0x8000c500</load_address>
         <run_address>0x8000c500</run_address>
         <size>0xe0</size>
         <input_file_ref idref="fl-ac"/>
      </object_component>
      <object_component id="oc-2fd">
         <name>.text:_close</name>
         <load_address>0x8000c5e0</load_address>
         <run_address>0x8000c5e0</run_address>
         <size>0xe0</size>
         <input_file_ref idref="fl-b9"/>
      </object_component>
      <object_component id="oc-1e6">
         <name>.text:_memset</name>
         <load_address>0x8000c6c0</load_address>
         <run_address>0x8000c6c0</run_address>
         <size>0xe0</size>
         <input_file_ref idref="fl-a2"/>
      </object_component>
      <object_component id="oc-18c">
         <name>.text:_printf</name>
         <load_address>0x8000c7a0</load_address>
         <run_address>0x8000c7a0</run_address>
         <size>0xe0</size>
         <input_file_ref idref="fl-a4"/>
      </object_component>
      <object_component id="oc-203">
         <name>.text:_ti_sysbios_timers_timer64_Timer_startup__E</name>
         <load_address>0x8000c880</load_address>
         <run_address>0x8000c880</run_address>
         <size>0xe0</size>
         <input_file_ref idref="fl-a"/>
      </object_component>
      <object_component id="oc-2b6">
         <name>.text:_xdc_runtime_Error_print__F</name>
         <load_address>0x8000c960</load_address>
         <run_address>0x8000c960</run_address>
         <size>0xe0</size>
         <input_file_ref idref="fl-16"/>
      </object_component>
      <object_component id="oc-17b">
         <name>.text:_xdc_runtime_LoggerBuf_Object__create__S</name>
         <load_address>0x8000ca40</load_address>
         <run_address>0x8000ca40</run_address>
         <size>0xe0</size>
         <input_file_ref idref="fl-3"/>
      </object_component>
      <object_component id="oc-244">
         <name>.text:_xdc_runtime_Memory_alloc__F</name>
         <load_address>0x8000cb20</load_address>
         <run_address>0x8000cb20</run_address>
         <size>0xe0</size>
         <input_file_ref idref="fl-1a"/>
      </object_component>
      <object_component id="oc-13c">
         <name>.text:_HOSTread</name>
         <load_address>0x8000cc00</load_address>
         <run_address>0x8000cc00</run_address>
         <size>0xc0</size>
         <input_file_ref idref="fl-a8"/>
      </object_component>
      <object_component id="oc-13f">
         <name>.text:_HOSTunlink</name>
         <load_address>0x8000ccc0</load_address>
         <run_address>0x8000ccc0</run_address>
         <size>0xc0</size>
         <input_file_ref idref="fl-a8"/>
      </object_component>
      <object_component id="oc-13d">
         <name>.text:_HOSTwrite</name>
         <load_address>0x8000cd80</load_address>
         <run_address>0x8000cd80</run_address>
         <size>0xc0</size>
         <input_file_ref idref="fl-a8"/>
      </object_component>
      <object_component id="oc-2c9">
         <name>.text:__div</name>
         <load_address>0x8000ce40</load_address>
         <run_address>0x8000ce40</run_address>
         <size>0xc0</size>
         <input_file_ref idref="fl-aa"/>
      </object_component>
      <object_component id="oc-236">
         <name>.text:__divu</name>
         <load_address>0x8000cf00</load_address>
         <run_address>0x8000cf00</run_address>
         <size>0xc0</size>
         <input_file_ref idref="fl-9d"/>
      </object_component>
      <object_component id="oc-27e">
         <name>.text:__doflush</name>
         <load_address>0x8000cfc0</load_address>
         <run_address>0x8000cfc0</run_address>
         <size>0xc0</size>
         <input_file_ref idref="fl-c1"/>
      </object_component>
      <object_component id="oc-27c">
         <name>.text:_atexit</name>
         <load_address>0x8000d080</load_address>
         <run_address>0x8000d080</run_address>
         <size>0xc0</size>
         <input_file_ref idref="fl-9c"/>
      </object_component>
      <object_component id="oc-12b">
         <name>.text:_exit</name>
         <load_address>0x8000d140</load_address>
         <run_address>0x8000d140</run_address>
         <size>0xc0</size>
         <input_file_ref idref="fl-9e"/>
      </object_component>
      <object_component id="oc-2e3">
         <name>.text:_ltoa</name>
         <load_address>0x8000d200</load_address>
         <run_address>0x8000d200</run_address>
         <size>0xc0</size>
         <input_file_ref idref="fl-ba"/>
      </object_component>
      <object_component id="oc-250">
         <name>.text:_ti_sysbios_BIOS_errorRaiseHook__I</name>
         <load_address>0x8000d2c0</load_address>
         <run_address>0x8000d2c0</run_address>
         <size>0xc0</size>
         <input_file_ref idref="fl-a"/>
      </object_component>
      <object_component id="oc-161">
         <name>.text:_ti_sysbios_heaps_HeapMem_getStats__E</name>
         <load_address>0x8000d380</load_address>
         <run_address>0x8000d380</run_address>
         <size>0xc0</size>
         <input_file_ref idref="fl-a"/>
      </object_component>
      <object_component id="oc-14c">
         <name>.text:_ti_sysbios_knl_Clock_logTick__E</name>
         <load_address>0x8000d440</load_address>
         <run_address>0x8000d440</run_address>
         <size>0xc0</size>
         <input_file_ref idref="fl-a"/>
      </object_component>
      <object_component id="oc-249">
         <name>.text:_ti_sysbios_knl_Task_allBlockedFunction__I</name>
         <load_address>0x8000d500</load_address>
         <run_address>0x8000d500</run_address>
         <size>0xc0</size>
         <input_file_ref idref="fl-a"/>
      </object_component>
      <object_component id="oc-34b">
         <name>.text:_ti_sysbios_timers_timer64_Timer_stop__E</name>
         <load_address>0x8000d5c0</load_address>
         <run_address>0x8000d5c0</run_address>
         <size>0xc0</size>
         <input_file_ref idref="fl-a"/>
      </object_component>
      <object_component id="oc-1d2">
         <name>.text:_xdc_runtime_LoggerBuf_Instance_init__F</name>
         <load_address>0x8000d680</load_address>
         <run_address>0x8000d680</run_address>
         <size>0xc0</size>
         <input_file_ref idref="fl-19"/>
      </object_component>
      <object_component id="oc-273">
         <name>.text:_xdc_runtime_System_formatNum__I</name>
         <load_address>0x8000d740</load_address>
         <run_address>0x8000d740</run_address>
         <size>0xc0</size>
         <input_file_ref idref="fl-1d"/>
      </object_component>
      <object_component id="oc-13b">
         <name>.text:_HOSTclose</name>
         <load_address>0x8000d800</load_address>
         <run_address>0x8000d800</run_address>
         <size>0xa0</size>
         <input_file_ref idref="fl-a8"/>
      </object_component>
      <object_component id="oc-2c1">
         <name>.text:__cleanup</name>
         <load_address>0x8000d8a0</load_address>
         <run_address>0x8000d8a0</run_address>
         <size>0xa0</size>
         <input_file_ref idref="fl-c7"/>
      </object_component>
      <object_component id="oc-300">
         <name>.text:__divli</name>
         <load_address>0x8000d940</load_address>
         <run_address>0x8000d940</run_address>
         <size>0xa0</size>
         <input_file_ref idref="fl-b7"/>
      </object_component>
      <object_component id="oc-2c3">
         <name>.text:__ecpy</name>
         <load_address>0x8000d9e0</load_address>
         <run_address>0x8000d9e0</run_address>
         <size>0xa0</size>
         <input_file_ref idref="fl-aa"/>
      </object_component>
      <object_component id="oc-2c6">
         <name>.text:__fcpy</name>
         <load_address>0x8000da80</load_address>
         <run_address>0x8000da80</run_address>
         <size>0xa0</size>
         <input_file_ref idref="fl-aa"/>
      </object_component>
      <object_component id="oc-2e2">
         <name>.text:__fixdli</name>
         <load_address>0x8000db20</load_address>
         <run_address>0x8000db20</run_address>
         <size>0xa0</size>
         <input_file_ref idref="fl-b2"/>
      </object_component>
      <object_component id="oc-2a5">
         <name>.text:__pconv_f</name>
         <load_address>0x8000dbc0</load_address>
         <run_address>0x8000dbc0</run_address>
         <size>0xa0</size>
         <input_file_ref idref="fl-aa"/>
      </object_component>
      <object_component id="oc-292">
         <name>.text:__remu</name>
         <load_address>0x8000dc60</load_address>
         <run_address>0x8000dc60</run_address>
         <size>0xa0</size>
         <input_file_ref idref="fl-a5"/>
      </object_component>
      <object_component id="oc-10">
         <name>.text:_c_int00</name>
         <load_address>0x8000dd00</load_address>
         <run_address>0x8000dd00</run_address>
         <size>0xa0</size>
         <input_file_ref idref="fl-21"/>
      </object_component>
      <object_component id="oc-34d">
         <name>.text:_finddevice</name>
         <load_address>0x8000dda0</load_address>
         <run_address>0x8000dda0</run_address>
         <size>0xa0</size>
         <input_file_ref idref="fl-b9"/>
      </object_component>
      <object_component id="oc-2be">
         <name>.text:_lseek</name>
         <load_address>0x8000de40</load_address>
         <run_address>0x8000de40</run_address>
         <size>0xa0</size>
         <input_file_ref idref="fl-b9"/>
      </object_component>
      <object_component id="oc-2c0">
         <name>.text:_malloc</name>
         <load_address>0x8000dee0</load_address>
         <run_address>0x8000dee0</run_address>
         <size>0xa0</size>
         <input_file_ref idref="fl-3"/>
      </object_component>
      <object_component id="oc-141">
         <name>.text:_memcpy</name>
         <load_address>0x8000df80</load_address>
         <run_address>0x8000df80</run_address>
         <size>0xa0</size>
         <input_file_ref idref="fl-a1"/>
      </object_component>
      <object_component id="oc-2f3">
         <name>.text:_ti_sysbios_family_c64p_Exception_Module_startup__F</name>
         <load_address>0x8000e020</load_address>
         <run_address>0x8000e020</run_address>
         <size>0xa0</size>
         <input_file_ref idref="fl-a"/>
      </object_component>
      <object_component id="oc-297">
         <name>.text:_ti_sysbios_family_c64p_Hwi_getStackInfo__E</name>
         <load_address>0x8000e0c0</load_address>
         <run_address>0x8000e0c0</run_address>
         <size>0xa0</size>
         <input_file_ref idref="fl-a"/>
      </object_component>
      <object_component id="oc-252">
         <name>.text:_ti_sysbios_heaps_HeapMem_init__I</name>
         <load_address>0x8000e160</load_address>
         <run_address>0x8000e160</run_address>
         <size>0xa0</size>
         <input_file_ref idref="fl-a"/>
      </object_component>
      <object_component id="oc-170">
         <name>.text:_ti_sysbios_knl_Idle_run__E</name>
         <load_address>0x8000e200</load_address>
         <run_address>0x8000e200</run_address>
         <size>0xa0</size>
         <input_file_ref idref="fl-a"/>
      </object_component>
      <object_component id="oc-231">
         <name>.text:_ti_sysbios_knl_Semaphore_Object__create__S</name>
         <load_address>0x8000e2a0</load_address>
         <run_address>0x8000e2a0</run_address>
         <size>0xa0</size>
         <input_file_ref idref="fl-3"/>
      </object_component>
      <object_component id="oc-27f">
         <name>.text:_write</name>
         <load_address>0x8000e340</load_address>
         <run_address>0x8000e340</run_address>
         <size>0xa0</size>
         <input_file_ref idref="fl-b9"/>
      </object_component>
      <object_component id="oc-1b0">
         <name>.text:_xdc_runtime_Assert_raise__I</name>
         <load_address>0x8000e3e0</load_address>
         <run_address>0x8000e3e0</run_address>
         <size>0xa0</size>
         <input_file_ref idref="fl-11"/>
      </object_component>
      <object_component id="oc-2f0">
         <name>.text:_xdc_runtime_LoggerBuf_Module_startup__F</name>
         <load_address>0x8000e480</load_address>
         <run_address>0x8000e480</run_address>
         <size>0xa0</size>
         <input_file_ref idref="fl-19"/>
      </object_component>
      <object_component id="oc-178">
         <name>.text:_xdc_runtime_LoggerBuf_write8__E</name>
         <load_address>0x8000e520</load_address>
         <run_address>0x8000e520</run_address>
         <size>0xa0</size>
         <input_file_ref idref="fl-3"/>
      </object_component>
      <object_component id="oc-295">
         <name>.text:_xdc_runtime_SysMin_abort__F</name>
         <load_address>0x8000e5c0</load_address>
         <run_address>0x8000e5c0</run_address>
         <size>0xa0</size>
         <input_file_ref idref="fl-1e"/>
      </object_component>
      <object_component id="oc-2b9">
         <name>.text:_xdc_runtime_SysMin_flush__F</name>
         <load_address>0x8000e660</load_address>
         <run_address>0x8000e660</run_address>
         <size>0xa0</size>
         <input_file_ref idref="fl-1e"/>
      </object_component>
      <object_component id="oc-2ef">
         <name>.text:_xdc_runtime_SysMin_output__I</name>
         <load_address>0x8000e700</load_address>
         <run_address>0x8000e700</run_address>
         <size>0xa0</size>
         <input_file_ref idref="fl-3"/>
      </object_component>
      <object_component id="oc-2b8">
         <name>.text:_xdc_runtime_SysMin_putch__F</name>
         <load_address>0x8000e7a0</load_address>
         <run_address>0x8000e7a0</run_address>
         <size>0xa0</size>
         <input_file_ref idref="fl-1e"/>
      </object_component>
      <object_component id="oc-2ed">
         <name>.text:_xdc_runtime_Text_xprintf__I</name>
         <load_address>0x8000e840</load_address>
         <run_address>0x8000e840</run_address>
         <size>0xa0</size>
         <input_file_ref idref="fl-1f"/>
      </object_component>
      <object_component id="oc-2e6">
         <name>.text:__fixdi</name>
         <load_address>0x8000e8e0</load_address>
         <run_address>0x8000e8e0</run_address>
         <size>0x80</size>
         <input_file_ref idref="fl-b1"/>
      </object_component>
      <object_component id="oc-2e4">
         <name>.text:__fltlid</name>
         <load_address>0x8000e960</load_address>
         <run_address>0x8000e960</run_address>
         <size>0x80</size>
         <input_file_ref idref="fl-b3"/>
      </object_component>
      <object_component id="oc-302">
         <name>.text:__llshl</name>
         <load_address>0x8000e9e0</load_address>
         <run_address>0x8000e9e0</run_address>
         <size>0x80</size>
         <input_file_ref idref="fl-a0"/>
      </object_component>
      <object_component id="oc-344">
         <name>.text:__renormd</name>
         <load_address>0x8000ea60</load_address>
         <run_address>0x8000ea60</run_address>
         <size>0x80</size>
         <input_file_ref idref="fl-c5"/>
      </object_component>
      <object_component id="oc-188">
         <name>.text:_readmsg</name>
         <load_address>0x8000eae0</load_address>
         <run_address>0x8000eae0</run_address>
         <size>0x80</size>
         <input_file_ref idref="fl-a9"/>
      </object_component>
      <object_component id="oc-145">
         <name>.text:_ti_sysbios_BIOS_exitFunc__I</name>
         <load_address>0x8000eb60</load_address>
         <run_address>0x8000eb60</run_address>
         <size>0x80</size>
         <input_file_ref idref="fl-3"/>
      </object_component>
      <object_component id="oc-33d">
         <name>.text:_ti_sysbios_family_c62_TaskSupport_start__E</name>
         <load_address>0x8000ebe0</load_address>
         <run_address>0x8000ebe0</run_address>
         <size>0x80</size>
         <input_file_ref idref="fl-a"/>
      </object_component>
      <object_component id="oc-261">
         <name>.text:_ti_sysbios_family_c62_TaskSupport_swap__E</name>
         <load_address>0x8000ec60</load_address>
         <run_address>0x8000ec60</run_address>
         <size>0x80</size>
         <input_file_ref idref="fl-f"/>
      </object_component>
      <object_component id="oc-154">
         <name>.text:_ti_sysbios_gates_GateHwi_Object__create__S</name>
         <load_address>0x8000ece0</load_address>
         <run_address>0x8000ece0</run_address>
         <size>0x80</size>
         <input_file_ref idref="fl-3"/>
      </object_component>
      <object_component id="oc-15a">
         <name>.text:_ti_sysbios_gates_GateMutex_Object__create__S</name>
         <load_address>0x8000ed60</load_address>
         <run_address>0x8000ed60</run_address>
         <size>0x80</size>
         <input_file_ref idref="fl-3"/>
      </object_component>
      <object_component id="oc-162">
         <name>.text:_ti_sysbios_heaps_HeapMem_Object__create__S</name>
         <load_address>0x8000ede0</load_address>
         <run_address>0x8000ede0</run_address>
         <size>0x80</size>
         <input_file_ref idref="fl-3"/>
      </object_component>
      <object_component id="oc-12d">
         <name>.text:_ti_sysbios_knl_Clock_doTick__I</name>
         <load_address>0x8000ee60</load_address>
         <run_address>0x8000ee60</run_address>
         <size>0x80</size>
         <input_file_ref idref="fl-3"/>
      </object_component>
      <object_component id="oc-28a">
         <name>.text:_ti_sysbios_knl_Queue_Object__create__S</name>
         <load_address>0x8000eee0</load_address>
         <run_address>0x8000eee0</run_address>
         <size>0x80</size>
         <input_file_ref idref="fl-3"/>
      </object_component>
      <object_component id="oc-227">
         <name>.text:_ti_sysbios_knl_Semaphore_pendTimeout__I</name>
         <load_address>0x8000ef60</load_address>
         <run_address>0x8000ef60</run_address>
         <size>0x80</size>
         <input_file_ref idref="fl-a"/>
      </object_component>
      <object_component id="oc-31e">
         <name>.text:_ti_sysbios_knl_Swi_Object__get__S</name>
         <load_address>0x8000efe0</load_address>
         <run_address>0x8000efe0</run_address>
         <size>0x80</size>
         <input_file_ref idref="fl-3"/>
      </object_component>
      <object_component id="oc-14a">
         <name>.text:_ti_sysbios_knl_Swi_startup__E</name>
         <load_address>0x8000f060</load_address>
         <run_address>0x8000f060</run_address>
         <size>0x80</size>
         <input_file_ref idref="fl-a"/>
      </object_component>
      <object_component id="oc-197">
         <name>.text:_ti_sysbios_knl_Task_restore__E</name>
         <load_address>0x8000f0e0</load_address>
         <run_address>0x8000f0e0</run_address>
         <size>0x80</size>
         <input_file_ref idref="fl-a"/>
      </object_component>
      <object_component id="oc-337">
         <name>.text:_ti_sysbios_timers_timer64_Timer_getPeriod__E</name>
         <load_address>0x8000f160</load_address>
         <run_address>0x8000f160</run_address>
         <size>0x80</size>
         <input_file_ref idref="fl-a"/>
      </object_component>
      <object_component id="oc-330">
         <name>.text:_unlink</name>
         <load_address>0x8000f1e0</load_address>
         <run_address>0x8000f1e0</run_address>
         <size>0x80</size>
         <input_file_ref idref="fl-b9"/>
      </object_component>
      <object_component id="oc-1a9">
         <name>.text:_xdc_runtime_Core_assignLabel__I</name>
         <load_address>0x8000f260</load_address>
         <run_address>0x8000f260</run_address>
         <size>0x80</size>
         <input_file_ref idref="fl-13"/>
      </object_component>
      <object_component id="oc-216">
         <name>.text:_xdc_runtime_Core_assignParams__I</name>
         <load_address>0x8000f2e0</load_address>
         <run_address>0x8000f2e0</run_address>
         <size>0x80</size>
         <input_file_ref idref="fl-14"/>
      </object_component>
      <object_component id="oc-23a">
         <name>.text:_xdc_runtime_LoggerBuf_filterOutEvent__I</name>
         <load_address>0x8000f360</load_address>
         <run_address>0x8000f360</run_address>
         <size>0x80</size>
         <input_file_ref idref="fl-19"/>
      </object_component>
      <object_component id="oc-192">
         <name>.text:_xdc_runtime_System_atexit__F</name>
         <load_address>0x8000f3e0</load_address>
         <run_address>0x8000f3e0</run_address>
         <size>0x80</size>
         <input_file_ref idref="fl-1d"/>
      </object_component>
      <object_component id="oc-271">
         <name>.text:_xdc_runtime_System_putchar__I</name>
         <load_address>0x8000f460</load_address>
         <run_address>0x8000f460</run_address>
         <size>0x80</size>
         <input_file_ref idref="fl-1d"/>
      </object_component>
      <object_component id="oc-27b">
         <name>.text:_xdc_runtime_System_rtsExit__I</name>
         <load_address>0x8000f4e0</load_address>
         <run_address>0x8000f4e0</run_address>
         <size>0x80</size>
         <input_file_ref idref="fl-1d"/>
      </object_component>
      <object_component id="oc-309">
         <name>.text:_xdc_runtime_Text_printVisFxn__I</name>
         <load_address>0x8000f560</load_address>
         <run_address>0x8000f560</run_address>
         <size>0x80</size>
         <input_file_ref idref="fl-1f"/>
      </object_component>
      <object_component id="oc-26b">
         <name>.text:ti_sysbios_hal_Hwi_checkStack:_ti_sysbios_hal_Hwi_checkStack</name>
         <load_address>0x8000f5e0</load_address>
         <run_address>0x8000f5e0</run_address>
         <size>0x80</size>
         <input_file_ref idref="fl-a"/>
      </object_component>
      <object_component id="oc-253">
         <name>.text:ti_sysbios_hal_Hwi_initStack:_ti_sysbios_hal_Hwi_initStack</name>
         <load_address>0x8000f660</load_address>
         <run_address>0x8000f660</run_address>
         <size>0x80</size>
         <input_file_ref idref="fl-a"/>
      </object_component>
      <object_component id="oc-303">
         <name>.text:__subcull</name>
         <load_address>0x8000f6e0</load_address>
         <run_address>0x8000f6e0</run_address>
         <size>0x60</size>
         <input_file_ref idref="fl-9f"/>
      </object_component>
      <object_component id="oc-2bf">
         <name>.text:_free</name>
         <load_address>0x8000f740</load_address>
         <run_address>0x8000f740</run_address>
         <size>0x60</size>
         <input_file_ref idref="fl-3"/>
      </object_component>
      <object_component id="oc-283">
         <name>.text:_memccpy</name>
         <load_address>0x8000f7a0</load_address>
         <run_address>0x8000f7a0</run_address>
         <size>0x60</size>
         <input_file_ref idref="fl-bb"/>
      </object_component>
      <object_component id="oc-147">
         <name>.text:_ti_sysbios_BIOS_registerRTSLock__I</name>
         <load_address>0x8000f800</load_address>
         <run_address>0x8000f800</run_address>
         <size>0x60</size>
         <input_file_ref idref="fl-a"/>
      </object_component>
      <object_component id="oc-311">
         <name>.text:_ti_sysbios_family_c64p_Cache_setMar__E</name>
         <load_address>0x8000f860</load_address>
         <run_address>0x8000f860</run_address>
         <size>0x60</size>
         <input_file_ref idref="fl-a"/>
      </object_component>
      <object_component id="oc-156">
         <name>.text:_ti_sysbios_gates_GateHwi_Handle__label__S</name>
         <load_address>0x8000f8c0</load_address>
         <run_address>0x8000f8c0</run_address>
         <size>0x60</size>
         <input_file_ref idref="fl-3"/>
      </object_component>
      <object_component id="oc-155">
         <name>.text:_ti_sysbios_gates_GateHwi_Object__delete__S</name>
         <load_address>0x8000f920</load_address>
         <run_address>0x8000f920</run_address>
         <size>0x60</size>
         <input_file_ref idref="fl-3"/>
      </object_component>
      <object_component id="oc-15c">
         <name>.text:_ti_sysbios_gates_GateMutex_Handle__label__S</name>
         <load_address>0x8000f980</load_address>
         <run_address>0x8000f980</run_address>
         <size>0x60</size>
         <input_file_ref idref="fl-3"/>
      </object_component>
      <object_component id="oc-1b5">
         <name>.text:_ti_sysbios_gates_GateMutex_Instance_init__F</name>
         <load_address>0x8000f9e0</load_address>
         <run_address>0x8000f9e0</run_address>
         <size>0x60</size>
         <input_file_ref idref="fl-a"/>
      </object_component>
      <object_component id="oc-15b">
         <name>.text:_ti_sysbios_gates_GateMutex_Object__delete__S</name>
         <load_address>0x8000fa40</load_address>
         <run_address>0x8000fa40</run_address>
         <size>0x60</size>
         <input_file_ref idref="fl-3"/>
      </object_component>
      <object_component id="oc-164">
         <name>.text:_ti_sysbios_heaps_HeapMem_Handle__label__S</name>
         <load_address>0x8000faa0</load_address>
         <run_address>0x8000faa0</run_address>
         <size>0x60</size>
         <input_file_ref idref="fl-3"/>
      </object_component>
      <object_component id="oc-163">
         <name>.text:_ti_sysbios_heaps_HeapMem_Object__delete__S</name>
         <load_address>0x8000fb00</load_address>
         <run_address>0x8000fb00</run_address>
         <size>0x60</size>
         <input_file_ref idref="fl-3"/>
      </object_component>
      <object_component id="oc-278">
         <name>.text:_ti_sysbios_heaps_HeapMem_Object__get__S</name>
         <load_address>0x8000fb60</load_address>
         <run_address>0x8000fb60</run_address>
         <size>0x60</size>
         <input_file_ref idref="fl-3"/>
      </object_component>
      <object_component id="oc-2f9">
         <name>.text:_ti_sysbios_knl_Clock_Module_startup__F</name>
         <load_address>0x8000fbc0</load_address>
         <run_address>0x8000fbc0</run_address>
         <size>0x60</size>
         <input_file_ref idref="fl-a"/>
      </object_component>
      <object_component id="oc-326">
         <name>.text:_ti_sysbios_knl_Queue_Object__get__S</name>
         <load_address>0x8000fc20</load_address>
         <run_address>0x8000fc20</run_address>
         <size>0x60</size>
         <input_file_ref idref="fl-3"/>
      </object_component>
      <object_component id="oc-2fa">
         <name>.text:_ti_sysbios_knl_Swi_Module_startup__F</name>
         <load_address>0x8000fc80</load_address>
         <run_address>0x8000fc80</run_address>
         <size>0x60</size>
         <input_file_ref idref="fl-a"/>
      </object_component>
      <object_component id="oc-323">
         <name>.text:_ti_sysbios_knl_Task_Object__get__S</name>
         <load_address>0x8000fce0</load_address>
         <run_address>0x8000fce0</run_address>
         <size>0x60</size>
         <input_file_ref idref="fl-3"/>
      </object_component>
      <object_component id="oc-322">
         <name>.text:_ti_sysbios_knl_Task_enter__I</name>
         <load_address>0x8000fd40</load_address>
         <run_address>0x8000fd40</run_address>
         <size>0x60</size>
         <input_file_ref idref="fl-a"/>
      </object_component>
      <object_component id="oc-187">
         <name>.text:_writemsg</name>
         <load_address>0x8000fda0</load_address>
         <run_address>0x8000fda0</run_address>
         <size>0x60</size>
         <input_file_ref idref="fl-a9"/>
      </object_component>
      <object_component id="oc-17d">
         <name>.text:_xdc_runtime_LoggerBuf_Handle__label__S</name>
         <load_address>0x8000fe00</load_address>
         <run_address>0x8000fe00</run_address>
         <size>0x60</size>
         <input_file_ref idref="fl-3"/>
      </object_component>
      <object_component id="oc-17c">
         <name>.text:_xdc_runtime_LoggerBuf_Object__delete__S</name>
         <load_address>0x8000fe60</load_address>
         <run_address>0x8000fe60</run_address>
         <size>0x60</size>
         <input_file_ref idref="fl-3"/>
      </object_component>
      <object_component id="oc-30c">
         <name>.text:_xdc_runtime_LoggerBuf_Object__get__S</name>
         <load_address>0x8000fec0</load_address>
         <run_address>0x8000fec0</run_address>
         <size>0x60</size>
         <input_file_ref idref="fl-3"/>
      </object_component>
      <object_component id="oc-218">
         <name>.text:_xdc_runtime_Memory_calloc__F</name>
         <load_address>0x8000ff20</load_address>
         <run_address>0x8000ff20</run_address>
         <size>0x60</size>
         <input_file_ref idref="fl-1a"/>
      </object_component>
      <object_component id="oc-2f2">
         <name>.text:_xdc_runtime_SysMin_Module_startup__F</name>
         <load_address>0x8000ff80</load_address>
         <run_address>0x8000ff80</run_address>
         <size>0x60</size>
         <input_file_ref idref="fl-1e"/>
      </object_component>
      <object_component id="oc-2dd">
         <name>.text:_xdc_runtime_SysMin_exit__F</name>
         <load_address>0x8000ffe0</load_address>
         <run_address>0x8000ffe0</run_address>
         <size>0x60</size>
         <input_file_ref idref="fl-1e"/>
      </object_component>
      <object_component id="oc-2ee">
         <name>.text:_xdc_runtime_System_avprintf__F</name>
         <load_address>0x80010040</load_address>
         <run_address>0x80010040</run_address>
         <size>0x60</size>
         <input_file_ref idref="fl-1d"/>
      </object_component>
      <object_component id="oc-1e3">
         <name>.text:_xdc_runtime_System_vprintf__F</name>
         <load_address>0x800100a0</load_address>
         <run_address>0x800100a0</run_address>
         <size>0x60</size>
         <input_file_ref idref="fl-1d"/>
      </object_component>
      <object_component id="oc-21c">
         <name>.text:_xdc_runtime_Text_cordText__F</name>
         <load_address>0x80010100</load_address>
         <run_address>0x80010100</run_address>
         <size>0x60</size>
         <input_file_ref idref="fl-1f"/>
      </object_component>
      <object_component id="oc-29c">
         <name>.text:___add_dtor</name>
         <load_address>0x80010160</load_address>
         <run_address>0x80010160</run_address>
         <size>0x40</size>
         <input_file_ref idref="fl-a6"/>
      </object_component>
      <object_component id="oc-2a1">
         <name>.text:___isinf</name>
         <load_address>0x800101a0</load_address>
         <run_address>0x800101a0</run_address>
         <size>0x40</size>
         <input_file_ref idref="fl-b8"/>
      </object_component>
      <object_component id="oc-2a0">
         <name>.text:___isnan</name>
         <load_address>0x800101e0</load_address>
         <run_address>0x800101e0</run_address>
         <size>0x40</size>
         <input_file_ref idref="fl-aa"/>
      </object_component>
      <object_component id="oc-12a">
         <name>.text:__args_main</name>
         <load_address>0x80010220</load_address>
         <run_address>0x80010220</run_address>
         <size>0x40</size>
         <input_file_ref idref="fl-9b"/>
      </object_component>
      <object_component id="oc-2e9">
         <name>.text:__frcmpyd_div</name>
         <load_address>0x80010260</load_address>
         <run_address>0x80010260</run_address>
         <size>0x40</size>
         <input_file_ref idref="fl-b6"/>
      </object_component>
      <object_component id="oc-304">
         <name>.text:__llshru</name>
         <load_address>0x800102a0</load_address>
         <run_address>0x800102a0</run_address>
         <size>0x40</size>
         <input_file_ref idref="fl-a0"/>
      </object_component>
      <object_component id="oc-2a3">
         <name>.text:__negd</name>
         <load_address>0x800102e0</load_address>
         <run_address>0x800102e0</run_address>
         <size>0x40</size>
         <input_file_ref idref="fl-bd"/>
      </object_component>
      <object_component id="oc-2ff">
         <name>.text:__remli</name>
         <load_address>0x80010320</load_address>
         <run_address>0x80010320</run_address>
         <size>0x40</size>
         <input_file_ref idref="fl-b7"/>
      </object_component>
      <object_component id="oc-2e5">
         <name>.text:__subd</name>
         <load_address>0x80010360</load_address>
         <run_address>0x80010360</run_address>
         <size>0x40</size>
         <input_file_ref idref="fl-be"/>
      </object_component>
      <object_component id="oc-193">
         <name>.text:_ti_sysbios_BIOS_rtsLock__I</name>
         <load_address>0x800103a0</load_address>
         <run_address>0x800103a0</run_address>
         <size>0x40</size>
         <input_file_ref idref="fl-a"/>
      </object_component>
      <object_component id="oc-12c">
         <name>.text:_ti_sysbios_BIOS_startFunc__I</name>
         <load_address>0x800103e0</load_address>
         <run_address>0x800103e0</run_address>
         <size>0x40</size>
         <input_file_ref idref="fl-3"/>
      </object_component>
      <object_component id="oc-348">
         <name>.text:_ti_sysbios_family_c62_TaskSupport_buildTaskStack</name>
         <load_address>0x80010420</load_address>
         <run_address>0x80010420</run_address>
         <size>0x40</size>
         <input_file_ref idref="fl-f"/>
      </object_component>
      <object_component id="oc-334">
         <name>.text:_ti_sysbios_family_c64p_Hwi_Module__startupDone__F</name>
         <load_address>0x80010460</load_address>
         <run_address>0x80010460</run_address>
         <size>0x40</size>
         <input_file_ref idref="fl-3"/>
      </object_component>
      <object_component id="oc-351">
         <name>.text:_ti_sysbios_family_c64p_Hwi_disableInterrupt__E</name>
         <load_address>0x800104a0</load_address>
         <run_address>0x800104a0</run_address>
         <size>0x40</size>
         <input_file_ref idref="fl-a"/>
      </object_component>
      <object_component id="oc-2ab">
         <name>.text:_ti_sysbios_family_c64p_Hwi_enableInterrupt__E</name>
         <load_address>0x800104e0</load_address>
         <run_address>0x800104e0</run_address>
         <size>0x40</size>
         <input_file_ref idref="fl-a"/>
      </object_component>
      <object_component id="oc-350">
         <name>.text:_ti_sysbios_family_c64p_tci6482_TimerSupport_enable__E</name>
         <load_address>0x80010520</load_address>
         <run_address>0x80010520</run_address>
         <size>0x40</size>
         <input_file_ref idref="fl-a"/>
      </object_component>
      <object_component id="oc-1d5">
         <name>.text:_ti_sysbios_family_xxx_Hwi_switchToIsrStack</name>
         <load_address>0x80010560</load_address>
         <run_address>0x80010560</run_address>
         <size>0x40</size>
         <input_file_ref idref="fl-d"/>
      </object_component>
      <object_component id="oc-159">
         <name>.text:_ti_sysbios_gates_GateMutex_leave__E</name>
         <load_address>0x800105a0</load_address>
         <run_address>0x800105a0</run_address>
         <size>0x40</size>
         <input_file_ref idref="fl-a"/>
      </object_component>
      <object_component id="oc-336">
         <name>.text:_ti_sysbios_hal_Timer_Module__startupDone__F</name>
         <load_address>0x800105e0</load_address>
         <run_address>0x800105e0</run_address>
         <size>0x40</size>
         <input_file_ref idref="fl-3"/>
      </object_component>
      <object_component id="oc-28b">
         <name>.text:_ti_sysbios_knl_Queue_Object__destruct__S</name>
         <load_address>0x80010620</load_address>
         <run_address>0x80010620</run_address>
         <size>0x40</size>
         <input_file_ref idref="fl-3"/>
      </object_component>
      <object_component id="oc-232">
         <name>.text:_ti_sysbios_knl_Semaphore_Object__destruct__S</name>
         <load_address>0x80010660</load_address>
         <run_address>0x80010660</run_address>
         <size>0x40</size>
         <input_file_ref idref="fl-3"/>
      </object_component>
      <object_component id="oc-324">
         <name>.text:_ti_sysbios_knl_Task_SupportProxy_start__E</name>
         <load_address>0x800106a0</load_address>
         <run_address>0x800106a0</run_address>
         <size>0x40</size>
         <input_file_ref idref="fl-3"/>
      </object_component>
      <object_component id="oc-346">
         <name>.text:_ti_sysbios_timers_timer64_Timer_Module__startupDone__F</name>
         <load_address>0x800106e0</load_address>
         <run_address>0x800106e0</run_address>
         <size>0x40</size>
         <input_file_ref idref="fl-3"/>
      </object_component>
      <object_component id="oc-245">
         <name>.text:_xdc_runtime_Error_check__F</name>
         <load_address>0x80010720</load_address>
         <run_address>0x80010720</run_address>
         <size>0x40</size>
         <input_file_ref idref="fl-16"/>
      </object_component>
      <object_component id="oc-242">
         <name>.text:_xdc_runtime_Error_init__F</name>
         <load_address>0x80010760</load_address>
         <run_address>0x80010760</run_address>
         <size>0x40</size>
         <input_file_ref idref="fl-16"/>
      </object_component>
      <object_component id="oc-28e">
         <name>.text:_xdc_runtime_IHeap_alloc</name>
         <load_address>0x800107a0</load_address>
         <run_address>0x800107a0</run_address>
         <size>0x40</size>
         <input_file_ref idref="fl-3"/>
      </object_component>
      <object_component id="oc-287">
         <name>.text:_xdc_runtime_IHeap_free</name>
         <load_address>0x800107e0</load_address>
         <run_address>0x800107e0</run_address>
         <size>0x40</size>
         <input_file_ref idref="fl-3"/>
      </object_component>
      <object_component id="oc-1d4">
         <name>.text:_xdc_runtime_LoggerBuf_Instance_finalize__F</name>
         <load_address>0x80010820</load_address>
         <run_address>0x80010820</run_address>
         <size>0x40</size>
         <input_file_ref idref="fl-19"/>
      </object_component>
      <object_component id="oc-179">
         <name>.text:_xdc_runtime_LoggerBuf_setFilterLevel__E</name>
         <load_address>0x80010860</load_address>
         <run_address>0x80010860</run_address>
         <size>0x40</size>
         <input_file_ref idref="fl-3"/>
      </object_component>
      <object_component id="oc-174">
         <name>.text:_xdc_runtime_LoggerBuf_write0__E</name>
         <load_address>0x800108a0</load_address>
         <run_address>0x800108a0</run_address>
         <size>0x40</size>
         <input_file_ref idref="fl-3"/>
      </object_component>
      <object_component id="oc-1ca">
         <name>.text:_xdc_runtime_LoggerBuf_write0__F</name>
         <load_address>0x800108e0</load_address>
         <run_address>0x800108e0</run_address>
         <size>0x40</size>
         <input_file_ref idref="fl-19"/>
      </object_component>
      <object_component id="oc-175">
         <name>.text:_xdc_runtime_LoggerBuf_write1__E</name>
         <load_address>0x80010920</load_address>
         <run_address>0x80010920</run_address>
         <size>0x40</size>
         <input_file_ref idref="fl-3"/>
      </object_component>
      <object_component id="oc-176">
         <name>.text:_xdc_runtime_LoggerBuf_write2__E</name>
         <load_address>0x80010960</load_address>
         <run_address>0x80010960</run_address>
         <size>0x40</size>
         <input_file_ref idref="fl-3"/>
      </object_component>
      <object_component id="oc-177">
[...]
         <value>0x800116e0</value>
         <object_component_ref idref="oc-1c9"/>
      </symbol>
      <symbol id="sm-b64">
         <name>_xdc_runtime_LoggerBuf_enable__F</name>
         <value>0x80011720</value>
         <object_component_ref idref="oc-1c8"/>
      </symbol>
      <symbol id="sm-b65">
         <name>_xdc_runtime_LoggerBuf_write1__F</name>
         <value>0x80011760</value>
         <object_component_ref idref="oc-1cb"/>
      </symbol>
      <symbol id="sm-b7e">
         <name>_xdc_runtime_Memory_free__F</name>
         <value>0x80010a60</value>
         <object_component_ref idref="oc-219"/>
      </symbol>
      <symbol id="sm-b7f">
         <name>_xdc_runtime_Memory_alloc__F</name>
         <value>0x8000cb20</value>
         <object_component_ref idref="oc-244"/>
      </symbol>
      <symbol id="sm-b80">
         <name>_xdc_runtime_Memory_calloc__F</name>
         <value>0x8000ff20</value>
         <object_component_ref idref="oc-218"/>
      </symbol>
      <symbol id="sm-b91">
         <name>_xdc_runtime_Registry_findById__F</name>
         <value>0x80010aa0</value>
         <object_component_ref idref="oc-307"/>
      </symbol>
      <symbol id="sm-be4">
         <name>_xdc_runtime_Startup_startMods__I</name>
         <value>0x80006e60</value>
         <object_component_ref idref="oc-27a"/>
      </symbol>
      <symbol id="sm-be5">
         <name>_xdc_runtime_Startup_exec__F</name>
         <value>0x8000c140</value>
         <object_component_ref idref="oc-142"/>
      </symbol>
      <symbol id="sm-ce9">
         <name>_xdc_runtime_System_exit__F</name>
         <value>0x800119e0</value>
         <object_component_ref idref="oc-33b"/>
      </symbol>
      <symbol id="sm-cea">
         <name>_xdc_runtime_System_avprintf__F</name>
         <value>0x80010040</value>
         <object_component_ref idref="oc-2ee"/>
      </symbol>
      <symbol id="sm-ceb">
         <name>_xdc_runtime_System_doPrint__I</name>
         <value>0x80000000</value>
         <object_component_ref idref="oc-24b"/>
      </symbol>
      <symbol id="sm-cec">
         <name>_xdc_runtime_System_Module_startup__F</name>
         <value>0x80011920</value>
         <object_component_ref idref="oc-2f1"/>
      </symbol>
      <symbol id="sm-ced">
         <name>_xdc_runtime_System_formatNum__I</name>
         <value>0x8000d740</value>
         <object_component_ref idref="oc-273"/>
      </symbol>
      <symbol id="sm-cee">
         <name>_xdc_runtime_System_atexit__F</name>
         <value>0x8000f3e0</value>
         <object_component_ref idref="oc-192"/>
      </symbol>
      <symbol id="sm-cef">
         <name>_xdc_runtime_System_aprintf_va__F</name>
         <value>0x80010040</value>
         <object_component_ref idref="oc-2ee"/>
      </symbol>
      <symbol id="sm-cf0">
         <name>_xdc_runtime_System_snprintf_va__F</name>
         <value>0x80011a20</value>
         <object_component_ref idref="oc-30a"/>
      </symbol>
      <symbol id="sm-cf1">
         <name>_xdc_runtime_System_printf_va__F</name>
         <value>0x800100a0</value>
         <object_component_ref idref="oc-1e3"/>
      </symbol>
      <symbol id="sm-cf2">
         <name>_xdc_runtime_System_putchar__I</name>
         <value>0x8000f460</value>
         <object_component_ref idref="oc-271"/>
      </symbol>
      <symbol id="sm-cf3">
         <name>_xdc_runtime_System_vprintf__F</name>
         <value>0x800100a0</value>
         <object_component_ref idref="oc-1e3"/>
      </symbol>
      <symbol id="sm-cf4">
         <name>_xdc_runtime_System_rtsExit__I</name>
         <value>0x8000f4e0</value>
         <object_component_ref idref="oc-27b"/>
      </symbol>
      <symbol id="sm-cf5">
         <name>_xdc_runtime_System_vsnprintf__F</name>
         <value>0x80011a20</value>
         <object_component_ref idref="oc-30a"/>
      </symbol>
      <symbol id="sm-cf6">
         <name>_xdc_runtime_System_lastFxn__I</name>
         <value>0x80011a00</value>
         <object_component_ref idref="oc-255"/>
      </symbol>
      <symbol id="sm-cf7">
         <name>_xdc_runtime_System_abort__F</name>
         <value>0x80010b20</value>
         <object_component_ref idref="oc-1f4"/>
      </symbol>
      <symbol id="sm-d22">
         <name>_xdc_runtime_SysMin_Module_startup__F</name>
         <value>0x8000ff80</value>
         <object_component_ref idref="oc-2f2"/>
      </symbol>
      <symbol id="sm-d23">
         <name>_xdc_runtime_SysMin_exit__F</name>
         <value>0x8000ffe0</value>
         <object_component_ref idref="oc-2dd"/>
      </symbol>
      <symbol id="sm-d24">
         <name>_xdc_runtime_SysMin_abort__F</name>
         <value>0x8000e5c0</value>
         <object_component_ref idref="oc-295"/>
      </symbol>
      <symbol id="sm-d25">
         <name>_xdc_runtime_SysMin_ready__F</name>
         <value>0x800118a0</value>
         <object_component_ref idref="oc-28f"/>
      </symbol>
      <symbol id="sm-d26">
         <name>_xdc_runtime_SysMin_flush__F</name>
         <value>0x8000e660</value>
         <object_component_ref idref="oc-2b9"/>
      </symbol>
      <symbol id="sm-d27">
         <name>_xdc_runtime_SysMin_putch__F</name>
         <value>0x8000e7a0</value>
         <object_component_ref idref="oc-2b8"/>
      </symbol>
      <symbol id="sm-d7f">
         <name>_xdc_runtime_Text_putSite__F</name>
         <value>0x80009800</value>
         <object_component_ref idref="oc-2cd"/>
      </symbol>
      <symbol id="sm-d80">
         <name>_xdc_runtime_Text_ropeText__F</name>
         <value>0x80010be0</value>
         <object_component_ref idref="oc-1e8"/>
      </symbol>
      <symbol id="sm-d81">
         <name>_xdc_runtime_Text_putMod__F</name>
         <value>0x8000b820</value>
         <object_component_ref idref="oc-2ec"/>
      </symbol>
      <symbol id="sm-d82">
         <name>_xdc_runtime_Text_visitRope2__I</name>
         <value>0x8000c240</value>
         <object_component_ref idref="oc-345"/>
      </symbol>
      <symbol id="sm-d83">
         <name>_xdc_runtime_Text_cordText__F</name>
         <value>0x80010100</value>
         <object_component_ref idref="oc-21c"/>
      </symbol>
      <symbol id="sm-d84">
         <name>_xdc_runtime_Text_putLab__F</name>
         <value>0x8000b140</value>
         <object_component_ref idref="oc-2cc"/>
      </symbol>
      <symbol id="sm-d85">
         <name>_xdc_runtime_Text_printVisFxn__I</name>
         <value>0x8000f560</value>
         <object_component_ref idref="oc-309"/>
      </symbol>
      <symbol id="sm-d86">
         <name>_xdc_runtime_Text_xprintf__I</name>
         <value>0x8000e840</value>
         <object_component_ref idref="oc-2ed"/>
      </symbol>
      <symbol id="sm-d90">
         <name>___xdc__init</name>
         <value>0x80010c60</value>
         <object_component_ref idref="oc-136"/>
      </symbol>
      <symbol id="sm-da1">
         <name>__stack</name>
         <value>0x800178b8</value>
         <object_component_ref idref="oc-80"/>
      </symbol>
      <symbol id="sm-da2">
         <name>_c_int00</name>
         <value>0x8000dd00</value>
         <object_component_ref idref="oc-10"/>
      </symbol>
      <symbol id="sm-dbd">
         <name>__auto_init</name>
         <value>0x8000ba40</value>
         <object_component_ref idref="oc-128"/>
      </symbol>
      <symbol id="sm-dcf">
         <name>__unlock</name>
         <value>0x80015564</value>
         <object_component_ref idref="oc-8a"/>
      </symbol>
      <symbol id="sm-dd0">
         <name>__lock</name>
         <value>0x80015560</value>
         <object_component_ref idref="oc-8a"/>
      </symbol>
      <symbol id="sm-dd1">
         <name>__register_lock</name>
         <value>0x80010d00</value>
         <object_component_ref idref="oc-190"/>
      </symbol>
      <symbol id="sm-dd2">
         <name>__nop</name>
         <value>0x80010ca0</value>
         <object_component_ref idref="oc-139"/>
      </symbol>
      <symbol id="sm-dd3">
         <name>__register_unlock</name>
         <value>0x80010d20</value>
         <object_component_ref idref="oc-191"/>
      </symbol>
      <symbol id="sm-ddd">
         <name>__args_main</name>
         <value>0x80010220</value>
         <object_component_ref idref="oc-12a"/>
      </symbol>
      <symbol id="sm-dde">
         <name>__TI_args_main</name>
         <value>0x1</value>
      </symbol>
      <symbol id="sm-df2">
         <name>_atexit</name>
         <value>0x8000d080</value>
         <object_component_ref idref="oc-27c"/>
      </symbol>
      <symbol id="sm-df3">
         <name>___atexit_func_id__</name>
         <value>0x800152b0</value>
         <object_component_ref idref="oc-92"/>
      </symbol>
      <symbol id="sm-dfc">
         <name>__c6xabi_divu</name>
         <value>0x8000cf00</value>
         <object_component_ref idref="oc-236"/>
      </symbol>
      <symbol id="sm-dfd">
         <name>__divu</name>
         <value>0x8000cf00</value>
         <object_component_ref idref="oc-236"/>
      </symbol>
      <symbol id="sm-e14">
         <name>C$$EXIT</name>
         <value>0x80010d40</value>
         <object_component_ref idref="oc-144"/>
      </symbol>
      <symbol id="sm-e15">
         <name>_exit</name>
         <value>0x8000d140</value>
         <object_component_ref idref="oc-12b"/>
      </symbol>
      <symbol id="sm-e16">
         <name>___TI_enable_exit_profile_output</name>
         <value>0x8001555c</value>
         <object_component_ref idref="oc-9a"/>
      </symbol>
      <symbol id="sm-e17">
         <name>_abort</name>
         <value>0x80010d40</value>
         <object_component_ref idref="oc-144"/>
      </symbol>
      <symbol id="sm-e18">
         <name>__cleanup_ptr</name>
         <value>0x80015554</value>
         <object_component_ref idref="oc-9a"/>
      </symbol>
      <symbol id="sm-e19">
         <name>__dtors_ptr</name>
         <value>0x80015558</value>
         <object_component_ref idref="oc-9a"/>
      </symbol>
      <symbol id="sm-e2d">
         <name>__subcull</name>
         <value>0x8000f6e0</value>
         <object_component_ref idref="oc-303"/>
      </symbol>
      <symbol id="sm-e2e">
         <name>__divull</name>
         <value>0x800069a0</value>
         <object_component_ref idref="oc-2eb"/>
      </symbol>
      <symbol id="sm-e3c">
         <name>__llshl</name>
         <value>0x8000e9e0</value>
         <object_component_ref idref="oc-302"/>
      </symbol>
      <symbol id="sm-e3d">
         <name>__llshru</name>
         <value>0x800102a0</value>
         <object_component_ref idref="oc-304"/>
      </symbol>
      <symbol id="sm-e45">
         <name>_memcpy</name>
         <value>0x8000df80</value>
         <object_component_ref idref="oc-141"/>
      </symbol>
      <symbol id="sm-e50">
         <name>_memset</name>
         <value>0x8000c6c0</value>
         <object_component_ref idref="oc-1e6"/>
      </symbol>
      <symbol id="sm-e5a">
         <name>__negll</name>
         <value>0x80010c80</value>
         <object_component_ref idref="oc-2a8"/>
      </symbol>
      <symbol id="sm-e6f">
         <name>_printf</name>
         <value>0x8000c7a0</value>
         <object_component_ref idref="oc-18c"/>
      </symbol>
      <symbol id="sm-e78">
         <name>__remu</name>
         <value>0x8000dc60</value>
         <object_component_ref idref="oc-292"/>
      </symbol>
      <symbol id="sm-e79">
         <name>__c6xabi_remu</name>
         <value>0x8000dc60</value>
         <object_component_ref idref="oc-292"/>
      </symbol>
      <symbol id="sm-e91">
         <name>_dtors</name>
         <value>0x80015570</value>
         <object_component_ref idref="oc-b4"/>
      </symbol>
      <symbol id="sm-e92">
         <name>_call_dtors</name>
         <value>0x8000bd40</value>
         <object_component_ref idref="oc-2bd"/>
      </symbol>
      <symbol id="sm-e93">
         <name>___add_dtor</name>
         <value>0x80010160</value>
         <object_component_ref idref="oc-29c"/>
      </symbol>
      <symbol id="sm-ec3">
         <name>_HOSTopen</name>
         <value>0x8000c340</value>
         <object_component_ref idref="oc-13a"/>
      </symbol>
      <symbol id="sm-ec4">
         <name>_HOSTread</name>
         <value>0x8000cc00</value>
         <object_component_ref idref="oc-13c"/>
      </symbol>
      <symbol id="sm-ec5">
         <name>_HOSTrename</name>
         <value>0x8000a520</value>
         <object_component_ref idref="oc-140"/>
      </symbol>
      <symbol id="sm-ec6">
         <name>_HOSTwrite</name>
         <value>0x8000cd80</value>
         <object_component_ref idref="oc-13d"/>
      </symbol>
      <symbol id="sm-ec7">
         <name>_HOSTlseek</name>
         <value>0x8000b940</value>
         <object_component_ref idref="oc-13e"/>
      </symbol>
      <symbol id="sm-ec8">
         <name>_HOSTunlink</name>
         <value>0x8000ccc0</value>
         <object_component_ref idref="oc-13f"/>
      </symbol>
      <symbol id="sm-ec9">
         <name>_HOSTclose</name>
         <value>0x8000d800</value>
         <object_component_ref idref="oc-13b"/>
      </symbol>
      <symbol id="sm-ed9">
         <name>C$$IO$$</name>
         <value>0x8000fdf8</value>
         <object_component_ref idref="oc-187"/>
      </symbol>
      <symbol id="sm-eda">
         <name>__CIOBUF_</name>
         <value>0x800190b0</value>
         <object_component_ref idref="oc-bf"/>
      </symbol>
      <symbol id="sm-edb">
         <name>_readmsg</name>
         <value>0x8000eae0</value>
         <object_component_ref idref="oc-188"/>
      </symbol>
      <symbol id="sm-edc">
         <name>_writemsg</name>
         <value>0x8000fda0</value>
         <object_component_ref idref="oc-187"/>
      </symbol>
      <symbol id="sm-ffa">
         <name>__printfi</name>
         <value>0x80003bc0</value>
         <object_component_ref idref="oc-1f9"/>
      </symbol>
      <symbol id="sm-100f">
         <name>_atoi</name>
         <value>0x8000c500</value>
         <object_component_ref idref="oc-280"/>
      </symbol>
      <symbol id="sm-101e">
         <name>__cmpd</name>
         <value>0x8000c420</value>
         <object_component_ref idref="oc-2a2"/>
      </symbol>
      <symbol id="sm-1026">
         <name>__ctypes_</name>
         <value>0x80016ff8</value>
         <object_component_ref idref="oc-29f"/>
      </symbol>
      <symbol id="sm-1030">
         <name>__tmpnams</name>
         <value>0x80015168</value>
         <object_component_ref idref="oc-d3"/>
      </symbol>
      <symbol id="sm-1031">
         <name>__ft_end</name>
         <value>0x800152a8</value>
         <object_component_ref idref="oc-d3"/>
      </symbol>
      <symbol id="sm-1032">
         <name>__ftable</name>
         <value>0x80014f88</value>
         <object_component_ref idref="oc-d3"/>
      </symbol>
      <symbol id="sm-104a">
         <name>__divd</name>
         <value>0x80002da0</value>
         <object_component_ref idref="oc-2c8"/>
      </symbol>
      <symbol id="sm-1057">
         <name>__fixdi</name>
         <value>0x8000e8e0</value>
         <object_component_ref idref="oc-2e6"/>
      </symbol>
      <symbol id="sm-1064">
         <name>__fixdli</name>
         <value>0x8000db20</value>
         <object_component_ref idref="oc-2e2"/>
      </symbol>
      <symbol id="sm-106f">
         <name>__fltlid</name>
         <value>0x8000e960</value>
         <object_component_ref idref="oc-2e4"/>
      </symbol>
      <symbol id="sm-108a">
         <name>_putc</name>
         <value>0x80007be0</value>
         <object_component_ref idref="oc-25b"/>
      </symbol>
      <symbol id="sm-108b">
         <name>_fputc</name>
         <value>0x80007be0</value>
         <object_component_ref idref="oc-25b"/>
      </symbol>
      <symbol id="sm-10ad">
         <name>_fputs</name>
         <value>0x80004440</value>
         <object_component_ref idref="oc-256"/>
      </symbol>
      <symbol id="sm-10b7">
         <name>__frcmpyd_div</name>
         <value>0x80010260</value>
         <object_component_ref idref="oc-2e9"/>
      </symbol>
      <symbol id="sm-10c7">
         <name>__divul</name>
         <value>0x800099c0</value>
         <object_component_ref idref="oc-2ea"/>
      </symbol>
      <symbol id="sm-10c8">
         <name>__remli</name>
         <value>0x80010320</value>
         <object_component_ref idref="oc-2ff"/>
      </symbol>
      <symbol id="sm-10c9">
         <name>__divli</name>
         <value>0x8000d940</value>
         <object_component_ref idref="oc-300"/>
      </symbol>
      <symbol id="sm-10d3">
         <name>___isinf</name>
         <value>0x800101a0</value>
         <object_component_ref idref="oc-2a1"/>
      </symbol>
      <symbol id="sm-1110">
         <name>_unlink</name>
         <value>0x8000f1e0</value>
         <object_component_ref idref="oc-330"/>
      </symbol>
      <symbol id="sm-1111">
         <name>_lseek</name>
         <value>0x8000de40</value>
         <object_component_ref idref="oc-2be"/>
      </symbol>
      <symbol id="sm-1112">
         <name>_close</name>
         <value>0x8000c5e0</value>
         <object_component_ref idref="oc-2fd"/>
      </symbol>
      <symbol id="sm-1113">
         <name>_write</name>
         <value>0x8000e340</value>
         <object_component_ref idref="oc-27f"/>
      </symbol>
      <symbol id="sm-1120">
         <name>_ltoa</name>
         <value>0x8000d200</value>
         <object_component_ref idref="oc-2e3"/>
      </symbol>
      <symbol id="sm-112d">
         <name>_memccpy</name>
         <value>0x8000f7a0</value>
         <object_component_ref idref="oc-283"/>
      </symbol>
      <symbol id="sm-1143">
         <name>__mpyd</name>
         <value>0x80006c00</value>
         <object_component_ref idref="oc-2c7"/>
      </symbol>
      <symbol id="sm-114d">
         <name>__negd</name>
         <value>0x800102e0</value>
         <object_component_ref idref="oc-2a3"/>
      </symbol>
      <symbol id="sm-1157">
         <name>__subd</name>
         <value>0x80010360</value>
         <object_component_ref idref="oc-2e5"/>
      </symbol>
      <symbol id="sm-1166">
         <name>__wrt_ok</name>
         <value>0x8000bc40</value>
         <object_component_ref idref="oc-27d"/>
      </symbol>
      <symbol id="sm-1176">
         <name>__addd</name>
         <value>0x800088a0</value>
         <object_component_ref idref="oc-301"/>
      </symbol>
      <symbol id="sm-1183">
         <name>__doflush</name>
         <value>0x8000cfc0</value>
         <object_component_ref idref="oc-27e"/>
      </symbol>
      <symbol id="sm-1193">
         <name>__frcaddd</name>
         <value>0x80008aa0</value>
         <object_component_ref idref="oc-331"/>
      </symbol>
      <symbol id="sm-119d">
         <name>__frcmpyd</name>
         <value>0x8000bb40</value>
         <object_component_ref idref="oc-2e7"/>
      </symbol>
      <symbol id="sm-11ae">
         <name>_fseek</name>
         <value>0x8000b5e0</value>
         <object_component_ref idref="oc-29d"/>
      </symbol>
      <symbol id="sm-11bb">
         <name>__renormd</name>
         <value>0x8000ea60</value>
         <object_component_ref idref="oc-344"/>
      </symbol>
      <symbol id="sm-11d1">
         <name>_setvbuf</name>
         <value>0x80008ea0</value>
         <object_component_ref idref="oc-29e"/>
      </symbol>
      <symbol id="sm-11e4">
         <name>__cleanup</name>
         <value>0x8000d8a0</value>
         <object_component_ref idref="oc-2c1"/>
      </symbol>
      <symbol id="sm-11f6">
         <name>__closefile</name>
         <value>0x8000b280</value>
         <object_component_ref idref="oc-2e1"/>
      </symbol>
      <symbol id="sm-1200">
         <name>_remove</name>
         <value>0x80010d60</value>
         <object_component_ref idref="oc-2fe"/>
      </symbol>
   </symbol_table>
</link_info>
